 Game

 Timestamp is 4ded0352 (Tue Jun 07 00:41:54 2011)

 Preferred load address is 00400000

 Start         Length     Name                   Class
 0001:00000000 000576fcH .text                   CODE
 0001:00057700 00004cccH .text$x                 CODE
 0002:00000000 00000380H .idata$5                DATA
 0002:00000380 0000198cH .rdata                  DATA
 0002:00001d10 00004cf0H .xdata$x                DATA
 0002:00006a00 000000a0H .idata$2                DATA
 0002:00006aa0 00000014H .idata$3                DATA
 0002:00006ab4 00000380H .idata$4                DATA
 0002:00006e34 000016b4H .idata$6                DATA
 0002:000084e8 00000000H .edata                  DATA
 0003:00000000 00000004H .CRT$XCA                DATA
 0003:00000004 00000068H .CRT$XCU                DATA
 0003:0000006c 00000004H .CRT$XCZ                DATA
 0003:00000070 00000004H .CRT$XIA                DATA
 0003:00000074 00000004H .CRT$XIZ                DATA
 0003:00000080 00004995H .data                   DATA
 0003:00004a18 00003640H .bss                    DATA
 0004:00000000 000000a0H .rsrc$01                DATA
 0004:000000a0 000008c0H .rsrc$02                DATA

  Address         Publics by Value              Rva+Base     Lib:Object

 0001:00000000       ?ALW_GetWndPosition@@YAXAAH0HH_N1@Z 00401000 f   AutoLocateWnd.obj
 0001:000000d0       ?gGetComClassFactory@@YAPAVKComClassFactory@@XZ 004010d0 f   ComWindow.obj
 0001:000000e0       ??0KComClassFactory@@QAE@XZ 004010e0 f   ComWindow.obj
 0001:000000f0       ?FindComClass@KComClassFactory@@QAEPAUKComClassInfo@@PBD@Z 004010f0 f   ComWindow.obj
 0001:00000160       ?FindComClass@KComClassFactory@@QAEPAUKComClassInfo@@PBU2@@Z 00401160 f   ComWindow.obj
 0001:00000180       ?RegisterComClass@KComClassFactory@@QAEHABUKComClassInfo@@@Z 00401180 f   ComWindow.obj
 0001:000001c0       ?CreateComObject@KComClassFactory@@QAEPAVKWndWindow@@PBD@Z 004011c0 f   ComWindow.obj
 0001:00000200       ?SetHoverObjDescColor@@YAXI@Z 00401200 f   MouseHover.obj
 0001:00000210       ?SetMouseHoverObjectDesc@@YAXPAXHIIHHH@Z 00401210 f   MouseHover.obj
 0001:000003b0       ?DrawDraggingGameObjFunc@@YAHHHABUKUiDraggedObject@@H@Z 004013b0 f   MouseHover.obj
 0001:000003e0       ??0KMouseOver@@QAE@XZ      004013e0 f   MouseHover.obj
 0001:00000470       ?IsMoseHoverWndObj@KMouseOver@@QAEHPAXH@Z 00401470 f   MouseHover.obj
 0001:000004a0       ?CancelMouseHoverInfo@KMouseOver@@QAEXXZ 004014a0 f   MouseHover.obj
 0001:000004e0       ?SetMouseHoverInfo@KMouseOver@@QAEXPAXHHH_N1@Z 004014e0 f   MouseHover.obj
 0001:00000550       ?SetMouseHoverTitle@KMouseOver@@QAEXPBDHI@Z 00401550 f   MouseHover.obj
 0001:000005c0       ?SetMouseHoverProp@KMouseOver@@QAEXPBDHI@Z 004015c0 f   MouseHover.obj
 0001:00000630       ?SetMouseHoverDesc@KMouseOver@@QAEXPBDHI@Z 00401630 f   MouseHover.obj
 0001:000006a0       ?Update@KMouseOver@@AAEXHH@Z 004016a0 f   MouseHover.obj
 0001:00000830       ?UpdateCursorPos@KMouseOver@@QAEXHH@Z 00401830 f   MouseHover.obj
 0001:00000860       ?OnWndClosed@KMouseOver@@QAEXPAX@Z 00401860 f   MouseHover.obj
 0001:00000880       ?LoadScheme@KMouseOver@@QAEXPBD@Z 00401880 f   MouseHover.obj
 0001:00000b00       ?PaintMouseHoverInfo@KMouseOver@@QAEXXZ 00401b00 f   MouseHover.obj
 0001:00000de0       ?OnWndDelete@KPopupMenu@@SAXPAVKWndWindow@@@Z 00401de0 f   PopupMenu.obj
 0001:00000e00       ?Popup@KPopupMenu@@SAXPAUKPopupMenuData@@PAVKWndWindow@@I@Z 00401e00 f   PopupMenu.obj
 0001:00001100       ?PaintMenu@KPopupMenu@@SAXXZ 00402100 f   PopupMenu.obj
 0001:000017c0       ?HandleInput@KPopupMenu@@SAHIIH@Z 004027c0 f   PopupMenu.obj
 0001:000018a0       ?SelectItem@KPopupMenu@@CA_NH_N@Z 004028a0 f   PopupMenu.obj
 0001:00001930       ?SelectItem@KPopupMenu@@CA_NHH_N@Z 00402930 f   PopupMenu.obj
 0001:00001a50       ?Cancel@KPopupMenu@@SAXXZ  00402a50 f   PopupMenu.obj
 0001:00001a80       ?InitMenuData@KPopupMenu@@SAXPAUKPopupMenuData@@H@Z 00402a80 f   PopupMenu.obj
 0001:00001b50       ?LoadTheme@KPopupMenu@@SAXPBD@Z 00402b50 f   PopupMenu.obj
 0001:00001e70       ?OutputTabSplitText@@YAHPBDHHHPAUKOutputTextParam@@@Z 00402e70 f   SpecialFuncs.obj
 0001:00001ff0       ?SetScrPicPath@@YA_NPBD@Z  00402ff0 f   SpecialFuncs.obj
 0001:000020b0       ?GetAPrintScreenFileName@@YA_NPADH@Z 004030b0 f   SpecialFuncs.obj
 0001:000020f0       ?SaveScreenToFile@@YAXW4ScreenFileType@@I@Z 004030f0 f   SpecialFuncs.obj
 0001:000021c0       ??0KInlinePicSink@@QAE@XZ  004031c0 f   TextPic.obj
 0001:00002210       ?Init@KInlinePicSink@@QAEHPAUiRepresentShell@@@Z 00403210 f   TextPic.obj
 0001:00002700       ?UnInit@KInlinePicSink@@QAEHXZ 00403700 f   TextPic.obj
 0001:00002730       ?GetPicSize@KInlinePicSink@@UAEJGAAH0@Z 00403730 f   TextPic.obj
 0001:00002840       ?DrawPic@KInlinePicSink@@UAEJGHH@Z 00403840 f   TextPic.obj
 0001:00002940       ?AddCustomInlinePic@KInlinePicSink@@UAEJAAGPBD@Z 00403940 f   TextPic.obj
 0001:00002cd0       ?RemoveCustomInlinePic@KInlinePicSink@@UAEJG@Z 00403cd0 f   TextPic.obj
 0001:00002d40       ?_Destroy@?$vector@UKImageParam@@V?$allocator@UKImageParam@@@std@@@std@@IAEXPAUKImageParam@@0@Z 00403d40 f i TextPic.obj
 0001:00002d50       ?insert@?$vector@UKUiImageRef@@V?$allocator@UKUiImageRef@@@std@@@std@@QAEXPAUKUiImageRef@@IABU3@@Z 00403d50 f i TextPic.obj
 0001:00003070       ?size@?$vector@UKImageParam@@V?$allocator@UKImageParam@@@std@@@std@@QBEIXZ 00404070 f i TextPic.obj
 0001:000030a0       ?_Ucopy@?$vector@UKImageParam@@V?$allocator@UKImageParam@@@std@@@std@@IAEPAUKImageParam@@PBU3@0PAU3@@Z 004040a0 f i TextPic.obj
 0001:000030f0       ?_Ufill@?$vector@UKImageParam@@V?$allocator@UKImageParam@@@std@@@std@@IAEXPAUKImageParam@@IABU3@@Z 004040f0 f i TextPic.obj
 0001:00003140       ?_Construct@std@@YAXPAUKImageParam@@ABU2@@Z 00404140 f i TextPic.obj
 0001:00003170       ??0KUiCursor@@QAE@XZ       00404170 f   UiCursor.obj
 0001:000031a0       ?Cleanup@KUiCursor@@QAEXXZ 004041a0 f   UiCursor.obj
 0001:000031d0       ??1KUiCursor@@QAE@XZ       004041d0 f   UiCursor.obj
 0001:000031e0       ?SetPosition@KUiCursor@@QAEXHH@Z 004041e0 f   UiCursor.obj
 0001:00003200       ?GetPosition@KUiCursor@@QAEXAAH0@Z 00404200 f   UiCursor.obj
 0001:00003220       ?KUiLoadCursor@@YAHPBDAAPAUHICON__@@@Z 00404220 f   UiCursor.obj
 0001:00003410       ?SetImage@KUiCursor@@QAEXHPBD@Z 00404410 f   UiCursor.obj
 0001:00003450       ?SwitchImage@KUiCursor@@QAEHH@Z 00404450 f   UiCursor.obj
 0001:00003490       ?RestoreCursor@KUiCursor@@QAEXXZ 00404490 f   UiCursor.obj
 0001:000034a0       ?Paint@KUiCursor@@QAEXXZ   004044a0 f   UiCursor.obj
 0001:000034b0       ?Show@KUiCursor@@QAEXH@Z   004044b0 f   UiCursor.obj
 0001:000034c0       ?IR_GetCurrentTime@@YAIXZ  004044c0 f   UiImage.obj
 0001:000034d0       ?IR_UpdateTime@@YAXXZ      004044d0 f   UiImage.obj
 0001:000034e0       ?IR_InitUiImageRef@@YAXAAUKUiImageRef@@@Z 004044e0 f   UiImage.obj
 0001:00003500       ?IR_InitUiImagePartRef@@YAXAAUKUiImagePartRef@@@Z 00404500 f   UiImage.obj
 0001:00003520       ?IR_IsTimePassed@@YAHIAAI@Z 00404520 f   UiImage.obj
 0001:00003550       ?IR_GetRemainTime@@YAIII@Z 00404550 f   UiImage.obj
 0001:00003570       ?IR_NextFrame@@YAHAAUKUiImageRef@@@Z 00404570 f   UiImage.obj
 0001:00003650       ?IR_UpdateImagePart@@YAXAAUKUiImagePartRef@@HH@Z 00404650 f   UiImage.obj
 0001:00003820       ?IR_DrawImage@@YAXPAUKUiImageRef@@@Z 00404820 f   UiImage.obj
 0001:00003840       ?IR_DrawImagePart@@YAXPAUKUiImagePartRef@@@Z 00404840 f   UiImage.obj
 0001:00003860       ?IR_GetSpritePixcelAlpha@@YAHAAUKUiImageRef@@HH@Z 00404860 f   UiImage.obj
 0001:000038a0       ?IR_GetReferenceSpot@@YAXAAUKUiImageRef@@AAH1@Z 004048a0 f   UiImage.obj
 0001:00003900       ?SetAllButtonTipTextColor@KWndButton@@SAXI@Z 00404900 f   WndButton.obj
 0001:00003910       ?EnableAllButtonTip@KWndButton@@SAXH@Z 00404910 f   WndButton.obj
 0001:00003930       ??0KWndButton@@QAE@XZ      00404930 f   WndButton.obj
 0001:00003980       ?UpdateData@KWndWindow@@UAEXXZ 00404980 f i WndButton.obj
 0001:00003990       ?CloseWindow@KWndWindow@@UAEH_N@Z 00404990 f i WndButton.obj
 0001:000039a0       ?Breathe@KWndWindow@@EAEXXZ 004049a0 f i WndButton.obj
 0001:000039b0       ?GetShortKey@KWndButton@@UAEPBDXZ 004049b0 f i WndButton.obj
 0001:000039c0       ?OnButtonClick@KWndButton@@UAEXXZ 004049c0 f i WndButton.obj
 0001:000039d0       ??_EKWndButton@@UAEPAXI@Z  004049d0 f i WndButton.obj
 0001:000039d0       ??_GKWndButton@@UAEPAXI@Z  004049d0 f i WndButton.obj
 0001:000039f0       ??1KWndButton@@UAE@XZ      004049f0 f i WndButton.obj
 0001:00003a00       ?Clone@KWndButton@@QAEXPAV1@@Z 00404a00 f   WndButton.obj
 0001:00003aa0       ?Init@KWndButton@@UAEHPAVKIniFile@@PBD@Z 00404aa0 f   WndButton.obj
 0001:00003ca0       ?IsButtonChecked@KWndButton@@QAEHXZ 00404ca0 f   WndButton.obj
 0001:00003cb0       ?CheckButton@KWndButton@@QAEXH@Z 00404cb0 f   WndButton.obj
 0001:00003cf0       ?IsButtonActive@KWndButton@@QAEHXZ 00404cf0 f   WndButton.obj
 0001:00003d00       ?WndProc@KWndButton@@UAEHIIH@Z 00404d00 f   WndButton.obj
 0001:00003fb0       ?GetToolTipInfo@KWndButton@@UAEHPADH@Z 00404fb0 f   WndButton.obj
 0001:00004060       ?SetToolTipInfo@KWndButton@@QAEHPADH@Z 00405060 f   WndButton.obj
 0001:000040d0       ?PaintWindow@KWndButton@@UAEXXZ 004050d0 f   WndButton.obj
 0001:00004110       ?OnLBtnDown@KWndButton@@AAEX_N@Z 00405110 f   WndButton.obj
 0001:00004200       ?OnLBtnUp@KWndButton@@AAEXXZ 00405200 f   WndButton.obj
 0001:00004260       ?OnLBtnDownMove@KWndButton@@AAEXXZ 00405260 f   WndButton.obj
 0001:00004290       ?Enable@KWndButton@@UAEXH@Z 00405290 f   WndButton.obj
 0001:00004300       ??0KWndImageTextButton@@QAE@XZ 00405300 f   WndButton.obj
 0001:00004380       ??_EKWndImageTextButton@@UAEPAXI@Z 00405380 f i WndButton.obj
 0001:00004380       ??_GKWndImageTextButton@@UAEPAXI@Z 00405380 f i WndButton.obj
 0001:000043a0       ??1KWndMovingImage@@UAE@XZ 004053a0 f i WndButton.obj
 0001:000043b0       ??1KWndImagePart@@UAE@XZ   004053b0 f i WndButton.obj
 0001:000043c0       ??1KWndImageTextButton@@UAE@XZ 004053c0 f i WndButton.obj
 0001:00004430       ?Init@KWndImageTextButton@@UAEHPAVKIniFile@@PBD@Z 00405430 f   WndButton.obj
 0001:00004530       ?Set2IntText@KWndImageTextButton@@QAEXHHD@Z 00405530 f   WndButton.obj
 0001:00004550       ?SetIntText@KWndImageTextButton@@QAEXHD@Z 00405550 f   WndButton.obj
 0001:00004570       ?SetText@KWndImageTextButton@@QAEXPBDH@Z 00405570 f   WndButton.obj
 0001:00004590       ?GetText@KWndImageTextButton@@QAEHPADH@Z 00405590 f   WndButton.obj
 0001:000045b0       ?Set2IntValue@KWndImageTextButton@@QAEXHH@Z 004055b0 f   WndButton.obj
 0001:000045e0       ??0KWndChessPanel@@AAE@XZ  004055e0 f   WndChessPanel.obj
 0001:00004600       ??_EKWndChessPanel@@EAEPAXI@Z 00405600 f i WndChessPanel.obj
 0001:00004600       ??_GKWndChessPanel@@EAEPAXI@Z 00405600 f i WndChessPanel.obj
 0001:00004620       ??1KWndChessPanel@@EAE@XZ  00405620 f   WndChessPanel.obj
 0001:00004630       ?OpenWindow@KWndChessPanel@@SAPAV1@_N@Z 00405630 f   WndChessPanel.obj
 0001:000046f0       ?CloseWindow@KWndChessPanel@@SAX_N@Z 004056f0 f   WndChessPanel.obj
 0001:00004730       ?Clear@KWndChessPanel@@SAXXZ 00405730 f   WndChessPanel.obj
 0001:00004740       ?GetIfVisible@KWndChessPanel@@SAPAV1@XZ 00405740 f   WndChessPanel.obj
 0001:00004760       ?PaintWindow@KWndChessPanel@@UAEXXZ 00405760 f   WndChessPanel.obj
 0001:00004880       ?PtInWindow@KWndChessPanel@@UAEHHH@Z 00405880 f   WndChessPanel.obj
 0001:00004890       ?WndProc@KWndChessPanel@@UAEHIIH@Z 00405890 f   WndChessPanel.obj
 0001:000048a0       ?Initialize@KWndChessPanel@@AAEXXZ 004058a0 f   WndChessPanel.obj
 0001:000048b0       ?Init@KWndChessPanel@@UAEHPAVKIniFile@@PBD@Z 004058b0 f   WndChessPanel.obj
 0001:00004900       ??0KWndEdit@@QAE@XZ        00405900 f   WndEdit.obj
 0001:00004940       ??_GKWndEdit@@UAEPAXI@Z    00405940 f i WndEdit.obj
 0001:00004940       ??_EKWndEdit@@UAEPAXI@Z    00405940 f i WndEdit.obj
 0001:00004960       ??1KWndEdit@@UAE@XZ        00405960 f   WndEdit.obj
 0001:00004970       ?Clone@KWndEdit@@QAEXPAV1@@Z 00405970 f   WndEdit.obj
 0001:000049c0       ?Init@KWndEdit@@UAEHPAVKIniFile@@PBD@Z 004059c0 f   WndEdit.obj
 0001:00004c00       ?Enable@KWndEdit@@UAEXH@Z  00405c00 f   WndEdit.obj
 0001:00004c40       ?WndProc@KWndEdit@@UAEHIIH@Z 00405c40 f   WndEdit.obj
 0001:00004e70       ?SetColor@KWndEdit@@QAEXI@Z 00405e70 f   WndEdit.obj
 0001:00004e80       ?InsertString@KWndEdit@@QAEHPBDH@Z 00405e80 f   WndEdit.obj
 0001:00004f40       ?Paste@KWndEdit@@AAEHXZ    00405f40 f   WndEdit.obj
 0001:00004f80       ?OnKeyDown@KWndEdit@@IAEHHH@Z 00405f80 f   WndEdit.obj
 0001:00005380       ?InsertChar@KWndEdit@@IAEHH@Z 00406380 f   WndEdit.obj
 0001:00005430       ?InsertChar@KWndEdit@@IAEHDD@Z 00406430 f   WndEdit.obj
 0001:000054e0       ?UpdateData@KWndEdit@@EAEXXZ 004064e0 f   WndEdit.obj
 0001:00005500       ?FmtForShow@KWndEdit@@AAEXXZ 00406500 f   WndEdit.obj
 0001:000056c0       ?SplitStringLine@@YAHPADHH@Z 004066c0 f   WndEdit.obj
 0001:00005720       ?PaintWindow@KWndEdit@@UAEXXZ 00406720 f   WndEdit.obj
 0001:00005a40       ?SetTextPtr@KWndEdit@@IAEXPADH@Z 00406a40 f   WndEdit.obj
 0001:00005a70       ?SetText@KWndEdit@@QAEXPBD@Z 00406a70 f   WndEdit.obj
 0001:00005ae0       ?ClearText@KWndEdit@@QAEX_N@Z 00406ae0 f   WndEdit.obj
 0001:00005b30       ?SetIntText@KWndEdit@@QAEXH@Z 00406b30 f   WndEdit.obj
 0001:00005b70       ?GetIntNumber@KWndEdit@@QAEHXZ 00406b70 f   WndEdit.obj
 0001:00005b90       ?GetText@KWndEdit@@QAEHPADH_N@Z 00406b90 f   WndEdit.obj
 0001:00005c10       ?GetCaretPosition@KWndEdit@@QAEXPAH0@Z 00406c10 f   WndEdit.obj
 0001:00005c50       ??0KWndEdit32@@QAE@XZ      00406c50 f   WndEdit.obj
 0001:00005c80       ??_EKWndEdit32@@UAEPAXI@Z  00406c80 f i WndEdit.obj
 0001:00005c80       ??_GKWndEdit32@@UAEPAXI@Z  00406c80 f i WndEdit.obj
 0001:00005ca0       ??1KWndEdit32@@UAE@XZ      00406ca0 f i WndEdit.obj
 0001:00005cb0       ??0KWndEdit512@@QAE@XZ     00406cb0 f   WndEdit.obj
 0001:00005ce0       ??_EKWndEdit512@@UAEPAXI@Z 00406ce0 f i WndEdit.obj
 0001:00005ce0       ??_GKWndEdit512@@UAEPAXI@Z 00406ce0 f i WndEdit.obj
 0001:00005d00       ??1KWndEdit512@@UAE@XZ     00406d00 f i WndEdit.obj
 0001:00005d10       ??0KWndImage@@QAE@XZ       00406d10 f   WndImage.obj
 0001:00005d60       ??_EKWndImage@@UAEPAXI@Z   00406d60 f i WndImage.obj
 0001:00005d60       ??_GKWndImage@@UAEPAXI@Z   00406d60 f i WndImage.obj
 0001:00005d80       ??1KWndImage@@UAE@XZ       00406d80 f i WndImage.obj
 0001:00005d90       ?Clone@KWndImage@@QAEXPAV1@@Z 00406d90 f   WndImage.obj
 0001:00005dc0       ?Init@KWndImage@@UAEHPAVKIniFile@@PBD@Z 00406dc0 f   WndImage.obj
 0001:00005f30       ?PtInWindow@KWndImage@@UAEHHH@Z 00406f30 f   WndImage.obj
 0001:00005fb0       ?SetFrame@KWndImage@@QAEXH@Z 00406fb0 f   WndImage.obj
 0001:00005fc0       ?SetImage@KWndImage@@QAEXFPBD_N@Z 00406fc0 f   WndImage.obj
 0001:00006050       ?UpdateTimer@KWndImage@@QAEXXZ 00407050 f   WndImage.obj
 0001:00006060       ?NextFrame@KWndImage@@QAEHXZ 00407060 f   WndImage.obj
 0001:00006070       ?PaintWindow@KWndImage@@UAEXXZ 00407070 f   WndImage.obj
 0001:000060b0       ??0KWndImagePart@@QAE@XZ   004070b0 f   WndImagePart.obj
 0001:00006100       ??_GKWndImagePart@@UAEPAXI@Z 00407100 f i WndImagePart.obj
 0001:00006100       ??_EKWndImagePart@@UAEPAXI@Z 00407100 f i WndImagePart.obj
 0001:00006120       ?Clone@KWndImagePart@@IAEXPAV1@@Z 00407120 f   WndImagePart.obj
 0001:00006160       ?Init@KWndImagePart@@UAEHPAVKIniFile@@PBD@Z 00407160 f   WndImagePart.obj
 0001:00006220       ?PaintWindow@KWndImagePart@@UAEXXZ 00407220 f   WndImagePart.obj
 0001:00006260       ?SetPart@KWndImagePart@@QAEXHH@Z 00407260 f   WndImagePart.obj
 0001:00006280       ??0KWndLabeledButton@@QAE@XZ 00407280 f   WndLabeledButton.obj
 0001:000062c0       ??_EKWndLabeledButton@@UAEPAXI@Z 004072c0 f i WndLabeledButton.obj
 0001:000062c0       ??_GKWndLabeledButton@@UAEPAXI@Z 004072c0 f i WndLabeledButton.obj
 0001:000062e0       ??1KWndLabeledButton@@UAE@XZ 004072e0 f i WndLabeledButton.obj
 0001:000062f0       ?Clone@KWndLabeledButton@@QAEXPAV1@@Z 004072f0 f   WndLabeledButton.obj
 0001:00006380       ?Init@KWndLabeledButton@@UAEHPAVKIniFile@@PBD@Z 00407380 f   WndLabeledButton.obj
 0001:000064d0       ?SetLabel@KWndLabeledButton@@QAEXPBD@Z 004074d0 f   WndLabeledButton.obj
 0001:00006530       ?GetLabel@KWndLabeledButton@@QAEHPADH@Z 00407530 f   WndLabeledButton.obj
 0001:00006580       ?SetLabelColor@KWndLabeledButton@@QAEXI@Z 00407580 f   WndLabeledButton.obj
 0001:00006590       ?PaintWindow@KWndLabeledButton@@UAEXXZ 00407590 f   WndLabeledButton.obj
 0001:00006660       ?Init@KWndRichLabeledButton@@UAEHPAVKIniFile@@PBD@Z 00407660 f   WndLabeledButton.obj
 0001:000066b0       ?SetLabel@KWndRichLabeledButton@@QAEXPBDH@Z 004076b0 f   WndLabeledButton.obj
 0001:000066d0       ?SetLabelColor@KWndRichLabeledButton@@QAEXI@Z 004076d0 f   WndLabeledButton.obj
 0001:000066f0       ?PaintWindow@KWndRichLabeledButton@@UAEXXZ 004076f0 f   WndLabeledButton.obj
 0001:00006720       ??0KWndList@@QAE@XZ        00407720 f   WndList.obj
 0001:00006780       ??_GKWndList@@UAEPAXI@Z    00407780 f i WndList.obj
 0001:00006780       ??_EKWndList@@UAEPAXI@Z    00407780 f i WndList.obj
 0001:000067a0       ?Clone@KWndList@@IAEXPAV1@@Z 004077a0 f   WndList.obj
 0001:00006810       ??1KWndList@@UAE@XZ        00407810 f   WndList.obj
 0001:00006870       ?SetScrollbar@KWndList@@QAEXPAVKWndScrollBar@@@Z 00407870 f   WndList.obj
 0001:000068d0       ?Init@KWndList@@UAEHPAVKIniFile@@PBD@Z 004078d0 f   WndList.obj
 0001:00006b20       ?EnableMultiSel@KWndList@@QAEXH@Z 00407b20 f   WndList.obj
 0001:00006bf0       ?SetCustomColorOffset@KWndList@@QAEXH@Z 00407bf0 f   WndList.obj
 0001:00006c10       ?WndProc@KWndList@@UAEHIIH@Z 00407c10 f   WndList.obj
 0001:00006d30       ?GetIemIndexAtPoint@KWndList@@AAEHHH@Z 00407d30 f   WndList.obj
 0001:00006d90       ?OnLButtonDown@KWndList@@AAEXHH@Z 00407d90 f   WndList.obj
 0001:00006e30       ?IsItemSel@KWndList@@QAEHH@Z 00407e30 f   WndList.obj
 0001:00006ea0       ?OnRButtonDown@KWndList@@AAEXHH@Z 00407ea0 f   WndList.obj
 0001:00006ed0       ?OnLButtonDClick@KWndList@@AAEXHH@Z 00407ed0 f   WndList.obj
 0001:00006f00       ?SetCurSel@KWndList@@QAEHH@Z 00407f00 f   WndList.obj
 0001:00006fb0       ?UpdateData@KWndList@@EAEXXZ 00407fb0 f   WndList.obj
 0001:00007000       ?OnMouseMove@KWndList@@AAEXHH@Z 00408000 f   WndList.obj
 0001:00007040       ?PaintWindow@KWndList@@UAEXXZ 00408040 f   WndList.obj
 0001:00007280       ?SetContent@KWndList@@QAEXPAEHHH@Z 00408280 f   WndList.obj
 0001:00007360       ?FindString@KWndList@@QAEHHPBD@Z 00408360 f   WndList.obj
 0001:000073e0       ?GetItemDataInt@KWndList@@QAEHHH@Z 004083e0 f   WndList.obj
 0001:00007420       ?GetString@KWndList@@QAEXHPAD@Z 00408420 f   WndList.obj
 0001:00007470       ?GetStrignLen@KWndList@@QAEHH@Z 00408470 f   WndList.obj
 0001:000074b0       ?SetTopItemIndex@KWndList@@QAEXH@Z 004084b0 f   WndList.obj
 0001:000074d0       ?GetVisibleItemCount@KWndList@@QBEHXZ 004084d0 f   WndList.obj
 0001:000074f0       ??0KWndList2@@QAE@XZ       004084f0 f   WndList2.obj
 0001:00007530       ??_EKWndList2@@UAEPAXI@Z   00408530 f i WndList2.obj
 0001:00007530       ??_GKWndList2@@UAEPAXI@Z   00408530 f i WndList2.obj
 0001:00007550       ??1KWndList2@@UAE@XZ       00408550 f   WndList2.obj
 0001:000075a0       ?Clone@KWndList2@@IAEXPAV1@@Z 004085a0 f   WndList2.obj
 0001:000075e0       ?Init@KWndList2@@UAEHPAVKIniFile@@PBD@Z 004085e0 f   WndList2.obj
 0001:00007760       ?SetScrollbar@KWndList2@@QAEXPAVKWndScrollBar@@@Z 00408760 f   WndList2.obj
 0001:000077b0       ?WndProc@KWndList2@@UAEHIIH@Z 004087b0 f   WndList2.obj
 0001:00007850       ?SetCurSel@KWndList2@@QAEHH@Z 00408850 f   WndList2.obj
 0001:000078d0       ?OnLButtonDown@KWndList2@@AAEXHH@Z 004088d0 f   WndList2.obj
 0001:00007920       ?OnMouseMove@KWndList2@@AAEXHH@Z 00408920 f   WndList2.obj
 0001:00007970       ?AddString@KWndList2@@QAEHHPBD@Z 00408970 f   WndList2.obj
 0001:00007ae0       ?DeleteString@KWndList2@@QAEHH@Z 00408ae0 f   WndList2.obj
 0001:00007bd0       ?ResetContent@KWndList2@@QAEXXZ 00408bd0 f   WndList2.obj
 0001:00007c70       ?PaintWindow@KWndList2@@UAEXXZ 00408c70 f   WndList2.obj
 0001:00007d80       ?FindString@KWndList2@@QAEHHPBD@Z 00408d80 f   WndList2.obj
 0001:00007de0       ?SetItemData@KWndList2@@QAEHHH@Z 00408de0 f   WndList2.obj
 0001:00007e10       ?GetItemData@KWndList2@@QAEHH@Z 00408e10 f   WndList2.obj
 0001:00007e30       ?GetString@KWndList2@@QAEHHPADI@Z 00408e30 f   WndList2.obj
 0001:00007e90       ?SetTopItemIndex@KWndList2@@QAEXH@Z 00408e90 f   WndList2.obj
 0001:00007eb0       ?GetVisibleLineCount@KWndList2@@QBEHXZ 00408eb0 f   WndList2.obj
 0001:00007ec0       ??0KWndMessageListBox@@QAE@XZ 00408ec0 f   WndMessageListBox.obj
 0001:00007f20       ??_EKWndMessageListBox@@UAEPAXI@Z 00408f20 f i WndMessageListBox.obj
 0001:00007f20       ??_GKWndMessageListBox@@UAEPAXI@Z 00408f20 f i WndMessageListBox.obj
 0001:00007f40       ??1KWndMessageListBox@@UAE@XZ 00408f40 f   WndMessageListBox.obj
 0001:00007fa0       ?SetCapability@KWndMessageListBox@@QAEHH@Z 00408fa0 f   WndMessageListBox.obj
 0001:000080e0       ?SetScrollbar@KWndMessageListBox@@QAEXPAVKWndScrollBar@@@Z 004090e0 f   WndMessageListBox.obj
 0001:00008100       ?AddOneMessage@KWndMessageListBox@@QAEHPBDHI@Z 00409100 f   WndMessageListBox.obj
 0001:00008290       ?RemoveAMessage@KWndMessageListBox@@QAEXH@Z 00409290 f   WndMessageListBox.obj
 0001:00008370       ?Clear@KWndMessageListBox@@QAEXXZ 00409370 f   WndMessageListBox.obj
 0001:000083b0       ?Clone@KWndMessageListBox@@QAEXPAV1@@Z 004093b0 f   WndMessageListBox.obj
 0001:00008430       ?Init@KWndMessageListBox@@UAEHPAVKIniFile@@PBD@Z 00409430 f   WndMessageListBox.obj
 0001:000087b0       ?SetSize@KWndMessageListBox@@UAEXHH@Z 004097b0 f   WndMessageListBox.obj
 0001:000088e0       ?SetFontSize@KWndMessageListBox@@QAEXH@Z 004098e0 f   WndMessageListBox.obj
 0001:00008910       ?UpdateData@KWndMessageListBox@@EAEXXZ 00409910 f   WndMessageListBox.obj
 0001:00008980       ?GetFirstShowLine@KWndMessageListBox@@QAEHXZ 00409980 f   WndMessageListBox.obj
 0001:000089b0       ?SetFirstShowLine@KWndMessageListBox@@QAEXH@Z 004099b0 f   WndMessageListBox.obj
 0001:00008a70       ?GetItemLineCount@KWndMessageListBox@@QAEHH@Z 00409a70 f   WndMessageListBox.obj
 0001:00008aa0       ?PaintWindow@KWndMessageListBox@@EAEXXZ 00409aa0 f   WndMessageListBox.obj
 0001:00008d50       ?WndProc@KWndMessageListBox@@EAEHIIH@Z 00409d50 f   WndMessageListBox.obj
 0001:00008e60       ?GetMsgAtPoint@KWndMessageListBox@@AAEHHH@Z 00409e60 f   WndMessageListBox.obj
 0001:00008ed0       ?HitTextAtPoint@KWndMessageListBox@@QAEHHH@Z 00409ed0 f   WndMessageListBox.obj
 0001:00008f90       ?OnLButtonDown@KWndMessageListBox@@AAEXHH@Z 00409f90 f   WndMessageListBox.obj
 0001:00008fd0       ?OnLButtonDClick@KWndMessageListBox@@AAEXHH@Z 00409fd0 f   WndMessageListBox.obj
 0001:00009000       ?SetCurSel@KWndMessageListBox@@QAEHH@Z 0040a000 f   WndMessageListBox.obj
 0001:00009040       ?OnMouseMove@KWndMessageListBox@@AAEXHH@Z 0040a040 f   WndMessageListBox.obj
 0001:00009080       ?GetOneMessage@KWndMessageListBox@@QAEHHPADH_N@Z 0040a080 f   WndMessageListBox.obj
 0001:000090f0       ?SplitData@KWndMessageListBox@@QAEIXZ 0040a0f0 f   WndMessageListBox.obj
 0001:000091a0       ?BindData@KWndMessageListBox@@QAEII@Z 0040a1a0 f   WndMessageListBox.obj
 0001:000092d0       ?FreeData@KWndMessageListBox@@SAXI@Z 0040a2d0 f   WndMessageListBox.obj
 0001:00009300       ?GetOffsetTextHeight@KWndMessageListBox@@AAEIXZ 0040a300 f   WndMessageListBox.obj
 0001:00009320       ?PtInWindow@KWndMessageListBox@@UAEHHH@Z 0040a320 f   WndMessageListBox.obj
 0001:00009360       ?ClearHideLine@KWndMessageListBox@@QAEXXZ 0040a360 f   WndMessageListBox.obj
 0001:00009370       ?HideNextLine@KWndMessageListBox@@QAEXXZ 0040a370 f   WndMessageListBox.obj
 0001:000093d0       ?HideAllLine@KWndMessageListBox@@QAEXXZ 0040a3d0 f   WndMessageListBox.obj
 0001:000093e0       ?GetMinHeight@KWndMessageListBox@@QAEHXZ 0040a3e0 f   WndMessageListBox.obj
 0001:00009400       ??0KScrollMessageListBox@@QAE@XZ 0040a400 f   WndMessageListBox.obj
 0001:000094a0       ??_GKScrollMessageListBox@@UAEPAXI@Z 0040a4a0 f i WndMessageListBox.obj
 0001:000094a0       ??_EKScrollMessageListBox@@UAEPAXI@Z 0040a4a0 f i WndMessageListBox.obj
 0001:000094c0       ??1KWndScrollBar@@UAE@XZ   0040a4c0 f i WndMessageListBox.obj
 0001:00009510       ??1KScrollMessageListBox@@UAE@XZ 0040a510 f i WndMessageListBox.obj
 0001:00009590       ?Init@KScrollMessageListBox@@UAEHPAVKIniFile@@PBD@Z 0040a590 f   WndMessageListBox.obj
 0001:000096c0       ?WndProc@KScrollMessageListBox@@UAEHIIH@Z 0040a6c0 f   WndMessageListBox.obj
 0001:000097f0       ?InitMinMaxLineCount@KScrollMessageListBox@@IAEXHH@Z 0040a7f0 f   WndMessageListBox.obj
 0001:00009830       ?HeightToLineHeight@KScrollMessageListBox@@QAEHH@Z 0040a830 f   WndMessageListBox.obj
 0001:00009850       ?WidthToCharWidth@KScrollMessageListBox@@QAEHH@Z 0040a850 f   WndMessageListBox.obj
 0001:00009870       ?GetMinHeight@KScrollMessageListBox@@QAEHXZ 0040a870 f   WndMessageListBox.obj
 0001:000098b0       ?MsgListBox_LoadContent@@YA_NPAVKWndMessageListBox@@PAVKIniFile@@PBD@Z 0040a8b0 f   WndMessageListBox.obj
 0001:000099d0       ??0KWndMovingImage@@QAE@XZ 0040a9d0 f   WndMovingImage.obj
 0001:00009a00       ??_GKWndMovingImage@@UAEPAXI@Z 0040aa00 f i WndMovingImage.obj
 0001:00009a00       ??_EKWndMovingImage@@UAEPAXI@Z 0040aa00 f i WndMovingImage.obj
 0001:00009a20       ?Clone@KWndMovingImage@@IAEXPAV1@@Z 0040aa20 f   WndMovingImage.obj
 0001:00009a80       ?Init@KWndMovingImage@@UAEHPAVKIniFile@@PBD@Z 0040aa80 f   WndMovingImage.obj
 0001:00009b10       ?SetMoveValue@KWndMovingImage@@QAEXHH@Z 0040ab10 f   WndMovingImage.obj
 0001:00009b90       ?WndObjContainerInit@@YAXPAVKIniFile@@@Z 0040ab90 f   WndObjContainer.obj
 0001:00009d00       ??0KWndObjectBox@@QAE@XZ   0040ad00 f   WndObjContainer.obj
 0001:00009d30       ??_GKWndObjectBox@@UAEPAXI@Z 0040ad30 f i WndObjContainer.obj
 0001:00009d30       ??_EKWndObjectBox@@UAEPAXI@Z 0040ad30 f i WndObjContainer.obj
 0001:00009d50       ??1KWndObjectBox@@UAE@XZ   0040ad50 f i WndObjContainer.obj
 0001:00009d60       ?SetContainerId@KWndObjectBox@@QAEXH@Z 0040ad60 f   WndObjContainer.obj
 0001:00009d70       ?SetObjectGenre@KWndObjectBox@@QAEXI@Z 0040ad70 f   WndObjContainer.obj
 0001:00009d80       ?Celar@KWndObjectBox@@QAEXXZ 0040ad80 f   WndObjContainer.obj
 0001:00009d90       ?GetObjectA@KWndObjectBox@@QBEHAAUKUiDraggedObject@@@Z 0040ad90 f   WndObjContainer.obj
 0001:00009dc0       ?HoldObject@KWndObjectBox@@QAEXIIHH@Z 0040adc0 f   WndObjContainer.obj
 0001:00009e40       ?PaintWindow@KWndObjectBox@@MAEXXZ 0040ae40 f   WndObjContainer.obj
 0001:00009f50       ?Clone@KWndObjectBox@@QAEXPAV1@@Z 0040af50 f   WndObjContainer.obj
 0001:00009f70       ?Init@KWndObjectBox@@UAEHPAVKIniFile@@PBD@Z 0040af70 f   WndObjContainer.obj
 0001:0000a000       ?EnablePickPut@KWndObjectBox@@QAEX_N@Z 0040b000 f   WndObjContainer.obj
 0001:0000a020       ?WndProc@KWndObjectBox@@MAEHIIH@Z 0040b020 f   WndObjContainer.obj
 0001:0000a220       ?DropObject@KWndObjectBox@@IAEH_N@Z 0040b220 f   WndObjContainer.obj
 0001:0000a2d0       ??0KWndObjectMatrix@@QAE@XZ 0040b2d0 f   WndObjContainer.obj
 0001:0000a310       ??_EKWndObjectMatrix@@UAEPAXI@Z 0040b310 f i WndObjContainer.obj
 0001:0000a310       ??_GKWndObjectMatrix@@UAEPAXI@Z 0040b310 f i WndObjContainer.obj
 0001:0000a330       ?SetContainerId@KWndObjectMatrix@@QAEXH@Z 0040b330 f   WndObjContainer.obj
 0001:0000a340       ??1KWndObjectMatrix@@UAE@XZ 0040b340 f   WndObjContainer.obj
 0001:0000a390       ?Clone@KWndObjectMatrix@@IAEXPAV1@@Z 0040b390 f   WndObjContainer.obj
 0001:0000a3c0       ?Init@KWndObjectMatrix@@UAEHPAVKIniFile@@PBD@Z 0040b3c0 f   WndObjContainer.obj
 0001:0000a4e0       ?PaintWindow@KWndObjectMatrix@@EAEXXZ 0040b4e0 f   WndObjContainer.obj
 0001:0000a6e0       ?AddObject@KWndObjectMatrix@@QAEHPAUKUiDraggedObject@@H@Z 0040b6e0 f   WndObjContainer.obj
 0001:0000a780       ?RemoveObject@KWndObjectMatrix@@QAEHPAUKUiDraggedObject@@@Z 0040b780 f   WndObjContainer.obj
 0001:0000a820       ?GetObjectA@KWndObjectMatrix@@QBEHAAUKUiDraggedObject@@HH@Z 0040b820 f   WndObjContainer.obj
 0001:0000a870       ?Clear@KWndObjectMatrix@@QAEXXZ 0040b870 f   WndObjContainer.obj
 0001:0000a8a0       ?WndProc@KWndObjectMatrix@@EAEHIIH@Z 0040b8a0 f   WndObjContainer.obj
 0001:0000aaf0       ?GetObjectAt@KWndObjectMatrix@@AAEHHH@Z 0040baf0 f   WndObjContainer.obj
 0001:0000ab60       ?PickUpObjectAt@KWndObjectMatrix@@AAEHHH@Z 0040bb60 f   WndObjContainer.obj
 0001:0000abc0       ?DropObject@KWndObjectMatrix@@AAEHHH_N@Z 0040bbc0 f   WndObjContainer.obj
 0001:0000ae30       ?TryDropObjAtPos@KWndObjectMatrix@@AAEHABUtagRECT@@AAPAUKUiDraggedObject@@@Z 0040be30 f   WndObjContainer.obj
 0001:0000aeb0       ?DropObject@KWndObjectMatrix@@AAEXHHPAUKUiDraggedObject@@@Z 0040beb0 f   WndObjContainer.obj
 0001:0000af20       ?EnableTracePutPos@KWndObjectMatrix@@QAEX_N@Z 0040bf20 f   WndObjContainer.obj
 0001:0000af40       ?EnablePickPut@KWndObjectMatrix@@QAEX_N@Z 0040bf40 f   WndObjContainer.obj
 0001:0000af60       ?WndProc@KWndPage@@UAEHIIH@Z 0040bf60 f   WndPage.obj
 0001:0000afc0       ??0KWndPageSet@@QAE@XZ     0040bfc0 f   WndPage.obj
 0001:0000aff0       ??_GKWndPageSet@@UAEPAXI@Z 0040bff0 f i WndPage.obj
 0001:0000aff0       ??_EKWndPageSet@@UAEPAXI@Z 0040bff0 f i WndPage.obj
 0001:0000b010       ??1KWndPageSet@@UAE@XZ     0040c010 f   WndPage.obj
 0001:0000b050       ?WndProc@KWndPageSet@@UAEHIIH@Z 0040c050 f   WndPage.obj
 0001:0000b080       ?AddPage@KWndPageSet@@QAE_NPAVKWndPage@@PAVKWndButton@@@Z 0040c080 f   WndPage.obj
 0001:0000b140       ?ActivePage@KWndPageSet@@QAE_NH@Z 0040c140 f   WndPage.obj
 0001:0000b200       ?OnPageBtnClick@KWndPageSet@@AAEXPAVKWndWindow@@@Z 0040c200 f   WndPage.obj
 0001:0000b280       ?GetActivePage@KWndPageSet@@QAEPAVKWndPage@@XZ 0040c280 f   WndPage.obj
 0001:0000b2a0       ??0KWndPureTextBtn@@QAE@XZ 0040c2a0 f   WndPureTextBtn.obj
 0001:0000b2f0       ??_GKWndPureTextBtn@@UAEPAXI@Z 0040c2f0 f i WndPureTextBtn.obj
 0001:0000b2f0       ??_EKWndPureTextBtn@@UAEPAXI@Z 0040c2f0 f i WndPureTextBtn.obj
 0001:0000b310       ??1KWndPureTextBtn@@UAE@XZ 0040c310 f i WndPureTextBtn.obj
 0001:0000b320       ?Clone@KWndPureTextBtn@@QAEXPAV1@@Z 0040c320 f   WndPureTextBtn.obj
 0001:0000b390       ?Init@KWndPureTextBtn@@UAEHPAVKIniFile@@PBD@Z 0040c390 f   WndPureTextBtn.obj
 0001:0000b520       ?AdjustPosition@KWndPureTextBtn@@AAEXXZ 0040c520 f   WndPureTextBtn.obj
 0001:0000b570       ?PaintWindow@KWndPureTextBtn@@UAEXXZ 0040c570 f   WndPureTextBtn.obj
 0001:0000b650       ?SetText@KWndPureTextBtn@@QAEXPBDH@Z 0040c650 f   WndPureTextBtn.obj
 0001:0000b6c0       ?CheckButton@KWndPureTextBtn@@QAEXH@Z 0040c6c0 f   WndPureTextBtn.obj
 0001:0000b6e0       ?WndProc@KWndPureTextBtn@@UAEHIIH@Z 0040c6e0 f   WndPureTextBtn.obj
 0001:0000b7c0       ??0KWndStation@@QAE@XZ     0040c7c0 f i Wnds.obj
 0001:0000b8c0       ??1KWndStation@@QAE@XZ     0040c8c0 f i Wnds.obj
 0001:0000b930       ?Wnd_Cleanup@@YAXXZ        0040c930 f   Wnds.obj
 0001:0000b980       ?Wnd_RenderWindows@@YAXXZ  0040c980 f   Wnds.obj
 0001:0000ba50       ?Wnd_Heartbeat@@YAXXZ      0040ca50 f   Wnds.obj
 0001:0000ba80       ?Wnd_AddWindow@@YAXPAVKWndWindow@@W4WND_LAYER_LIST@@@Z 0040ca80 f   Wnds.obj
 0001:0000bac0       ?Wnd_SetGameSpaceWnd@@YAXPAVKWndWindow@@@Z 0040cac0 f   Wnds.obj
 0001:0000bad0       ?Wnd_GameSpaceHandleInput@@YAX_N@Z 0040cad0 f   Wnds.obj
 0001:0000bae0       ?Wnd_ShowHideGameSpace@@YAX_N@Z 0040cae0 f   Wnds.obj
 0001:0000baf0       ?Wnd_OnWindowDelete@@YAXPAVKWndWindow@@@Z 0040caf0 f   Wnds.obj
 0001:0000bb90       ?Wnd_DragBegin@@YAHPBUKUiDraggedObject@@P6AHHHABU1@H@Z@Z 0040cb90 f   Wnds.obj
 0001:0000bbd0       ?Wnd_GetDragObj@@YAHPAUKUiDraggedObject@@@Z 0040cbd0 f   Wnds.obj
 0001:0000bc10       ?Wnd_DragFinished@@YAXXZ   0040cc10 f   Wnds.obj
 0001:0000bc20       ?Wnd_ProcessInput@@YAXIIH@Z 0040cc20 f   Wnds.obj
 0001:0000c000       ?Wnd_TransmitInputToGameSpace@@YAXIIH@Z 0040d000 f   Wnds.obj
 0001:0000c0a0       ?Wnd_ShowCursor@@YAXH@Z    0040d0a0 f   Wnds.obj
 0001:0000c0b0       ?Wnd_SetCursorPos@@YAXHH@Z 0040d0b0 f   Wnds.obj
 0001:0000c100       ?Wnd_GetCursorPos@@YAXPAH0@Z 0040d100 f   Wnds.obj
 0001:0000c140       ?Wnd_GetFocusWnd@@YAPAVKWndWindow@@XZ 0040d140 f   Wnds.obj
 0001:0000c150       ?Wnd_SetFocusWnd@@YAXPAVKWndWindow@@@Z 0040d150 f   Wnds.obj
 0001:0000c1a0       ?Wnd_SetCapture@@YAXPAVKWndWindow@@@Z 0040d1a0 f   Wnds.obj
 0001:0000c1c0       ?Wnd_ReleaseCapture@@YAXXZ 0040d1c0 f   Wnds.obj
 0001:0000c1f0       ?Wnd_SetExclusive@@YAXPAVKWndWindow@@@Z 0040d1f0 f   Wnds.obj
 0001:0000c280       ?Wnd_ReleaseExclusive@@YAXPAVKWndWindow@@@Z 0040d280 f   Wnds.obj
 0001:0000c2d0       ?Wnd_LoadCursor@@YAXHPBD@Z 0040d2d0 f   Wnds.obj
 0001:0000c2f0       ?Wnd_SwitchCursor@@YAHH@Z  0040d2f0 f   Wnds.obj
 0001:0000c300       ?Wnd_SetScreenSize@@YAXHH@Z 0040d300 f   Wnds.obj
 0001:0000c320       ?Wnd_GetScreenSize@@YAXAAH0@Z 0040d320 f   Wnds.obj
 0001:0000c340       ?Wnd_RestoreCursor@@YAXXZ  0040d340 f   Wnds.obj
 0001:0000c350       ??0KWndScrollBar@@QAE@XZ   0040d350 f   WndScrollBar.obj
 0001:0000c3e0       ??_GKWndScrollBar@@UAEPAXI@Z 0040d3e0 f i WndScrollBar.obj
 0001:0000c3e0       ??_EKWndScrollBar@@UAEPAXI@Z 0040d3e0 f i WndScrollBar.obj
 0001:0000c400       ?Clone@KWndScrollBar@@QAEXPAV1@@Z 0040d400 f   WndScrollBar.obj
 0001:0000c4a0       ?Init@KWndScrollBar@@UAEHPAVKIniFile@@PBD@Z 0040d4a0 f   WndScrollBar.obj
 0001:0000c620       ?SetSize@KWndScrollBar@@UAEXHH@Z 0040d620 f   WndScrollBar.obj
 0001:0000c680       ?WndProc@KWndScrollBar@@UAEHIIH@Z 0040d680 f   WndScrollBar.obj
 0001:0000c790       ?PaintWindow@KWndScrollBar@@UAEXXZ 0040d790 f   WndScrollBar.obj
 0001:0000c820       ?SetValueRange@KWndScrollBar@@QAEXHH@Z 0040d820 f   WndScrollBar.obj
 0001:0000c850       ?SetScrollPos@KWndScrollBar@@QAEXH@Z 0040d850 f   WndScrollBar.obj
 0001:0000c8b0       ?SetSlideBtnPos@KWndScrollBar@@AAEXXZ 0040d8b0 f   WndScrollBar.obj
 0001:0000c970       ?OnLButtonDown@KWndScrollBar@@AAEXHH@Z 0040d970 f   WndScrollBar.obj
 0001:0000ca50       ?ScrollLine@KWndScrollBar@@QAEH_N@Z 0040da50 f   WndScrollBar.obj
 0001:0000ca80       ?ScrollPage@KWndScrollBar@@QAEH_N@Z 0040da80 f   WndScrollBar.obj
 0001:0000cab0       ?OnSlideBtnPressed@KWndScrollBar@@AAEXXZ 0040dab0 f   WndScrollBar.obj
 0001:0000cad0       ?OnDraggingSlide@KWndScrollBar@@AAEXHH@Z 0040dad0 f   WndScrollBar.obj
 0001:0000cb50       ?GetMinHeight@KWndScrollBar@@QAEHXZ 0040db50 f   WndScrollBar.obj
 0001:0000cb90       ?Clone@KWndShadow@@QAEXPAV1@@Z 0040db90 f   WndShadow.obj
 0001:0000cbb0       ?Init@KWndShadow@@UAEHPAVKIniFile@@PBD@Z 0040dbb0 f   WndShadow.obj
 0001:0000cc70       ?PaintWindow@KWndShadow@@MAEXXZ 0040dc70 f   WndShadow.obj
 0001:0000ccd0       ?PtInWindow@KWndShadow@@UAEHHH@Z 0040dcd0 f   WndShadow.obj
 0001:0000cce0       ?SetColor@KWndShadow@@QAEXI@Z 0040dce0 f   WndShadow.obj
 0001:0000ccf0       ??0KWndShowAnimate@@QAE@XZ 0040dcf0 f   WndShowAnimate.obj
 0001:0000cd10       ??_GKWndShowAnimate@@UAEPAXI@Z 0040dd10 f i WndShowAnimate.obj
 0001:0000cd10       ??_EKWndShowAnimate@@UAEPAXI@Z 0040dd10 f i WndShowAnimate.obj
 0001:0000cd30       ??1KWndShowAnimate@@UAE@XZ 0040dd30 f i WndShowAnimate.obj
 0001:0000cd40       ?Clone@KWndShowAnimate@@QAEXPAV1@@Z 0040dd40 f   WndShowAnimate.obj
 0001:0000cd90       ?Init@KWndShowAnimate@@UAEHPAVKIniFile@@PBD@Z 0040dd90 f   WndShowAnimate.obj
 0001:0000ce30       ?Show@KWndShowAnimate@@UAEXXZ 0040de30 f   WndShowAnimate.obj
 0001:0000cee0       ?Hide@KWndShowAnimate@@UAEXXZ 0040dee0 f   WndShowAnimate.obj
 0001:0000cf70       ?SetMoveSpeed@KWndShowAnimate@@SAXHH@Z 0040df70 f   WndShowAnimate.obj
 0001:0000cfb0       ?SetInterval@KWndShowAnimate@@SAXI@Z 0040dfb0 f   WndShowAnimate.obj
 0001:0000cfd0       ?ShowCompleted@KWndShowAnimate@@UAEXXZ 0040dfd0 f   WndShowAnimate.obj
 0001:0000cfe0       ?PaintWindow@KWndShowAnimate@@MAEXXZ 0040dfe0 f   WndShowAnimate.obj
 0001:0000d0c0       ??0KWndText@@QAE@XZ        0040e0c0 f   WndText.obj
 0001:0000d0f0       ??_GKWndText@@UAEPAXI@Z    0040e0f0 f i WndText.obj
 0001:0000d0f0       ??_EKWndText@@UAEPAXI@Z    0040e0f0 f i WndText.obj
 0001:0000d110       ??1KWndText@@UAE@XZ        0040e110 f i WndText.obj
 0001:0000d120       ?SetText@KWndText@@QAEXPBDH@Z 0040e120 f   WndText.obj
 0001:0000d1f0       ?GetText@KWndText@@QAEHPADH@Z 0040e1f0 f   WndText.obj
 0001:0000d230       ?SetTopLine@KWndText@@QAEHH@Z 0040e230 f   WndText.obj
 0001:0000d250       ?SetTextPtr@KWndText@@IAEXPADH@Z 0040e250 f   WndText.obj
 0001:0000d270       ?Clone@KWndText@@QAEXPAV1@@Z 0040e270 f   WndText.obj
 0001:0000d2a0       ?Init@KWndText@@UAEHPAVKIniFile@@PBD@Z 0040e2a0 f   WndText.obj
 0001:0000d4a0       ?PaintWindow@KWndText@@UAEXXZ 0040e4a0 f   WndText.obj
 0001:0000d5e0       ?SetTextColor@KWndText@@QAEXI@Z 0040e5e0 f   WndText.obj
 0001:0000d5f0       ?SetIntText@KWndText@@QAEXHD@Z 0040e5f0 f   WndText.obj
 0001:0000d650       ?Set2IntText@KWndText@@QAEXHHD@Z 0040e650 f   WndText.obj
 0001:0000d6a0       ??0KWndText32@@QAE@XZ      0040e6a0 f   WndText.obj
 0001:0000d6d0       ??_EKWndText32@@UAEPAXI@Z  0040e6d0 f i WndText.obj
 0001:0000d6d0       ??_GKWndText32@@UAEPAXI@Z  0040e6d0 f i WndText.obj
 0001:0000d6f0       ??1KWndText32@@UAE@XZ      0040e6f0 f i WndText.obj
 0001:0000d700       ??0KWndText80@@QAE@XZ      0040e700 f   WndText.obj
 0001:0000d730       ??_EKWndText80@@UAEPAXI@Z  0040e730 f i WndText.obj
 0001:0000d730       ??_GKWndText80@@UAEPAXI@Z  0040e730 f i WndText.obj
 0001:0000d750       ??1KWndText80@@UAE@XZ      0040e750 f i WndText.obj
 0001:0000d760       ??0KWndText256@@QAE@XZ     0040e760 f   WndText.obj
 0001:0000d790       ??_EKWndText256@@UAEPAXI@Z 0040e790 f i WndText.obj
 0001:0000d790       ??_GKWndText256@@UAEPAXI@Z 0040e790 f i WndText.obj
 0001:0000d7b0       ??1KWndText256@@UAE@XZ     0040e7b0 f i WndText.obj
 0001:0000d7c0       ??0KWndText512@@QAE@XZ     0040e7c0 f   WndText.obj
 0001:0000d7f0       ??_GKWndText512@@UAEPAXI@Z 0040e7f0 f i WndText.obj
 0001:0000d7f0       ??_EKWndText512@@UAEPAXI@Z 0040e7f0 f i WndText.obj
 0001:0000d810       ??1KWndText512@@UAE@XZ     0040e810 f i WndText.obj
 0001:0000d820       ??0KWndToolBar@@QAE@XZ     0040e820 f   WndToolBar.obj
 0001:0000d840       ??_GKWndToolBar@@UAEPAXI@Z 0040e840 f i WndToolBar.obj
 0001:0000d840       ??_EKWndToolBar@@UAEPAXI@Z 0040e840 f i WndToolBar.obj
 0001:0000d860       ??1KWndToolBar@@UAE@XZ     0040e860 f   WndToolBar.obj
 0001:0000d8b0       ?Clone@KWndToolBar@@QAEXPAV1@@Z 0040e8b0 f   WndToolBar.obj
 0001:0000d8f0       ?Init@KWndToolBar@@UAEHPAVKIniFile@@PBD@Z 0040e8f0 f   WndToolBar.obj
 0001:0000d980       ?WndProc@KWndToolBar@@UAEHIIH@Z 0040e980 f   WndToolBar.obj
 0001:0000d9c0       ?PaintWindow@KWndToolBar@@UAEXXZ 0040e9c0 f   WndToolBar.obj
 0001:0000d9d0       ?AddOneWindow@KWndToolBar@@IAEXPAVKIniFile@@PBD@Z 0040e9d0 f   WndToolBar.obj
 0001:0000dad0       ?FreeAllWindow@KWndToolBar@@IAEXXZ 0040ead0 f   WndToolBar.obj
 0001:0000db40       ?UpdateData@KWndToolBar@@UAEXXZ 0040eb40 f   WndToolBar.obj
 0001:0000db80       ??0KWndValueImage@@QAE@XZ  0040eb80 f   WndValueImage.obj
 0001:0000dbb0       ??_EKWndValueImage@@UAEPAXI@Z 0040ebb0 f i WndValueImage.obj
 0001:0000dbb0       ??_GKWndValueImage@@UAEPAXI@Z 0040ebb0 f i WndValueImage.obj
 0001:0000dbd0       ??1KWndValueImage@@UAE@XZ  0040ebd0 f i WndValueImage.obj
 0001:0000dbe0       ?Clone@KWndValueImage@@QAEXPAV1@@Z 0040ebe0 f   WndValueImage.obj
 0001:0000dc20       ?Init@KWndValueImage@@UAEHPAVKIniFile@@PBD@Z 0040ec20 f   WndValueImage.obj
 0001:0000dca0       ?SetValue@KWndValueImage@@QAEXHH@Z 0040eca0 f   WndValueImage.obj
 0001:0000dcf0       ??0KWndWindow@@QAE@XZ      0040ecf0 f   WndWindow.obj
 0001:0000dd30       ??_EKWndWindow@@UAEPAXI@Z  0040ed30 f i WndWindow.obj
 0001:0000dd30       ??_GKWndWindow@@UAEPAXI@Z  0040ed30 f i WndWindow.obj
 0001:0000dd50       ??1KWndWindow@@UAE@XZ      0040ed50 f   WndWindow.obj
 0001:0000dd80       ?BringToTop@KWndWindow@@QAEXXZ 0040ed80 f   WndWindow.obj
 0001:0000dde0       ?GetPosition@KWndWindow@@QAEXPAH0@Z 0040ede0 f   WndWindow.obj
 0001:0000de00       ?SetPosition@KWndWindow@@QAEXHH@Z 0040ee00 f   WndWindow.obj
 0001:0000de30       ?GetAbsolutePos@KWndWindow@@QAEXPAH0@Z 0040ee30 f   WndWindow.obj
 0001:0000de50       ?GetSize@KWndWindow@@QAEXPAH0@Z 0040ee50 f   WndWindow.obj
 0001:0000de70       ?SetSize@KWndWindow@@UAEXHH@Z 0040ee70 f   WndWindow.obj
 0001:0000df70       ?AbsoluteMove@KWndWindow@@AAEXHH@Z 0040ef70 f   WndWindow.obj
 0001:0000dfb0       ?Show@KWndWindow@@UAEXXZ   0040efb0 f   WndWindow.obj
 0001:0000dfc0       ?Hide@KWndWindow@@UAEXXZ   0040efc0 f   WndWindow.obj
 0001:0000e010       ?IsVisible@KWndWindow@@QAEHXZ 0040f010 f   WndWindow.obj
 0001:0000e020       ?Enable@KWndWindow@@UAEXH@Z 0040f020 f   WndWindow.obj
 0001:0000e050       ?Destroy@KWndWindow@@QAEXXZ 0040f050 f   WndWindow.obj
 0001:0000e060       ?Clone@KWndWindow@@IAEXPAV1@@Z 0040f060 f   WndWindow.obj
 0001:0000e090       ?Init@KWndWindow@@UAEHPAVKIniFile@@PBD@Z 0040f090 f   WndWindow.obj
 0001:0000e260       ?PtInWindow@KWndWindow@@UAEHHH@Z 0040f260 f   WndWindow.obj
 0001:0000e2e0       ?Paint@KWndWindow@@QAEXXZ  0040f2e0 f   WndWindow.obj
 0001:0000e310       ?LetMeBreathe@KWndWindow@@QAEXXZ 0040f310 f   WndWindow.obj
 0001:0000e350       ?AddChild@KWndWindow@@QAEXPAV1@@Z 0040f350 f   WndWindow.obj
 0001:0000e3c0       ?AddBrother@KWndWindow@@QAEXPAV1@@Z 0040f3c0 f   WndWindow.obj
 0001:0000e430       ?LeaveAlone@KWndWindow@@QAEXXZ 0040f430 f   WndWindow.obj
 0001:0000e460       ?SplitSmaleFamily@KWndWindow@@QAEXXZ 0040f460 f   WndWindow.obj
 0001:0000e4b0       ?WndProc@KWndWindow@@UAEHIIH@Z 0040f4b0 f   WndWindow.obj
 0001:0000e580       ?OnLBtnDown@KWndWindow@@AAEXHH@Z 0040f580 f   WndWindow.obj
 0001:0000e5b0       ?OnMoveWnd@KWndWindow@@AAEXXZ 0040f5b0 f   WndWindow.obj
 0001:0000e650       ?TopChildFromPoint@KWndWindow@@UAEPAV1@HH@Z 0040f650 f   WndWindow.obj
 0001:0000e6c0       ?GetOwner@KWndWindow@@QAEPAV1@XZ 0040f6c0 f   WndWindow.obj
 0001:0000e6e0       ?PaintDebugInfo@KWndWindow@@QAEXXZ 0040f6e0 f   WndWindow.obj
 0001:0000e810       ?PaintWindow@KWndWindow@@UAEXXZ 0040f810 f   WndWindow.obj
 0001:0000e960       ?GetColor@@YAIPBD@Z        0040f960 f   WndWindow.obj
 0001:0000ea90       ?GetColorString@@YAPBDI@Z  0040fa90 f   WndWindow.obj
 0001:0000ead0       ?SetCursorAbove@KWndWindow@@QAEXXZ 0040fad0 f   WndWindow.obj
 0001:0000eb00       ?GetAllChildLayoutRect@KWndWindow@@QAEXPAUtagRECT@@@Z 0040fb00 f   WndWindow.obj
 0001:0000ec00       ??0KUiConnectInfo@@AAE@XZ  0040fc00 f   UiConnectInfo.obj
 0001:0000ecd0       ??_EKUiConnectInfo@@EAEPAXI@Z 0040fcd0 f i UiConnectInfo.obj
 0001:0000ecd0       ??_GKUiConnectInfo@@EAEPAXI@Z 0040fcd0 f i UiConnectInfo.obj
 0001:0000ecf0       ??1KUiConnectInfo@@EAE@XZ  0040fcf0 f i UiConnectInfo.obj
 0001:0000ed90       ?OpenWindow@KUiConnectInfo@@SAPAV1@W4LOGIN_BG_INFO_MSG_INDEX@@HH@Z 0040fd90 f   UiConnectInfo.obj
 0001:0000ee60       ?CloseWindow@KUiConnectInfo@@SAX_N@Z 0040fe60 f   UiConnectInfo.obj
 0001:0000eea0       ?Initialize@KUiConnectInfo@@AAEXXZ 0040fea0 f   UiConnectInfo.obj
 0001:0000eee0       ?LoadScheme@KUiConnectInfo@@AAEXPBD@Z 0040fee0 f   UiConnectInfo.obj
 0001:0000f180       ?OnClickConfirmBtn@KUiConnectInfo@@AAEXXZ 00410180 f   UiConnectInfo.obj
 0001:0000f260       ?WndProc@KUiConnectInfo@@EAEHIIH@Z 00410260 f   UiConnectInfo.obj
 0001:0000f330       ?OnDelRole@KUiConnectInfo@@AAE_NXZ 00410330 f   UiConnectInfo.obj
 0001:0000f3f0       ?OnCancelDelRole@KUiConnectInfo@@AAEXXZ 004103f0 f   UiConnectInfo.obj
 0001:0000f410       ?SetInfoMsg@KUiConnectInfo@@AAEXW4LOGIN_BG_INFO_MSG_INDEX@@@Z 00410410 f   UiConnectInfo.obj
 0001:0000f560       ?GotoNextStep@KUiConnectInfo@@AAEXXZ 00410560 f   UiConnectInfo.obj
 0001:0000f5f0       ?Breathe@KUiConnectInfo@@EAEXXZ 004105f0 f   UiConnectInfo.obj
 0001:0000f730       ?PaintWindow@KUiConnectInfo@@EAEXXZ 00410730 f   UiConnectInfo.obj
 0001:0000f8f0       ??0KUiLogin@@AAE@XZ        004108f0 f   UiLogin.obj
 0001:0000f990       ??_GKUiLogin@@EAEPAXI@Z    00410990 f i UiLogin.obj
 0001:0000f990       ??_EKUiLogin@@EAEPAXI@Z    00410990 f i UiLogin.obj
 0001:0000f9b0       ??1KUiLogin@@EAE@XZ        004109b0 f   UiLogin.obj
 0001:0000fa50       ?OpenWindow@KUiLogin@@SAPAV1@XZ 00410a50 f   UiLogin.obj
 0001:0000faf0       ?CloseWindow@KUiLogin@@SAX_N@Z 00410af0 f   UiLogin.obj
 0001:0000fb50       ?Show@KUiLogin@@EAEXXZ     00410b50 f   UiLogin.obj
 0001:0000fbd0       ?Initialize@KUiLogin@@AAEXXZ 00410bd0 f   UiLogin.obj
 0001:0000fc50       ?LoadScheme@KUiLogin@@AAEXPBD@Z 00410c50 f   UiLogin.obj
 0001:0000fda0       ?WndProc@KUiLogin@@EAEHIIH@Z 00410da0 f   UiLogin.obj
 0001:0000fff0       ?OnEnableAutoLogin@KUiLogin@@AAEXXZ 00410ff0 f   UiLogin.obj
 0001:00010060       ?OnKeyDown@KUiLogin@@AAEXI@Z 00411060 f   UiLogin.obj
 0001:00010270       ?OnLogin@KUiLogin@@AAEXXZ  00411270 f   UiLogin.obj
 0001:000102f0       ?OnCancel@KUiLogin@@AAEXXZ 004112f0 f   UiLogin.obj
 0001:00010310       ?GetInputInfo@KUiLogin@@AAEHPAD0@Z 00411310 f   UiLogin.obj
 0001:00010370       ?IsValidPassword@KUiLogin@@SA_NPBDH@Z 00411370 f   UiLogin.obj
 0001:00010380       ?OpenWindow@KUiLoginBackGround@@SAPAV1@PBD@Z 00411380 f   UiLoginBg.obj
 0001:00010460       ??_GKUiLoginBackGround@@EAEPAXI@Z 00411460 f i UiLoginBg.obj
 0001:00010460       ??_EKUiLoginBackGround@@EAEPAXI@Z 00411460 f i UiLoginBg.obj
 0001:00010480       ??1KUiLoginBackGround@@EAE@XZ 00411480 f i UiLoginBg.obj
 0001:00010500       ?CloseWindow@KUiLoginBackGround@@SAX_N@Z 00411500 f   UiLoginBg.obj
 0001:00010530       ?Initialize@KUiLoginBackGround@@AAEXXZ 00411530 f   UiLoginBg.obj
 0001:000105f0       ?SetConfig@KUiLoginBackGround@@SAXPBD@Z 004115f0 f   UiLoginBg.obj
 0001:00010760       ?LoadScheme@KUiLoginBackGround@@AAEXPAVKIniFile@@@Z 00411760 f   UiLoginBg.obj
 0001:00010860       ?Breathe@KUiLoginBackGround@@EAEXXZ 00411860 f   UiLoginBg.obj
 0001:000108f0       ??0KUiSelServer@@AAE@XZ    004118f0 f   UiSelServer.obj
 0001:00010990       ??_EKUiSelServer@@EAEPAXI@Z 00411990 f i UiSelServer.obj
 0001:00010990       ??_GKUiSelServer@@EAEPAXI@Z 00411990 f i UiSelServer.obj
 0001:000109b0       ??1KUiSelServer@@EAE@XZ    004119b0 f   UiSelServer.obj
 0001:00010a90       ?OpenWindow@KUiSelServer@@SAPAV1@XZ 00411a90 f   UiSelServer.obj
 0001:00010b50       ?CloseWindow@KUiSelServer@@SAX_N@Z 00411b50 f   UiSelServer.obj
 0001:00010b80       ?Initialize@KUiSelServer@@AAEXXZ 00411b80 f   UiSelServer.obj
 0001:00010c00       ?GetList@KUiSelServer@@AAEXXZ 00411c00 f   UiSelServer.obj
 0001:00010ce0       ?LoadScheme@KUiSelServer@@AAEXPBD@Z 00411ce0 f   UiSelServer.obj
 0001:00010e10       ?WndProc@KUiSelServer@@EAEHIIH@Z 00411e10 f   UiSelServer.obj
 0001:00010ea0       ?OnKeyDown@KUiSelServer@@AAEHI@Z 00411ea0 f   UiSelServer.obj
 0001:00010ff0       ?OnClickButton@KUiSelServer@@AAEXPAVKWndButton@@@Z 00411ff0 f   UiSelServer.obj
 0001:00011020       ?OnLogin@KUiSelServer@@AAEXXZ 00412020 f   UiSelServer.obj
 0001:000110a0       ?OnCancel@KUiSelServer@@AAEXXZ 004120a0 f   UiSelServer.obj
 0001:000110d0       ??0KUiContainer@@QAE@XZ    004120d0 f   UiContainer.obj
 0001:000110f0       ??_EKUiContainer@@UAEPAXI@Z 004120f0 f i UiContainer.obj
 0001:000110f0       ??_GKUiContainer@@UAEPAXI@Z 004120f0 f i UiContainer.obj
 0001:00011110       ??1KUiContainer@@UAE@XZ    00412110 f   UiContainer.obj
 0001:00011120       ?DoSwitchUi@KUiContainer@@QAEHH@Z 00412120 f   UiContainer.obj
 0001:00011230       ?Initialize@KUiContainer@@QAEHPAVKWndWindow@@@Z 00412230 f   UiContainer.obj
 0001:00011250       ??0KUiFaceSelector@@AAE@XZ 00412250 f   UiFaceSelector.obj
 0001:00011300       ??_EKUiFaceSelector@@EAEPAXI@Z 00412300 f i UiFaceSelector.obj
 0001:00011300       ??_GKUiFaceSelector@@EAEPAXI@Z 00412300 f i UiFaceSelector.obj
 0001:00011320       ??1KUiFaceSelector@@EAE@XZ 00412320 f i UiFaceSelector.obj
 0001:00011390       ?OpenWindow@KUiFaceSelector@@SAPAV1@PAVKWndWindow@@PAX@Z 00412390 f   UiFaceSelector.obj
 0001:00011450       ?CloseWindow@KUiFaceSelector@@SAX_N@Z 00412450 f   UiFaceSelector.obj
 0001:00011480       ?GetIfVisible@KUiFaceSelector@@SAPAV1@XZ 00412480 f   UiFaceSelector.obj
 0001:000114a0       ?ConvertFaceText@KUiFaceSelector@@SAHPADPBDH@Z 004124a0 f   UiFaceSelector.obj
 0001:000115a0       ?ConvertFace@KUiFaceSelector@@CAHPADAAHPBDH1@Z 004125a0 f   UiFaceSelector.obj
 0001:00011640       ?Initialize@KUiFaceSelector@@AAEXXZ 00412640 f   UiFaceSelector.obj
 0001:000116a0       ?LoadFaceList@KUiFaceSelector@@SAXXZ 004126a0 f   UiFaceSelector.obj
 0001:000117f0       ?Clear@KUiFaceSelector@@SAXXZ 004127f0 f   UiFaceSelector.obj
 0001:00011830       ?OnSelFace@KUiFaceSelector@@AAEXXZ 00412830 f   UiFaceSelector.obj
 0001:00011880       ?WndProc@KUiFaceSelector@@EAEHIIH@Z 00412880 f   UiFaceSelector.obj
 0001:00011990       ?OnExpandWnd@KUiFaceSelector@@AAEXXZ 00412990 f   UiFaceSelector.obj
 0001:000119f0       ?OnUnExpandWnd@KUiFaceSelector@@AAEXXZ 004129f0 f   UiFaceSelector.obj
 0001:00011a40       ?LoadScheme@KUiFaceSelector@@QAEXPBD@Z 00412a40 f   UiFaceSelector.obj
 0001:00011d30       ?UpdateFaceTip@KUiFaceSelector@@AAEXHH@Z 00412d30 f   UiFaceSelector.obj
 0001:00011de0       ?PaintWindow@KUiFaceSelector@@EAEXXZ 00412de0 f   UiFaceSelector.obj
 0001:000120f0       ?Show@KUiFaceSelector@@EAEXXZ 004130f0 f   UiFaceSelector.obj
 0001:00012110       ?Hide@KUiFaceSelector@@EAEXXZ 00413110 f   UiFaceSelector.obj
 0001:00012130       ?GetFaceAtPos@KUiFaceSelector@@AAEHHH@Z 00413130 f   UiFaceSelector.obj
 0001:000121c0       ?CreateObject@GameWorld_DateTime@@SAPAVKWndWindow@@XZ 004131c0 f i UiPlayerBar.obj
 0001:00012220       ?GetFormatedTimeString@@YAHHPAD@Z 00413220 f   UiPlayerBar.obj
 0001:000122a0       ?GetFormatedTimeString@@YAHPAUtm@@PAD@Z 004132a0 f   UiPlayerBar.obj
 0001:000122d0       ??0GameWorld_DateTime@@QAE@XZ 004132d0 f   UiPlayerBar.obj
 0001:00012330       ??_EGameWorld_DateTime@@UAEPAXI@Z 00413330 f i UiPlayerBar.obj
 0001:00012330       ??_GGameWorld_DateTime@@UAEPAXI@Z 00413330 f i UiPlayerBar.obj
 0001:00012350       ??1GameWorld_DateTime@@UAE@XZ 00413350 f i UiPlayerBar.obj
 0001:00012360       ?OnButtonClick@GameWorld_DateTime@@EAEXXZ 00413360 f   UiPlayerBar.obj
 0001:00012380       ?Init@GameWorld_DateTime@@UAEHPAVKIniFile@@PBD@Z 00413380 f   UiPlayerBar.obj
 0001:00012510       ?UpdateData@GameWorld_DateTime@@UAEXXZ 00413510 f   UiPlayerBar.obj
 0001:00012640       ?UpdateNetStatus@GameWorld_DateTime@@AAEXXZ 00413640 f   UiPlayerBar.obj
 0001:000127b0       ?Init@KImmediaItem@@UAEHPAVKIniFile@@PBD@Z 004137b0 f   UiPlayerBar.obj
 0001:00012810       ?PaintWindow@KImmediaItem@@UAEXXZ 00413810 f   UiPlayerBar.obj
 0001:000128a0       ??0KUiPlayerBar@@AAE@XZ    004138a0 f   UiPlayerBar.obj
 0001:00012a10       ??0KImmediaItem@@QAE@XZ    00413a10 f i UiPlayerBar.obj
 0001:00012a30       ??_GKImmediaItem@@UAEPAXI@Z 00413a30 f i UiPlayerBar.obj
 0001:00012a30       ??_EKImmediaItem@@UAEPAXI@Z 00413a30 f i UiPlayerBar.obj
 0001:00012a50       ??1KImmediaItem@@UAE@XZ    00413a50 f i UiPlayerBar.obj
 0001:00012a60       ??_EKUiPlayerBar@@EAEPAXI@Z 00413a60 f i UiPlayerBar.obj
 0001:00012a60       ??_GKUiPlayerBar@@EAEPAXI@Z 00413a60 f i UiPlayerBar.obj
 0001:00012a80       ??1KUiPlayerBar@@EAE@XZ    00413a80 f   UiPlayerBar.obj
 0001:00012b90       ?GetIfVisible@KUiPlayerBar@@SAPAV1@XZ 00413b90 f   UiPlayerBar.obj
 0001:00012bb0       ?OpenWindow@KUiPlayerBar@@SAPAV1@XZ 00413bb0 f   UiPlayerBar.obj
 0001:00012c70       ?OnSwitchSize@KUiPlayerBar@@AAEXXZ 00413c70 f   UiPlayerBar.obj
 0001:00012cb0       ?UpdateData@KUiPlayerBar@@EAEXXZ 00413cb0 f   UiPlayerBar.obj
 0001:00012db0       ?CloseWindow@KUiPlayerBar@@SAX_N@Z 00413db0 f   UiPlayerBar.obj
 0001:00012e10       ?LoadScheme@KUiPlayerBar@@SAXPBD@Z 00413e10 f   UiPlayerBar.obj
 0001:00012ed0       ?LoadScheme@KUiPlayerBar@@AAEXPAVKIniFile@@@Z 00413ed0 f   UiPlayerBar.obj
 0001:00013100       ?Initialize@KUiPlayerBar@@AAEXXZ 00414100 f   UiPlayerBar.obj
 0001:00013230       ?WndProc@KUiPlayerBar@@EAEHIIH@Z 00414230 f   UiPlayerBar.obj
 0001:00013790       ?PaintWindow@KUiPlayerBar@@EAEXXZ 00414790 f   UiPlayerBar.obj
 0001:000137c0       ?PopupChannelMenu@KUiPlayerBar@@AAEXHH@Z 004147c0 f   UiPlayerBar.obj
 0001:00013b40       ?PopupPhraseMenu@KUiPlayerBar@@AAEXHH_N@Z 00414b40 f   UiPlayerBar.obj
 0001:00013c00       ?OnSend@KUiPlayerBar@@AAEXH@Z 00414c00 f   UiPlayerBar.obj
 0001:00013fd0       ?IsCanSendMessage@KUiPlayerBar@@SAHPBDHPADH@Z 00414fd0 f   UiPlayerBar.obj
 0001:00014080       ?OnSendChannelMessage@KUiPlayerBar@@SAXKPBDH@Z 00415080 f   UiPlayerBar.obj
 0001:00014130       ?OnDirectSendChannelMessage@KUiPlayerBar@@AAEXKEPBDH@Z 00415130 f   UiPlayerBar.obj
 0001:000141d0       ?OnSendSomeoneMessage@KUiPlayerBar@@SAXPBD0H@Z 004151d0 f   UiPlayerBar.obj
 0001:000142a0       ?InputRecentMsg@KUiPlayerBar@@AAEX_N@Z 004152a0 f   UiPlayerBar.obj
 0001:00014320       ?OnObjPickedDropped@KUiPlayerBar@@AAEXPAUITEM_PICKDROP_PLACE@@0@Z 00415320 f   UiPlayerBar.obj
 0001:00014420       ?OnUseItem@KUiPlayerBar@@SAXH@Z 00415420 f   UiPlayerBar.obj
 0001:000144a0       ?GetChannelIndex@KUiPlayerBar@@AAEHPBD@Z 004154a0 f   UiPlayerBar.obj
 0001:00014560       ?SetCurrentChannel@KUiPlayerBar@@SAXH@Z 00415560 f   UiPlayerBar.obj
 0001:000146a0       ?InputCurrentChannel@KUiPlayerBar@@AAEXH_N@Z 004156a0 f   UiPlayerBar.obj
 0001:00014710       ?SwitchChannel@KUiPlayerBar@@SAXH@Z 00415710 f   UiPlayerBar.obj
 0001:00014770       ?GetCurChannel@KUiPlayerBar@@SAHXZ 00415770 f   UiPlayerBar.obj
 0001:00014790       ?UpdateXXXNumber@KUiPlayerBar@@AAEXAAH0@Z 00415790 f   UiPlayerBar.obj
 0001:00014840       ?UpdateRuntimeAttribute@KUiPlayerBar@@AAEXAAH0@Z 00415840 f   UiPlayerBar.obj
 0001:000148b0       ?UpdateItem@KUiPlayerBar@@QAEXHII@Z 004158b0 f   UiPlayerBar.obj
 0001:000148f0       ?UpdateSkill@KUiPlayerBar@@QAEXHII@Z 004158f0 f   UiPlayerBar.obj
 0001:00014930       ?Breathe@KUiPlayerBar@@EAEXXZ 00415930 f   UiPlayerBar.obj
 0001:00014ba0       ?IsHasCost@KUiPlayerBar@@AAEHEHHHHAAH00@Z 00415ba0 f   UiPlayerBar.obj
 0001:00014d00       ?InputNameMsg@KUiPlayerBar@@SAXDPBD_N@Z 00415d00 f   UiPlayerBar.obj
 0001:00014f70       ??Rstring_iless@@QBE_NABV?$basic_string@DU?$char_traits@D@std@@V?$allocator@D@2@@std@@0@Z 00415f70 f i UiPlayerBar.obj
 0001:00014fd0       ?FindRecentPlayer@KUiPlayerBar@@SAHPBD@Z 00415fd0 f   UiPlayerBar.obj
 0001:00015050       ?GetRecentPlayerName@KUiPlayerBar@@SAPADH@Z 00416050 f   UiPlayerBar.obj
 0001:00015090       ?AddRecentPlayer@KUiPlayerBar@@SAHPBD@Z 00416090 f   UiPlayerBar.obj
 0001:000151a0       ?ReplaceSpecialName@KUiPlayerBar@@AAEXPADI0@Z 004161a0 f   UiPlayerBar.obj
 0001:000151c0       ?GetExp@KUiPlayerBar@@SA_NAAH00@Z 004161c0 f   UiPlayerBar.obj
 0001:00015200       ?LoadPrivateSetting@KUiPlayerBar@@SAHPAVKIniFile@@@Z 00416200 f   UiPlayerBar.obj
 0001:000152d0       ?SavePrivateSetting@KUiPlayerBar@@SAHPAVKIniFile@@@Z 004162d0 f   UiPlayerBar.obj
 0001:00015360       ?_Lbound@?$_Tree@V?$basic_string@DU?$char_traits@D@std@@V?$allocator@D@2@@std@@U?$pair@$$CBV?$basic_string@DU?$char_traits@D@std@@V?$allocator@D@2@@std@@UShortFuncInfo@@@2@U_Kfn@?$map@V?$basic_string@DU?$char_traits@D@std@@V?$allocator@D@2@@std@@UShortFuncInfo@@Ustring_iless@@V?$allocator@UShortFuncInfo@@@2@@2@Ustring_iless@@V?$allocator@UShortFuncInfo@@@2@@std@@IBEPAU_Node@12@ABV?$basic_string@DU?$char_traits@D@std@@V?$allocator@D@2@@2@@Z 00416360 f i UiPlayerBar.obj
 0001:000153e0       ?GetIfVisible@KUiStatus@@SAPAV1@XZ 004163e0 f   UiStatus.obj
 0001:00015400       ?OpenWindow@KUiStatus@@SAPAV1@XZ 00416400 f   UiStatus.obj
 0001:00015700       ??_GKUiStatus@@EAEPAXI@Z   00416700 f i UiStatus.obj
 0001:00015700       ??_EKUiStatus@@EAEPAXI@Z   00416700 f i UiStatus.obj
 0001:00015720       ??1KUiStatus@@EAE@XZ       00416720 f i UiStatus.obj
 0001:000159a0       ?CloseWindow@KUiStatus@@SAX_N@Z 004169a0 f   UiStatus.obj
 0001:000159d0       ?Initialize@KUiStatus@@AAEXXZ 004169d0 f   UiStatus.obj
 0001:00015c10       ?LoadScheme@KUiStatus@@SAXPBD@Z 00416c10 f   UiStatus.obj
 0001:00015cc0       ?LoadScheme@KUiStatus@@AAEXPAVKIniFile@@@Z 00416cc0 f   UiStatus.obj
 0001:00015ff0       ?WndProc@KUiStatus@@EAEHIIH@Z 00416ff0 f   UiStatus.obj
 0001:00016100       ?UseRemainPoint@KUiStatus@@AAEXW4UI_PLAYER_ATTRIBUTE@@@Z 00417100 f   UiStatus.obj
 0001:00016190       ?UpdateBaseData@KUiStatus@@QAEXXZ 00417190 f   UiStatus.obj
 0001:00016200       ?UpdateRuntimeInfo@KUiStatus@@QAEXPAUKUiPlayerRuntimeInfo@@@Z 00417200 f   UiStatus.obj
 0001:00016280       ?UpdateData@KUiStatus@@UAEXXZ 00417280 f   UiStatus.obj
 0001:000162a0       ?UpdateAllEquips@KUiStatus@@QAEXXZ 004172a0 f   UiStatus.obj
 0001:00016310       ?UpdateRuntimeAttribute@KUiStatus@@QAEXPAUKUiPlayerAttribute@@@Z 00417310 f   UiStatus.obj
 0001:00016540       ?OnEquiptChanged@KUiStatus@@AAEXPAUITEM_PICKDROP_PLACE@@0@Z 00417540 f   UiStatus.obj
 0001:000166b0       ?UpdateEquip@KUiStatus@@QAEXPAUKUiObjAtRegion@@H@Z 004176b0 f   UiStatus.obj
 0001:00016720       ??0KUiOptions@@AAE@XZ      00417720 f   UiOptions.obj
 0001:000168a0       ??_EKUiOptions@@EAEPAXI@Z  004178a0 f i UiOptions.obj
 0001:000168a0       ??_GKUiOptions@@EAEPAXI@Z  004178a0 f i UiOptions.obj
 0001:000168c0       ??1KUiOptions@@EAE@XZ      004178c0 f i UiOptions.obj
 0001:00016a10       ?CancelMenu@KUiOptions@@AAEXXZ 00417a10 f   UiOptions.obj
 0001:00016a40       ?GetIfVisible@KUiOptions@@SAPAV1@XZ 00417a40 f   UiOptions.obj
 0001:00016a60       ?OpenWindow@KUiOptions@@SAPAV1@PAVKWndWindow@@@Z 00417a60 f   UiOptions.obj
 0001:00016b10       ?CloseWindow@KUiOptions@@SAXXZ 00417b10 f   UiOptions.obj
 0001:00016b60       ?Initialize@KUiOptions@@AAEXXZ 00417b60 f   UiOptions.obj
 0001:00016c30       ?LoadScheme@KUiOptions@@SAXPBD@Z 00417c30 f   UiOptions.obj
 0001:00016ce0       ?LoadScheme@KUiOptions@@AAEXPAVKIniFile@@@Z 00417ce0 f   UiOptions.obj
 0001:00016f90       ?WndProc@KUiOptions@@EAEHIIH@Z 00417f90 f   UiOptions.obj
 0001:00017160       ?UpdateSettingSet@KUiOptions@@AAEXH_N@Z 00418160 f   UiOptions.obj
 0001:00017270       ?PopupSeleteSetMenu@KUiOptions@@AAEXHH@Z 00418270 f   UiOptions.obj
 0001:00017380       ?OnScrollBarPosChanged@KUiOptions@@AAEXPAVKWndWindow@@H@Z 00418380 f   UiOptions.obj
 0001:000173d0       ?UpdateAllToggleBtn@KUiOptions@@AAEXXZ 004183d0 f   UiOptions.obj
 0001:000174f0       ?UpdateAllStatusImg@KUiOptions@@AAEXXZ 004184f0 f   UiOptions.obj
 0001:00017560       ?LoadSetting@KUiOptions@@SAX_N0@Z 00418560 f   UiOptions.obj
 0001:00017830       ?StoreSetting@KUiOptions@@AAEXXZ 00418830 f   UiOptions.obj
 0001:000178f0       ?ToggleOption@KUiOptions@@QAEXH@Z 004188f0 f   UiOptions.obj
 0001:000179c0       ?SetMusicValue@KUiOptions@@QAEXH@Z 004189c0 f   UiOptions.obj
 0001:000179f0       ?SetSoundValue@KUiOptions@@QAEXH@Z 004189f0 f   UiOptions.obj
 0001:00017a20       ?SetBrightness@KUiOptions@@QAEXH@Z 00418a20 f   UiOptions.obj
 0001:00017a50       ?OpenWindow@KUiInit@@SAPAV1@_N0@Z 00418a50 f   UiInit.obj
 0001:00017bb0       ??_GKUiInit@@EAEPAXI@Z     00418bb0 f i UiInit.obj
 0001:00017bb0       ??_EKUiInit@@EAEPAXI@Z     00418bb0 f i UiInit.obj
 0001:00017bd0       ??1KUiInit@@EAE@XZ         00418bd0 f i UiInit.obj
 0001:00017c60       ?CloseWindow@KUiInit@@SAXXZ 00418c60 f   UiInit.obj
 0001:00017c90       ?PlayStartMovie@KUiInit@@AAEXXZ 00418c90 f   UiInit.obj
 0001:00017e40       ?PlayTitleMusic@KUiInit@@SAXXZ 00418e40 f   UiInit.obj
 0001:00017f70       ?StopTitleMusic@KUiInit@@SAXXZ 00418f70 f   UiInit.obj
 0001:00017f90       ?LoadScheme@KUiInit@@AAEXPBD@Z 00418f90 f   UiInit.obj
 0001:000180c0       ?Initialize@KUiInit@@AAEXXZ 004190c0 f   UiInit.obj
 0001:00018140       ?WndProc@KUiInit@@EAEHIIH@Z 00419140 f   UiInit.obj
 0001:000181c0       ?OnKeyDown@KUiInit@@AAEHI@Z 004191c0 f   UiInit.obj
 0001:00018280       ?OnClickButton@KUiInit@@AAEXPAVKWndButton@@@Z 00419280 f   UiInit.obj
 0001:000182f0       ?OnAutoLogin@KUiInit@@AAEXXZ 004192f0 f   UiInit.obj
 0001:00018370       ?GetActiveBtn@KUiInit@@AAEPAVKWndButton@@XZ 00419370 f   UiInit.obj
 0001:000183e0       ?ShowCompleted@KUiInit@@EAEXXZ 004193e0 f   UiInit.obj
 0001:000183f0       ??0KUiGetMoney@@AAE@XZ     004193f0 f   UiGetMoney.obj
 0001:00018480       ??_GKUiGetMoney@@EAEPAXI@Z 00419480 f i UiGetMoney.obj
 0001:00018480       ??_EKUiGetMoney@@EAEPAXI@Z 00419480 f i UiGetMoney.obj
 0001:000184a0       ??1KUiGetMoney@@EAE@XZ     004194a0 f i UiGetMoney.obj
 0001:00018520       ?OpenWindow@KUiGetMoney@@SAPAV1@HHPAVKWndWindow@@I0@Z 00419520 f   UiGetMoney.obj
 0001:00018630       ?CloseWindow@KUiGetMoney@@SAX_N@Z 00419630 f   UiGetMoney.obj
 0001:00018670       ?GetIfVisible@KUiGetMoney@@SAPAV1@XZ 00419670 f   UiGetMoney.obj
 0001:00018690       ?Show@KUiGetMoney@@AAEXPAVKWndWindow@@@Z 00419690 f   UiGetMoney.obj
 0001:00018740       ?Hide@KUiGetMoney@@EAEXXZ  00419740 f   UiGetMoney.obj
 0001:00018760       ?Initialize@KUiGetMoney@@AAEHXZ 00419760 f   UiGetMoney.obj
 0001:000187d0       ?LoadScheme@KUiGetMoney@@SAXPBD@Z 004197d0 f   UiGetMoney.obj
 0001:000188e0       ?WndProc@KUiGetMoney@@EAEHIIH@Z 004198e0 f   UiGetMoney.obj
 0001:000189a0       ?OnOk@KUiGetMoney@@AAEXXZ  004199a0 f   UiGetMoney.obj
 0001:000189e0       ?OnCheckInput@KUiGetMoney@@AAEXXZ 004199e0 f   UiGetMoney.obj
 0001:00018a80       ?OnCancel@KUiGetMoney@@AAEXXZ 00419a80 f   UiGetMoney.obj
 0001:00018ab0       ?GetIfVisible@KUiItem@@SAPAV1@XZ 00419ab0 f   UiItem.obj
 0001:00018ad0       ?OpenWindow@KUiItem@@SAPAV1@XZ 00419ad0 f   UiItem.obj
 0001:00018be0       ??_GKUiItem@@EAEPAXI@Z     00419be0 f i UiItem.obj
 0001:00018be0       ??_EKUiItem@@EAEPAXI@Z     00419be0 f i UiItem.obj
 0001:00018c00       ??1KUiItem@@EAE@XZ         00419c00 f i UiItem.obj
 0001:00018ca0       ?CloseWindow@KUiItem@@SAX_N@Z 00419ca0 f   UiItem.obj
 0001:00018ce0       ?Initialize@KUiItem@@AAEXXZ 00419ce0 f   UiItem.obj
 0001:00018d80       ?Breathe@KUiItem@@UAEXXZ   00419d80 f   UiItem.obj
 0001:00018db0       ?OnNpcTradeMode@KUiItem@@SAX_N@Z 00419db0 f   UiItem.obj
 0001:00018dd0       ?UpdateData@KUiItem@@EAEXXZ 00419dd0 f   UiItem.obj
 0001:00018ea0       ?UpdateItem@KUiItem@@QAEXPAUKUiObjAtRegion@@H@Z 00419ea0 f   UiItem.obj
 0001:00018f30       ?LoadScheme@KUiItem@@SAXPBD@Z 00419f30 f   UiItem.obj
 0001:00019080       ?OnClickItem@KUiItem@@AAEXPAUKUiDraggedObject@@_N@Z 0041a080 f   UiItem.obj
 0001:00019170       ?OnRepairItem@KUiItem@@AAEXPAUKUiDraggedObject@@@Z 0041a170 f   UiItem.obj
 0001:00019200       ?WndProc@KUiItem@@EAEHIIH@Z 0041a200 f   UiItem.obj
 0001:000193b0       ?OnGetMoney@KUiItem@@AAEXH@Z 0041a3b0 f   UiItem.obj
 0001:000193e0       ?OnItemPickDrop@KUiItem@@AAEXPAUITEM_PICKDROP_PLACE@@0@Z 0041a3e0 f   UiItem.obj
 0001:00019530       ??0KUiFightSkillSubPage@@QAE@XZ 0041a530 f   UiSkills.obj
 0001:000195a0       ??1KWndPage@@UAE@XZ        0041a5a0 f i UiSkills.obj
 0001:000195b0       ??_EKWndPage@@UAEPAXI@Z    0041a5b0 f i UiSkills.obj
 0001:000195b0       ??_GKWndPage@@UAEPAXI@Z    0041a5b0 f i UiSkills.obj
 0001:000195d0       ??_EKUiFightSkillSubPage@@UAEPAXI@Z 0041a5d0 f i UiSkills.obj
 0001:000195d0       ??_GKUiFightSkillSubPage@@UAEPAXI@Z 0041a5d0 f i UiSkills.obj
 0001:000195f0       ??1KUiFightSkillSubPage@@UAE@XZ 0041a5f0 f i UiSkills.obj
 0001:00019650       ?Initialize@KUiFightSkillSubPage@@QAEXXZ 0041a650 f   UiSkills.obj
 0001:00019690       ?LoadScheme@KUiFightSkillSubPage@@QAEXPBD@Z 0041a690 f   UiSkills.obj
 0001:000197f0       ?UpdateRemainPoint@KUiFightSkillSubPage@@QAEXH@Z 0041a7f0 f   UiSkills.obj
 0001:00019800       ?UpdateSkill@KUiFightSkillSubPage@@QAEXPAUKUiSkillData@@H@Z 0041a800 f   UiSkills.obj
 0001:00019830       ?UpdateData@KUiFightSkillSubPage@@QAEXPAUKUiSkillData@@@Z 0041a830 f   UiSkills.obj
 0001:00019870       ?WndProc@KUiFightSkillSubPage@@EAEHIIH@Z 0041a870 f   UiSkills.obj
 0001:000198d0       ?PaintWindow@KUiFightSkillSubPage@@EAEXXZ 0041a8d0 f   UiSkills.obj
 0001:00019a10       ?Initialize@KUiFightSkillSub@@QAEXXZ 0041aa10 f   UiSkills.obj
 0001:00019a50       ?LoadScheme@KUiFightSkillSub@@QAEXPBD@Z 0041aa50 f   UiSkills.obj
 0001:00019b70       ?UpdateRemainPoint@KUiFightSkillSub@@QAEXH@Z 0041ab70 f   UiSkills.obj
 0001:00019ba0       ?UpdateSkill@KUiFightSkillSub@@QAEXPAUKUiSkillData@@H@Z 0041aba0 f   UiSkills.obj
 0001:00019be0       ?UpdateData@KUiFightSkillSub@@UAEXXZ 0041abe0 f   UiSkills.obj
 0001:00019c30       ?Initialize@KUiFightSkill@@QAEXXZ 0041ac30 f   UiSkills.obj
 0001:00019c60       ?LoadScheme@KUiFightSkill@@QAEXPBD@Z 0041ac60 f   UiSkills.obj
 0001:00019d30       ?UpdateData@KUiFightSkill@@UAEXXZ 0041ad30 f   UiSkills.obj
 0001:00019d70       ?UpdateSkill@KUiFightSkill@@QAEXPAUKUiSkillData@@H@Z 0041ad70 f   UiSkills.obj
 0001:00019d90       ?UpdateRemainPoint@KUiFightSkill@@QAEXH@Z 0041ad90 f   UiSkills.obj
 0001:00019dc0       ??0KUiLiveSkill@@QAE@XZ    0041adc0 f   UiSkills.obj
 0001:00019e40       ??_GKUiLiveSkill@@UAEPAXI@Z 0041ae40 f i UiSkills.obj
 0001:00019e40       ??_EKUiLiveSkill@@UAEPAXI@Z 0041ae40 f i UiSkills.obj
 0001:00019e60       ??1KUiLiveSkill@@UAE@XZ    0041ae60 f i UiSkills.obj
 0001:00019ed0       ?Initialize@KUiLiveSkill@@QAEXXZ 0041aed0 f   UiSkills.obj
 0001:00019f10       ?LoadScheme@KUiLiveSkill@@QAEXPBD@Z 0041af10 f   UiSkills.obj
 0001:0001a090       ?WndProc@KUiLiveSkill@@EAEHIIH@Z 0041b090 f   UiSkills.obj
 0001:0001a0f0       ?PaintWindow@KUiLiveSkill@@EAEXXZ 0041b0f0 f   UiSkills.obj
 0001:0001a230       ?UpdateBaseData@KUiLiveSkill@@QAEXXZ 0041b230 f   UiSkills.obj
 0001:0001a270       ?UpdateSkill@KUiLiveSkill@@QAEXPAUKUiSkillData@@H@Z 0041b270 f   UiSkills.obj
 0001:0001a2b0       ?UpdateData@KUiLiveSkill@@UAEXXZ 0041b2b0 f   UiSkills.obj
 0001:0001a310       ?OpenWindow@KUiSkills@@SAPAV1@XZ 0041b310 f   UiSkills.obj
 0001:0001a4c0       ??_GKUiSkills@@EAEPAXI@Z   0041b4c0 f i UiSkills.obj
 0001:0001a4c0       ??_EKUiSkills@@EAEPAXI@Z   0041b4c0 f i UiSkills.obj
 0001:0001a4e0       ??1KUiSkills@@EAE@XZ       0041b4e0 f i UiSkills.obj
 0001:0001a620       ??1KUiFightSkill@@UAE@XZ   0041b620 f i UiSkills.obj
 0001:0001a6d0       ??_GKUiFightSkill@@UAEPAXI@Z 0041b6d0 f i UiSkills.obj
 0001:0001a6d0       ??_EKUiFightSkill@@UAEPAXI@Z 0041b6d0 f i UiSkills.obj
 0001:0001a6f0       ??_EKUiFightSkillSub@@UAEPAXI@Z 0041b6f0 f i UiSkills.obj
 0001:0001a6f0       ??_GKUiFightSkillSub@@UAEPAXI@Z 0041b6f0 f i UiSkills.obj
 0001:0001a710       ??1KUiFightSkillSub@@UAE@XZ 0041b710 f i UiSkills.obj
 0001:0001a790       ?GetIfVisible@KUiSkills@@SAPAV1@XZ 0041b790 f   UiSkills.obj
 0001:0001a7b0       ?CloseWindow@KUiSkills@@SAX_N@Z 0041b7b0 f   UiSkills.obj
 0001:0001a7e0       ?Initialize@KUiSkills@@AAEXXZ 0041b7e0 f   UiSkills.obj
 0001:0001a870       ?LoadScheme@KUiSkills@@SAXPBD@Z 0041b870 f   UiSkills.obj
 0001:0001a9a0       ?UpdateSkill@KUiSkills@@SAXPAUKUiSkillData@@H@Z 0041b9a0 f   UiSkills.obj
 0001:0001aab0       ?UpdateFightRemainPoint@KUiSkills@@QAEXH@Z 0041bab0 f   UiSkills.obj
 0001:0001aad0       ?UpdateLiveBaseData@KUiSkills@@QAEXXZ 0041bad0 f   UiSkills.obj
 0001:0001aae0       ?WndProc@KUiSkills@@EAEHIIH@Z 0041bae0 f   UiSkills.obj
 0001:0001ab20       ??0KUiSkillTree@@AAE@XZ    0041bb20 f   UiSkillTree.obj
 0001:0001ab50       ??_GKUiSkillTree@@EAEPAXI@Z 0041bb50 f i UiSkillTree.obj
 0001:0001ab50       ??_EKUiSkillTree@@EAEPAXI@Z 0041bb50 f i UiSkillTree.obj
 0001:0001ab70       ??1KUiSkillTree@@EAE@XZ    0041bb70 f i UiSkillTree.obj
 0001:0001ab80       ?GetIfVisible@KUiSkillTree@@SAPAV1@XZ 0041bb80 f   UiSkillTree.obj
 0001:0001aba0       ?OpenWindow@KUiSkillTree@@SAPAV1@H@Z 0041bba0 f   UiSkillTree.obj
 0001:0001ac70       ?CloseWindow@KUiSkillTree@@SAX_N@Z 0041bc70 f   UiSkillTree.obj
 0001:0001aca0       ?Hide@KUiSkillTree@@EAEXXZ 0041bca0 f   UiSkillTree.obj
 0001:0001acc0       ?LoadConfig@KUiSkillTree@@SAXPAVKIniFile@@@Z 0041bcc0 f   UiSkillTree.obj
 0001:0001aea0       ?SaveConfig@KUiSkillTree@@SAXPAVKIniFile@@@Z 0041bea0 f   UiSkillTree.obj
 0001:0001afa0       ?Initialize@KUiSkillTree@@AAEXXZ 0041bfa0 f   UiSkillTree.obj
 0001:0001afe0       ?UpdateWndRect@KUiSkillTree@@AAEXXZ 0041bfe0 f   UiSkillTree.obj
 0001:0001b070       ?UpdateData@KUiSkillTree@@EAEXXZ 0041c070 f   UiSkillTree.obj
 0001:0001b100       ?PtInWindow@KUiSkillTree@@EAEHHH@Z 0041c100 f   UiSkillTree.obj
 0001:0001b140       ?GetSkillAtPos@KUiSkillTree@@AAEHHH@Z 0041c140 f   UiSkillTree.obj
 0001:0001b1c0       ?LoadScheme@KUiSkillTree@@SAXPBD@Z 0041c1c0 f   UiSkillTree.obj
 0001:0001b370       ?WndProc@KUiSkillTree@@EAEHIIH@Z 0041c370 f   UiSkillTree.obj
 0001:0001b4c0       ?HandleShortcutKey@KUiSkillTree@@SAXH@Z 0041c4c0 f   UiSkillTree.obj
 0001:0001b5e0       ?DirectHandleShortcutKey@KUiSkillTree@@SAXH@Z 0041c5e0 f   UiSkillTree.obj
 0001:0001b6f0       ?PaintWindow@KUiSkillTree@@EAEXXZ 0041c6f0 f   UiSkillTree.obj
 0001:0001b8c0       ?GetIfVisible@KUiStoreBox@@SAPAV1@XZ 0041c8c0 f   UiStoreBox.obj
 0001:0001b8e0       ?OpenWindow@KUiStoreBox@@SAPAV1@XZ 0041c8e0 f   UiStoreBox.obj
 0001:0001ba00       ??_EKUiStoreBox@@EAEPAXI@Z 0041ca00 f i UiStoreBox.obj
 0001:0001ba00       ??_GKUiStoreBox@@EAEPAXI@Z 0041ca00 f i UiStoreBox.obj
 0001:0001ba20       ??1KUiStoreBox@@EAE@XZ     0041ca20 f i UiStoreBox.obj
 0001:0001bab0       ?CloseWindow@KUiStoreBox@@SAXXZ 0041cab0 f   UiStoreBox.obj
 0001:0001bae0       ?Initialize@KUiStoreBox@@AAEXXZ 0041cae0 f   UiStoreBox.obj
 0001:0001bb70       ?UpdateData@KUiStoreBox@@EAEXXZ 0041cb70 f   UiStoreBox.obj
 0001:0001bc00       ?UpdateItem@KUiStoreBox@@QAEXPAUKUiObjAtRegion@@H@Z 0041cc00 f   UiStoreBox.obj
 0001:0001bcc0       ?LoadScheme@KUiStoreBox@@SAXPBD@Z 0041ccc0 f   UiStoreBox.obj
 0001:0001be00       ?WndProc@KUiStoreBox@@EAEHIIH@Z 0041ce00 f   UiStoreBox.obj
 0001:0001bea0       ?OnGetMoney@KUiStoreBox@@AAEXH@Z 0041cea0 f   UiStoreBox.obj
 0001:0001bec0       ?OnItemPickDrop@KUiStoreBox@@AAEXPAUITEM_PICKDROP_PLACE@@0@Z 0041cec0 f   UiStoreBox.obj
 0001:0001bfa0       ?OpenWindow@KUiESCDlg@@SAPAV1@XZ 0041cfa0 f   UiESCDlg.obj
 0001:0001c090       ??_GKUiESCDlg@@EAEPAXI@Z   0041d090 f i UiESCDlg.obj
 0001:0001c090       ??_EKUiESCDlg@@EAEPAXI@Z   0041d090 f i UiESCDlg.obj
 0001:0001c0b0       ??1KUiESCDlg@@EAE@XZ       0041d0b0 f   UiESCDlg.obj
 0001:0001c140       ?CloseWindow@KUiESCDlg@@SAX_N@Z 0041d140 f   UiESCDlg.obj
 0001:0001c170       ?GetIfVisible@KUiESCDlg@@SAPAV1@XZ 0041d170 f   UiESCDlg.obj
 0001:0001c190       ?Show@KUiESCDlg@@EAEXXZ    0041d190 f   UiESCDlg.obj
 0001:0001c1b0       ?Hide@KUiESCDlg@@EAEXXZ    0041d1b0 f   UiESCDlg.obj
 0001:0001c1d0       ?Initialize@KUiESCDlg@@AAEHXZ 0041d1d0 f   UiESCDlg.obj
 0001:0001c250       ?LoadScheme@KUiESCDlg@@AAEXPBD@Z 0041d250 f   UiESCDlg.obj
 0001:0001c360       ?WndProc@KUiESCDlg@@EAEHIIH@Z 0041d360 f   UiESCDlg.obj
 0001:0001c3b0       ?OnKeyDown@KUiESCDlg@@AAEHI@Z 0041d3b0 f   UiESCDlg.obj
 0001:0001c500       ?OnClickButton@KUiESCDlg@@AAEXPAVKWndWindow@@@Z 0041d500 f   UiESCDlg.obj
 0001:0001c590       ?GetActiveBtn@KUiESCDlg@@AAEPAVKWndButton@@XZ 0041d590 f   UiESCDlg.obj
 0001:0001c600       ??0KUiGetString@@AAE@XZ    0041d600 f   UiGetString.obj
 0001:0001c690       ??_EKUiGetString@@EAEPAXI@Z 0041d690 f i UiGetString.obj
 0001:0001c690       ??_GKUiGetString@@EAEPAXI@Z 0041d690 f i UiGetString.obj
 0001:0001c6b0       ??1KUiGetString@@EAE@XZ    0041d6b0 f i UiGetString.obj
 0001:0001c740       ?OpenWindow@KUiGetString@@SAPAV1@PBD0PAVKWndWindow@@IHH@Z 0041d740 f   UiGetString.obj
 0001:0001c890       ?CloseWindow@KUiGetString@@SAX_N@Z 0041d890 f   UiGetString.obj
 0001:0001c8d0       ?GetIfVisible@KUiGetString@@SAPAV1@XZ 0041d8d0 f   UiGetString.obj
 0001:0001c8f0       ?Show@KUiGetString@@EAEXXZ 0041d8f0 f   UiGetString.obj
 0001:0001c950       ?Hide@KUiGetString@@EAEXXZ 0041d950 f   UiGetString.obj
 0001:0001c970       ?Initialize@KUiGetString@@AAEXXZ 0041d970 f   UiGetString.obj
 0001:0001c9e0       ?LoadScheme@KUiGetString@@SAXPBD@Z 0041d9e0 f   UiGetString.obj
 0001:0001cb10       ?WndProc@KUiGetString@@EAEHIIH@Z 0041db10 f   UiGetString.obj
 0001:0001cbb0       ?OnOk@KUiGetString@@AAEXXZ 0041dbb0 f   UiGetString.obj
 0001:0001cc40       ?OnCancel@KUiGetString@@AAEXXZ 0041dc40 f   UiGetString.obj
 0001:0001cc70       ?OpenWindow@KUiMsgSel@@SAPAV1@PAUKUiQuestionAndAnswer@@@Z 0041dc70 f   UiMsgSel.obj
 0001:0001cd40       ??_GKUiMsgSel@@EAEPAXI@Z   0041dd40 f i UiMsgSel.obj
 0001:0001cd40       ??_EKUiMsgSel@@EAEPAXI@Z   0041dd40 f i UiMsgSel.obj
 0001:0001cd60       ??1KUiMsgSel@@EAE@XZ       0041dd60 f i UiMsgSel.obj
 0001:0001ce10       ?CloseWindow@KUiMsgSel@@SAX_N@Z 0041de10 f   UiMsgSel.obj
 0001:0001ce60       ?Initialize@KUiMsgSel@@AAEHXZ 0041de60 f   UiMsgSel.obj
 0001:0001ced0       ?LoadScheme@KUiMsgSel@@SAXPBD@Z 0041ded0 f   UiMsgSel.obj
 0001:0001cfc0       ?WndProc@KUiMsgSel@@EAEHIIH@Z 0041dfc0 f   UiMsgSel.obj
 0001:0001d1c0       ?OnClickMsg@KUiMsgSel@@AAEXH@Z 0041e1c0 f   UiMsgSel.obj
 0001:0001d1f0       ?ChangeCurSel@KUiMsgSel@@AAEX_N@Z 0041e1f0 f   UiMsgSel.obj
 0001:0001d230       ?Show@KUiMsgSel@@AAEXPAUKUiQuestionAndAnswer@@@Z 0041e230 f   UiMsgSel.obj
 0001:0001d310       ?Breathe@KUiMsgSel@@EAEXXZ 0041e310 f   UiMsgSel.obj
 0001:0001d380       ?GetIfVisible@KUiParadeItem@@SAPAV1@XZ 0041e380 f   UiParadeItem.obj
 0001:0001d3a0       ?OpenWindow@KUiParadeItem@@SAPAV1@PAUKUiPlayerItem@@@Z 0041e3a0 f   UiParadeItem.obj
 0001:0001d500       ??_EKUiParadeItem@@EAEPAXI@Z 0041e500 f i UiParadeItem.obj
 0001:0001d500       ??_GKUiParadeItem@@EAEPAXI@Z 0041e500 f i UiParadeItem.obj
 0001:0001d520       ??1KUiParadeItem@@EAE@XZ   0041e520 f i UiParadeItem.obj
 0001:0001d5c0       ?CloseWindow@KUiParadeItem@@SAX_N@Z 0041e5c0 f   UiParadeItem.obj
 0001:0001d600       ?Initialize@KUiParadeItem@@AAEXXZ 0041e600 f   UiParadeItem.obj
 0001:0001d670       ?LoadScheme@KUiParadeItem@@SAXPBD@Z 0041e670 f   UiParadeItem.obj
 0001:0001d720       ?LoadScheme@KUiParadeItem@@AAEXPAVKIniFile@@@Z 0041e720 f   UiParadeItem.obj
 0001:0001d7f0       ?WndProc@KUiParadeItem@@EAEHIIH@Z 0041e7f0 f   UiParadeItem.obj
 0001:0001d830       ?UpdateBaseData@KUiParadeItem@@AAEXPAUKUiPlayerItem@@@Z 0041e830 f   UiParadeItem.obj
 0001:0001d890       ?UpdateData@KUiParadeItem@@QAEXPAUKUiPlayerItem@@@Z 0041e890 f   UiParadeItem.obj
 0001:0001d8c0       ?UpdateAllEquips@KUiParadeItem@@AAEXPAUKUiPlayerItem@@@Z 0041e8c0 f   UiParadeItem.obj
 0001:0001d930       ?UpdateEquip@KUiParadeItem@@AAEXPAUKUiObjAtRegion@@H@Z 0041e930 f   UiParadeItem.obj
 0001:0001d9a0       ?OpenWindow@KUiSelPlayerNearby@@SAPAV1@XZ 0041e9a0 f   UiSelPlayerNearby.obj
 0001:0001da50       ??0KUiSelPlayerNearby@@AAE@XZ 0041ea50 f   UiSelPlayerNearby.obj
 0001:0001db20       ??_EKUiSelPlayerNearby@@EAEPAXI@Z 0041eb20 f i UiSelPlayerNearby.obj
 0001:0001db20       ??_GKUiSelPlayerNearby@@EAEPAXI@Z 0041eb20 f i UiSelPlayerNearby.obj
 0001:0001db40       ??1KUiSelPlayerNearby@@EAE@XZ 0041eb40 f i UiSelPlayerNearby.obj
 0001:0001dc10       ?DoesHaveVisibleWnd@KUiSelPlayerNearby@@SAHXZ 0041ec10 f   UiSelPlayerNearby.obj
 0001:0001dc30       ?Initialize@KUiSelPlayerNearby@@AAEXXZ 0041ec30 f   UiSelPlayerNearby.obj
 0001:0001dd50       ?LoadActionList@KUiSelPlayerNearby@@AAEXPAVKIniFile@@@Z 0041ed50 f   UiSelPlayerNearby.obj
 0001:0001dea0       ?CloseWindow@KUiSelPlayerNearby@@SAX_N@Z 0041eea0 f   UiSelPlayerNearby.obj
 0001:0001dee0       ?LoadScheme@KUiSelPlayerNearby@@SAXPBD@Z 0041eee0 f   UiSelPlayerNearby.obj
 0001:0001df90       ?LoadScheme@KUiSelPlayerNearby@@AAEXPAVKIniFile@@@Z 0041ef90 f   UiSelPlayerNearby.obj
 0001:0001e070       ?WndProc@KUiSelPlayerNearby@@EAEHIIH@Z 0041f070 f   UiSelPlayerNearby.obj
 0001:0001e1d0       ?OnClickXButton@KUiSelPlayerNearby@@AAEXH@Z 0041f1d0 f   UiSelPlayerNearby.obj
 0001:0001e300       ?UpdateData@KUiSelPlayerNearby@@EAEXXZ 0041f300 f   UiSelPlayerNearby.obj
 0001:0001e370       ?Clear@KUiSelPlayerNearby@@AAEXXZ 0041f370 f   UiSelPlayerNearby.obj
 0001:0001e3c0       ?PROP_GetTitleString@@YAPBDW4OBJ_ATTRIBYTE_TYPE@@@Z 0041f3c0 f   UiNewPlayer.obj
 0001:0001e3d0       ??0KUiNewPlayer@@AAE@XZ    0041f3d0 f   UiNewPlayer.obj
 0001:0001e530       ??_GKUiNewPlayer@@EAEPAXI@Z 0041f530 f i UiNewPlayer.obj
 0001:0001e530       ??_EKUiNewPlayer@@EAEPAXI@Z 0041f530 f i UiNewPlayer.obj
 0001:0001e550       ?OpenWindow@KUiNewPlayer@@SAPAV1@H@Z 0041f550 f   UiNewPlayer.obj
 0001:0001e610       ??1KUiNewPlayer@@EAE@XZ    0041f610 f   UiNewPlayer.obj
 0001:0001e720       ?CloseWindow@KUiNewPlayer@@SAX_N@Z 0041f720 f   UiNewPlayer.obj
 0001:0001e760       ?Initialize@KUiNewPlayer@@AAEXXZ 0041f760 f   UiNewPlayer.obj
 0001:0001e970       ?SelGender@KUiNewPlayer@@AAEXXZ 0041f970 f   UiNewPlayer.obj
 0001:0001eab0       ?LoadScheme@KUiNewPlayer@@AAEXPBD@Z 0041fab0 f   UiNewPlayer.obj
 0001:0001ecd0       ?WndProc@KUiNewPlayer@@EAEHIIH@Z 0041fcd0 f   UiNewPlayer.obj
 0001:0001ed40       ?OnClickButton@KUiNewPlayer@@AAEXPAVKWndWindow@@@Z 0041fd40 f   UiNewPlayer.obj
 0001:0001ee00       ?UpdateProperty@KUiNewPlayer@@AAEXXZ 0041fe00 f   UiNewPlayer.obj
 0001:0001ef00       ?OnOk@KUiNewPlayer@@AAEXXZ 0041ff00 f   UiNewPlayer.obj
 0001:0001ef40       ?OnCancel@KUiNewPlayer@@AAEXXZ 0041ff40 f   UiNewPlayer.obj
 0001:0001ef60       ?GetInputInfo@KUiNewPlayer@@AAEHXZ 0041ff60 f   UiNewPlayer.obj
 0001:0001f020       ?Breathe@KUiNewPlayer@@EAEXXZ 00420020 f   UiNewPlayer.obj
 0001:0001f0c0       ??0KUiSelNativePlace@@AAE@XZ 004200c0 f   UiSelNativePlace.obj
 0001:0001f160       ??_GKUiSelNativePlace@@EAEPAXI@Z 00420160 f i UiSelNativePlace.obj
 0001:0001f160       ??_EKUiSelNativePlace@@EAEPAXI@Z 00420160 f i UiSelNativePlace.obj
 0001:0001f180       ??1KUiSelNativePlace@@EAE@XZ 00420180 f   UiSelNativePlace.obj
 0001:0001f250       ?OpenWindow@KUiSelNativePlace@@SAPAV1@H@Z 00420250 f   UiSelNativePlace.obj
 0001:0001f310       ?CloseWindow@KUiSelNativePlace@@SAX_N@Z 00420310 f   UiSelNativePlace.obj
 0001:0001f340       ?Initialize@KUiSelNativePlace@@AAEXXZ 00420340 f   UiSelNativePlace.obj
 0001:0001f3c0       ?LoadList@KUiSelNativePlace@@AAEXH@Z 004203c0 f   UiSelNativePlace.obj
 0001:0001f6f0       ?LoadScheme@KUiSelNativePlace@@AAEXPBD@Z 004206f0 f   UiSelNativePlace.obj
 0001:0001f840       ?WndProc@KUiSelNativePlace@@EAEHIIH@Z 00420840 f   UiSelNativePlace.obj
 0001:0001f9a0       ?OnOk@KUiSelNativePlace@@AAEXXZ 004209a0 f   UiSelNativePlace.obj
 0001:0001f9e0       ?OnCancel@KUiSelNativePlace@@AAEXXZ 004209e0 f   UiSelNativePlace.obj
 0001:0001f9f0       ?UpdateData@KUiSelNativePlace@@EAEXXZ 004209f0 f   UiSelNativePlace.obj
 0001:0001fa70       ??0KUiSelPlayer@@AAE@XZ    00420a70 f   UiSelPlayer.obj
 0001:0001fbd0       ??_EKUiSelPlayer@@EAEPAXI@Z 00420bd0 f i UiSelPlayer.obj
 0001:0001fbd0       ??_GKUiSelPlayer@@EAEPAXI@Z 00420bd0 f i UiSelPlayer.obj
 0001:0001fbf0       ??1KUiSelPlayer@@EAE@XZ    00420bf0 f i UiSelPlayer.obj
 0001:0001fd10       ?OpenWindow@KUiSelPlayer@@SAPAV1@XZ 00420d10 f   UiSelPlayer.obj
 0001:0001fdd0       ?CloseWindow@KUiSelPlayer@@SAXXZ 00420dd0 f   UiSelPlayer.obj
 0001:0001fe00       ?Hide@KUiSelPlayer@@EAEXXZ 00420e00 f   UiSelPlayer.obj
 0001:0001fe20       ?Initialize@KUiSelPlayer@@AAEXXZ 00420e20 f   UiSelPlayer.obj
 0001:0001feb0       ?LoadScheme@KUiSelPlayer@@AAEXPBD@Z 00420eb0 f   UiSelPlayer.obj
 0001:00020220       ?PaintWindow@KUiSelPlayer@@EAEXXZ 00421220 f   UiSelPlayer.obj
 0001:00020310       ?UpdateData@KUiSelPlayer@@EAEXXZ 00421310 f   UiSelPlayer.obj
[...]
 0003:00006558       ?m_pSelf@KUiStoreBox@@0PAV1@A 0046d558     UiStoreBox.obj
 0003:0000655c       ?m_pSelf@KUiESCDlg@@0PAV1@A 0046d55c     UiESCDlg.obj
 0003:00006560       ?m_pSelf@KUiGetString@@0PAV1@A 0046d560     UiGetString.obj
 0003:00006564       ?m_pSelf@KUiMsgSel@@0PAV1@A 0046d564     UiMsgSel.obj
 0003:00006568       ?m_pSelf@KUiParadeItem@@0PAV1@A 0046d568     UiParadeItem.obj
 0003:0000656c       ?m_pSelf@KUiSelPlayerNearby@@0PAV1@A 0046d56c     UiSelPlayerNearby.obj
 0003:00006570       ?m_pSelf@KUiNewPlayer@@0PAV1@A 0046d570     UiNewPlayer.obj
 0003:00006574       ?m_pSelf@KUiSelNativePlace@@0PAV1@A 0046d574     UiSelNativePlace.obj
 0003:00006578       ?m_pSelf@KUiSelPlayer@@0PAV1@A 0046d578     UiSelPlayer.obj
 0003:00006580       ?ms_SNotify@KUiChatCentre@@0UServerNotify@@A 0046d580     UiChatCentre.obj
 0003:00006588       ?m_pSelf@KUiChatCentre@@0PAV1@A 0046d588     UiChatCentre.obj
 0003:00006590       ?_Nil@?$_Tree@V?$basic_string@DU?$char_traits@D@std@@V?$allocator@D@2@@std@@U?$pair@$$CBV?$basic_string@DU?$char_traits@D@std@@V?$allocator@D@2@@std@@V12@@2@U_Kfn@?$map@V?$basic_string@DU?$char_traits@D@std@@V?$allocator@D@2@@std@@V12@U?$less@V?$basic_string@DU?$char_traits@D@std@@V?$allocator@D@2@@std@@@2@V?$allocator@V?$basic_string@DU?$char_traits@D@std@@V?$allocator@D@2@@std@@@2@@2@U?$less@V?$basic_string@DU?$char_traits@D@std@@V?$allocator@D@2@@std@@@2@V?$allocator@V?$basic_string@DU?$char_traits@D@std@@V?$allocator@D@2@@std@@@2@@std@@1PAU_Node@12@A 0046d590     UiChatCentre.obj
 0003:00006594       ?_Nilrefs@?$_Tree@V?$basic_string@DU?$char_traits@D@std@@V?$allocator@D@2@@std@@U?$pair@$$CBV?$basic_string@DU?$char_traits@D@std@@V?$allocator@D@2@@std@@V12@@2@U_Kfn@?$map@V?$basic_string@DU?$char_traits@D@std@@V?$allocator@D@2@@std@@V12@U?$less@V?$basic_string@DU?$char_traits@D@std@@V?$allocator@D@2@@std@@@2@V?$allocator@V?$basic_string@DU?$char_traits@D@std@@V?$allocator@D@2@@std@@@2@@2@U?$less@V?$basic_string@DU?$char_traits@D@std@@V?$allocator@D@2@@std@@@2@V?$allocator@V?$basic_string@DU?$char_traits@D@std@@V?$allocator@D@2@@std@@@2@@std@@1IA 0046d594     UiChatCentre.obj
 0003:00006598       ?_Nil@?$_Tree@V?$basic_string@DU?$char_traits@D@std@@V?$allocator@D@2@@std@@U?$pair@$$CBV?$basic_string@DU?$char_traits@D@std@@V?$allocator@D@2@@std@@E@2@U_Kfn@?$map@V?$basic_string@DU?$char_traits@D@std@@V?$allocator@D@2@@std@@EU?$less@V?$basic_string@DU?$char_traits@D@std@@V?$allocator@D@2@@std@@@2@V?$allocator@E@2@@2@U?$less@V?$basic_string@DU?$char_traits@D@std@@V?$allocator@D@2@@std@@@2@V?$allocator@E@2@@std@@1PAU_Node@12@A 0046d598     UiChatCentre.obj
 0003:0000659c       ?_Nilrefs@?$_Tree@V?$basic_string@DU?$char_traits@D@std@@V?$allocator@D@2@@std@@U?$pair@$$CBV?$basic_string@DU?$char_traits@D@std@@V?$allocator@D@2@@std@@E@2@U_Kfn@?$map@V?$basic_string@DU?$char_traits@D@std@@V?$allocator@D@2@@std@@EU?$less@V?$basic_string@DU?$char_traits@D@std@@V?$allocator@D@2@@std@@@2@V?$allocator@E@2@@2@U?$less@V?$basic_string@DU?$char_traits@D@std@@V?$allocator@D@2@@std@@@2@V?$allocator@E@2@@std@@1IA 0046d59c     UiChatCentre.obj
 0003:000065a0       ?g_UiChatPhrase@@3VKUiChatPhrase@@A 0046d5a0     UiChatPhrase.obj
 0003:00006860       ?m_pSelf@KUiChatStatus@@0PAV1@A 0046d860     UiChatStatus.obj
 0003:00006868       ?g_UiInformation@@3VKUiInformation@@A 0046d868     UiInformation.obj
 0003:00006c38       ?g_UiInformation2@@3VKUiInformation2@@A 0046dc38     UiInformation2.obj
 0003:00006f68       ?m_pSelf@KUiTeamManage@@0PAV1@A 0046df68     UiTeamManage.obj
 0003:00006f6c       ?m_pSelf@KUiHeaderControlBar@@0PAV1@A 0046df6c     UiHeaderControlBar.obj
 0003:00006f78       ?m_pSelf@KUiMsgCentrePad@@0PAV1@A 0046df78     UiMsgCentrePad.obj
 0003:00006f7c       ?ms_DefaultWidth@KUiMsgCentrePad@@0HA 0046df7c     UiMsgCentrePad.obj
 0003:00006f80       ?ms_DefaultHeight@KUiMsgCentrePad@@0HA 0046df80     UiMsgCentrePad.obj
 0003:00006f84       ?m_pSelf@KUiToolsControlBar@@0PAV1@A 0046df84     UiToolsControlBar.obj
 0003:00006f88       ?m_pSelf@KUiShop@@0PAV1@A  0046df88     UiShop.obj
 0003:00006f8c       ?m_pSelf@KUiTrade@@0PAV1@A 0046df8c     UiTrade.obj
 0003:00006f90       ?m_pSelf@KUiTradeConfirm@@0PAV1@A 0046df90     UiTradeConfirmWnd.obj
 0003:00006f98       ?g_WndGameSpace@@3VKUiGameSpace@@A 0046df98     UiGame.obj
 0003:00007000       ?m_pSelf@KUiSysMsgCentre@@0PAV1@A 0046e000     UiSysMsgCentre.obj
 0003:00007004       ?ms_pSelf@KUiMiniMap@@0PAV1@A 0046e004     UiMiniMap.obj
 0003:0000700c       ?m_MenuData@KUiSelColor@@0PAEA 0046e00c     UiSelColor.obj
 0003:000073cc       ?m_pSelf@KUiNewPlayerStartMsg@@0PAV1@A 0046e3cc     UiNewPlayerStartMsg.obj
 0003:000073d0       ?m_pSelf@KUiPlayVideo@@0PAV1@A 0046e3d0     UiPlayVideo.obj
 0003:000073d4       ?m_pSelf@KUiHelper@@0PAV1@A 0046e3d4     UiHelper.obj
 0003:000073d8       ?ms_nImgFrame@KUiHelper@@0HA 0046e3d8     UiHelper.obj
 0003:000073dc       ?m_pSelf@KUiHelper2@@0PAV1@A 0046e3dc     UiHelper2.obj
 0003:000073e0       ?m_pSelf@KReconnectWnd@@0PAV1@A 0046e3e0     UiReconnect.obj
 0003:000073e4       ?ms_pPersonalRecord@KTaskDataFile@@0PAUKPersonalRecord@1@A 0046e3e4     UiTaskDataFile.obj
 0003:000073e8       ?ms_pSystemRecordList@KTaskDataFile@@0PAUKTaskSystemRecordNode@1@A 0046e3e8     UiTaskDataFile.obj
 0003:000073ec       ?ms_nSystemRecordCount@KTaskDataFile@@0HA 0046e3ec     UiTaskDataFile.obj
 0003:000073f0       ?m_pSelf@KUiTaskNote@@0PAV1@A 0046e3f0     UiTaskNote.obj
 0003:000073f4       ?m_pSelf@KUiWorldmap@@0PAV1@A 0046e3f4     UiWorldMap.obj
 0003:000073f8       ?m_pSelf@KUiNewsMessage@@0PAV1@A 0046e3f8     UiNewsMessage.obj
 0003:000073fc       ?ms_bEnableIdleMsg@KUiNewsMessage@@0HA 0046e3fc     UiNewsMessage.obj
 0003:00007408       ?m_IndexIDIni@KUiStrengthRank@@0VKIniFile@@A 0046e408     UiStrengthRank.obj
 0003:00007460       ?m_RankData@KUiStrengthRank@@0V?$KLinkStruct@UKRankNode@@@@A 0046e460     UiStrengthRank.obj
 0003:00007480       ?m_IndexData@KUiStrengthRank@@0V?$KLinkStruct@UKRankIndexNode@@@@A 0046e480     UiStrengthRank.obj
 0003:0000749c       ?m_pSelf@KUiStrengthRank@@0PAV1@A 0046e49c     UiStrengthRank.obj
 0003:000074a0       ?m_bIsIndexDataChange@KUiStrengthRank@@0HA 0046e4a0     UiStrengthRank.obj
 0003:000074a4       ?m_bIsRankDataChange@KUiStrengthRank@@0HA 0046e4a4     UiStrengthRank.obj
 0003:000074a8       ?ms_pSelf@KUiPopupPasswordQuery@@0PAV1@A 0046e4a8     UiPopupPasswordQuery.obj
 0003:000074ac       ?ms_pSelf@KUiTongAssignBox@@0PAV1@A 0046e4ac     UiTongAssignBox.obj
 0003:000074b0       ?ms_pSelf@KUiTongCreateSheet@@0PAV1@A 0046e4b0     UiTongCreateSheet.obj
 0003:000074b4       ?m_pSelf@KUiTongGetString@@0PAV1@A 0046e4b4     UiTongGetString.obj
 0003:000074b8       ?m_TongData@KUiTongManager@@0UKTongInfo@@A 0046e4b8     UiTongManager.obj
 0003:00007500       ?ms_pSelf@KUiTongManager@@0PAV1@A 0046e500     UiTongManager.obj
 0003:00007504       ?m_nElderDataIndex@KUiTongManager@@0HA 0046e504     UiTongManager.obj
 0003:00007508       ?m_nMemberDataIndex@KUiTongManager@@0HA 0046e508     UiTongManager.obj
 0003:0000750c       ?m_nCaptainDataIndex@KUiTongManager@@0HA 0046e50c     UiTongManager.obj
 0003:00007510       ?ms_pSelf@KUiTrembleItem@@0PAV1@A 0046e510     UiTrembleItem.obj
 0003:000076f8       ?s_LNotify@@3UBlacklistNotify@@A 0046e6f8     GameSpaceChangedNotify.obj
 0003:00007700       ?g_BlackListUserNames@@3V?$map@V?$basic_string@DU?$char_traits@D@std@@V?$allocator@D@2@@std@@V12@U?$less@V?$basic_string@DU?$char_traits@D@std@@V?$allocator@D@2@@std@@@2@V?$allocator@V?$basic_string@DU?$char_traits@D@std@@V?$allocator@D@2@@std@@@2@@std@@A 0046e700     GameSpaceChangedNotify.obj
 0003:00007780       ?ms_FunsMap@KShortcutKeyCentre@@2V?$map@V?$basic_string@DU?$char_traits@D@std@@V?$allocator@D@2@@std@@UShortFuncInfo@@Ustring_iless@@V?$allocator@UShortFuncInfo@@@2@@std@@A 0046e780     ShortcutKey.obj
 0003:00007798       ?ms_Script@KShortcutKeyCentre@@0VKLuaScript@@A 0046e798     ShortcutKey.obj
 0003:0000780c       ?ms_pCommands@KShortcutKeyCentre@@0PAUCOMMAND_SETTING@@A 0046e80c     ShortcutKey.obj
 0003:00007810       ?ms_nCommands@KShortcutKeyCentre@@0HA 0046e810     ShortcutKey.obj
 0003:00007814       ?ms_Enable@KShortcutKeyCentre@@0_NA 0046e814     ShortcutKey.obj
 0003:00007815       ?ms_bMouse@KShortcutKeyCentre@@2_NA 0046e815     ShortcutKey.obj
 0003:00007818       ?ms_MouseX@KShortcutKeyCentre@@2HA 0046e818     ShortcutKey.obj
 0003:0000781c       ?ms_MouseY@KShortcutKeyCentre@@2HA 0046e81c     ShortcutKey.obj
 0003:00007820       ?_Nilrefs@?$_Tree@V?$basic_string@DU?$char_traits@D@std@@V?$allocator@D@2@@std@@U?$pair@$$CBV?$basic_string@DU?$char_traits@D@std@@V?$allocator@D@2@@std@@UShortFuncInfo@@@2@U_Kfn@?$map@V?$basic_string@DU?$char_traits@D@std@@V?$allocator@D@2@@std@@UShortFuncInfo@@Ustring_iless@@V?$allocator@UShortFuncInfo@@@2@@2@Ustring_iless@@V?$allocator@UShortFuncInfo@@@2@@std@@1IA 0046e820     ShortcutKey.obj
 0003:00007824       ?_Nilrefs@?$_Tree@V?$basic_string@DU?$char_traits@D@std@@V?$allocator@D@2@@std@@U?$pair@$$CBV?$basic_string@DU?$char_traits@D@std@@V?$allocator@D@2@@std@@U?$pair@KK@2@@2@U_Kfn@?$map@V?$basic_string@DU?$char_traits@D@std@@V?$allocator@D@2@@std@@U?$pair@KK@2@Ustring_iless@@V?$allocator@U?$pair@KK@std@@@2@@2@Ustring_iless@@V?$allocator@U?$pair@KK@std@@@2@@std@@1IA 0046e824     ShortcutKey.obj
 0003:00007828       ?_Nil@?$_Tree@V?$basic_string@DU?$char_traits@D@std@@V?$allocator@D@2@@std@@U?$pair@$$CBV?$basic_string@DU?$char_traits@D@std@@V?$allocator@D@2@@std@@U?$pair@KK@2@@2@U_Kfn@?$map@V?$basic_string@DU?$char_traits@D@std@@V?$allocator@D@2@@std@@U?$pair@KK@2@Ustring_iless@@V?$allocator@U?$pair@KK@std@@@2@@2@Ustring_iless@@V?$allocator@U?$pair@KK@std@@@2@@std@@1PAU_Node@12@A 0046e828     ShortcutKey.obj
 0003:00007830       ?s_ANotify@@3UAddinNotify@@A 0046e830     UiBase.obj
 0003:00007838       ?g_UiBase@@3VKUiBase@@A    0046e838     UiBase.obj
 0003:000078c0       ?g_nWindowNTFlag@@3HA      0046e8c0     UiBase.obj
 0003:000078c4       ?_Nilrefs@?$_Tree@V?$basic_string@DU?$char_traits@D@std@@V?$allocator@D@2@@std@@U?$pair@$$CBV?$basic_string@DU?$char_traits@D@std@@V?$allocator@D@2@@std@@PAX@2@U_Kfn@?$map@V?$basic_string@DU?$char_traits@D@std@@V?$allocator@D@2@@std@@PAXU?$less@V?$basic_string@DU?$char_traits@D@std@@V?$allocator@D@2@@std@@@2@V?$allocator@PAX@2@@2@U?$less@V?$basic_string@DU?$char_traits@D@std@@V?$allocator@D@2@@std@@@2@V?$allocator@PAX@2@@std@@1IA 0046e8c4     UiBase.obj
 0003:000078c8       ?_Nil@?$_Tree@V?$basic_string@DU?$char_traits@D@std@@V?$allocator@D@2@@std@@U?$pair@$$CBV?$basic_string@DU?$char_traits@D@std@@V?$allocator@D@2@@std@@PAX@2@U_Kfn@?$map@V?$basic_string@DU?$char_traits@D@std@@V?$allocator@D@2@@std@@PAXU?$less@V?$basic_string@DU?$char_traits@D@std@@V?$allocator@D@2@@std@@@2@V?$allocator@PAX@2@@2@U?$less@V?$basic_string@DU?$char_traits@D@std@@V?$allocator@D@2@@std@@@2@V?$allocator@PAX@2@@std@@1PAU_Node@12@A 0046e8c8     UiBase.obj
 0003:000078d0       ?g_bDisconnect@@3HA        0046e8d0     UiShell.obj
 0003:000078d8       ?g_ClientCallback@@3UKClientCallback@@A 0046e8d8     S3Client.obj
 0003:000078e0       ?g_ChatFilter@@3VCChatFilter@@A 0046e8e0     S3Client.obj
 0003:000078e8       ?g_libFilterText@@3VCFilterTextLib@@A 0046e8e8     S3Client.obj
 0003:000078f0       ?g_PakList@@3VKPakList@@A  0046e8f0     S3Client.obj
 0003:00007974       ?hInst@@3PAUHINSTANCE__@@A 0046e974     S3Client.obj
 0003:00007978       ?MyApp@@3VKMyApp@@A        0046e978     S3Client.obj
 0003:00007aa0       ?g_pRepresentShell@@3PAUiRepresentShell@@A 0046eaa0     S3Client.obj
 0003:00007aa4       ?g_pIInlinePicSink@@3PAUIInlinePicEngineSink@@A 0046eaa4     S3Client.obj
 0003:00007aa8       ?g_pCoreShell@@3PAUiCoreShell@@A 0046eaa8     S3Client.obj
 0003:00007aac       ?g_pMusic@@3PAVKMusic@@A   0046eaac     S3Client.obj
 0003:00007ab4       ?g_bRepresent3@@3HA        0046eab4     S3Client.obj
 0003:00007ac0       ?g_NetConnectAgent@@3VKNetConnectAgent@@A 0046eac0     NetConnectAgent.obj
 0003:00007ee8       ?g_LoginLogic@@3VKLogin@@A 0046eee8     Login.obj
 0003:0000803c       __dowildcard               0046f03c     MSVCRT:wildcard.obj
 0003:00008040       __newmode                  0046f040     MSVCRT:_newmode.obj
 0003:00008044       __commode                  0046f044     MSVCRT:xncommod.obj
 0003:00008048       __fmode                    0046f048     MSVCRT:xtxtmode.obj
 0003:0000804c       __adjust_fdiv              0046f04c     <common>
 0003:00008050       ___onexitend               0046f050     <common>
 0003:00008054       ___onexitbegin             0046f054     <common>

 entry point at        0001:00053ee4

 Static symbols

 0001:00051dc0       _$E52                      00452dc0 f   Login.obj
 0001:00051dd0       _$E49                      00452dd0 f   Login.obj
 0001:00051de0       _$E51                      00452de0 f   Login.obj
 0001:00051df0       _$E50                      00452df0 f   Login.obj
 0001:00051e90       _$E55                      00452e90 f   Login.obj
 0001:00051ea0       _$E54                      00452ea0 f   Login.obj
 0001:000515b0       _$E30                      004525b0 f   NetConnectAgent.obj
 0001:000515c0       _$E27                      004525c0 f   NetConnectAgent.obj
 0001:000515d0       _$E29                      004525d0 f   NetConnectAgent.obj
 0001:000515e0       _$E28                      004525e0 f   NetConnectAgent.obj
 0001:00050b60       _$E52                      00451b60 f   S3Client.obj
 0001:00050b70       _$E49                      00451b70 f   S3Client.obj
 0001:00050b80       _$E51                      00451b80 f   S3Client.obj
 0001:00050b90       _$E50                      00451b90 f   S3Client.obj
 0001:00050c20       _$E57                      00451c20 f   S3Client.obj
 0001:00050c30       _$E54                      00451c30 f   S3Client.obj
 0001:00050c40       _$E56                      00451c40 f   S3Client.obj
 0001:00050c50       _$E55                      00451c50 f   S3Client.obj
 0001:00050c60       _$E62                      00451c60 f   S3Client.obj
 0001:00050c70       _$E59                      00451c70 f   S3Client.obj
 0001:00050c80       _$E61                      00451c80 f   S3Client.obj
 0001:00050c90       _$E60                      00451c90 f   S3Client.obj
 0001:00050ca0       _$E67                      00451ca0 f   S3Client.obj
 0001:00050cb0       _$E64                      00451cb0 f   S3Client.obj
 0001:00050cc0       _$E66                      00451cc0 f   S3Client.obj
 0001:00050cd0       _$E65                      00451cd0 f   S3Client.obj
 0001:00050ce0       _$E70                      00451ce0 f   S3Client.obj
 0001:00050cf0       _$E69                      00451cf0 f   S3Client.obj
 0001:0004c430       _$E87                      0044d430 f   UiBase.obj
 0001:0004c440       _$E84                      0044d440 f   UiBase.obj
 0001:0004c450       _$E86                      0044d450 f   UiBase.obj
 0001:0004c460       _$E85                      0044d460 f   UiBase.obj
 0001:0004ce50       ?_KSG_GetWindowVersion@@YAHXZ 0044de50 f   UiBase.obj
 0001:0004e0b0       _$E90                      0044f0b0 f   UiBase.obj
 0001:0004e0c0       _$E89                      0044f0c0 f   UiBase.obj
 0001:000442b0       _$E118                     004452b0 f   ShortcutKey.obj
 0001:000442c0       _$E114                     004452c0 f   ShortcutKey.obj
 0001:000442d0       _$E117                     004452d0 f   ShortcutKey.obj
 0001:000442e0       _$E115                     004452e0 f   ShortcutKey.obj
 0001:00044300       _$E123                     00445300 f   ShortcutKey.obj
 0001:00044310       _$E120                     00445310 f   ShortcutKey.obj
 0001:00044330       _$E122                     00445330 f   ShortcutKey.obj
 0001:00044340       _$E121                     00445340 f   ShortcutKey.obj
 0001:00046860       _$E128                     00447860 f   ShortcutKey.obj
 0001:0004a260       _$E131                     0044b260 f   ShortcutKey.obj
 0001:00042900       _$E106                     00443900 f   GameSpaceChangedNotify.obj
 0001:00042910       _$E103                     00443910 f   GameSpaceChangedNotify.obj
 0001:00042930       _$E105                     00443930 f   GameSpaceChangedNotify.obj
 0001:00042940       _$E104                     00443940 f   GameSpaceChangedNotify.obj
 0001:00042950       _$E109                     00443950 f   GameSpaceChangedNotify.obj
 0001:00042960       _$E108                     00443960 f   GameSpaceChangedNotify.obj
 0001:00039d70       _$E40                      0043ad70 f   UiStrengthRank.obj
 0001:00039d80       _$E36                      0043ad80 f   UiStrengthRank.obj
 0001:00039db0       _$E39                      0043adb0 f   UiStrengthRank.obj
 0001:00039dc0       _$E37                      0043adc0 f   UiStrengthRank.obj
 0001:00039f00       _$E45                      0043af00 f   UiStrengthRank.obj
 0001:00039f10       _$E42                      0043af10 f   UiStrengthRank.obj
 0001:00039f40       _$E44                      0043af40 f   UiStrengthRank.obj
 0001:00039f50       _$E43                      0043af50 f   UiStrengthRank.obj
 0001:0003a090       _$E50                      0043b090 f   UiStrengthRank.obj
 0001:0003a0a0       _$E47                      0043b0a0 f   UiStrengthRank.obj
 0001:0003a0b0       _$E49                      0043b0b0 f   UiStrengthRank.obj
 0001:0003a0c0       _$E48                      0043b0c0 f   UiStrengthRank.obj
 0001:000323f0       _$E76                      004333f0 f   UiGame.obj
 0001:00032400       _$E73                      00433400 f   UiGame.obj
 0001:00032410       _$E75                      00433410 f   UiGame.obj
 0001:00032420       _$E74                      00433420 f   UiGame.obj
 0001:0002add0       _$E7                       0042bdd0 f   UiInformation2.obj
 0001:0002ade0       _$E4                       0042bde0 f   UiInformation2.obj
 0001:0002adf0       _$E6                       0042bdf0 f   UiInformation2.obj
 0001:0002ae00       _$E5                       0042be00 f   UiInformation2.obj
 0001:0002a890       _$E7                       0042b890 f   UiInformation.obj
 0001:0002a8a0       _$E4                       0042b8a0 f   UiInformation.obj
 0001:0002a8b0       _$E6                       0042b8b0 f   UiInformation.obj
 0001:0002a8c0       _$E5                       0042b8c0 f   UiInformation.obj
 0001:00028fb0       _$E37                      00429fb0 f   UiChatPhrase.obj
 0001:00028fc0       _$E34                      00429fc0 f   UiChatPhrase.obj
 0001:00028fd0       _$E36                      00429fd0 f   UiChatPhrase.obj
 0001:00028fe0       _$E35                      00429fe0 f   UiChatPhrase.obj
 0001:000212d0       _$E56                      004222d0 f   UiChatCentre.obj
 0001:000212e0       _$E55                      004222e0 f   UiChatCentre.obj
 0001:0000b7a0       _$E55                      0040c7a0 f   Wnds.obj
 0001:0000b7b0       _$E52                      0040c7b0 f   Wnds.obj
 0001:0000b8a0       _$E54                      0040c8a0 f   Wnds.obj
 0001:0000b8b0       _$E53                      0040c8b0 f   Wnds.obj
 0001:0000c020       ?Wnd_GetActive@@YAPAVKWndWindow@@HH_N@Z 0040d020 f   Wnds.obj
 0001:000048c0       _$E4                       004058c0 f   WndEdit.obj
 0001:000048d0       _$E1                       004058d0 f   WndEdit.obj
 0001:000048e0       _$E3                       004058e0 f   WndEdit.obj
 0001:000048f0       _$E2                       004058f0 f   WndEdit.obj
 0001:000001e0       _$E25                      004011e0 f   MouseHover.obj
 0001:000001f0       _$E24                      004011f0 f   MouseHover.obj
 0001:000000b0       _$E2                       004010b0 f   ComWindow.obj
 0001:000000c0       _$E1                       004010c0 f   ComWindow.obj
 0001:00053e04       ?ArrayUnwindFilter@@YAHPAU_EXCEPTION_POINTERS@@@Z 00454e04 f   MSVCRT:ehvecdtr.obj
