 Bishop

 Timestamp is 44703b01 (Sun May 21 18:03:45 2006)

 Preferred load address is 00400000

 Start         Length     Name                   Class
 0001:00000000 00039390H .text                   CODE
 0001:00039390 00002a4eH .text$x                 CODE
 0002:00000000 00000260H .idata$5                DATA
 0002:00000260 00001864H .rdata                  DATA
 0002:00001ac8 0000122cH .rdata$r                DATA
 0002:00002cf8 00004aa0H .xdata$x                DATA
 0002:00007798 000000a0H .idata$2                DATA
 0002:00007838 00000014H .idata$3                DATA
 0002:0000784c 00000260H .idata$4                DATA
 0002:00007aac 00000a2aH .idata$6                DATA
 0002:000084d6 00000000H .edata                  DATA
 0003:00000000 00000004H .CRT$XCA                DATA
 0003:00000004 00000104H .CRT$XCU                DATA
 0003:00000108 00000004H .CRT$XCZ                DATA
 0003:0000010c 00000004H .CRT$XIA                DATA
 0003:00000110 0000000cH .CRT$XIC                DATA
 0003:0000011c 00000004H .CRT$XIY                DATA
 0003:00000120 00000004H .CRT$XIZ                DATA
 0003:00000124 00000004H .CRT$XPA                DATA
 0003:00000128 00000004H .CRT$XPX                DATA
 0003:0000012c 00000004H .CRT$XPZ                DATA
 0003:00000130 00000004H .CRT$XTA                DATA
 0003:00000134 00000004H .CRT$XTB                DATA
 0003:00000138 00000004H .CRT$XTZ                DATA
 0003:00000140 00004adcH .data                   DATA
 0003:00004c20 00002210H .bss                    DATA
 0004:00000000 000001a8H .rsrc$01                DATA
 0004:000001b0 00001f90H .rsrc$02                DATA

  Address         Publics by Value              Rva+Base     Lib:Object

 0001:00000050       ??0CBishopApp@@QAE@XZ      00401050 f   Application.obj
 0001:00000070       ??_ECBishopApp@@UAEPAXI@Z  00401070 f i Application.obj
 0001:00000070       ??_GCBishopApp@@UAEPAXI@Z  00401070 f i Application.obj
 0001:00000090       ??0CBishopApp@@QAE@PAUHINSTANCE__@@@Z 00401090 f   Application.obj
 0001:000000c0       ??1CBishopApp@@UAE@XZ      004010c0 f   Application.obj
 0001:000000d0       ?Run@CBishopApp@@QAEHXZ    004010d0 f   Application.obj
 0001:00000170       ?LoginSystem@CBishopApp@@IAE_NXZ 00401170 f   Application.obj
 0001:000001a0       ?LoginDlgProc@CBishopApp@@KGHPAUHWND__@@IIJ@Z 004011a0 f   Application.obj
 0001:000003b0       ?EnterToAffirm@CBishopApp@@KAXPAUHWND__@@@Z 004013b0 f   Application.obj
 0001:00000420       ?LeaveToAffirm@CBishopApp@@KAXPAUHWND__@@@Z 00401420 f   Application.obj
 0001:00000480       ?CheckUserInfo@CBishopApp@@KA_NPAUHWND__@@@Z 00401480 f   Application.obj
 0001:00000580       ?ServerLoginRoutine@CBishopApp@@KGKPAUHWND__@@@Z 00401580 f   Application.obj
 0001:00000620       ?RegisterMainWndClass@CBishopApp@@IAEHXZ 00401620 f   Application.obj
 0001:000006d0       ?MainDialog@CBishopApp@@IAEIXZ 004016d0 f   Application.obj
 0001:00000780       ?MainWndProc@CBishopApp@@KGHPAUHWND__@@IIJ@Z 00401780 f   Application.obj
 0001:00000cb0       ?AddGameServerInfo@CBishopApp@@CAXPAUHWND__@@IPBD@Z 00401cb0 f   Application.obj
 0001:00000d10       ?DelGameServerInfo@CBishopApp@@CAXPAUHWND__@@I@Z 00401d10 f   Application.obj
 0001:00000d90       ?InitMainDlg@CBishopApp@@KAXPAUHWND__@@@Z 00401d90 f   Application.obj
 0001:00000e50       ?CloseMainDlg@CBishopApp@@KAXPAUHWND__@@@Z 00401e50 f   Application.obj
 0001:00000e70       ?UpdateVariable@CBishopApp@@KAXPAUHWND__@@@Z 00401e70 f   Application.obj
 0001:00000f50       ?EnableGameSvrCtrl@CBishopApp@@KAXPAUHWND__@@H@Z 00401f50 f   Application.obj
 0001:00000fd0       ?EnableCtrl@CBishopApp@@KAXPAUHWND__@@IH@Z 00401fd0 f   Application.obj
 0001:00001000       ?SendAnnounceText@CBishopApp@@KAXPAUHWND__@@PBDIIH@Z 00402000 f   Application.obj
 0001:000010d0       ?_Grow@?$basic_string@DU?$char_traits@D@std@@V?$allocator@D@2@@std@@AAE_NI_N@Z 004020d0 f i Application.obj
 0001:000011f0       ?_Copy@?$basic_string@DU?$char_traits@D@std@@V?$allocator@D@2@@std@@AAEXI@Z 004021f0 f i Application.obj
 0001:00001330       ?id@?$ctype@G@std@@$E      00402330 f i Application.obj
 0001:00001340       _WinMain@16                00402340 f   Bishop.obj
 0001:000013a0       ??0CEvent@Win32@OnlineGameLib@@QAE@PAU_SECURITY_ATTRIBUTES@@_N1@Z 004023a0 f   Event.obj
 0001:000014b0       ??1CWin32Exception@Win32@OnlineGameLib@@UAE@XZ 004024b0 f i Event.obj
 0001:00001530       ??_GCException@Win32@OnlineGameLib@@UAEPAXI@Z 00402530 f i Event.obj
 0001:00001530       ??_ECException@Win32@OnlineGameLib@@UAEPAXI@Z 00402530 f i Event.obj
 0001:00001550       ??1CException@Win32@OnlineGameLib@@UAE@XZ 00402550 f i Event.obj
 0001:000015d0       ??0CWin32Exception@Win32@OnlineGameLib@@QAE@ABV012@@Z 004025d0 f i Event.obj
 0001:00001710       ??0CException@Win32@OnlineGameLib@@QAE@ABV012@@Z 00402710 f i Event.obj
 0001:00001850       ??_GCWin32Exception@Win32@OnlineGameLib@@UAEPAXI@Z 00402850 f i Event.obj
 0001:00001850       ??_ECWin32Exception@Win32@OnlineGameLib@@UAEPAXI@Z 00402850 f i Event.obj
 0001:00001870       ??_ECEvent@Win32@OnlineGameLib@@UAEPAXI@Z 00402870 f i Event.obj
 0001:00001870       ??_GCEvent@Win32@OnlineGameLib@@UAEPAXI@Z 00402870 f i Event.obj
 0001:00001890       ??0CEvent@Win32@OnlineGameLib@@QAE@PAU_SECURITY_ATTRIBUTES@@_N1PBD@Z 00402890 f   Event.obj
 0001:000018c0       ??1CEvent@Win32@OnlineGameLib@@UAE@XZ 004028c0 f   Event.obj
 0001:000018e0       ?Wait@CEvent@Win32@OnlineGameLib@@QBEXXZ 004028e0 f   Event.obj
 0001:000019e0       ?Wait@CEvent@Win32@OnlineGameLib@@QBE_NK@Z 004029e0 f   Event.obj
 0001:00001ad0       ?Reset@CEvent@Win32@OnlineGameLib@@QAEXXZ 00402ad0 f   Event.obj
 0001:00001ba0       ?Set@CEvent@Win32@OnlineGameLib@@QAEXXZ 00402ba0 f   Event.obj
 0001:00001c70       ?Pulse@CEvent@Win32@OnlineGameLib@@QAEXXZ 00402c70 f   Event.obj
 0001:00001d40       ??1?$basic_string@DU?$char_traits@D@std@@V?$allocator@D@2@@std@@QAE@XZ 00402d40 f i Event.obj
 0001:00001d80       ?assign@?$basic_string@DU?$char_traits@D@std@@V?$allocator@D@2@@std@@QAEAAV12@ABV12@II@Z 00402d80 f i Event.obj
 0001:00001f80       ?_Tidy@?$basic_string@DU?$char_traits@D@std@@V?$allocator@D@2@@std@@AAEX_N@Z 00402f80 f i Event.obj
 0001:00001fd0       ?assign@?$basic_string@DU?$char_traits@D@std@@V?$allocator@D@2@@std@@QAEAAV12@PBDI@Z 00402fd0 f i Event.obj
 0001:00002070       ?erase@?$basic_string@DU?$char_traits@D@std@@V?$allocator@D@2@@std@@QAEAAV12@II@Z 00403070 f i Event.obj
 0001:00002190       ?_Eos@?$basic_string@DU?$char_traits@D@std@@V?$allocator@D@2@@std@@AAEXI@Z 00403190 f i Event.obj
 0001:000021b0       ?max_size@?$basic_string@DU?$char_traits@D@std@@V?$allocator@D@2@@std@@QBEIXZ 004031b0 f i Event.obj
 0001:000021c0       ?_Split@?$basic_string@DU?$char_traits@D@std@@V?$allocator@D@2@@std@@AAEXXZ 004031c0 f i Event.obj
 0001:000023d0       ??1?$map@V?$basic_string@DU?$char_traits@D@std@@V?$allocator@D@2@@std@@PAVIPlayer@@U?$less@V?$basic_string@DU?$char_traits@D@std@@V?$allocator@D@2@@std@@@2@V?$allocator@PAVIPlayer@@@2@@std@@QAE@XZ 004033d0 f i GamePlayer.obj
 0001:00002520       ?SetupGlobalAllocator@CGamePlayer@@SA_NII@Z 00403520 f   GamePlayer.obj
 0001:00002540       ??0CTask@CGamePlayer@@IAE@XZ 00403540 f   GamePlayer.obj
 0001:00002560       ??1CTask@CGamePlayer@@QAE@XZ 00403560 f   GamePlayer.obj
 0001:00002620       ??0CTask@CGamePlayer@@QAE@PAV1@I@Z 00403620 f   GamePlayer.obj
 0001:00002650       ?AddCmd@CTask@CGamePlayer@@QAEIP82@AEIXZ@Z 00403650 f   GamePlayer.obj
 0001:000026b0       ?Execute@CTask@CGamePlayer@@QAEIXZ 004036b0 f   GamePlayer.obj
 0001:00002730       ??0CDataQueue@CGamePlayer@@QAE@II@Z 00403730 f   GamePlayer.obj
 0001:00002820       ??1?$map@JPAVCBuffer@Win32@OnlineGameLib@@U?$less@J@std@@V?$allocator@PAVCBuffer@Win32@OnlineGameLib@@@5@@std@@QAE@XZ 00403820 f i GamePlayer.obj
 0001:00002910       ??1CDataQueue@CGamePlayer@@QAE@XZ 00403910 f   GamePlayer.obj
 0001:00002a50       ??1CCriticalSection@Win32@OnlineGameLib@@QAE@XZ 00403a50 f i GamePlayer.obj
 0001:00002a60       ?Empty@CDataQueue@CGamePlayer@@QAEXXZ 00403a60 f   GamePlayer.obj
 0001:00002b90       ??1Owner@CCriticalSection@Win32@OnlineGameLib@@QAE@XZ 00403b90 f i GamePlayer.obj
 0001:00002ba0       ?AddData@CDataQueue@CGamePlayer@@QAE_NJPBEI@Z 00403ba0 f   GamePlayer.obj
 0001:00002cf0       ?Attach@CDataQueue@CGamePlayer@@QAEPAVCBuffer@Win32@OnlineGameLib@@J@Z 00403cf0 f   GamePlayer.obj
 0001:00002db0       ?Detach@CDataQueue@CGamePlayer@@QAEXJ@Z 00403db0 f   GamePlayer.obj
 0001:00002dc0       ?Clear@CDataQueue@CGamePlayer@@QAEXJ@Z 00403dc0 f   GamePlayer.obj
 0001:00002e80       ??0CGamePlayer@@QAE@I@Z    00403e80 f   GamePlayer.obj
 0001:00003040       ??1IPlayer@@UAE@XZ         00404040 f i GamePlayer.obj
 0001:00003050       ??_EIPlayer@@UAEPAXI@Z     00404050 f i GamePlayer.obj
 0001:00003050       ??_GIPlayer@@UAEPAXI@Z     00404050 f i GamePlayer.obj
 0001:00003070       ?IsActive@CGamePlayer@@UAE_NXZ 00404070 f i GamePlayer.obj
 0001:00003080       ??_GCGamePlayer@@UAEPAXI@Z 00404080 f i GamePlayer.obj
 0001:00003080       ??_ECGamePlayer@@UAEPAXI@Z 00404080 f i GamePlayer.obj
 0001:000030a0       ??_FCDataQueue@CGamePlayer@@QAEXXZ 004040a0 f i GamePlayer.obj
 0001:000030b0       ??1CGamePlayer@@UAE@XZ     004040b0 f   GamePlayer.obj
 0001:000032b0       ?Active@CGamePlayer@@UAE_NXZ 004042b0 f   GamePlayer.obj
 0001:00003300       ?Inactive@CGamePlayer@@UAE_NXZ 00404300 f   GamePlayer.obj
 0001:00003570       ?SafeClose@CGamePlayer@@IAEIXZ 00404570 f   GamePlayer.obj
 0001:00003580       ?_UnlockAccount@CGamePlayer@@IAE_NXZ 00404580 f   GamePlayer.obj
 0001:00003690       ?ATTACH_NETWORK@CGamePlayer@@SAXPAUIClient@@PAUIServer@@0@Z 00404690 f   GamePlayer.obj
 0001:000036b0       ?DETACH_NETWORK@CGamePlayer@@SAXXZ 004046b0 f   GamePlayer.obj
 0001:00003730       ?DispatchTask@CGamePlayer@@UAE_NI@Z 00404730 f   GamePlayer.obj
 0001:00003760       ?IsWorking@CGamePlayer@@UAE_NXZ 00404760 f   GamePlayer.obj
 0001:00003780       ?Run@CGamePlayer@@UAE_NXZ  00404780 f   GamePlayer.obj
 0001:000038d0       ?AppendData@CGamePlayer@@UAE_NIPBXI@Z 004048d0 f   GamePlayer.obj
 0001:00003930       ?SmallPackProcess@CGamePlayer@@IAE_NIPBXI@Z 00404930 f   GamePlayer.obj
 0001:00003980       ?LargePackProcess@CGamePlayer@@IAE_NIPBXI@Z 00404980 f   GamePlayer.obj
 0001:00003a20       ?DispatchTaskForAccount@CGamePlayer@@IAE_NPBXI@Z 00404a20 f   GamePlayer.obj
 0001:00003a60       ?DispatchTaskForDBRole@CGamePlayer@@IAE_NPBXI@Z 00404a60 f   GamePlayer.obj
 0001:00003aa0       ?DispatchTaskForPlayer@CGamePlayer@@IAE_NPBXI@Z 00404aa0 f   GamePlayer.obj
 0001:00003ae0       ?_ClearTaskQueue@CGamePlayer@@IAEXXZ 00404ae0 f   GamePlayer.obj
 0001:00003b10       ?InitTaskProcessor@CGamePlayer@@AAEXXZ 00404b10 f   GamePlayer.obj
 0001:00003bf0       ?TaskCompleted@CGamePlayer@@IAE_NXZ 00404bf0 f   GamePlayer.obj
 0001:00003d10       ?WaitForAccPwd@CGamePlayer@@IAEIXZ 00404d10 f   GamePlayer.obj
 0001:00003f50       ?QueryAccPwd@CGamePlayer@@IAEIXZ 00404f50 f   GamePlayer.obj
 0001:000040e0       ?VerifyAccount@CGamePlayer@@IAEIXZ 004050e0 f   GamePlayer.obj
 0001:00004200       ?_VerifyAccount_ToPlayer@CGamePlayer@@IAE_NIK@Z 00405200 f   GamePlayer.obj
 0001:00004310       ?QueryRoleList@CGamePlayer@@IAEIXZ 00405310 f   GamePlayer.obj
 0001:00004400       ?ProcessRoleList@CGamePlayer@@IAEIXZ 00405400 f   GamePlayer.obj
 0001:000044f0       ?SelAddDelRole@CGamePlayer@@IAEIXZ 004054f0 f   GamePlayer.obj
 0001:00004720       ?DelRole_WaitForVerify@CGamePlayer@@IAEIXZ 00405720 f   GamePlayer.obj
 0001:000048a0       ?WaitForCreateResult@CGamePlayer@@IAEIXZ 004058a0 f   GamePlayer.obj
 0001:000049b0       ?WaitForDeleteResult@CGamePlayer@@IAEIXZ 004059b0 f   GamePlayer.obj
 0001:00004ab0       ?_QueryRoleInfo_ToDBRole@CGamePlayer@@IAE_NPBD@Z 00405ab0 f   GamePlayer.obj
 0001:00004b90       ?_CreateNewPlayer_ToDBRole@CGamePlayer@@IAE_NPBDHHG@Z 00405b90 f   GamePlayer.obj
 0001:00004da0       ?_DeleteRole_ToDBRole@CGamePlayer@@IAEIPBXI@Z 00405da0 f   GamePlayer.obj
 0001:00004fc0       ?ProcessRoleInfo@CGamePlayer@@IAEIXZ 00405fc0 f   GamePlayer.obj
 0001:000050d0       ?_SyncRoleInfo_ToGameServer@CGamePlayer@@IAE_NPBXI@Z 004060d0 f   GamePlayer.obj
 0001:00005170       ?WaitForGameSvrPermit@CGamePlayer@@IAEIXZ 00406170 f   GamePlayer.obj
 0001:00005250       ?Attach@CGamePlayer@@UAE_NPBD@Z 00406250 f   GamePlayer.obj
 0001:00005320       ?Add@CGamePlayer@@SA_NPBDPAVIPlayer@@@Z 00406320 f   GamePlayer.obj
 0001:000054c0       ??1?$pair@$$CBV?$basic_string@DU?$char_traits@D@std@@V?$allocator@D@2@@std@@PAVIPlayer@@@std@@QAE@XZ 004064c0 f i GamePlayer.obj
 0001:00005500       ?Del@CGamePlayer@@SA_NPBD@Z 00406500 f   GamePlayer.obj
 0001:00005640       ?Get@CGamePlayer@@SAPAVIPlayer@@PBD@Z 00406640 f   GamePlayer.obj
 0001:000057b0       ??1?$vector@PAVICommand@@V?$allocator@PAVICommand@@@std@@@std@@QAE@XZ 004067b0 f i GamePlayer.obj
 0001:000057e0       ??0?$map@V?$basic_string@DU?$char_traits@D@std@@V?$allocator@D@2@@std@@PAVIPlayer@@U?$less@V?$basic_string@DU?$char_traits@D@std@@V?$allocator@D@2@@std@@@2@V?$allocator@PAVIPlayer@@@2@@std@@QAE@ABU?$less@V?$basic_string@DU?$char_traits@D@std@@V?$allocator@D@2@@std@@@1@ABV?$allocator@PAVIPlayer@@@1@@Z 004067e0 f i GamePlayer.obj
 0001:00005890       ?begin@?$_Tree@V?$basic_string@DU?$char_traits@D@std@@V?$allocator@D@2@@std@@U?$pair@$$CBV?$basic_string@DU?$char_traits@D@std@@V?$allocator@D@2@@std@@PAVIPlayer@@@2@U_Kfn@?$map@V?$basic_string@DU?$char_traits@D@std@@V?$allocator@D@2@@std@@PAVIPlayer@@U?$less@V?$basic_string@DU?$char_traits@D@std@@V?$allocator@D@2@@std@@@2@V?$allocator@PAVIPlayer@@@2@@2@U?$less@V?$basic_string@DU?$char_traits@D@std@@V?$allocator@D@2@@std@@@2@V?$allocator@PAVIPlayer@@@2@@std@@QAE?AViterator@12@XZ 00406890 f i GamePlayer.obj
 0001:000058a0       ?insert@?$_Tree@V?$basic_string@DU?$char_traits@D@std@@V?$allocator@D@2@@std@@U?$pair@$$CBV?$basic_string@DU?$char_traits@D@std@@V?$allocator@D@2@@std@@PAVIPlayer@@@2@U_Kfn@?$map@V?$basic_string@DU?$char_traits@D@std@@V?$allocator@D@2@@std@@PAVIPlayer@@U?$less@V?$basic_string@DU?$char_traits@D@std@@V?$allocator@D@2@@std@@@2@V?$allocator@PAVIPlayer@@@2@@2@U?$less@V?$basic_string@DU?$char_traits@D@std@@V?$allocator@D@2@@std@@@2@V?$allocator@PAVIPlayer@@@2@@std@@QAE?AU?$pair@Viterator@?$_Tree@V?$basic_string@DU?$char_traits@D@std@@V?$allocator@D@2@@std@@U?$pair@$$CBV?$basic_string@DU?$char_traits@D@std@@V?$allocator@D@2@@std@@PAVIPlayer@@@2@U_Kfn@?$map@V?$basic_string@DU?$char_traits@D@std@@V?$allocator@D@2@@std@@PAVIPlayer@@U?$less@V?$basic_string@DU?$char_traits@D@std@@V?$allocator@D@2@@std@@@2@V?$allocator@PAVIPlayer@@@2@@2@U?$less@V?$basic_string@DU?$char_traits@D@std@@V?$allocator@D@2@@std@@@2@V?$allocator@PAVIPlayer@@@2@@std@@_N@2@ABU?$pair@$$CBV?$basic_string@DU?$char_traits@D@std@@V?$allocator@D@2@@std@@PAVIPlayer@@@2@@Z 004068a0 f i GamePlayer.obj
 0001:00005b50       ?compare@?$basic_string@DU?$char_traits@D@std@@V?$allocator@D@2@@std@@QBEHIIPBDI@Z 00406b50 f i GamePlayer.obj
 0001:00005bc0       ?erase@?$_Tree@V?$basic_string@DU?$char_traits@D@std@@V?$allocator@D@2@@std@@U?$pair@$$CBV?$basic_string@DU?$char_traits@D@std@@V?$allocator@D@2@@std@@PAVIPlayer@@@2@U_Kfn@?$map@V?$basic_string@DU?$char_traits@D@std@@V?$allocator@D@2@@std@@PAVIPlayer@@U?$less@V?$basic_string@DU?$char_traits@D@std@@V?$allocator@D@2@@std@@@2@V?$allocator@PAVIPlayer@@@2@@2@U?$less@V?$basic_string@DU?$char_traits@D@std@@V?$allocator@D@2@@std@@@2@V?$allocator@PAVIPlayer@@@2@@std@@QAE?AViterator@12@V312@@Z 00406bc0 f i GamePlayer.obj
 0001:00005ff0       ?erase@?$_Tree@V?$basic_string@DU?$char_traits@D@std@@V?$allocator@D@2@@std@@U?$pair@$$CBV?$basic_string@DU?$char_traits@D@std@@V?$allocator@D@2@@std@@PAVIPlayer@@@2@U_Kfn@?$map@V?$basic_string@DU?$char_traits@D@std@@V?$allocator@D@2@@std@@PAVIPlayer@@U?$less@V?$basic_string@DU?$char_traits@D@std@@V?$allocator@D@2@@std@@@2@V?$allocator@PAVIPlayer@@@2@@2@U?$less@V?$basic_string@DU?$char_traits@D@std@@V?$allocator@D@2@@std@@@2@V?$allocator@PAVIPlayer@@@2@@std@@QAE?AViterator@12@V312@0@Z 00406ff0 f i GamePlayer.obj
 0001:000060d0       ?find@?$_Tree@V?$basic_string@DU?$char_traits@D@std@@V?$allocator@D@2@@std@@U?$pair@$$CBV?$basic_string@DU?$char_traits@D@std@@V?$allocator@D@2@@std@@PAVIPlayer@@@2@U_Kfn@?$map@V?$basic_string@DU?$char_traits@D@std@@V?$allocator@D@2@@std@@PAVIPlayer@@U?$less@V?$basic_string@DU?$char_traits@D@std@@V?$allocator@D@2@@std@@@2@V?$allocator@PAVIPlayer@@@2@@2@U?$less@V?$basic_string@DU?$char_traits@D@std@@V?$allocator@D@2@@std@@@2@V?$allocator@PAVIPlayer@@@2@@std@@QAE?AViterator@12@ABV?$basic_string@DU?$char_traits@D@std@@V?$allocator@D@2@@2@@Z 004070d0 f i GamePlayer.obj
 0001:00006180       ?begin@?$_Tree@JU?$pair@$$CBJPAVCBuffer@Win32@OnlineGameLib@@@std@@U_Kfn@?$map@JPAVCBuffer@Win32@OnlineGameLib@@U?$less@J@std@@V?$allocator@PAVCBuffer@Win32@OnlineGameLib@@@5@@2@U?$less@J@2@V?$allocator@PAVCBuffer@Win32@OnlineGameLib@@@2@@std@@QAE?AViterator@12@XZ 00407180 f i GamePlayer.obj
 0001:00006190       ?insert@?$_Tree@JU?$pair@$$CBJPAVCBuffer@Win32@OnlineGameLib@@@std@@U_Kfn@?$map@JPAVCBuffer@Win32@OnlineGameLib@@U?$less@J@std@@V?$allocator@PAVCBuffer@Win32@OnlineGameLib@@@5@@2@U?$less@J@2@V?$allocator@PAVCBuffer@Win32@OnlineGameLib@@@2@@std@@QAE?AU?$pair@Viterator@?$_Tree@JU?$pair@$$CBJPAVCBuffer@Win32@OnlineGameLib@@@std@@U_Kfn@?$map@JPAVCBuffer@Win32@OnlineGameLib@@U?$less@J@std@@V?$allocator@PAVCBuffer@Win32@OnlineGameLib@@@5@@2@U?$less@J@2@V?$allocator@PAVCBuffer@Win32@OnlineGameLib@@@2@@std@@_N@2@ABU?$pair@$$CBJPAVCBuffer@Win32@OnlineGameLib@@@2@@Z 00407190 f i GamePlayer.obj
 0001:00006400       ?erase@?$_Tree@JU?$pair@$$CBJPAVCBuffer@Win32@OnlineGameLib@@@std@@U_Kfn@?$map@JPAVCBuffer@Win32@OnlineGameLib@@U?$less@J@std@@V?$allocator@PAVCBuffer@Win32@OnlineGameLib@@@5@@2@U?$less@J@2@V?$allocator@PAVCBuffer@Win32@OnlineGameLib@@@2@@std@@QAE?AViterator@12@V312@@Z 00407400 f i GamePlayer.obj
 0001:00006800       ??0?$pair@Viterator@?$_Tree@V?$basic_string@DU?$char_traits@D@std@@V?$allocator@D@2@@std@@U?$pair@$$CBV?$basic_string@DU?$char_traits@D@std@@V?$allocator@D@2@@std@@PAVIPlayer@@@2@U_Kfn@?$map@V?$basic_string@DU?$char_traits@D@std@@V?$allocator@D@2@@std@@PAVIPlayer@@U?$less@V?$basic_string@DU?$char_traits@D@std@@V?$allocator@D@2@@std@@@2@V?$allocator@PAVIPlayer@@@2@@2@U?$less@V?$basic_string@DU?$char_traits@D@std@@V?$allocator@D@2@@std@@@2@V?$allocator@PAVIPlayer@@@2@@std@@_N@std@@QAE@ABViterator@?$_Tree@V?$basic_string@DU?$char_traits@D@std@@V?$allocator@D@2@@std@@U?$pair@$$CBV?$basic_string@DU?$char_traits@D@std@@V?$allocator@D@2@@std@@PAVIPlayer@@@2@U_Kfn@?$map@V?$basic_string@DU?$char_traits@D@std@@V?$allocator@D@2@@std@@PAVIPlayer@@U?$less@V?$basic_string@DU?$char_traits@D@std@@V?$allocator@D@2@@std@@@2@V?$allocator@PAVIPlayer@@@2@@2@U?$less@V?$basic_string@DU?$char_traits@D@std@@V?$allocator@D@2@@std@@@2@V?$allocator@PAVIPlayer@@@2@@1@AB_N@Z 00407800 f i GamePlayer.obj
 0001:00006820       ?insert@?$vector@PAVICommand@@V?$allocator@PAVICommand@@@std@@@std@@QAEXPAPAVICommand@@IABQAV3@@Z 00407820 f i GamePlayer.obj
 0001:00006a30       ?lower_bound@?$_Tree@V?$basic_string@DU?$char_traits@D@std@@V?$allocator@D@2@@std@@U?$pair@$$CBV?$basic_string@DU?$char_traits@D@std@@V?$allocator@D@2@@std@@PAVIPlayer@@@2@U_Kfn@?$map@V?$basic_string@DU?$char_traits@D@std@@V?$allocator@D@2@@std@@PAVIPlayer@@U?$less@V?$basic_string@DU?$char_traits@D@std@@V?$allocator@D@2@@std@@@2@V?$allocator@PAVIPlayer@@@2@@2@U?$less@V?$basic_string@DU?$char_traits@D@std@@V?$allocator@D@2@@std@@@2@V?$allocator@PAVIPlayer@@@2@@std@@QAE?AViterator@12@ABV?$basic_string@DU?$char_traits@D@std@@V?$allocator@D@2@@2@@Z 00407a30 f i GamePlayer.obj
 0001:00006aa0       ?_Erase@?$_Tree@V?$basic_string@DU?$char_traits@D@std@@V?$allocator@D@2@@std@@U?$pair@$$CBV?$basic_string@DU?$char_traits@D@std@@V?$allocator@D@2@@std@@PAVIPlayer@@@2@U_Kfn@?$map@V?$basic_string@DU?$char_traits@D@std@@V?$allocator@D@2@@std@@PAVIPlayer@@U?$less@V?$basic_string@DU?$char_traits@D@std@@V?$allocator@D@2@@std@@@2@V?$allocator@PAVIPlayer@@@2@@2@U?$less@V?$basic_string@DU?$char_traits@D@std@@V?$allocator@D@2@@std@@@2@V?$allocator@PAVIPlayer@@@2@@std@@IAEXPAU_Node@12@@Z 00407aa0 f i GamePlayer.obj
 0001:00006af0       ?_Insert@?$_Tree@V?$basic_string@DU?$char_traits@D@std@@V?$allocator@D@2@@std@@U?$pair@$$CBV?$basic_string@DU?$char_traits@D@std@@V?$allocator@D@2@@std@@PAVIPlayer@@@2@U_Kfn@?$map@V?$basic_string@DU?$char_traits@D@std@@V?$allocator@D@2@@std@@PAVIPlayer@@U?$less@V?$basic_string@DU?$char_traits@D@std@@V?$allocator@D@2@@std@@@2@V?$allocator@PAVIPlayer@@@2@@2@U?$less@V?$basic_string@DU?$char_traits@D@std@@V?$allocator@D@2@@std@@@2@V?$allocator@PAVIPlayer@@@2@@std@@IAE?AViterator@12@PAU_Node@12@0ABU?$pair@$$CBV?$basic_string@DU?$char_traits@D@std@@V?$allocator@D@2@@std@@PAVIPlayer@@@2@@Z 00407af0 f i GamePlayer.obj
 0001:00006d60       ?_Lrotate@?$_Tree@V?$basic_string@DU?$char_traits@D@std@@V?$allocator@D@2@@std@@U?$pair@$$CBV?$basic_string@DU?$char_traits@D@std@@V?$allocator@D@2@@std@@PAVIPlayer@@@2@U_Kfn@?$map@V?$basic_string@DU?$char_traits@D@std@@V?$allocator@D@2@@std@@PAVIPlayer@@U?$less@V?$basic_string@DU?$char_traits@D@std@@V?$allocator@D@2@@std@@@2@V?$allocator@PAVIPlayer@@@2@@2@U?$less@V?$basic_string@DU?$char_traits@D@std@@V?$allocator@D@2@@std@@@2@V?$allocator@PAVIPlayer@@@2@@std@@IAEXPAU_Node@12@@Z 00407d60 f i GamePlayer.obj
 0001:00006dc0       ?_Min@?$_Tree@V?$basic_string@DU?$char_traits@D@std@@V?$allocator@D@2@@std@@U?$pair@$$CBV?$basic_string@DU?$char_traits@D@std@@V?$allocator@D@2@@std@@PAVIPlayer@@@2@U_Kfn@?$map@V?$basic_string@DU?$char_traits@D@std@@V?$allocator@D@2@@std@@PAVIPlayer@@U?$less@V?$basic_string@DU?$char_traits@D@std@@V?$allocator@D@2@@std@@@2@V?$allocator@PAVIPlayer@@@2@@2@U?$less@V?$basic_string@DU?$char_traits@D@std@@V?$allocator@D@2@@std@@@2@V?$allocator@PAVIPlayer@@@2@@std@@KAPAU_Node@12@PAU312@@Z 00407dc0 f i GamePlayer.obj
 0001:00006de0       ?_Rrotate@?$_Tree@V?$basic_string@DU?$char_traits@D@std@@V?$allocator@D@2@@std@@U?$pair@$$CBV?$basic_string@DU?$char_traits@D@std@@V?$allocator@D@2@@std@@PAVIPlayer@@@2@U_Kfn@?$map@V?$basic_string@DU?$char_traits@D@std@@V?$allocator@D@2@@std@@PAVIPlayer@@U?$less@V?$basic_string@DU?$char_traits@D@std@@V?$allocator@D@2@@std@@@2@V?$allocator@PAVIPlayer@@@2@@2@U?$less@V?$basic_string@DU?$char_traits@D@std@@V?$allocator@D@2@@std@@@2@V?$allocator@PAVIPlayer@@@2@@std@@IAEXPAU_Node@12@@Z 00407de0 f i GamePlayer.obj
 0001:00006e40       ?lower_bound@?$_Tree@JU?$pair@$$CBJPAVCBuffer@Win32@OnlineGameLib@@@std@@U_Kfn@?$map@JPAVCBuffer@Win32@OnlineGameLib@@U?$less@J@std@@V?$allocator@PAVCBuffer@Win32@OnlineGameLib@@@5@@2@U?$less@J@2@V?$allocator@PAVCBuffer@Win32@OnlineGameLib@@@2@@std@@QAE?AViterator@12@ABJ@Z 00407e40 f i GamePlayer.obj
 0001:00006e80       ?_Erase@?$_Tree@JU?$pair@$$CBJPAVCBuffer@Win32@OnlineGameLib@@@std@@U_Kfn@?$map@JPAVCBuffer@Win32@OnlineGameLib@@U?$less@J@std@@V?$allocator@PAVCBuffer@Win32@OnlineGameLib@@@5@@2@U?$less@J@2@V?$allocator@PAVCBuffer@Win32@OnlineGameLib@@@2@@std@@IAEXPAU_Node@12@@Z 00407e80 f i GamePlayer.obj
 0001:00006ec0       ?_Insert@?$_Tree@JU?$pair@$$CBJPAVCBuffer@Win32@OnlineGameLib@@@std@@U_Kfn@?$map@JPAVCBuffer@Win32@OnlineGameLib@@U?$less@J@std@@V?$allocator@PAVCBuffer@Win32@OnlineGameLib@@@5@@2@U?$less@J@2@V?$allocator@PAVCBuffer@Win32@OnlineGameLib@@@2@@std@@IAE?AViterator@12@PAU_Node@12@0ABU?$pair@$$CBJPAVCBuffer@Win32@OnlineGameLib@@@2@@Z 00407ec0 f i GamePlayer.obj
 0001:00007130       ?_Lrotate@?$_Tree@JU?$pair@$$CBJPAVCBuffer@Win32@OnlineGameLib@@@std@@U_Kfn@?$map@JPAVCBuffer@Win32@OnlineGameLib@@U?$less@J@std@@V?$allocator@PAVCBuffer@Win32@OnlineGameLib@@@5@@2@U?$less@J@2@V?$allocator@PAVCBuffer@Win32@OnlineGameLib@@@2@@std@@IAEXPAU_Node@12@@Z 00408130 f i GamePlayer.obj
 0001:00007190       ?_Rrotate@?$_Tree@JU?$pair@$$CBJPAVCBuffer@Win32@OnlineGameLib@@@std@@U_Kfn@?$map@JPAVCBuffer@Win32@OnlineGameLib@@U?$less@J@std@@V?$allocator@PAVCBuffer@Win32@OnlineGameLib@@@5@@2@U?$less@J@2@V?$allocator@PAVCBuffer@Win32@OnlineGameLib@@@2@@std@@IAEXPAU_Node@12@@Z 00408190 f i GamePlayer.obj
 0001:000071f0       ?_Inc@const_iterator@?$_Tree@JU?$pair@$$CBJPAVCBuffer@Win32@OnlineGameLib@@@std@@U_Kfn@?$map@JPAVCBuffer@Win32@OnlineGameLib@@U?$less@J@std@@V?$allocator@PAVCBuffer@Win32@OnlineGameLib@@@5@@2@U?$less@J@2@V?$allocator@PAVCBuffer@Win32@OnlineGameLib@@@2@@std@@QAEXXZ 004081f0 f i GamePlayer.obj
 0001:00007240       ?_Buynode@?$_Tree@V?$basic_string@DU?$char_traits@D@std@@V?$allocator@D@2@@std@@U?$pair@$$CBV?$basic_string@DU?$char_traits@D@std@@V?$allocator@D@2@@std@@PAVIPlayer@@@2@U_Kfn@?$map@V?$basic_string@DU?$char_traits@D@std@@V?$allocator@D@2@@std@@PAVIPlayer@@U?$less@V?$basic_string@DU?$char_traits@D@std@@V?$allocator@D@2@@std@@@2@V?$allocator@PAVIPlayer@@@2@@2@U?$less@V?$basic_string@DU?$char_traits@D@std@@V?$allocator@D@2@@std@@@2@V?$allocator@PAVIPlayer@@@2@@std@@IAEPAU_Node@12@PAU312@W4_Redbl@12@@Z 00408240 f i GamePlayer.obj
 0001:00007260       ?_Dec@const_iterator@?$_Tree@V?$basic_string@DU?$char_traits@D@std@@V?$allocator@D@2@@std@@U?$pair@$$CBV?$basic_string@DU?$char_traits@D@std@@V?$allocator@D@2@@std@@PAVIPlayer@@@2@U_Kfn@?$map@V?$basic_string@DU?$char_traits@D@std@@V?$allocator@D@2@@std@@PAVIPlayer@@U?$less@V?$basic_string@DU?$char_traits@D@std@@V?$allocator@D@2@@std@@@2@V?$allocator@PAVIPlayer@@@2@@2@U?$less@V?$basic_string@DU?$char_traits@D@std@@V?$allocator@D@2@@std@@@2@V?$allocator@PAVIPlayer@@@2@@std@@QAEXXZ 00408260 f i GamePlayer.obj
 0001:000072c0       ?_Lbound@?$_Tree@JU?$pair@$$CBJPAVCBuffer@Win32@OnlineGameLib@@@std@@U_Kfn@?$map@JPAVCBuffer@Win32@OnlineGameLib@@U?$less@J@std@@V?$allocator@PAVCBuffer@Win32@OnlineGameLib@@@5@@2@U?$less@J@2@V?$allocator@PAVCBuffer@Win32@OnlineGameLib@@@2@@std@@IBEPAU_Node@12@ABJ@Z 004082c0 f i GamePlayer.obj
 0001:000072f0       ?_Buynode@?$_Tree@JU?$pair@$$CBJPAVCBuffer@Win32@OnlineGameLib@@@std@@U_Kfn@?$map@JPAVCBuffer@Win32@OnlineGameLib@@U?$less@J@std@@V?$allocator@PAVCBuffer@Win32@OnlineGameLib@@@5@@2@U?$less@J@2@V?$allocator@PAVCBuffer@Win32@OnlineGameLib@@@2@@std@@IAEPAU_Node@12@PAU312@W4_Redbl@12@@Z 004082f0 f i GamePlayer.obj
 0001:00007310       ?_Dec@const_iterator@?$_Tree@JU?$pair@$$CBJPAVCBuffer@Win32@OnlineGameLib@@@std@@U_Kfn@?$map@JPAVCBuffer@Win32@OnlineGameLib@@U?$less@J@std@@V?$allocator@PAVCBuffer@Win32@OnlineGameLib@@@5@@2@U?$less@J@2@V?$allocator@PAVCBuffer@Win32@OnlineGameLib@@@2@@std@@QAEXXZ 00408310 f i GamePlayer.obj
 0001:00007370       ?_Inc@const_iterator@?$_Tree@V?$basic_string@DU?$char_traits@D@std@@V?$allocator@D@2@@std@@U?$pair@$$CBV?$basic_string@DU?$char_traits@D@std@@V?$allocator@D@2@@std@@PAVIPlayer@@@2@U_Kfn@?$map@V?$basic_string@DU?$char_traits@D@std@@V?$allocator@D@2@@std@@PAVIPlayer@@U?$less@V?$basic_string@DU?$char_traits@D@std@@V?$allocator@D@2@@std@@@2@V?$allocator@PAVIPlayer@@@2@@2@U?$less@V?$basic_string@DU?$char_traits@D@std@@V?$allocator@D@2@@std@@@2@V?$allocator@PAVIPlayer@@@2@@std@@QAEXXZ 00408370 f i GamePlayer.obj
 0001:000073c0       ?Execute@?$CTaskCommand@VCGamePlayer@@@@UAEIXZ 004083c0 f i GamePlayer.obj
 0001:000073d0       ?ToString@Win32@OnlineGameLib@@YA?AV?$basic_string@DU?$char_traits@D@std@@V?$allocator@D@2@@std@@J@Z 004083d0 f i GamePlayer.obj
 0001:000075d0       ??0ios_base@std@@IAE@XZ    004085d0 f i GamePlayer.obj
 0001:000075e0       ??_Eios_base@std@@UAEPAXI@Z 004085e0 f i GamePlayer.obj
 0001:000075e0       ??_Gios_base@std@@UAEPAXI@Z 004085e0 f i GamePlayer.obj
 0001:00007600       ??0strstreambuf@std@@QAE@H@Z 00408600 f i GamePlayer.obj
 0001:000076f0       ??_Gstrstreambuf@std@@UAEPAXI@Z 004086f0 f i GamePlayer.obj
 0001:000076f0       ??_Estrstreambuf@std@@UAEPAXI@Z 004086f0 f i GamePlayer.obj
 0001:00007710       ??_Estrstream@std@@UAEPAXI@Z 00408710 f i GamePlayer.obj
 0001:00007710       ??_Gstrstream@std@@UAEPAXI@Z 00408710 f i GamePlayer.obj
 0001:00007740       ??_Dstrstream@std@@QAEXXZ  00408740 f i GamePlayer.obj
 0001:00007760       ?put@?$basic_ostream@DU?$char_traits@D@std@@@std@@QAEAAV12@D@Z 00408760 f i GamePlayer.obj
 0001:000078d0       ??1?$basic_ios@DU?$char_traits@D@std@@@std@@UAE@XZ 004088d0 f i GamePlayer.obj
 0001:000078e0       ??1?$basic_streambuf@DU?$char_traits@D@std@@@std@@UAE@XZ 004088e0 f i GamePlayer.obj
 0001:00007930       ?overflow@?$basic_streambuf@DU?$char_traits@D@std@@@std@@MAEHH@Z 00408930 f i GamePlayer.obj
 0001:00007940       ?pbackfail@?$basic_streambuf@DU?$char_traits@D@std@@@std@@MAEHH@Z 00408940 f i GamePlayer.obj
 0001:00007950       ?showmanyc@?$basic_streambuf@DU?$char_traits@D@std@@@std@@MAEHXZ 00408950 f i GamePlayer.obj
 0001:00007960       ?underflow@?$basic_streambuf@DU?$char_traits@D@std@@@std@@MAEHXZ 00408960 f i GamePlayer.obj
 0001:00007970       ?uflow@?$basic_streambuf@DU?$char_traits@D@std@@@std@@MAEHXZ 00408970 f i GamePlayer.obj
 0001:000079a0       ?xsgetn@?$basic_streambuf@DU?$char_traits@D@std@@@std@@MAEHPADH@Z 004089a0 f i GamePlayer.obj
 0001:00007a40       ?xsputn@?$basic_streambuf@DU?$char_traits@D@std@@@std@@MAEHPBDH@Z 00408a40 f i GamePlayer.obj
 0001:00007ae0       ?seekoff@?$basic_streambuf@DU?$char_traits@D@std@@@std@@MAE?AV?$fpos@H@2@JW4seekdir@ios_base@2@H@Z 00408ae0 f i GamePlayer.obj
 0001:00007b10       ?seekpos@?$basic_streambuf@DU?$char_traits@D@std@@@std@@MAE?AV?$fpos@H@2@V32@H@Z 00408b10 f i GamePlayer.obj
 0001:00007b40       ?setbuf@?$basic_streambuf@DU?$char_traits@D@std@@@std@@MAEPAV12@PADH@Z 00408b40 f i GamePlayer.obj
 0001:00007b50       ?sync@?$basic_streambuf@DU?$char_traits@D@std@@@std@@MAEHXZ 00408b50 f i GamePlayer.obj
 0001:00007b60       ?imbue@?$basic_streambuf@DU?$char_traits@D@std@@@std@@MAEXABVlocale@2@@Z 00408b60 f i GamePlayer.obj
 0001:00007b70       ??0?$basic_iostream@DU?$char_traits@D@std@@@std@@QAE@PAV?$basic_streambuf@DU?$char_traits@D@std@@@1@@Z 00408b70 f i GamePlayer.obj
 0001:00007c40       ??1?$basic_istream@DU?$char_traits@D@std@@@std@@UAE@XZ 00408c40 f i GamePlayer.obj
 0001:00007c50       ??1?$basic_iostream@DU?$char_traits@D@std@@@std@@UAE@XZ 00408c50 f i GamePlayer.obj
 0001:00007c90       ??_E?$basic_ostream@DU?$char_traits@D@std@@@std@@UAEPAXI@Z 00408c90 f i GamePlayer.obj
 0001:00007c90       ??_G?$basic_ostream@DU?$char_traits@D@std@@@std@@UAEPAXI@Z 00408c90 f i GamePlayer.obj
 0001:00007cc0       ??_G?$basic_ios@DU?$char_traits@D@std@@@std@@UAEPAXI@Z 00408cc0 f i GamePlayer.obj
 0001:00007cc0       ??_E?$basic_ios@DU?$char_traits@D@std@@@std@@UAEPAXI@Z 00408cc0 f i GamePlayer.obj
 0001:00007ce0       ??_G?$basic_istream@DU?$char_traits@D@std@@@std@@UAEPAXI@Z 00408ce0 f i GamePlayer.obj
 0001:00007ce0       ??_E?$basic_istream@DU?$char_traits@D@std@@@std@@UAEPAXI@Z 00408ce0 f i GamePlayer.obj
 0001:00007d10       ??_E?$basic_streambuf@DU?$char_traits@D@std@@@std@@UAEPAXI@Z 00408d10 f i GamePlayer.obj
 0001:00007d10       ??_G?$basic_streambuf@DU?$char_traits@D@std@@@std@@UAEPAXI@Z 00408d10 f i GamePlayer.obj
 0001:00007d30       ??_E?$basic_iostream@DU?$char_traits@D@std@@@std@@UAEPAXI@Z 00408d30 f i GamePlayer.obj
 0001:00007d30       ??_G?$basic_iostream@DU?$char_traits@D@std@@@std@@UAEPAXI@Z 00408d30 f i GamePlayer.obj
 0001:00007d60       ??1sentry@?$basic_ostream@DU?$char_traits@D@std@@@std@@QAE@XZ 00408d60 f i GamePlayer.obj
 0001:00007dd0       ??0?$fpos@H@std@@QAE@J@Z   00408dd0 f i GamePlayer.obj
 0001:00007e10       ?opfx@?$basic_ostream@DU?$char_traits@D@std@@@std@@QAE_NXZ 00408e10 f i GamePlayer.obj
 0001:00007e90       ?_Construct@std@@YAXPAU?$pair@$$CBV?$basic_string@DU?$char_traits@D@std@@V?$allocator@D@2@@std@@PAVIPlayer@@@1@ABU21@@Z 00408e90 f i GamePlayer.obj
 0001:00007fe0       ??3@YAXPAX0@Z              00408fe0 f i GamePlayer.obj
 0001:00007ff0       ?_Construct@std@@YAXPAU?$pair@$$CBJPAVCBuffer@Win32@OnlineGameLib@@@1@ABU21@@Z 00408ff0 f i GamePlayer.obj
 0001:00008010       ??_G?$CTaskCommand@VCGamePlayer@@@@UAEPAXI@Z 00409010 f i GamePlayer.obj
 0001:00008010       ??_E?$CTaskCommand@VCGamePlayer@@@@UAEPAXI@Z 00409010 f i GamePlayer.obj
 0001:00008030       ??1?$CTaskCommand@VCGamePlayer@@@@UAE@XZ 00409030 f i GamePlayer.obj
 0001:00008040       ??_EICommand@@UAEPAXI@Z    00409040 f i GamePlayer.obj
 0001:00008040       ??_GICommand@@UAEPAXI@Z    00409040 f i GamePlayer.obj
 0001:00008060       ??_G?$pair@$$CBV?$basic_string@DU?$char_traits@D@std@@V?$allocator@D@2@@std@@PAVIPlayer@@@std@@QAEPAXI@Z 00409060 f i GamePlayer.obj
 0001:00008080       ?compare@?$basic_string@DU?$char_traits@D@std@@V?$allocator@D@2@@std@@QBEHABV12@@Z 00409080 f i GamePlayer.obj
 0001:000080d0       ??6?$basic_ostream@DU?$char_traits@D@std@@@std@@QAEAAV01@J@Z 004090d0 f i GamePlayer.obj
 0001:00008310       ??1bad_cast@std@@UAE@XZ    00409310 f i GamePlayer.obj
 0001:00008320       ?_Doraise@bad_cast@std@@MBEXXZ 00409320 f i GamePlayer.obj
 0001:00008340       ??_Ebad_cast@std@@UAEPAXI@Z 00409340 f i GamePlayer.obj
 0001:00008340       ??_Gbad_cast@std@@UAEPAXI@Z 00409340 f i GamePlayer.obj
 0001:00008360       ??0bad_cast@std@@QAE@ABV01@@Z 00409360 f i GamePlayer.obj
 0001:00008380       ??Bid@locale@std@@QAEIXZ   00409380 f i GamePlayer.obj
 0001:000083b0       ?_Decref@facet@locale@std@@QAEPAV123@XZ 004093b0 f i GamePlayer.obj
 0001:000083f0       ??1locale@std@@QAE@XZ      004093f0 f i GamePlayer.obj
 0001:00008410       ?getloc@ios_base@std@@QBE?AVlocale@2@XZ 00409410 f i GamePlayer.obj
 0001:00008480       ??0?$num_put@DV?$ostreambuf_iterator@DU?$char_traits@D@std@@@std@@@std@@QAE@I@Z 00409480 f i GamePlayer.obj
 0001:000084e0       ??1facet@locale@std@@UAE@XZ 004094e0 f i GamePlayer.obj
 0001:000084f0       ??_Gfacet@locale@std@@UAEPAXI@Z 004094f0 f i GamePlayer.obj
 0001:000084f0       ??_Efacet@locale@std@@UAEPAXI@Z 004094f0 f i GamePlayer.obj
 0001:00008510       ?do_put@?$num_put@DV?$ostreambuf_iterator@DU?$char_traits@D@std@@@std@@@std@@MBE?AV?$ostreambuf_iterator@DU?$char_traits@D@std@@@2@V32@AAVios_base@2@D_N@Z 00409510 f i GamePlayer.obj
 0001:000087e0       ??0bad_cast@std@@QAE@PBD@Z 004097e0 f i GamePlayer.obj
 0001:00008800       ?sputc@?$basic_streambuf@DU?$char_traits@D@std@@@std@@QAEHD@Z 00409800 f i GamePlayer.obj
 0001:00008850       ?do_put@?$num_put@DV?$ostreambuf_iterator@DU?$char_traits@D@std@@@std@@@std@@MBE?AV?$ostreambuf_iterator@DU?$char_traits@D@std@@@2@V32@AAVios_base@2@DJ@Z 00409850 f i GamePlayer.obj
 0001:00008900       ?do_put@?$num_put@DV?$ostreambuf_iterator@DU?$char_traits@D@std@@@std@@@std@@MBE?AV?$ostreambuf_iterator@DU?$char_traits@D@std@@@2@V32@AAVios_base@2@DK@Z 00409900 f i GamePlayer.obj
 0001:000089b0       ?do_put@?$num_put@DV?$ostreambuf_iterator@DU?$char_traits@D@std@@@std@@@std@@MBE?AV?$ostreambuf_iterator@DU?$char_traits@D@std@@@2@V32@AAVios_base@2@DN@Z 004099b0 f i GamePlayer.obj
 0001:00008aa0       ?do_put@?$num_put@DV?$ostreambuf_iterator@DU?$char_traits@D@std@@@std@@@std@@MBE?AV?$ostreambuf_iterator@DU?$char_traits@D@std@@@2@V32@AAVios_base@2@DO@Z 00409aa0 f i GamePlayer.obj
 0001:00008b90       ?do_put@?$num_put@DV?$ostreambuf_iterator@DU?$char_traits@D@std@@@std@@@std@@MBE?AV?$ostreambuf_iterator@DU?$char_traits@D@std@@@2@V32@AAVios_base@2@DPBX@Z 00409b90 f i GamePlayer.obj
 0001:00008d50       ??_G?$num_put@DV?$ostreambuf_iterator@DU?$char_traits@D@std@@@std@@@std@@UAEPAXI@Z 00409d50 f i GamePlayer.obj
 0001:00008d50       ??_E?$num_put@DV?$ostreambuf_iterator@DU?$char_traits@D@std@@@std@@@std@@UAEPAXI@Z 00409d50 f i GamePlayer.obj
 0001:00008d70       ??1?$num_put@DV?$ostreambuf_iterator@DU?$char_traits@D@std@@@std@@@std@@UAE@XZ 00409d70 f i GamePlayer.obj
 0001:00008d80       ?_Fput@?$num_put@DV?$ostreambuf_iterator@DU?$char_traits@D@std@@@std@@@std@@KA?AV?$ostreambuf_iterator@DU?$char_traits@D@std@@@2@V32@AAVios_base@2@DPBDII@Z 00409d80 f i GamePlayer.obj
 0001:00009190       ?_Iput@?$num_put@DV?$ostreambuf_iterator@DU?$char_traits@D@std@@@std@@@std@@KA?AV?$ostreambuf_iterator@DU?$char_traits@D@std@@@2@V32@AAVios_base@2@DPADI@Z 0040a190 f i GamePlayer.obj
 0001:000095e0       ?_Rep@?$num_put@DV?$ostreambuf_iterator@DU?$char_traits@D@std@@@std@@@std@@KA?AV?$ostreambuf_iterator@DU?$char_traits@D@std@@@2@V32@DI@Z 0040a5e0 f i GamePlayer.obj
 0001:00009660       ?falsename@?$numpunct@D@std@@QBE?AV?$basic_string@DU?$char_traits@D@std@@V?$allocator@D@2@@2@XZ 0040a660 f i GamePlayer.obj
 0001:00009680       ?truename@?$numpunct@D@std@@QBE?AV?$basic_string@DU?$char_traits@D@std@@V?$allocator@D@2@@2@XZ 0040a680 f i GamePlayer.obj
 0001:000096a0       ??4?$ostreambuf_iterator@DU?$char_traits@D@std@@@std@@QAEAAV01@D@Z 0040a6a0 f i GamePlayer.obj
 0001:00009700       ?grouping@?$numpunct@D@std@@QBE?AV?$basic_string@DU?$char_traits@D@std@@V?$allocator@D@2@@2@XZ 0040a700 f i GamePlayer.obj
 0001:00009720       ??0?$numpunct@D@std@@QAE@I@Z 0040a720 f i GamePlayer.obj
 0001:00009840       ?do_decimal_point@?$numpunct@D@std@@MBEDXZ 0040a840 f i GamePlayer.obj
 0001:00009850       ?do_thousands_sep@?$numpunct@D@std@@MBEDXZ 0040a850 f i GamePlayer.obj
 0001:00009860       ?do_grouping@?$numpunct@D@std@@MBE?AV?$basic_string@DU?$char_traits@D@std@@V?$allocator@D@2@@2@XZ 0040a860 f i GamePlayer.obj
 0001:00009930       ?do_falsename@?$numpunct@D@std@@MBE?AV?$basic_string@DU?$char_traits@D@std@@V?$allocator@D@2@@2@XZ 0040a930 f i GamePlayer.obj
 0001:00009a00       ?do_truename@?$numpunct@D@std@@MBE?AV?$basic_string@DU?$char_traits@D@std@@V?$allocator@D@2@@2@XZ 0040aa00 f i GamePlayer.obj
 0001:00009ad0       ??_G?$numpunct@D@std@@UAEPAXI@Z 0040aad0 f i GamePlayer.obj
 0001:00009ad0       ??_E?$numpunct@D@std@@UAEPAXI@Z 0040aad0 f i GamePlayer.obj
 0001:00009af0       ??1?$numpunct@D@std@@UAE@XZ 0040aaf0 f i GamePlayer.obj
 0001:00009b20       ?_Save@?$_Tidyfac@V?$num_put@DV?$ostreambuf_iterator@DU?$char_traits@D@std@@@std@@@std@@@std@@SAPAV?$num_put@DV?$ostreambuf_iterator@DU?$char_traits@D@std@@@std@@@2@PAV32@@Z 0040ab20 f i GamePlayer.obj
 0001:00009ba0       ?_Save@?$_Tidyfac@V?$numpunct@D@std@@@std@@SAPAV?$numpunct@D@2@PAV32@@Z 0040aba0 f i GamePlayer.obj
 0001:00009c20       ?_Tidy@?$_Tidyfac@V?$num_put@DV?$ostreambuf_iterator@DU?$char_traits@D@std@@@std@@@std@@@std@@SAXXZ 0040ac20 f i GamePlayer.obj
 0001:00009cc0       ?_Tidy@?$_Tidyfac@V?$numpunct@D@std@@@std@@SAXXZ 0040acc0 f i GamePlayer.obj
 0001:00009db0       ?id@?$numpunct@D@std@@$E   0040adb0 f i GamePlayer.obj
 0001:00009dc0       ?id@?$num_put@DV?$ostreambuf_iterator@DU?$char_traits@D@std@@@$E 0040adc0 f i GamePlayer.obj
 0001:00009ee0       ??1?$map@IV?$list@PAVIGServer@@V?$allocator@PAVIGServer@@@std@@@std@@U?$less@I@2@V?$allocator@V?$list@PAVIGServer@@V?$allocator@PAVIGServer@@@std@@@std@@@2@@std@@QAE@XZ 0040aee0 f i GameServer.obj
 0001:0000a100       ??1?$map@IPAVIGServer@@U?$less@I@std@@V?$allocator@PAVIGServer@@@3@@std@@QAE@XZ 0040b100 f i GameServer.obj
 0001:0000a240       ?SetupGlobalAllocator@CGameServer@@SA_NII@Z 0040b240 f   GameServer.obj
 0001:0000a260       ??0CGameServer@@QAE@PAUIServer@@PAUIClient@@I@Z 0040b260 f   GameServer.obj
 0001:0000a410       ??1IGServer@@UAE@XZ        0040b410 f i GameServer.obj
 0001:0000a420       ??_EIGServer@@UAEPAXI@Z    0040b420 f i GameServer.obj
 0001:0000a420       ??_GIGServer@@UAEPAXI@Z    0040b420 f i GameServer.obj
 0001:0000a440       ?GetID@CGameServer@@UAEIXZ 0040b440 f i GameServer.obj
 0001:0000a450       ?GetCapability@CGameServer@@UAEIXZ 0040b450 f i GameServer.obj
 0001:0000a460       ?GetIP@CGameServer@@UAEIE@Z 0040b460 f i GameServer.obj
 0001:0000a480       ?GetIndentify@CGameServer@@UAEIXZ 0040b480 f i GameServer.obj
 0001:0000a490       ??_GCGameServer@@UAEPAXI@Z 0040b490 f i GameServer.obj
 0001:0000a490       ??_ECGameServer@@UAEPAXI@Z 0040b490 f i GameServer.obj
 0001:0000a4b0       ??1CGameServer@@UAE@XZ     0040b4b0 f   GameServer.obj
 0001:0000a620       ??1?$map@V?$basic_string@DU?$char_traits@D@std@@V?$allocator@D@2@@std@@PAXU?$less@V?$basic_string@DU?$char_traits@D@std@@V?$allocator@D@2@@std@@@2@V?$allocator@PAX@2@@std@@QAE@XZ 0040b620 f i GameServer.obj
 0001:0000a720       ?Create@CGameServer@@UAE_NXZ 0040b720 f   GameServer.obj
 0001:0000a790       ?Destroy@CGameServer@@UAE_NXZ 0040b790 f   GameServer.obj
 0001:0000a9c0       ?GameSvrEventNotify@CGameServer@@SGXPAXABK1@Z 0040b9c0 f   GameServer.obj
 0001:0000ab70       ?Begin@CGameServer@@SA_NPAUIServer@@@Z 0040bb70 f   GameServer.obj
 0001:0000abb0       ?End@CGameServer@@SAXXZ    0040bbb0 f   GameServer.obj
 0001:0000ad50       ?ManagerThreadFunction@CGameServer@@CGKPAX@Z 0040bd50 f   GameServer.obj
 0001:0000ae80       ?AnalyzeRequire@CGameServer@@UAE_NPBXI@Z 0040be80 f   GameServer.obj
 0001:0000aee0       ?LargePackProcess@CGameServer@@IAE_NEPBXI@Z 0040bee0 f   GameServer.obj
 0001:0000aef0       ?SmallPackProcess@CGameServer@@IAE_NEPBXI@Z 0040bef0 f   GameServer.obj
 0001:0000af20       ?DispatchTask@CGameServer@@UAE_NIPBXIG@Z 0040bf20 f   GameServer.obj
 0001:0000af60       ?_QueryMapID@CGameServer@@IAE_NXZ 0040bf60 f   GameServer.obj
 0001:0000afa0       ?_QueryGameSvrInfo@CGameServer@@IAE_NXZ 0040bfa0 f   GameServer.obj
 0001:0000afe0       ?_UpdateMapID@CGameServer@@IAE_NPBXI@Z 0040bfe0 f   GameServer.obj
 0001:0000b010       ?_UpdateGameSvrInfo@CGameServer@@IAE_NPBXI@Z 0040c010 f   GameServer.obj
 0001:0000b1a0       ?_RequestSvrIP@CGameServer@@IAE_NPBXI@Z 0040c1a0 f   GameServer.obj
 0001:0000b230       ?_NotifyPlayerLogin@CGameServer@@IAE_NPBXI@Z 0040c230 f   GameServer.obj
 0001:0000b2f0       ?_RegisterAccount@CGameServer@@IAE_NPBXI@Z 0040c2f0 f   GameServer.obj
 0001:0000b310       ?_NotifyEnterGame@CGameServer@@IAE_NPBXI@Z 0040c310 f   GameServer.obj
 0001:0000b330       ?_NotifyLeaveGame@CGameServer@@IAE_NPBXI@Z 0040c330 f   GameServer.obj
 0001:0000b350       ?PushAccount@CGameServer@@IAE_NPBD@Z 0040c350 f   GameServer.obj
 0001:0000b360       ?PopAccount@CGameServer@@IAE_NPBD_NG@Z 0040c360 f   GameServer.obj
 0001:0000b3a0       ?Attach@CGameServer@@UAE_NPBD@Z 0040c3a0 f   GameServer.obj
 0001:0000b3b0       ?AttatchAccountToGameServer@CGameServer@@AAE_NPBD@Z 0040c3b0 f   GameServer.obj
 0001:0000b520       ??1?$pair@$$CBV?$basic_string@DU?$char_traits@D@std@@V?$allocator@D@2@@std@@PAX@std@@QAE@XZ 0040c520 f i GameServer.obj
 0001:0000b560       ?HaveAccountInGameServer@CGameServer@@AAE_NPBD@Z 0040c560 f   GameServer.obj
 0001:0000b6e0       ?DetachAccountFromGameServer@CGameServer@@AAE_NPBD@Z 0040c6e0 f   GameServer.obj
 0001:0000b840       ?ConsumeMoney@CGameServer@@IAE_NPBD@Z 0040c840 f   GameServer.obj
 0001:0000b950       ?FreezeMoney@CGameServer@@IAE_NPBDG@Z 0040c950 f   GameServer.obj
 0001:0000ba60       ?_PlayerLogicLogout@CGameServer@@IAE_NPBXI@Z 0040ca60 f   GameServer.obj
 0001:0000bad0       ?_SyncRoleInfo@CGameServer@@IAE_NPBXIG@Z 0040cad0 f   GameServer.obj
 0001:0000bc70       ?RegisterServer@CGameServer@@CA_NIPAVIGServer@@@Z 0040cc70 f   GameServer.obj
 0001:0000be40       ??1?$pair@$$CBIV?$list@PAVIGServer@@V?$allocator@PAVIGServer@@@std@@@std@@@std@@QAE@XZ 0040ce40 f i GameServer.obj
 0001:0000be90       ?QueryServer@CGameServer@@SAPAVIGServer@@I@Z 0040ce90 f   GameServer.obj
 0001:0000bf60       ?GetServer@CGameServer@@SAPAVIGServer@@I@Z 0040cf60 f   GameServer.obj
 0001:0000c010       ?GetContent@CGameServer@@UAEIXZ 0040d010 f   GameServer.obj
 0001:0000c040       ?SendToAll@CGameServer@@SAXPBDHI@Z 0040d040 f   GameServer.obj
 0001:0000c110       ?SendText@CGameServer@@UAEXPBDHI@Z 0040d110 f   GameServer.obj
 0001:0000c1c0       ??0?$map@IV?$list@PAVIGServer@@V?$allocator@PAVIGServer@@@std@@@std@@U?$less@I@2@V?$allocator@V?$list@PAVIGServer@@V?$allocator@PAVIGServer@@@std@@@std@@@2@@std@@QAE@ABU?$less@I@1@ABV?$allocator@V?$list@PAVIGServer@@V?$allocator@PAVIGServer@@@std@@@std@@@1@@Z 0040d1c0 f i GameServer.obj
 0001:0000c270       ??1?$list@PAVIGServer@@V?$allocator@PAVIGServer@@@std@@@std@@QAE@XZ 0040d270 f i GameServer.obj
 0001:0000c2c0       ?begin@?$list@PAVIGServer@@V?$allocator@PAVIGServer@@@std@@@std@@QAE?AViterator@12@XZ 0040d2c0 f i GameServer.obj
 0001:0000c2d0       ??Eiterator@?$list@PAVIGServer@@V?$allocator@PAVIGServer@@@std@@@std@@QAE?AV012@H@Z 0040d2d0 f i GameServer.obj
 0001:0000c2e0       ??0?$map@IPAVIGServer@@U?$less@I@std@@V?$allocator@PAVIGServer@@@3@@std@@QAE@ABU?$less@I@1@ABV?$allocator@PAVIGServer@@@1@@Z 0040d2e0 f i GameServer.obj
 0001:0000c390       ?begin@?$_Tree@IU?$pair@$$CBIV?$list@PAVIGServer@@V?$allocator@PAVIGServer@@@std@@@std@@@std@@U_Kfn@?$map@IV?$list@PAVIGServer@@V?$allocator@PAVIGServer@@@std@@@std@@U?$less@I@2@V?$allocator@V?$list@PAVIGServer@@V?$allocator@PAVIGServer@@@std@@@std@@@2@@2@U?$less@I@2@V?$allocator@V?$list@PAVIGServer@@V?$allocator@PAVIGServer@@@std@@@std@@@2@@std@@QAE?AViterator@12@XZ 0040d390 f i GameServer.obj
 0001:0000c3a0       ?insert@?$_Tree@IU?$pair@$$CBIV?$list@PAVIGServer@@V?$allocator@PAVIGServer@@@std@@@std@@@std@@U_Kfn@?$map@IV?$list@PAVIGServer@@V?$allocator@PAVIGServer@@@std@@@std@@U?$less@I@2@V?$allocator@V?$list@PAVIGServer@@V?$allocator@PAVIGServer@@@std@@@std@@@2@@2@U?$less@I@2@V?$allocator@V?$list@PAVIGServer@@V?$allocator@PAVIGServer@@@std@@@std@@@2@@std@@QAE?AU?$pair@Viterator@?$_Tree@IU?$pair@$$CBIV?$list@PAVIGServer@@V?$allocator@PAVIGServer@@@std@@@std@@@std@@U_Kfn@?$map@IV?$list@PAVIGServer@@V?$allocator@PAVIGServer@@@std@@@std@@U?$less@I@2@V?$allocator@V?$list@PAVIGServer@@V?$allocator@PAVIGServer@@@std@@@std@@@2@@2@U?$less@I@2@V?$allocator@V?$list@PAVIGServer@@V?$allocator@PAVIGServer@@@std@@@std@@@2@@std@@_N@2@ABU?$pair@$$CBIV?$list@PAVIGServer@@V?$allocator@PAVIGServer@@@std@@@std@@@2@@Z 0040d3a0 f i GameServer.obj
 0001:0000c610       ?erase@?$_Tree@IU?$pair@$$CBIV?$list@PAVIGServer@@V?$allocator@PAVIGServer@@@std@@@std@@@std@@U_Kfn@?$map@IV?$list@PAVIGServer@@V?$allocator@PAVIGServer@@@std@@@std@@U?$less@I@2@V?$allocator@V?$list@PAVIGServer@@V?$allocator@PAVIGServer@@@std@@@std@@@2@@2@U?$less@I@2@V?$allocator@V?$list@PAVIGServer@@V?$allocator@PAVIGServer@@@std@@@std@@@2@@std@@QAE?AViterator@12@V312@0@Z 0040d610 f i GameServer.obj
 0001:0000c6f0       ?find@?$_Tree@IU?$pair@$$CBIV?$list@PAVIGServer@@V?$allocator@PAVIGServer@@@std@@@std@@@std@@U_Kfn@?$map@IV?$list@PAVIGServer@@V?$allocator@PAVIGServer@@@std@@@std@@U?$less@I@2@V?$allocator@V?$list@PAVIGServer@@V?$allocator@PAVIGServer@@@std@@@std@@@2@@2@U?$less@I@2@V?$allocator@V?$list@PAVIGServer@@V?$allocator@PAVIGServer@@@std@@@std@@@2@@std@@QAE?AViterator@12@ABI@Z 0040d6f0 f i GameServer.obj
 0001:0000c760       ?insert@?$list@PAVIGServer@@V?$allocator@PAVIGServer@@@std@@@std@@QAE?AViterator@12@V312@ABQAVIGServer@@@Z 0040d760 f i GameServer.obj
 0001:0000c7c0       ?erase@?$list@PAVIGServer@@V?$allocator@PAVIGServer@@@std@@@std@@QAE?AViterator@12@V312@0@Z 0040d7c0 f i GameServer.obj
 0001:0000c810       ?_Buynode@?$list@PAVIGServer@@V?$allocator@PAVIGServer@@@std@@@std@@IAEPAU_Node@12@PAU312@0@Z 0040d810 f i GameServer.obj
 0001:0000c840       ?begin@?$_Tree@IU?$pair@$$CBIPAVIGServer@@@std@@U_Kfn@?$map@IPAVIGServer@@U?$less@I@std@@V?$allocator@PAVIGServer@@@3@@2@U?$less@I@2@V?$allocator@PAVIGServer@@@2@@std@@QAE?AViterator@12@XZ 0040d840 f i GameServer.obj
 0001:0000c850       ?insert@?$_Tree@IU?$pair@$$CBIPAVIGServer@@@std@@U_Kfn@?$map@IPAVIGServer@@U?$less@I@std@@V?$allocator@PAVIGServer@@@3@@2@U?$less@I@2@V?$allocator@PAVIGServer@@@2@@std@@QAE?AU?$pair@Viterator@?$_Tree@IU?$pair@$$CBIPAVIGServer@@@std@@U_Kfn@?$map@IPAVIGServer@@U?$less@I@std@@V?$allocator@PAVIGServer@@@3@@2@U?$less@I@2@V?$allocator@PAVIGServer@@@2@@std@@_N@2@ABU?$pair@$$CBIPAVIGServer@@@2@@Z 0040d850 f i GameServer.obj
 0001:0000cac0       ?erase@?$_Tree@IU?$pair@$$CBIPAVIGServer@@@std@@U_Kfn@?$map@IPAVIGServer@@U?$less@I@std@@V?$allocator@PAVIGServer@@@3@@2@U?$less@I@2@V?$allocator@PAVIGServer@@@2@@std@@QAE?AViterator@12@V312@@Z 0040dac0 f i GameServer.obj
 0001:0000cec0       ?begin@?$_Tree@V?$basic_string@DU?$char_traits@D@std@@V?$allocator@D@2@@std@@U?$pair@$$CBV?$basic_string@DU?$char_traits@D@std@@V?$allocator@D@2@@std@@PAX@2@U_Kfn@?$map@V?$basic_string@DU?$char_traits@D@std@@V?$allocator@D@2@@std@@PAXU?$less@V?$basic_string@DU?$char_traits@D@std@@V?$allocator@D@2@@std@@@2@V?$allocator@PAX@2@@2@U?$less@V?$basic_string@DU?$char_traits@D@std@@V?$allocator@D@2@@std@@@2@V?$allocator@PAX@2@@std@@QAE?AViterator@12@XZ 0040dec0 f i GameServer.obj
 0001:0000ced0       ?insert@?$_Tree@V?$basic_string@DU?$char_traits@D@std@@V?$allocator@D@2@@std@@U?$pair@$$CBV?$basic_string@DU?$char_traits@D@std@@V?$allocator@D@2@@std@@PAX@2@U_Kfn@?$map@V?$basic_string@DU?$char_traits@D@std@@V?$allocator@D@2@@std@@PAXU?$less@V?$basic_string@DU?$char_traits@D@std@@V?$allocator@D@2@@std@@@2@V?$allocator@PAX@2@@2@U?$less@V?$basic_string@DU?$char_traits@D@std@@V?$allocator@D@2@@std@@@2@V?$allocator@PAX@2@@std@@QAE?AU?$pair@Viterator@?$_Tree@V?$basic_string@DU?$char_traits@D@std@@V?$allocator@D@2@@std@@U?$pair@$$CBV?$basic_string@DU?$char_traits@D@std@@V?$allocator@D@2@@std@@PAX@2@U_Kfn@?$map@V?$basic_string@DU?$char_traits@D@std@@V?$allocator@D@2@@std@@PAXU?$less@V?$basic_string@DU?$char_traits@D@std@@V?$allocator@D@2@@std@@@2@V?$allocator@PAX@2@@2@U?$less@V?$basic_string@DU?$char_traits@D@std@@V?$allocator@D@2@@std@@@2@V?$allocator@PAX@2@@std@@_N@2@ABU?$pair@$$CBV?$basic_string@DU?$char_traits@D@std@@V?$allocator@D@2@@std@@PAX@2@@Z 0040ded0 f i GameServer.obj
 0001:0000d180       ?erase@?$_Tree@V?$basic_string@DU?$char_traits@D@std@@V?$allocator@D@2@@std@@U?$pair@$$CBV?$basic_string@DU?$char_traits@D@std@@V?$allocator@D@2@@std@@PAX@2@U_Kfn@?$map@V?$basic_string@DU?$char_traits@D@std@@V?$allocator@D@2@@std@@PAXU?$less@V?$basic_string@DU?$char_traits@D@std@@V?$allocator@D@2@@std@@@2@V?$allocator@PAX@2@@2@U?$less@V?$basic_string@DU?$char_traits@D@std@@V?$allocator@D@2@@std@@@2@V?$allocator@PAX@2@@std@@QAE?AViterator@12@V312@@Z 0040e180 f i GameServer.obj
 0001:0000d5b0       ?erase@?$_Tree@V?$basic_string@DU?$char_traits@D@std@@V?$allocator@D@2@@std@@U?$pair@$$CBV?$basic_string@DU?$char_traits@D@std@@V?$allocator@D@2@@std@@PAX@2@U_Kfn@?$map@V?$basic_string@DU?$char_traits@D@std@@V?$allocator@D@2@@std@@PAXU?$less@V?$basic_string@DU?$char_traits@D@std@@V?$allocator@D@2@@std@@@2@V?$allocator@PAX@2@@2@U?$less@V?$basic_string@DU?$char_traits@D@std@@V?$allocator@D@2@@std@@@2@V?$allocator@PAX@2@@std@@QAE?AViterator@12@V312@0@Z 0040e5b0 f i GameServer.obj
 0001:0000d690       ?find@?$_Tree@V?$basic_string@DU?$char_traits@D@std@@V?$allocator@D@2@@std@@U?$pair@$$CBV?$basic_string@DU?$char_traits@D@std@@V?$allocator@D@2@@std@@PAX@2@U_Kfn@?$map@V?$basic_string@DU?$char_traits@D@std@@V?$allocator@D@2@@std@@PAXU?$less@V?$basic_string@DU?$char_traits@D@std@@V?$allocator@D@2@@std@@@2@V?$allocator@PAX@2@@2@U?$less@V?$basic_string@DU?$char_traits@D@std@@V?$allocator@D@2@@std@@@2@V?$allocator@PAX@2@@std@@QAE?AViterator@12@ABV?$basic_string@DU?$char_traits@D@std@@V?$allocator@D@2@@2@@Z 0040e690 f i GameServer.obj
 0001:0000d740       ??0?$pair@Viterator@?$_Tree@V?$basic_string@DU?$char_traits@D@std@@V?$allocator@D@2@@std@@U?$pair@$$CBV?$basic_string@DU?$char_traits@D@std@@V?$allocator@D@2@@std@@PAX@2@U_Kfn@?$map@V?$basic_string@DU?$char_traits@D@std@@V?$allocator@D@2@@std@@PAXU?$less@V?$basic_string@DU?$char_traits@D@std@@V?$allocator@D@2@@std@@@2@V?$allocator@PAX@2@@2@U?$less@V?$basic_string@DU?$char_traits@D@std@@V?$allocator@D@2@@std@@@2@V?$allocator@PAX@2@@std@@_N@std@@QAE@ABViterator@?$_Tree@V?$basic_string@DU?$char_traits@D@std@@V?$allocator@D@2@@std@@U?$pair@$$CBV?$basic_string@DU?$char_traits@D@std@@V?$allocator@D@2@@std@@PAX@2@U_Kfn@?$map@V?$basic_string@DU?$char_traits@D@std@@V?$allocator@D@2@@std@@PAXU?$less@V?$basic_string@DU?$char_traits@D@std@@V?$allocator@D@2@@std@@@2@V?$allocator@PAX@2@@2@U?$less@V?$basic_string@DU?$char_traits@D@std@@V?$allocator@D@2@@std@@@2@V?$allocator@PAX@2@@1@AB_N@Z 0040e740 f i GameServer.obj
 0001:0000d760       ?erase@?$_Tree@IU?$pair@$$CBIV?$list@PAVIGServer@@V?$allocator@PAVIGServer@@@std@@@std@@@std@@U_Kfn@?$map@IV?$list@PAVIGServer@@V?$allocator@PAVIGServer@@@std@@@std@@U?$less@I@2@V?$allocator@V?$list@PAVIGServer@@V?$allocator@PAVIGServer@@@std@@@std@@@2@@2@U?$less@I@2@V?$allocator@V?$list@PAVIGServer@@V?$allocator@PAVIGServer@@@std@@@std@@@2@@std@@QAE?AViterator@12@V312@@Z 0040e760 f i GameServer.obj
 0001:0000dc10       ?_Next@_Acc@?$list@PAVIGServer@@V?$allocator@PAVIGServer@@@std@@@std@@SAAAPAU_Node@23@PAU423@@Z 0040ec10 f i GameServer.obj
 0001:0000dc20       ?_Erase@?$_Tree@IU?$pair@$$CBIV?$list@PAVIGServer@@V?$allocator@PAVIGServer@@@std@@@std@@@std@@U_Kfn@?$map@IV?$list@PAVIGServer@@V?$allocator@PAVIGServer@@@std@@@std@@U?$less@I@2@V?$allocator@V?$list@PAVIGServer@@V?$allocator@PAVIGServer@@@std@@@std@@@2@@2@U?$less@I@2@V?$allocator@V?$list@PAVIGServer@@V?$allocator@PAVIGServer@@@std@@@std@@@2@@std@@IAEXPAU_Node@12@@Z 0040ec20 f i GameServer.obj
 0001:0000dc70       ?_Insert@?$_Tree@IU?$pair@$$CBIV?$list@PAVIGServer@@V?$allocator@PAVIGServer@@@std@@@std@@@std@@U_Kfn@?$map@IV?$list@PAVIGServer@@V?$allocator@PAVIGServer@@@std@@@std@@U?$less@I@2@V?$allocator@V?$list@PAVIGServer@@V?$allocator@PAVIGServer@@@std@@@std@@@2@@2@U?$less@I@2@V?$allocator@V?$list@PAVIGServer@@V?$allocator@PAVIGServer@@@std@@@std@@@2@@std@@IAE?AViterator@12@PAU_Node@12@0ABU?$pair@$$CBIV?$list@PAVIGServer@@V?$allocator@PAVIGServer@@@std@@@std@@@2@@Z 0040ec70 f i GameServer.obj
 0001:0000dee0       ?begin@?$list@PAVIGServer@@V?$allocator@PAVIGServer@@@std@@@std@@QBE?AVconst_iterator@12@XZ 0040eee0 f i GameServer.obj
 0001:0000def0       ?end@?$list@PAVIGServer@@V?$allocator@PAVIGServer@@@std@@@std@@QBE?AVconst_iterator@12@XZ 0040eef0 f i GameServer.obj
 0001:0000df00       ?insert@?$list@PAVIGServer@@V?$allocator@PAVIGServer@@@std@@@std@@QAEXViterator@12@Vconst_iterator@12@1@Z 0040ef00 f i GameServer.obj
 0001:0000df70       ?deallocate@?$allocator@PAVIGServer@@@std@@QAEXPAXI@Z 0040ef70 f i GameServer.obj
 0001:0000df80       ?_Inc@const_iterator@?$_Tree@IU?$pair@$$CBIV?$list@PAVIGServer@@V?$allocator@PAVIGServer@@@std@@@std@@@std@@U_Kfn@?$map@IV?$list@PAVIGServer@@V?$allocator@PAVIGServer@@@std@@@std@@U?$less@I@2@V?$allocator@V?$list@PAVIGServer@@V?$allocator@PAVIGServer@@@std@@@std@@@2@@2@U?$less@I@2@V?$allocator@V?$list@PAVIGServer@@V?$allocator@PAVIGServer@@@std@@@std@@@2@@std@@QAEXXZ 0040ef80 f i GameServer.obj
 0001:0000dfd0       ?lower_bound@?$_Tree@IU?$pair@$$CBIPAVIGServer@@@std@@U_Kfn@?$map@IPAVIGServer@@U?$less@I@std@@V?$allocator@PAVIGServer@@@3@@2@U?$less@I@2@V?$allocator@PAVIGServer@@@2@@std@@QAE?AViterator@12@ABI@Z 0040efd0 f i GameServer.obj
 0001:0000e010       ?_Erase@?$_Tree@IU?$pair@$$CBIPAVIGServer@@@std@@U_Kfn@?$map@IPAVIGServer@@U?$less@I@std@@V?$allocator@PAVIGServer@@@3@@2@U?$less@I@2@V?$allocator@PAVIGServer@@@2@@std@@IAEXPAU_Node@12@@Z 0040f010 f i GameServer.obj
 0001:0000e050       ?_Insert@?$_Tree@IU?$pair@$$CBIPAVIGServer@@@std@@U_Kfn@?$map@IPAVIGServer@@U?$less@I@std@@V?$allocator@PAVIGServer@@@3@@2@U?$less@I@2@V?$allocator@PAVIGServer@@@2@@std@@IAE?AViterator@12@PAU_Node@12@0ABU?$pair@$$CBIPAVIGServer@@@2@@Z 0040f050 f i GameServer.obj
 0001:0000e2c0       ?_Lrotate@?$_Tree@IU?$pair@$$CBIPAVIGServer@@@std@@U_Kfn@?$map@IPAVIGServer@@U?$less@I@std@@V?$allocator@PAVIGServer@@@3@@2@U?$less@I@2@V?$allocator@PAVIGServer@@@2@@std@@IAEXPAU_Node@12@@Z 0040f2c0 f i GameServer.obj
 0001:0000e320       ?_Min@?$_Tree@IU?$pair@$$CBIPAVIGServer@@@std@@U_Kfn@?$map@IPAVIGServer@@U?$less@I@std@@V?$allocator@PAVIGServer@@@3@@2@U?$less@I@2@V?$allocator@PAVIGServer@@@2@@std@@KAPAU_Node@12@PAU312@@Z 0040f320 f i GameServer.obj
 0001:0000e340       ?_Rrotate@?$_Tree@IU?$pair@$$CBIPAVIGServer@@@std@@U_Kfn@?$map@IPAVIGServer@@U?$less@I@std@@V?$allocator@PAVIGServer@@@3@@2@U?$less@I@2@V?$allocator@PAVIGServer@@@2@@std@@IAEXPAU_Node@12@@Z 0040f340 f i GameServer.obj
 0001:0000e3a0       ?_Inc@const_iterator@?$_Tree@IU?$pair@$$CBIPAVIGServer@@@std@@U_Kfn@?$map@IPAVIGServer@@U?$less@I@std@@V?$allocator@PAVIGServer@@@3@@2@U?$less@I@2@V?$allocator@PAVIGServer@@@2@@std@@QAEXXZ 0040f3a0 f i GameServer.obj
 0001:0000e3f0       ?lower_bound@?$_Tree@V?$basic_string@DU?$char_traits@D@std@@V?$allocator@D@2@@std@@U?$pair@$$CBV?$basic_string@DU?$char_traits@D@std@@V?$allocator@D@2@@std@@PAX@2@U_Kfn@?$map@V?$basic_string@DU?$char_traits@D@std@@V?$allocator@D@2@@std@@PAXU?$less@V?$basic_string@DU?$char_traits@D@std@@V?$allocator@D@2@@std@@@2@V?$allocator@PAX@2@@2@U?$less@V?$basic_string@DU?$char_traits@D@std@@V?$allocator@D@2@@std@@@2@V?$allocator@PAX@2@@std@@QAE?AViterator@12@ABV?$basic_string@DU?$char_traits@D@std@@V?$allocator@D@2@@2@@Z 0040f3f0 f i GameServer.obj
 0001:0000e460       ?_Erase@?$_Tree@V?$basic_string@DU?$char_traits@D@std@@V?$allocator@D@2@@std@@U?$pair@$$CBV?$basic_string@DU?$char_traits@D@std@@V?$allocator@D@2@@std@@PAX@2@U_Kfn@?$map@V?$basic_string@DU?$char_traits@D@std@@V?$allocator@D@2@@std@@PAXU?$less@V?$basic_string@DU?$char_traits@D@std@@V?$allocator@D@2@@std@@@2@V?$allocator@PAX@2@@2@U?$less@V?$basic_string@DU?$char_traits@D@std@@V?$allocator@D@2@@std@@@2@V?$allocator@PAX@2@@std@@IAEXPAU_Node@12@@Z 0040f460 f i GameServer.obj
 0001:0000e4b0       ?_Insert@?$_Tree@V?$basic_string@DU?$char_traits@D@std@@V?$allocator@D@2@@std@@U?$pair@$$CBV?$basic_string@DU?$char_traits@D@std@@V?$allocator@D@2@@std@@PAX@2@U_Kfn@?$map@V?$basic_string@DU?$char_traits@D@std@@V?$allocator@D@2@@std@@PAXU?$less@V?$basic_string@DU?$char_traits@D@std@@V?$allocator@D@2@@std@@@2@V?$allocator@PAX@2@@2@U?$less@V?$basic_string@DU?$char_traits@D@std@@V?$allocator@D@2@@std@@@2@V?$allocator@PAX@2@@std@@IAE?AViterator@12@PAU_Node@12@0ABU?$pair@$$CBV?$basic_string@DU?$char_traits@D@std@@V?$allocator@D@2@@std@@PAX@2@@Z 0040f4b0 f i GameServer.obj
 0001:0000e720       ?_Lrotate@?$_Tree@V?$basic_string@DU?$char_traits@D@std@@V?$allocator@D@2@@std@@U?$pair@$$CBV?$basic_string@DU?$char_traits@D@std@@V?$allocator@D@2@@std@@PAX@2@U_Kfn@?$map@V?$basic_string@DU?$char_traits@D@std@@V?$allocator@D@2@@std@@PAXU?$less@V?$basic_string@DU?$char_traits@D@std@@V?$allocator@D@2@@std@@@2@V?$allocator@PAX@2@@2@U?$less@V?$basic_string@DU?$char_traits@D@std@@V?$allocator@D@2@@std@@@2@V?$allocator@PAX@2@@std@@IAEXPAU_Node@12@@Z 0040f720 f i GameServer.obj
 0001:0000e780       ?_Min@?$_Tree@V?$basic_string@DU?$char_traits@D@std@@V?$allocator@D@2@@std@@U?$pair@$$CBV?$basic_string@DU?$char_traits@D@std@@V?$allocator@D@2@@std@@PAX@2@U_Kfn@?$map@V?$basic_string@DU?$char_traits@D@std@@V?$allocator@D@2@@std@@PAXU?$less@V?$basic_string@DU?$char_traits@D@std@@V?$allocator@D@2@@std@@@2@V?$allocator@PAX@2@@2@U?$less@V?$basic_string@DU?$char_traits@D@std@@V?$allocator@D@2@@std@@@2@V?$allocator@PAX@2@@std@@KAPAU_Node@12@PAU312@@Z 0040f780 f i GameServer.obj
 0001:0000e7a0       ?_Rrotate@?$_Tree@V?$basic_string@DU?$char_traits@D@std@@V?$allocator@D@2@@std@@U?$pair@$$CBV?$basic_string@DU?$char_traits@D@std@@V?$allocator@D@2@@std@@PAX@2@U_Kfn@?$map@V?$basic_string@DU?$char_traits@D@std@@V?$allocator@D@2@@std@@PAXU?$less@V?$basic_string@DU?$char_traits@D@std@@V?$allocator@D@2@@std@@@2@V?$allocator@PAX@2@@2@U?$less@V?$basic_string@DU?$char_traits@D@std@@V?$allocator@D@2@@std@@@2@V?$allocator@PAX@2@@std@@IAEXPAU_Node@12@@Z 0040f7a0 f i GameServer.obj
 0001:0000e800       ?_Inc@const_iterator@?$_Tree@V?$basic_string@DU?$char_traits@D@std@@V?$allocator@D@2@@std@@U?$pair@$$CBV?$basic_string@DU?$char_traits@D@std@@V?$allocator@D@2@@std@@PAX@2@U_Kfn@?$map@V?$basic_string@DU?$char_traits@D@std@@V?$allocator@D@2@@std@@PAXU?$less@V?$basic_string@DU?$char_traits@D@std@@V?$allocator@D@2@@std@@@2@V?$allocator@PAX@2@@2@U?$less@V?$basic_string@DU?$char_traits@D@std@@V?$allocator@D@2@@std@@@2@V?$allocator@PAX@2@@std@@QAEXXZ 0040f800 f i GameServer.obj
 0001:0000e850       ?_Lrotate@?$_Tree@IU?$pair@$$CBIV?$list@PAVIGServer@@V?$allocator@PAVIGServer@@@std@@@std@@@std@@U_Kfn@?$map@IV?$list@PAVIGServer@@V?$allocator@PAVIGServer@@@std@@@std@@U?$less@I@2@V?$allocator@V?$list@PAVIGServer@@V?$allocator@PAVIGServer@@@std@@@std@@@2@@2@U?$less@I@2@V?$allocator@V?$list@PAVIGServer@@V?$allocator@PAVIGServer@@@std@@@std@@@2@@std@@IAEXPAU_Node@12@@Z 0040f850 f i GameServer.obj
 0001:0000e8b0       ?_Min@?$_Tree@IU?$pair@$$CBIV?$list@PAVIGServer@@V?$allocator@PAVIGServer@@@std@@@std@@@std@@U_Kfn@?$map@IV?$list@PAVIGServer@@V?$allocator@PAVIGServer@@@std@@@std@@U?$less@I@2@V?$allocator@V?$list@PAVIGServer@@V?$allocator@PAVIGServer@@@std@@@std@@@2@@2@U?$less@I@2@V?$allocator@V?$list@PAVIGServer@@V?$allocator@PAVIGServer@@@std@@@std@@@2@@std@@KAPAU_Node@12@PAU312@@Z 0040f8b0 f i GameServer.obj
 0001:0000e8d0       ?_Rrotate@?$_Tree@IU?$pair@$$CBIV?$list@PAVIGServer@@V?$allocator@PAVIGServer@@@std@@@std@@@std@@U_Kfn@?$map@IV?$list@PAVIGServer@@V?$allocator@PAVIGServer@@@std@@@std@@U?$less@I@2@V?$allocator@V?$list@PAVIGServer@@V?$allocator@PAVIGServer@@@std@@@std@@@2@@2@U?$less@I@2@V?$allocator@V?$list@PAVIGServer@@V?$allocator@PAVIGServer@@@std@@@std@@@2@@std@@IAEXPAU_Node@12@@Z 0040f8d0 f i GameServer.obj
 0001:0000e930       ?_Buynode@?$_Tree@IU?$pair@$$CBIV?$list@PAVIGServer@@V?$allocator@PAVIGServer@@@std@@@std@@@std@@U_Kfn@?$map@IV?$list@PAVIGServer@@V?$allocator@PAVIGServer@@@std@@@std@@U?$less@I@2@V?$allocator@V?$list@PAVIGServer@@V?$allocator@PAVIGServer@@@std@@@std@@@2@@2@U?$less@I@2@V?$allocator@V?$list@PAVIGServer@@V?$allocator@PAVIGServer@@@std@@@std@@@2@@std@@IAEPAU_Node@12@PAU312@W4_Redbl@12@@Z 0040f930 f i GameServer.obj
 0001:0000e950       ?_Dec@const_iterator@?$_Tree@IU?$pair@$$CBIV?$list@PAVIGServer@@V?$allocator@PAVIGServer@@@std@@@std@@@std@@U_Kfn@?$map@IV?$list@PAVIGServer@@V?$allocator@PAVIGServer@@@std@@@std@@U?$less@I@2@V?$allocator@V?$list@PAVIGServer@@V?$allocator@PAVIGServer@@@std@@@std@@@2@@2@U?$less@I@2@V?$allocator@V?$list@PAVIGServer@@V?$allocator@PAVIGServer@@@std@@@std@@@2@@std@@QAEXXZ 0040f950 f i GameServer.obj
 0001:0000e9b0       ?_Lbound@?$_Tree@IU?$pair@$$CBIPAVIGServer@@@std@@U_Kfn@?$map@IPAVIGServer@@U?$less@I@std@@V?$allocator@PAVIGServer@@@3@@2@U?$less@I@2@V?$allocator@PAVIGServer@@@2@@std@@IBEPAU_Node@12@ABI@Z 0040f9b0 f i GameServer.obj
 0001:0000e9e0       ?_Buynode@?$_Tree@IU?$pair@$$CBIPAVIGServer@@@std@@U_Kfn@?$map@IPAVIGServer@@U?$less@I@std@@V?$allocator@PAVIGServer@@@3@@2@U?$less@I@2@V?$allocator@PAVIGServer@@@2@@std@@IAEPAU_Node@12@PAU312@W4_Redbl@12@@Z 0040f9e0 f i GameServer.obj
 0001:0000ea00       ?_Dec@const_iterator@?$_Tree@IU?$pair@$$CBIPAVIGServer@@@std@@U_Kfn@?$map@IPAVIGServer@@U?$less@I@std@@V?$allocator@PAVIGServer@@@3@@2@U?$less@I@2@V?$allocator@PAVIGServer@@@2@@std@@QAEXXZ 0040fa00 f i GameServer.obj
 0001:0000ea60       ?_Buynode@?$_Tree@V?$basic_string@DU?$char_traits@D@std@@V?$allocator@D@2@@std@@U?$pair@$$CBV?$basic_string@DU?$char_traits@D@std@@V?$allocator@D@2@@std@@PAX@2@U_Kfn@?$map@V?$basic_string@DU?$char_traits@D@std@@V?$allocator@D@2@@std@@PAXU?$less@V?$basic_string@DU?$char_traits@D@std@@V?$allocator@D@2@@std@@@2@V?$allocator@PAX@2@@2@U?$less@V?$basic_string@DU?$char_traits@D@std@@V?$allocator@D@2@@std@@@2@V?$allocator@PAX@2@@std@@IAEPAU_Node@12@PAU312@W4_Redbl@12@@Z 0040fa60 f i GameServer.obj
 0001:0000ea80       ?_Dec@const_iterator@?$_Tree@V?$basic_string@DU?$char_traits@D@std@@V?$allocator@D@2@@std@@U?$pair@$$CBV?$basic_string@DU?$char_traits@D@std@@V?$allocator@D@2@@std@@PAX@2@U_Kfn@?$map@V?$basic_string@DU?$char_traits@D@std@@V?$allocator@D@2@@std@@PAXU?$less@V?$basic_string@DU?$char_traits@D@std@@V?$allocator@D@2@@std@@@2@V?$allocator@PAX@2@@2@U?$less@V?$basic_string@DU?$char_traits@D@std@@V?$allocator@D@2@@std@@@2@V?$allocator@PAX@2@@std@@QAEXXZ 0040fa80 f i GameServer.obj
 0001:0000eae0       ?_Destroy@std@@YAXPAPAVIGServer@@@Z 0040fae0 f i GameServer.obj
 0001:0000eaf0       ?_Construct@std@@YAXPAU?$pair@$$CBIV?$list@PAVIGServer@@V?$allocator@PAVIGServer@@@std@@@std@@@1@ABU21@@Z 0040faf0 f i GameServer.obj
 0001:0000ebb0       ?_Construct@std@@YAXPAU?$pair@$$CBIPAVIGServer@@@1@ABU21@@Z 0040fbb0 f i GameServer.obj
 0001:0000ebd0       ?_Construct@std@@YAXPAU?$pair@$$CBV?$basic_string@DU?$char_traits@D@std@@V?$allocator@D@2@@std@@PAX@1@ABU21@@Z 0040fbd0 f i GameServer.obj
 0001:0000ed20       ??_G?$pair@$$CBV?$basic_string@DU?$char_traits@D@std@@V?$allocator@D@2@@std@@PAX@std@@QAEPAXI@Z 0040fd20 f i GameServer.obj
 0001:0000ed40       ??_G?$pair@$$CBIV?$list@PAVIGServer@@V?$allocator@PAVIGServer@@@std@@@std@@@std@@QAEPAXI@Z 0040fd40 f i GameServer.obj
 0001:0000ee30       ??0CIntercessor@@QAE@KAAVCNetwork@@@Z 0040fe30 f   Intercessor.obj
 0001:0000ef70       ??_GCIntercessor@@UAEPAXI@Z 0040ff70 f i Intercessor.obj
 0001:0000ef70       ??_ECIntercessor@@UAEPAXI@Z 0040ff70 f i Intercessor.obj
 0001:0000ef90       ??1CIntercessor@@UAE@XZ    0040ff90 f   Intercessor.obj
 0001:0000f0f0       ?Create@CIntercessor@@QAE_NPAUHWND__@@@Z 004100f0 f   Intercessor.obj
 0001:0000f170       ?Destroy@CIntercessor@@QAEXXZ 00410170 f   Intercessor.obj
 0001:0000f1c0       ?DBRoleEventNotify@CIntercessor@@SGXPAXABK@Z 004101c0 f   Intercessor.obj
 0001:0000f210       ?_DBRoleEventNotify@CIntercessor@@IAEXABK@Z 00410210 f   Intercessor.obj
 0001:0000f250       ?PlayerEventNotify@CIntercessor@@SGXPAXABK1@Z 00410250 f   Intercessor.obj
 0001:0000f2a0       ?_PlayerEventNotify@CIntercessor@@IAEXABK0@Z 004102a0 f   Intercessor.obj
 0001:0000f3b0       ?StartupNetwork@CIntercessor@@IAE_NXZ 004103b0 f   Intercessor.obj
 0001:0000f710       ?CleanNetwork@CIntercessor@@IAEXXZ 00410710 f   Intercessor.obj
 0001:0000f910       ?WorkingThreadFunction@CIntercessor@@KGKPAX@Z 00410910 f   Intercessor.obj
 0001:0000f970       ?Working@CIntercessor@@IAEHXZ 00410970 f   Intercessor.obj
 0001:0000fa90       ?HelperThreadFunction@CIntercessor@@KGKPAX@Z 00410a90 f   Intercessor.obj
 0001:0000faf0       ?Helper@CIntercessor@@IAEHXZ 00410af0 f   Intercessor.obj
 0001:0000fd10       ?AnalyzePlayerRequire@CIntercessor@@IAE_NIPBXI@Z 00410d10 f   Intercessor.obj
 0001:0000fe30       ?GetGameServerCount@CIntercessor@@QAEIXZ 00410e30 f   Intercessor.obj
 0001:0000fe50       ?GetGameServerInfo@CIntercessor@@QAEPBDABK@Z 00410e50 f   Intercessor.obj
 0001:0000fe70       ??Eiterator@?$_Tree@IU?$pair@$$CBIPAVIPlayer@@@std@@U_Kfn@?$map@IPAVIPlayer@@U?$less@I@std@@V?$allocator@PAVIPlayer@@@3@@2@U?$less@I@2@V?$allocator@PAVIPlayer@@@2@@std@@QAE?AV012@H@Z 00410e70 f i Intercessor.obj
 0001:0000fed0       ?begin@?$_Tree@IU?$pair@$$CBIPAVIPlayer@@@std@@U_Kfn@?$map@IPAVIPlayer@@U?$less@I@std@@V?$allocator@PAVIPlayer@@@3@@2@U?$less@I@2@V?$allocator@PAVIPlayer@@@2@@std@@QAE?AViterator@12@XZ 00410ed0 f i Intercessor.obj
 0001:0000fee0       ?insert@?$_Tree@IU?$pair@$$CBIPAVIPlayer@@@std@@U_Kfn@?$map@IPAVIPlayer@@U?$less@I@std@@V?$allocator@PAVIPlayer@@@3@@2@U?$less@I@2@V?$allocator@PAVIPlayer@@@2@@std@@QAE?AU?$pair@Viterator@?$_Tree@IU?$pair@$$CBIPAVIPlayer@@@std@@U_Kfn@?$map@IPAVIPlayer@@U?$less@I@std@@V?$allocator@PAVIPlayer@@@3@@2@U?$less@I@2@V?$allocator@PAVIPlayer@@@2@@std@@_N@2@ABU?$pair@$$CBIPAVIPlayer@@@2@@Z 00410ee0 f i Intercessor.obj
 0001:00010150       ?erase@?$_Tree@IU?$pair@$$CBIPAVIPlayer@@@std@@U_Kfn@?$map@IPAVIPlayer@@U?$less@I@std@@V?$allocator@PAVIPlayer@@@3@@2@U?$less@I@2@V?$allocator@PAVIPlayer@@@2@@std@@QAE?AViterator@12@V312@@Z 00411150 f i Intercessor.obj
 0001:00010550       ?_Erase@?$_Tree@IU?$pair@$$CBIPAVIPlayer@@@std@@U_Kfn@?$map@IPAVIPlayer@@U?$less@I@std@@V?$allocator@PAVIPlayer@@@3@@2@U?$less@I@2@V?$allocator@PAVIPlayer@@@2@@std@@IAEXPAU_Node@12@@Z 00411550 f i Intercessor.obj
 0001:00010590       ?_Inc@const_iterator@?$_Tree@IU?$pair@$$CBIPAVIPlayer@@@std@@U_Kfn@?$map@IPAVIPlayer@@U?$less@I@std@@V?$allocator@PAVIPlayer@@@3@@2@U?$less@I@2@V?$allocator@PAVIPlayer@@@2@@std@@QAEXXZ 00411590 f i Intercessor.obj
 0001:000105e0       ??0?$pair@Viterator@?$_Tree@IU?$pair@$$CBIPAVIPlayer@@@std@@U_Kfn@?$map@IPAVIPlayer@@U?$less@I@std@@V?$allocator@PAVIPlayer@@@3@@2@U?$less@I@2@V?$allocator@PAVIPlayer@@@2@@std@@_N@std@@QAE@ABViterator@?$_Tree@IU?$pair@$$CBIPAVIPlayer@@@std@@U_Kfn@?$map@IPAVIPlayer@@U?$less@I@std@@V?$allocator@PAVIPlayer@@@3@@2@U?$less@I@2@V?$allocator@PAVIPlayer@@@2@@1@AB_N@Z 004115e0 f i Intercessor.obj
 0001:00010600       ?_Insert@?$_Tree@IU?$pair@$$CBIPAVIPlayer@@@std@@U_Kfn@?$map@IPAVIPlayer@@U?$less@I@std@@V?$allocator@PAVIPlayer@@@3@@2@U?$less@I@2@V?$allocator@PAVIPlayer@@@2@@std@@IAE?AViterator@12@PAU_Node@12@0ABU?$pair@$$CBIPAVIPlayer@@@2@@Z 00411600 f i Intercessor.obj
 0001:00010870       ?_Lbound@?$_Tree@IU?$pair@$$CBIPAVIPlayer@@@std@@U_Kfn@?$map@IPAVIPlayer@@U?$less@I@std@@V?$allocator@PAVIPlayer@@@3@@2@U?$less@I@2@V?$allocator@PAVIPlayer@@@2@@std@@IBEPAU_Node@12@ABI@Z 00411870 f i Intercessor.obj
 0001:000108a0       ?_Lrotate@?$_Tree@IU?$pair@$$CBIPAVIPlayer@@@std@@U_Kfn@?$map@IPAVIPlayer@@U?$less@I@std@@V?$allocator@PAVIPlayer@@@3@@2@U?$less@I@2@V?$allocator@PAVIPlayer@@@2@@std@@IAEXPAU_Node@12@@Z 004118a0 f i Intercessor.obj
 0001:00010900       ?_Rrotate@?$_Tree@IU?$pair@$$CBIPAVIPlayer@@@std@@U_Kfn@?$map@IPAVIPlayer@@U?$less@I@std@@V?$allocator@PAVIPlayer@@@3@@2@U?$less@I@2@V?$allocator@PAVIPlayer@@@2@@std@@IAEXPAU_Node@12@@Z 00411900 f i Intercessor.obj
 0001:00010960       ?_Buynode@?$_Tree@IU?$pair@$$CBIPAVIPlayer@@@std@@U_Kfn@?$map@IPAVIPlayer@@U?$less@I@std@@V?$allocator@PAVIPlayer@@@3@@2@U?$less@I@2@V?$allocator@PAVIPlayer@@@2@@std@@IAEPAU_Node@12@PAU312@W4_Redbl@12@@Z 00411960 f i Intercessor.obj
 0001:00010980       ?_Dec@const_iterator@?$_Tree@IU?$pair@$$CBIPAVIPlayer@@@std@@U_Kfn@?$map@IPAVIPlayer@@U?$less@I@std@@V?$allocator@PAVIPlayer@@@3@@2@U?$less@I@2@V?$allocator@PAVIPlayer@@@2@@std@@QAEXXZ 00411980 f i Intercessor.obj
 0001:000109e0       ?_Construct@std@@YAXPAU?$pair@$$CBIPAVIPlayer@@@1@ABU21@@Z 004119e0 f i Intercessor.obj
 0001:00010ad0       ??0CNetwork@@QAE@XZ        00411ad0 f   Network.obj
 0001:00010b10       ??_ECNetwork@@UAEPAXI@Z    00411b10 f i Network.obj
 0001:00010b10       ??_GCNetwork@@UAEPAXI@Z    00411b10 f i Network.obj
 0001:00010b30       ??1CNetwork@@UAE@XZ        00411b30 f   Network.obj
 0001:00010bb0       ?Create@CNetwork@@QAE_NXZ  00411bb0 f   Network.obj
 0001:00010f20       ?Destroy@CNetwork@@QAEXXZ  00411f20 f   Network.obj
 0001:00011110       ?append@?$basic_string@DU?$char_traits@D@std@@V?$allocator@D@2@@std@@QAEAAV12@ID@Z 00412110 f i Network.obj
 0001:000111e0       ??Hstd@@YA?AV?$basic_string@DU?$char_traits@D@std@@V?$allocator@D@2@@0@ABV10@PBD@Z 004121e0 f i Network.obj
 0001:00011340       ??0CPlayerCreator@@QAE@XZ  00412340 f   PlayerCreator.obj
 0001:00011430       ??1?$map@IV?$vector@IV?$allocator@I@std@@@std@@U?$less@I@2@V?$allocator@V?$vector@IV?$allocator@I@std@@@std@@@2@@std@@QAE@XZ 00412430 f i PlayerCreator.obj
 0001:00011530       ??1CPlayerCreator@@QAE@XZ  00412530 f   PlayerCreator.obj
 0001:000116b0       ?Init@CPlayerCreator@@AAE_NXZ 004126b0 f   PlayerCreator.obj
 0001:00011b00       ??1?$pair@$$CBIV?$vector@IV?$allocator@I@std@@@std@@@std@@QAE@XZ 00412b00 f i PlayerCreator.obj
 0001:00011b30       ?GetRevivalID@CPlayerCreator@@QAEIII@Z 00412b30 f   PlayerCreator.obj
 0001:00011bc0       ?GetRoleData@CPlayerCreator@@QAEPBUTRoleData@@AAIPAUtagRoleGeneratorParam@1@@Z 00412bc0 f   PlayerCreator.obj
 0001:00011c80       ?GetRoleDataFromIni@CPlayerCreator@@AAE_NPAEPBD@Z 00412c80 f   PlayerCreator.obj
 0001:00012370       ??1?$vector@IV?$allocator@I@std@@@std@@QAE@XZ 00413370 f i PlayerCreator.obj
 0001:000123a0       ?size@?$vector@IV?$allocator@I@std@@@std@@QBEIXZ 004133a0 f i PlayerCreator.obj
 0001:000123c0       ??1?$vector@V?$basic_string@DU?$char_traits@D@std@@V?$allocator@D@2@@std@@V?$allocator@V?$basic_string@DU?$char_traits@D@std@@V?$allocator@D@2@@std@@@2@@std@@QAE@XZ 004133c0 f i PlayerCreator.obj
 0001:00012420       ?insert@?$vector@IV?$allocator@I@std@@@std@@QAEXPAIIABI@Z 00413420 f i PlayerCreator.obj
 0001:00012630       ?_Destroy@?$vector@IV?$allocator@I@std@@@std@@IAEXPAI0@Z 00413630 f i PlayerCreator.obj
 0001:00012640       ?_Ucopy@?$vector@IV?$allocator@I@std@@@std@@IAEPAIPBI0PAI@Z 00413640 f i PlayerCreator.obj
 0001:00012670       ?begin@?$_Tree@IU?$pair@$$CBIV?$vector@IV?$allocator@I@std@@@std@@@std@@U_Kfn@?$map@IV?$vector@IV?$allocator@I@std@@@std@@U?$less@I@2@V?$allocator@V?$vector@IV?$allocator@I@std@@@std@@@2@@2@U?$less@I@2@V?$allocator@V?$vector@IV?$allocator@I@std@@@std@@@2@@std@@QAE?AViterator@12@XZ 00413670 f i PlayerCreator.obj
 0001:00012680       ?insert@?$_Tree@IU?$pair@$$CBIV?$vector@IV?$allocator@I@std@@@std@@@std@@U_Kfn@?$map@IV?$vector@IV?$allocator@I@std@@@std@@U?$less@I@2@V?$allocator@V?$vector@IV?$allocator@I@std@@@std@@@2@@2@U?$less@I@2@V?$allocator@V?$vector@IV?$allocator@I@std@@@std@@@2@@std@@QAE?AU?$pair@Viterator@?$_Tree@IU?$pair@$$CBIV?$vector@IV?$allocator@I@std@@@std@@@std@@U_Kfn@?$map@IV?$vector@IV?$allocator@I@std@@@std@@U?$less@I@2@V?$allocator@V?$vector@IV?$allocator@I@std@@@std@@@2@@2@U?$less@I@2@V?$allocator@V?$vector@IV?$allocator@I@std@@@std@@@2@@std@@_N@2@ABU?$pair@$$CBIV?$vector@IV?$allocator@I@std@@@std@@@2@@Z 00413680 f i PlayerCreator.obj
 0001:000128f0       ?erase@?$_Tree@IU?$pair@$$CBIV?$vector@IV?$allocator@I@std@@@std@@@std@@U_Kfn@?$map@IV?$vector@IV?$allocator@I@std@@@std@@U?$less@I@2@V?$allocator@V?$vector@IV?$allocator@I@std@@@std@@@2@@2@U?$less@I@2@V?$allocator@V?$vector@IV?$allocator@I@std@@@std@@@2@@std@@QAE?AViterator@12@V312@0@Z 004138f0 f i PlayerCreator.obj
 0001:000129d0       ?erase@?$_Tree@IU?$pair@$$CBIV?$vector@IV?$allocator@I@std@@@std@@@std@@U_Kfn@?$map@IV?$vector@IV?$allocator@I@std@@@std@@U?$less@I@2@V?$allocator@V?$vector@IV?$allocator@I@std@@@std@@@2@@2@U?$less@I@2@V?$allocator@V?$vector@IV?$allocator@I@std@@@std@@@2@@std@@QAE?AViterator@12@V312@@Z 004139d0 f i PlayerCreator.obj
 0001:00012df0       ?lower_bound@?$_Tree@IU?$pair@$$CBIV?$vector@IV?$allocator@I@std@@@std@@@std@@U_Kfn@?$map@IV?$vector@IV?$allocator@I@std@@@std@@U?$less@I@2@V?$allocator@V?$vector@IV?$allocator@I@std@@@std@@@2@@2@U?$less@I@2@V?$allocator@V?$vector@IV?$allocator@I@std@@@std@@@2@@std@@QAE?AViterator@12@ABI@Z 00413df0 f i PlayerCreator.obj
 0001:00012e30       ?_Erase@?$_Tree@IU?$pair@$$CBIV?$vector@IV?$allocator@I@std@@@std@@@std@@U_Kfn@?$map@IV?$vector@IV?$allocator@I@std@@@std@@U?$less@I@2@V?$allocator@V?$vector@IV?$allocator@I@std@@@std@@@2@@2@U?$less@I@2@V?$allocator@V?$vector@IV?$allocator@I@std@@@std@@@2@@std@@IAEXPAU_Node@12@@Z 00413e30 f i PlayerCreator.obj
 0001:00012e80       ?_Insert@?$_Tree@IU?$pair@$$CBIV?$vector@IV?$allocator@I@std@@@std@@@std@@U_Kfn@?$map@IV?$vector@IV?$allocator@I@std@@@std@@U?$less@I@2@V?$allocator@V?$vector@IV?$allocator@I@std@@@std@@@2@@2@U?$less@I@2@V?$allocator@V?$vector@IV?$allocator@I@std@@@std@@@2@@std@@IAE?AViterator@12@PAU_Node@12@0ABU?$pair@$$CBIV?$vector@IV?$allocator@I@std@@@std@@@2@@Z 00413e80 f i PlayerCreator.obj
 0001:000130f0       ?_Inc@const_iterator@?$_Tree@IU?$pair@$$CBIV?$vector@IV?$allocator@I@std@@@std@@@std@@U_Kfn@?$map@IV?$vector@IV?$allocator@I@std@@@std@@U?$less@I@2@V?$allocator@V?$vector@IV?$allocator@I@std@@@std@@@2@@2@U?$less@I@2@V?$allocator@V?$vector@IV?$allocator@I@std@@@std@@@2@@std@@QAEXXZ 004140f0 f i PlayerCreator.obj
 0001:00013140       ?_Lrotate@?$_Tree@IU?$pair@$$CBIV?$vector@IV?$allocator@I@std@@@std@@@std@@U_Kfn@?$map@IV?$vector@IV?$allocator@I@std@@@std@@U?$less@I@2@V?$allocator@V?$vector@IV?$allocator@I@std@@@std@@@2@@2@U?$less@I@2@V?$allocator@V?$vector@IV?$allocator@I@std@@@std@@@2@@std@@IAEXPAU_Node@12@@Z 00414140 f i PlayerCreator.obj
 0001:000131a0       ?_Min@?$_Tree@IU?$pair@$$CBIV?$vector@IV?$allocator@I@std@@@std@@@std@@U_Kfn@?$map@IV?$vector@IV?$allocator@I@std@@@std@@U?$less@I@2@V?$allocator@V?$vector@IV?$allocator@I@std@@@std@@@2@@2@U?$less@I@2@V?$allocator@V?$vector@IV?$allocator@I@std@@@std@@@2@@std@@KAPAU_Node@12@PAU312@@Z 004141a0 f i PlayerCreator.obj
 0001:000131c0       ?_Rrotate@?$_Tree@IU?$pair@$$CBIV?$vector@IV?$allocator@I@std@@@std@@@std@@U_Kfn@?$map@IV?$vector@IV?$allocator@I@std@@@std@@U?$less@I@2@V?$allocator@V?$vector@IV?$allocator@I@std@@@std@@@2@@2@U?$less@I@2@V?$allocator@V?$vector@IV?$allocator@I@std@@@std@@@2@@std@@IAEXPAU_Node@12@@Z 004141c0 f i PlayerCreator.obj
 0001:00013220       ?_Buynode@?$_Tree@IU?$pair@$$CBIV?$vector@IV?$allocator@I@std@@@std@@@std@@U_Kfn@?$map@IV?$vector@IV?$allocator@I@std@@@std@@U?$less@I@2@V?$allocator@V?$vector@IV?$allocator@I@std@@@std@@@2@@2@U?$less@I@2@V?$allocator@V?$vector@IV?$allocator@I@std@@@std@@@2@@std@@IAEPAU_Node@12@PAU312@W4_Redbl@12@@Z 00414220 f i PlayerCreator.obj
 0001:00013240       ?_Dec@const_iterator@?$_Tree@IU?$pair@$$CBIV?$vector@IV?$allocator@I@std@@@std@@@std@@U_Kfn@?$map@IV?$vector@IV?$allocator@I@std@@@std@@U?$less@I@2@V?$allocator@V?$vector@IV?$allocator@I@std@@@std@@@2@@2@U?$less@I@2@V?$allocator@V?$vector@IV?$allocator@I@std@@@std@@@2@@std@@QAEXXZ 00414240 f i PlayerCreator.obj
 0001:000132a0       ?_Construct@std@@YAXPAU?$pair@$$CBIV?$vector@IV?$allocator@I@std@@@std@@@1@ABU21@@Z 004142a0 f i PlayerCreator.obj
 0001:00013340       ??_G?$basic_string@DU?$char_traits@D@std@@V?$allocator@D@2@@std@@QAEPAXI@Z 00414340 f i PlayerCreator.obj
 0001:000133a0       ??_G?$pair@$$CBIV?$vector@IV?$allocator@I@std@@@std@@@std@@QAEPAXI@Z 004143a0 f i PlayerCreator.obj
 0001:00013480       ??0CSmartClient@@QAE@XZ    00414480 f   SmartClient.obj
 0001:00013550       ??_ECSmartClient@@UAEPAXI@Z 00414550 f i SmartClient.obj
 0001:00013550       ??_GCSmartClient@@UAEPAXI@Z 00414550 f i SmartClient.obj
 0001:00013570       ??1CSmartClient@@UAE@XZ    00414570 f   SmartClient.obj
 0001:000136e0       ?Open@CSmartClient@@QAE_NQBDGPAUHWND__@@PBD2_N@Z 004146e0 f   SmartClient.obj
 0001:00013950       ?Close@CSmartClient@@QAEXXZ 00414950 f   SmartClient.obj
 0001:00013960       ?EventNotify@CSmartClient@@KGXPAXABK@Z 00414960 f   SmartClient.obj
 0001:000139b0       ?_EventNotify@CSmartClient@@IAEXABK@Z 004149b0 f   SmartClient.obj
 0001:00013a00       ?CreateConnectThread@CSmartClient@@IAE_NXZ 00414a00 f   SmartClient.obj
 0001:00013a30       ?WorkingThreadFunction@CSmartClient@@SGKPAX@Z 00414a30 f   SmartClient.obj
 0001:00013b60       ?_Connect@CSmartClient@@IAEPAUIClient@@XZ 00414b60 f   SmartClient.obj
 0001:00013cd0       ?_Verify@CSmartClient@@IAEXPAUIClient@@_N@Z 00414cd0 f   SmartClient.obj
 0001:000140d0       ?Send@CSmartClient@@QAE_NQBXABI@Z 004150d0 f   SmartClient.obj
 0001:00014280       ?Recv@CSmartClient@@QAEPBXAAI@Z 00415280 f   SmartClient.obj
 0001:000142c0       ?IsNormal@CSmartClient@@AAE_NXZ 004152c0 f   SmartClient.obj
 0001:000142f0       ?IsConnecting@CSmartClient@@AAE_NXZ 004152f0 f   SmartClient.obj
 0001:00014320       ?IsVerifying@CSmartClient@@AAE_NXZ 00415320 f   SmartClient.obj
 0001:00014350       ?IsError@CSmartClient@@AAE_NXZ 00415350 f   SmartClient.obj
 0001:00014380       ?SwitchToConnecting@CSmartClient@@AAEXXZ 00415380 f   SmartClient.obj
 0001:000143a0       ?SetClientStatus@CSmartClient@@AAE_NW4enumClientStatus@1@@Z 004153a0 f   SmartClient.obj
 0001:00014450       ??1?$list@PAVCBuffer@Win32@OnlineGameLib@@V?$allocator@PAVCBuffer@Win32@OnlineGameLib@@@std@@@std@@QAE@XZ 00415450 f i SmartClient.obj
 0001:000144a0       ?erase@?$list@PAVCBuffer@Win32@OnlineGameLib@@V?$allocator@PAVCBuffer@Win32@OnlineGameLib@@@std@@@std@@QAE?AViterator@12@V312@@Z 004154a0 f i SmartClient.obj
 0001:00014510       _InterlockedExchange@8     00415510 f   kernel32:KERNEL32.dll
 0001:00014516       _GetLastError@0            00415516 f   kernel32:KERNEL32.dll
 0001:0001451c       _CreateEventA@16           0041551c f   kernel32:KERNEL32.dll
 0001:00014522       _CloseHandle@4             00415522 f   kernel32:KERNEL32.dll
 0001:00014528       _WaitForSingleObject@8     00415528 f   kernel32:KERNEL32.dll
 0001:0001452e       _ResetEvent@4              0041552e f   kernel32:KERNEL32.dll
 0001:00014534       _SetEvent@4                00415534 f   kernel32:KERNEL32.dll
 0001:0001453a       _PulseEvent@4              0041553a f   kernel32:KERNEL32.dll
 0001:00014540       _InitializeCriticalSection@4 00415540 f   kernel32:KERNEL32.dll
 0001:00014546       _DeleteCriticalSection@4   00415546 f   kernel32:KERNEL32.dll
 0001:0001454c       _LeaveCriticalSection@4    0041554c f   kernel32:KERNEL32.dll
[...]
 0001:00017480       _$E23                      00418480 f   common:Buffer.obj
 0001:000174a0       _$E22                      004184a0 f   common:Buffer.obj
 0001:000150d0       _$E19                      004160d0 f   common:Exception.obj
 0001:000150f0       _$E18                      004160f0 f   common:Exception.obj
 0001:00014c30       _$E21                      00415c30 f   common:Win32Exception.obj
 0001:00014c50       _$E20                      00415c50 f   common:Win32Exception.obj
 0001:00014770       ?Create@Win32@OnlineGameLib@@YAPAXPAU_SECURITY_ATTRIBUTES@@HHPBD@Z 00415770 f   common:Mutex.obj
 0001:00014b70       _$E19                      00415b70 f   common:Mutex.obj
 0001:00014b90       _$E18                      00415b90 f   common:Mutex.obj
 0001:0002a091       __Mbrtowc_lk               0042b091 f   libcpmt:xmbtowc.obj
 0001:0002995d       _$E37                      0042a95d f   libcpmt:xlocale.obj
 0001:00029972       _$E36                      0042a972 f   libcpmt:xlocale.obj
 0001:00026a94       _$E47                      00427a94 f   libcpmt:wlocale.obj
 0001:00026aa9       _$E46                      00427aa9 f   libcpmt:wlocale.obj
 0001:000208a6       _$E2                       004218a6 f   libcpmt:nomemory.obj
 0001:0001f91f       _$E18                      0042091f f   libcpmt:wiostrea.obj
 0001:0001f929       _$E15                      00420929 f   libcpmt:wiostrea.obj
 0001:0001f933       _$E17                      00420933 f   libcpmt:wiostrea.obj
 0001:0001f93f       _$E16                      0042093f f   libcpmt:wiostrea.obj
 0001:0001f949       _$E24                      00420949 f   libcpmt:wiostrea.obj
 0001:0001f953       _$E21                      00420953 f   libcpmt:wiostrea.obj
 0001:0001f95d       _$E23                      0042095d f   libcpmt:wiostrea.obj
 0001:0001f969       _$E22                      00420969 f   libcpmt:wiostrea.obj
 0001:0001f973       _$E29                      00420973 f   libcpmt:wiostrea.obj
 0001:0001f97d       _$E26                      0042097d f   libcpmt:wiostrea.obj
 0001:0001f98a       _$E28                      0042098a f   libcpmt:wiostrea.obj
 0001:0001f996       _$E27                      00420996 f   libcpmt:wiostrea.obj
 0001:0001f9a0       _$E34                      004209a0 f   libcpmt:wiostrea.obj
 0001:0001f9aa       _$E31                      004209aa f   libcpmt:wiostrea.obj
 0001:0001f9b7       _$E33                      004209b7 f   libcpmt:wiostrea.obj
 0001:0001f9c3       _$E32                      004209c3 f   libcpmt:wiostrea.obj
 0001:0001f9cd       _$E39                      004209cd f   libcpmt:wiostrea.obj
 0001:0001f9d7       _$E36                      004209d7 f   libcpmt:wiostrea.obj
 0001:0001f9e4       _$E38                      004209e4 f   libcpmt:wiostrea.obj
 0001:0001f9f0       _$E37                      004209f0 f   libcpmt:wiostrea.obj
 0001:0001f9fa       _$E44                      004209fa f   libcpmt:wiostrea.obj
 0001:0001fa04       _$E41                      00420a04 f   libcpmt:wiostrea.obj
 0001:0001fa13       _$E43                      00420a13 f   libcpmt:wiostrea.obj
 0001:0001fa1f       _$E42                      00420a1f f   libcpmt:wiostrea.obj
 0001:0001fa3e       _$E49                      00420a3e f   libcpmt:wiostrea.obj
 0001:0001fa48       _$E46                      00420a48 f   libcpmt:wiostrea.obj
 0001:0001fa57       _$E48                      00420a57 f   libcpmt:wiostrea.obj
 0001:0001fa63       _$E47                      00420a63 f   libcpmt:wiostrea.obj
 0001:0001fa82       _$E54                      00420a82 f   libcpmt:wiostrea.obj
 0001:0001fa8c       _$E51                      00420a8c f   libcpmt:wiostrea.obj
 0001:0001fa9b       _$E53                      00420a9b f   libcpmt:wiostrea.obj
 0001:0001faa7       _$E52                      00420aa7 f   libcpmt:wiostrea.obj
 0001:0001fab1       _$E59                      00420ab1 f   libcpmt:wiostrea.obj
 0001:0001fabb       _$E56                      00420abb f   libcpmt:wiostrea.obj
 0001:0001faca       _$E58                      00420aca f   libcpmt:wiostrea.obj
 0001:0001fad6       _$E57                      00420ad6 f   libcpmt:wiostrea.obj
 0001:000207a4       _$E70                      004217a4 f   libcpmt:wiostrea.obj
 0001:000207ce       _$E66                      004217ce f   libcpmt:wiostrea.obj
 0001:000207da       _$E69                      004217da f   libcpmt:wiostrea.obj
 0001:0001f3e1       _$E18                      004203e1 f   libcpmt:iostream.obj
 0001:0001f3eb       _$E15                      004203eb f   libcpmt:iostream.obj
 0001:0001f3f8       _$E17                      004203f8 f   libcpmt:iostream.obj
 0001:0001f404       _$E16                      00420404 f   libcpmt:iostream.obj
 0001:0001f40e       _$E23                      0042040e f   libcpmt:iostream.obj
 0001:0001f418       _$E20                      00420418 f   libcpmt:iostream.obj
 0001:0001f425       _$E22                      00420425 f   libcpmt:iostream.obj
 0001:0001f431       _$E21                      00420431 f   libcpmt:iostream.obj
 0001:0001f43b       _$E28                      0042043b f   libcpmt:iostream.obj
 0001:0001f445       _$E25                      00420445 f   libcpmt:iostream.obj
 0001:0001f454       _$E27                      00420454 f   libcpmt:iostream.obj
 0001:0001f460       _$E26                      00420460 f   libcpmt:iostream.obj
 0001:0001f46a       _$E33                      0042046a f   libcpmt:iostream.obj
 0001:0001f474       _$E30                      00420474 f   libcpmt:iostream.obj
 0001:0001f483       _$E32                      00420483 f   libcpmt:iostream.obj
 0001:0001f48f       _$E31                      0042048f f   libcpmt:iostream.obj
 0001:0001f499       _$E38                      00420499 f   libcpmt:iostream.obj
 0001:0001f4a3       _$E35                      004204a3 f   libcpmt:iostream.obj
 0001:0001f4b0       _$E37                      004204b0 f   libcpmt:iostream.obj
 0001:0001f4bc       _$E36                      004204bc f   libcpmt:iostream.obj
 0001:0001f4c6       _$E43                      004204c6 f   libcpmt:iostream.obj
 0001:0001f4d0       _$E40                      004204d0 f   libcpmt:iostream.obj
 0001:0001f4df       _$E42                      004204df f   libcpmt:iostream.obj
 0001:0001f4eb       _$E41                      004204eb f   libcpmt:iostream.obj
 0001:0001f4f5       _$E48                      004204f5 f   libcpmt:iostream.obj
 0001:0001f4ff       _$E45                      004204ff f   libcpmt:iostream.obj
 0001:0001f50e       _$E47                      0042050e f   libcpmt:iostream.obj
 0001:0001f51a       _$E46                      0042051a f   libcpmt:iostream.obj
 0001:0001f8dd       _$E60                      004208dd f   libcpmt:iostream.obj
 0001:0001f907       _$E56                      00420907 f   libcpmt:iostream.obj
 0001:0001f913       _$E59                      00420913 f   libcpmt:iostream.obj
 0001:0001f39f       _$E32                      0042039f f   libcpmt:locale.obj
 0001:0001f3c9       _$E28                      004203c9 f   libcpmt:locale.obj
 0001:0001f3d5       _$E31                      004203d5 f   libcpmt:locale.obj
 0001:0001c97d       _$E18                      0041d97d f   libcpmt:locale0.obj
 0001:0001c987       _$E15                      0041d987 f   libcpmt:locale0.obj
 0001:0001c988       _$E17                      0041d988 f   libcpmt:locale0.obj
 0001:0001c994       _$E16                      0041d994 f   libcpmt:locale0.obj
 0001:0001cdc6       _$E29                      0041ddc6 f   libcpmt:locale0.obj
 0001:0001cdf0       _$E25                      0041ddf0 f   libcpmt:locale0.obj
 0001:0001cdfc       _$E28                      0041ddfc f   libcpmt:locale0.obj
 0001:0001c93b       _$E24                      0041d93b f   libcpmt:strstrea.obj
 0001:0001c965       _$E20                      0041d965 f   libcpmt:strstrea.obj
 0001:0001c971       _$E23                      0041d971 f   libcpmt:strstrea.obj
 0001:0001ba66       ?_CleanUp@std@@YAXXZ       0041ca66 f   libcpmt:xlock.obj
 0001:0001b9a5       _$E24                      0041c9a5 f   libcpmt:string.obj
 0001:0001b9cf       _$E20                      0041c9cf f   libcpmt:string.obj
 0001:0001b9db       _$E23                      0041c9db f   libcpmt:string.obj
 0001:00039016       _findenv                   0043a016 f   LIBCMT:setenv.obj
 0001:0003906e       _copy_environ              0043a06e f   LIBCMT:setenv.obj
 0001:000382ae       _ctrlevent_capture@4       004392ae f   LIBCMT:winsig.obj
 0001:00038492       _siglookup                 00439492 f   LIBCMT:winsig.obj
 0001:000378ff       _xtoa                      004388ff f   LIBCMT:xtoa.obj
 0001:000379d1       _x64toa@20                 004389d1 f   LIBCMT:xtoa.obj
 0001:00036ae5       _getSystemCP               00437ae5 f   LIBCMT:mbctype.obj
 0001:00036b2f       _CPtoLCID                  00437b2f f   LIBCMT:mbctype.obj
 0001:00036b62       _setSBCS                   00437b62 f   LIBCMT:mbctype.obj
 0001:00036b8b       _setSBUpLow                00437b8b f   LIBCMT:mbctype.obj
 0001:00036907       _x_ismbbtype               00437907 f   LIBCMT:ismbbyte.obj
 0001:00035f72       __abstract_cw              00436f72 f   LIBCMT:ieee87.obj
 0001:00036004       __hw_cw                    00437004 f   LIBCMT:ieee87.obj
 0001:0003608d       __abstract_sw              0043708d f   LIBCMT:ieee87.obj
 0001:0003551e       __tzset_lk                 0043651e f   LIBCMT:tzset.obj
 0001:000357c6       __isindst_lk               004367c6 f   LIBCMT:tzset.obj
 0001:00035972       _cvtdate                   00436972 f   LIBCMT:tzset.obj
 0001:000347b7       _TranslateName             004357b7 f   LIBCMT:getqloc.obj
 0001:0003480f       _GetLcidFromLangCountry    0043580f f   LIBCMT:getqloc.obj
 0001:00034896       _LangCountryEnumProc@4     00435896 f   LIBCMT:getqloc.obj
 0001:00034a9a       _GetLcidFromLanguage       00435a9a f   LIBCMT:getqloc.obj
 0001:00034af0       _LanguageEnumProc@4        00435af0 f   LIBCMT:getqloc.obj
 0001:00034bad       _GetLcidFromCountry        00435bad f   LIBCMT:getqloc.obj
 0001:00034be4       _CountryEnumProc@4         00435be4 f   LIBCMT:getqloc.obj
 0001:00034c6a       _GetLcidFromDefault        00435c6a f   LIBCMT:getqloc.obj
 0001:00034c84       _ProcessCodePage           00435c84 f   LIBCMT:getqloc.obj
 0001:00034cea       _TestDefaultCountry        00435cea f   LIBCMT:getqloc.obj
 0001:00034d09       _TestDefaultLanguage       00435d09 f   LIBCMT:getqloc.obj
 0001:00034d6b       _IsThisWindowsNT           00435d6b f   LIBCMT:getqloc.obj
 0001:00034da1       _crtGetLocaleInfoA@16      00435da1 f   LIBCMT:getqloc.obj
 0001:00034e87       _LcidFromHexString         00435e87 f   LIBCMT:getqloc.obj
 0001:00034ec0       _GetPrimaryLen             00435ec0 f   LIBCMT:getqloc.obj
 0001:000341d0       __get_lc_lconv             004351d0 f   LIBCMT:initmon.obj
 0001:000342f2       _fix_grouping              004352f2 f   LIBCMT:initmon.obj
 0001:00034329       __free_lc_lconv            00435329 f   LIBCMT:initmon.obj
 0001:000340ce       _fix_grouping              004350ce f   LIBCMT:initnum.obj
 0001:00033a1b       __get_lc_time              00434a1b f   LIBCMT:inittime.obj
 0001:00033d69       __free_lc_time             00434d69 f   LIBCMT:inittime.obj
 0001:00030e76       _parse_cmdline             00431e76 f   LIBCMT:stdargv.obj
 0001:00030c92       _xcptlookup                00431c92 f   LIBCMT:winxfltr.obj
 0001:00030858       __cftoe2                   00431858 f   LIBCMT:cvt.obj
 0001:0003096f       __cftof2                   0043196f f   LIBCMT:cvt.obj
 0001:00030afa       __shift                    00431afa f   LIBCMT:cvt.obj
 0001:000302f4       _write_char                004312f4 f   LIBCMT:output.obj
 0001:00030329       _write_multi_char          00431329 f   LIBCMT:output.obj
 0001:0003035a       _write_string              0043135a f   LIBCMT:output.obj
 0001:00030392       _get_int_arg               00431392 f   LIBCMT:output.obj
 0001:0003039f       _get_int64_arg             0043139f f   LIBCMT:output.obj
 0001:000303af       _get_short_arg             004313af f   LIBCMT:output.obj
 0001:0002f200       ?FindHandler@@YAXPAUEHExceptionRecord@@PAUEHRegistrationNode@@PAU_CONTEXT@@PAXPBU_s_FuncInfo@@EH1@Z 00430200 f   LIBCMT:frame.obj
 0001:0002f3b3       ?FindHandlerForForeignException@@YAXPAUEHExceptionRecord@@PAUEHRegistrationNode@@PAU_CONTEXT@@PAXPBU_s_FuncInfo@@HH1@Z 004303b3 f   LIBCMT:frame.obj
 0001:0002f45d       ?TypeMatch@@YAHPBU_s_HandlerType@@PBU_s_CatchableType@@PBU_s_ThrowInfo@@@Z 0043045d f   LIBCMT:frame.obj
 0001:0002f558       ?FrameUnwindFilter@@YAHPAU_EXCEPTION_POINTERS@@@Z 00430558 f   LIBCMT:frame.obj
 0001:0002f56e       ?CatchIt@@YAXPAUEHExceptionRecord@@PAUEHRegistrationNode@@PAU_CONTEXT@@PAXPBU_s_FuncInfo@@PBU_s_HandlerType@@PBU_s_CatchableType@@PBU_s_TryBlockMapEntry@@H1E@Z 0043056e f   LIBCMT:frame.obj
 0001:0002f5e9       ?CallCatchBlock@@YAPAXPAUEHExceptionRecord@@PAUEHRegistrationNode@@PAU_CONTEXT@@PBU_s_FuncInfo@@PAXHK@Z 004305e9 f   LIBCMT:frame.obj
 0001:0002f704       ?ExFilterRethrow@@YAHPAU_EXCEPTION_POINTERS@@@Z 00430704 f   LIBCMT:frame.obj
 0001:0002f72e       ?BuildCatchObject@@YAXPAUEHExceptionRecord@@PAUEHRegistrationNode@@PBU_s_HandlerType@@PBU_s_CatchableType@@@Z 0043072e f   LIBCMT:frame.obj
 0001:0002f959       ?AdjustPointer@@YAPAXPAXABUPMD@@@Z 00430959 f   LIBCMT:frame.obj
 0001:0002ed4c       _doexit                    0042fd4c f   LIBCMT:crt0dat.obj
 0001:0002ee03       __initterm                 0042fe03 f   LIBCMT:crt0dat.obj
 0001:0002ecb4       _strncnt                   0042fcb4 f   LIBCMT:a_cmp.obj
 0001:0002e8ed       _strncnt                   0042f8ed f   LIBCMT:a_map.obj
 0001:0002ddec       __expandtime               0042edec f   LIBCMT:strftime.obj
 0001:0002e1db       __store_str                0042f1db f   LIBCMT:strftime.obj
 0001:0002e202       __store_num                0042f202 f   LIBCMT:strftime.obj
 0001:0002e271       __store_number             0042f271 f   LIBCMT:strftime.obj
 0001:0002e2ba       __store_winword            0042f2ba f   LIBCMT:strftime.obj
 0001:0002d1b5       _strtoxl                   0042e1b5 f   LIBCMT:strtol.obj
 0001:0002c902       __setlocale_set_cat        0042d902 f   LIBCMT:setlocal.obj
 0001:0002ca1d       __setlocale_get_all        0042da1d f   LIBCMT:setlocal.obj
 0001:0002c340       LeadUp1                    0042d340 f   LIBCMT:memcpy.obj
 0001:0002c36c       LeadUp2                    0042d36c f   LIBCMT:memcpy.obj
 0001:0002c390       LeadUp3                    0042d390 f   LIBCMT:memcpy.obj
 0001:0002c40f       UnwindUp0                  0042d40f f   LIBCMT:memcpy.obj
 0001:0002c3fc       UnwindUp1                  0042d3fc f   LIBCMT:memcpy.obj
 0001:0002c3f4       UnwindUp2                  0042d3f4 f   LIBCMT:memcpy.obj
 0001:0002c3ec       UnwindUp3                  0042d3ec f   LIBCMT:memcpy.obj
 0001:0002c3e4       UnwindUp4                  0042d3e4 f   LIBCMT:memcpy.obj
 0001:0002c3dc       UnwindUp5                  0042d3dc f   LIBCMT:memcpy.obj
 0001:0002c3d4       UnwindUp6                  0042d3d4 f   LIBCMT:memcpy.obj
 0001:0002c3cc       UnwindUp7                  0042d3cc f   LIBCMT:memcpy.obj
 0001:0002c428       TrailUp0                   0042d428 f   LIBCMT:memcpy.obj
 0001:0002c430       TrailUp1                   0042d430 f   LIBCMT:memcpy.obj
 0001:0002c43c       TrailUp2                   0042d43c f   LIBCMT:memcpy.obj
 0001:0002c450       TrailUp3                   0042d450 f   LIBCMT:memcpy.obj
 0001:0002c4c8       LeadDown1                  0042d4c8 f   LIBCMT:memcpy.obj
 0001:0002c4e8       LeadDown2                  0042d4e8 f   LIBCMT:memcpy.obj
 0001:0002c510       LeadDown3                  0042d510 f   LIBCMT:memcpy.obj
 0001:0002c564       UnwindDown7                0042d564 f   LIBCMT:memcpy.obj
 0001:0002c56c       UnwindDown6                0042d56c f   LIBCMT:memcpy.obj
 0001:0002c574       UnwindDown5                0042d574 f   LIBCMT:memcpy.obj
 0001:0002c57c       UnwindDown4                0042d57c f   LIBCMT:memcpy.obj
 0001:0002c584       UnwindDown3                0042d584 f   LIBCMT:memcpy.obj
 0001:0002c58c       UnwindDown2                0042d58c f   LIBCMT:memcpy.obj
 0001:0002c594       UnwindDown1                0042d594 f   LIBCMT:memcpy.obj
 0001:0002c5a7       UnwindDown0                0042d5a7 f   LIBCMT:memcpy.obj
 0001:0002c5c0       TrailDown0                 0042d5c0 f   LIBCMT:memcpy.obj
 0001:0002c5c8       TrailDown1                 0042d5c8 f   LIBCMT:memcpy.obj
 0001:0002c5d8       TrailDown2                 0042d5d8 f   LIBCMT:memcpy.obj
 0001:0002c5ec       TrailDown3                 0042d5ec f   LIBCMT:memcpy.obj
 0001:0002c0a3       _flsall                    0042d0a3 f   LIBCMT:fflush.obj
 0001:0002b6fc       _fast_error_exit           0042c6fc f   LIBCMT:wincrt0.obj
 0001:0002b06c       ?ArrayUnwindFilter@@YAHPAU_EXCEPTION_POINTERS@@@Z 0042c06c f   LIBCMT:ehvecdtr.obj
 0001:0002acc0       LeadUp1                    0042bcc0 f   LIBCMT:memmove.obj
 0001:0002acec       LeadUp2                    0042bcec f   LIBCMT:memmove.obj
 0001:0002ad10       LeadUp3                    0042bd10 f   LIBCMT:memmove.obj
 0001:0002ad8f       UnwindUp0                  0042bd8f f   LIBCMT:memmove.obj
 0001:0002ad7c       UnwindUp1                  0042bd7c f   LIBCMT:memmove.obj
 0001:0002ad74       UnwindUp2                  0042bd74 f   LIBCMT:memmove.obj
 0001:0002ad6c       UnwindUp3                  0042bd6c f   LIBCMT:memmove.obj
 0001:0002ad64       UnwindUp4                  0042bd64 f   LIBCMT:memmove.obj
 0001:0002ad5c       UnwindUp5                  0042bd5c f   LIBCMT:memmove.obj
 0001:0002ad54       UnwindUp6                  0042bd54 f   LIBCMT:memmove.obj
 0001:0002ad4c       UnwindUp7                  0042bd4c f   LIBCMT:memmove.obj
 0001:0002ada8       TrailUp0                   0042bda8 f   LIBCMT:memmove.obj
 0001:0002adb0       TrailUp1                   0042bdb0 f   LIBCMT:memmove.obj
 0001:0002adbc       TrailUp2                   0042bdbc f   LIBCMT:memmove.obj
 0001:0002add0       TrailUp3                   0042bdd0 f   LIBCMT:memmove.obj
 0001:0002ae48       LeadDown1                  0042be48 f   LIBCMT:memmove.obj
 0001:0002ae68       LeadDown2                  0042be68 f   LIBCMT:memmove.obj
 0001:0002ae90       LeadDown3                  0042be90 f   LIBCMT:memmove.obj
 0001:0002aee4       UnwindDown7                0042bee4 f   LIBCMT:memmove.obj
 0001:0002aeec       UnwindDown6                0042beec f   LIBCMT:memmove.obj
 0001:0002aef4       UnwindDown5                0042bef4 f   LIBCMT:memmove.obj
 0001:0002aefc       UnwindDown4                0042befc f   LIBCMT:memmove.obj
 0001:0002af04       UnwindDown3                0042bf04 f   LIBCMT:memmove.obj
 0001:0002af0c       UnwindDown2                0042bf0c f   LIBCMT:memmove.obj
 0001:0002af14       UnwindDown1                0042bf14 f   LIBCMT:memmove.obj
 0001:0002af27       UnwindDown0                0042bf27 f   LIBCMT:memmove.obj
 0001:0002af40       TrailDown0                 0042bf40 f   LIBCMT:memmove.obj
 0001:0002af48       TrailDown1                 0042bf48 f   LIBCMT:memmove.obj
 0001:0002af58       TrailDown2                 0042bf58 f   LIBCMT:memmove.obj
 0001:0002af6c       TrailDown3                 0042bf6c f   LIBCMT:memmove.obj
 0001:0002aa30       _gu_return                 0042ba30 f   LIBCMT:exsup.obj
 0001:0002aa38       __unwind_handler           0042ba38 f   LIBCMT:exsup.obj
 0001:0002a84a       ?CatchGuardHandler@@YA?AW4_EXCEPTION_DISPOSITION@@PAUEHExceptionRecord@@PAUCatchGuardRN@@PAX2@Z 0042b84a f   LIBCMT:trnsctrl.obj
 0001:0002a925       ?TranslatorGuardHandler@@YA?AW4_EXCEPTION_DISPOSITION@@PAUEHExceptionRecord@@PAUTranslatorGuardRN@@PAX2@Z 0042b925 f   LIBCMT:trnsctrl.obj
