 Goddess

 Timestamp is 447032fb (Sun May 21 17:29:31 2006)

 Preferred load address is 00400000

 Start         Length     Name                   Class
 0001:00000000 000a6c0aH .text                   CODE
 0001:000a6c10 000025beH .text$x                 CODE
 0002:00000000 00000280H .idata$5                DATA
 0002:00000280 00004964H .rdata                  DATA
 0002:00004be8 0000122cH .rdata$r                DATA
 0002:00005e18 00003f70H .xdata$x                DATA
 0002:00009d88 00000064H .idata$2                DATA
 0002:00009dec 00000014H .idata$3                DATA
 0002:00009e00 00000280H .idata$4                DATA
 0002:0000a080 00000aeaH .idata$6                DATA
 0002:0000ab6a 00000000H .edata                  DATA
 0003:00000000 00000004H .CRT$XCA                DATA
 0003:00000004 000000fcH .CRT$XCU                DATA
 0003:00000100 00000004H .CRT$XCZ                DATA
 0003:00000104 00000004H .CRT$XIA                DATA
 0003:00000108 0000000cH .CRT$XIC                DATA
 0003:00000114 00000004H .CRT$XIY                DATA
 0003:00000118 00000004H .CRT$XIZ                DATA
 0003:0000011c 00000004H .CRT$XPA                DATA
 0003:00000120 00000008H .CRT$XPX                DATA
 0003:00000128 00000004H .CRT$XPZ                DATA
 0003:0000012c 00000004H .CRT$XTA                DATA
 0003:00000130 00000004H .CRT$XTB                DATA
 0003:00000134 00000004H .CRT$XTZ                DATA
 0003:00000140 0000ce3cH .data                   DATA
 0003:0000cf80 0008b72cH .bss                    DATA
 0004:00000000 00000118H .rsrc$01                DATA
 0004:00000120 00001050H .rsrc$02                DATA

  Address         Publics by Value              Rva+Base     Lib:Object

 0001:00000190       ??1?$map@IPAVCClientNode@@U?$less@I@std@@V?$allocator@PAVCClientNode@@@3@@std@@QAE@XZ 00401190 f i ClientNode.obj
 0001:00000280       ??0CDataQueue@CClientNode@@QAE@II@Z 00401280 f   ClientNode.obj
 0001:00000300       ??1CCriticalSection@Win32@OnlineGameLib@@QAE@XZ 00401300 f i ClientNode.obj
 0001:00000310       ??1CDataQueue@CClientNode@@QAE@XZ 00401310 f   ClientNode.obj
 0001:000003a0       ?AddData@CDataQueue@CClientNode@@QAE_NPBEI@Z 004013a0 f   ClientNode.obj
 0001:00000450       ??1Owner@CCriticalSection@Win32@OnlineGameLib@@QAE@XZ 00401450 f i ClientNode.obj
 0001:00000460       ?Get@CDataQueue@CClientNode@@QAEPAVCBuffer@Win32@OnlineGameLib@@XZ 00401460 f   ClientNode.obj
 0001:00000510       ??0CClientNode@@QAE@PAUIServer@@I@Z 00401510 f   ClientNode.obj
 0001:00000610       ??_ECClientNode@@UAEPAXI@Z 00401610 f i ClientNode.obj
 0001:00000610       ??_GCClientNode@@UAEPAXI@Z 00401610 f i ClientNode.obj
 0001:00000630       ??1CClientNode@@UAE@XZ     00401630 f   ClientNode.obj
 0001:000006f0       ?AddNode@CClientNode@@SAPAV1@PAUIServer@@I@Z 004016f0 f   ClientNode.obj
 0001:000008b0       ?DelNode@CClientNode@@SAXI@Z 004018b0 f   ClientNode.obj
 0001:000009a0       ?Start@CClientNode@@SA_NPAUIServer@@@Z 004019a0 f   ClientNode.obj
 0001:000009f0       ?End@CClientNode@@SAXXZ    004019f0 f   ClientNode.obj
 0001:00000a40       ?ThreadFunction@CClientNode@@KGIPAX@Z 00401a40 f   ClientNode.obj
 0001:00000b40       ?AppendData@CClientNode@@QAEXPBXI@Z 00401b40 f   ClientNode.obj
 0001:00000b70       ?SmallPackProcess@CClientNode@@IAEXPBXI@Z 00401b70 f   ClientNode.obj
 0001:00000b90       ?LargePackProcess@CClientNode@@IAEXPBXI@Z 00401b90 f   ClientNode.obj
 0001:00000c10       ?Process@CClientNode@@QAEXXZ 00401c10 f   ClientNode.obj
 0001:00000ca0       ?_QueryRoleList@CClientNode@@AAEXPBXI@Z 00401ca0 f   ClientNode.obj
 0001:00000dd0       ?_CreateRole@CClientNode@@AAEXPBXI@Z 00401dd0 f   ClientNode.obj
 0001:00000e80       ?_SaveRoleInfo@CClientNode@@AAEXPBXI@Z 00401e80 f   ClientNode.obj
 0001:00000f60       ?_DelRole@CClientNode@@AAEXPBXI@Z 00401f60 f   ClientNode.obj
 0001:00001000       ?_RelayExtend@CClientNode@@AAEXPBXI@Z 00402000 f   ClientNode.obj
 0001:000010f0       ?_GetRoleInfo@CClientNode@@AAEXPBXI@Z 004020f0 f   ClientNode.obj
 0001:00001290       ?_GetGameStat@CClientNode@@AAEXPBXI@Z 00402290 f   ClientNode.obj
 0001:00001410       ??1?$map@V?$basic_string@DU?$char_traits@D@std@@V?$allocator@D@2@@std@@IU?$less@V?$basic_string@DU?$char_traits@D@std@@V?$allocator@D@2@@std@@@2@V?$allocator@I@2@@std@@QAE@XZ 00402410 f i ClientNode.obj
 0001:00001560       ?_LockOrUnlockRole@CClientNode@@AAEXPBXI@Z 00402560 f   ClientNode.obj
 0001:00001760       ?IsRoleLock@CClientNode@@AAE_NPAD@Z 00402760 f   ClientNode.obj
 0001:000018b0       ?IsRoleLockBySelf@CClientNode@@AAE_NPAD@Z 004028b0 f   ClientNode.obj
 0001:00001a10       ?UnlockRoleSelf@CClientNode@@AAE_NPAD@Z 00402a10 f   ClientNode.obj
 0001:00001b40       ?UnlockAllRole@CClientNode@@AAEXI@Z 00402b40 f   ClientNode.obj
 0001:00001bd0       ??0?$basic_string@DU?$char_traits@D@std@@V?$allocator@D@2@@std@@QAE@ABV01@@Z 00402bd0 f i ClientNode.obj
 0001:00001cf0       ??1?$basic_string@DU?$char_traits@D@std@@V?$allocator@D@2@@std@@QAE@XZ 00402cf0 f i ClientNode.obj
 0001:00001d30       ??0?$map@IPAVCClientNode@@U?$less@I@std@@V?$allocator@PAVCClientNode@@@3@@std@@QAE@ABU?$less@I@1@ABV?$allocator@PAVCClientNode@@@1@@Z 00402d30 f i ClientNode.obj
 0001:00001de0       ??1?$list@PAVCBuffer@Win32@OnlineGameLib@@V?$allocator@PAVCBuffer@Win32@OnlineGameLib@@@std@@@std@@QAE@XZ 00402de0 f i ClientNode.obj
 0001:00001e30       ??0?$map@V?$basic_string@DU?$char_traits@D@std@@V?$allocator@D@2@@std@@IU?$less@V?$basic_string@DU?$char_traits@D@std@@V?$allocator@D@2@@std@@@2@V?$allocator@I@2@@std@@QAE@ABU?$less@V?$basic_string@DU?$char_traits@D@std@@V?$allocator@D@2@@std@@@1@ABV?$allocator@I@1@@Z 00402e30 f i ClientNode.obj
 0001:00001ee0       ??1?$pair@$$CBV?$basic_string@DU?$char_traits@D@std@@V?$allocator@D@2@@std@@I@std@@QAE@XZ 00402ee0 f i ClientNode.obj
 0001:00001f20       ?_Tidy@?$basic_string@DU?$char_traits@D@std@@V?$allocator@D@2@@std@@AAEX_N@Z 00402f20 f i ClientNode.obj
 0001:00001f70       ?begin@?$_Tree@IU?$pair@$$CBIPAVCClientNode@@@std@@U_Kfn@?$map@IPAVCClientNode@@U?$less@I@std@@V?$allocator@PAVCClientNode@@@3@@2@U?$less@I@2@V?$allocator@PAVCClientNode@@@2@@std@@QAE?AViterator@12@XZ 00402f70 f i ClientNode.obj
 0001:00001f80       ?erase@?$_Tree@IU?$pair@$$CBIPAVCClientNode@@@std@@U_Kfn@?$map@IPAVCClientNode@@U?$less@I@std@@V?$allocator@PAVCClientNode@@@3@@2@U?$less@I@2@V?$allocator@PAVCClientNode@@@2@@std@@QAE?AViterator@12@V312@0@Z 00402f80 f i ClientNode.obj
 0001:00002050       ?erase@?$list@PAVCBuffer@Win32@OnlineGameLib@@V?$allocator@PAVCBuffer@Win32@OnlineGameLib@@@std@@@std@@QAE?AViterator@12@V312@@Z 00403050 f i ClientNode.obj
 0001:00002090       ?insert@?$map@V?$basic_string@DU?$char_traits@D@std@@V?$allocator@D@2@@std@@IU?$less@V?$basic_string@DU?$char_traits@D@std@@V?$allocator@D@2@@std@@@2@V?$allocator@I@2@@std@@QAE?AU?$pair@Viterator@?$_Tree@V?$basic_string@DU?$char_traits@D@std@@V?$allocator@D@2@@std@@U?$pair@$$CBV?$basic_string@DU?$char_traits@D@std@@V?$allocator@D@2@@std@@I@2@U_Kfn@?$map@V?$basic_string@DU?$char_traits@D@std@@V?$allocator@D@2@@std@@IU?$less@V?$basic_string@DU?$char_traits@D@std@@V?$allocator@D@2@@std@@@2@V?$allocator@I@2@@2@U?$less@V?$basic_string@DU?$char_traits@D@std@@V?$allocator@D@2@@std@@@2@V?$allocator@I@2@@std@@_N@2@ABU?$pair@$$CBV?$basic_string@DU?$char_traits@D@std@@V?$allocator@D@2@@std@@I@2@@Z 00403090 f i ClientNode.obj
 0001:00002190       ?begin@?$_Tree@V?$basic_string@DU?$char_traits@D@std@@V?$allocator@D@2@@std@@U?$pair@$$CBV?$basic_string@DU?$char_traits@D@std@@V?$allocator@D@2@@std@@I@2@U_Kfn@?$map@V?$basic_string@DU?$char_traits@D@std@@V?$allocator@D@2@@std@@IU?$less@V?$basic_string@DU?$char_traits@D@std@@V?$allocator@D@2@@std@@@2@V?$allocator@I@2@@2@U?$less@V?$basic_string@DU?$char_traits@D@std@@V?$allocator@D@2@@std@@@2@V?$allocator@I@2@@std@@QAE?AViterator@12@XZ 00403190 f i ClientNode.obj
 0001:000021a0       ?erase@?$_Tree@V?$basic_string@DU?$char_traits@D@std@@V?$allocator@D@2@@std@@U?$pair@$$CBV?$basic_string@DU?$char_traits@D@std@@V?$allocator@D@2@@std@@I@2@U_Kfn@?$map@V?$basic_string@DU?$char_traits@D@std@@V?$allocator@D@2@@std@@IU?$less@V?$basic_string@DU?$char_traits@D@std@@V?$allocator@D@2@@std@@@2@V?$allocator@I@2@@2@U?$less@V?$basic_string@DU?$char_traits@D@std@@V?$allocator@D@2@@std@@@2@V?$allocator@I@2@@std@@QAE?AViterator@12@V312@@Z 004031a0 f i ClientNode.obj
 0001:000025d0       ?find@?$_Tree@V?$basic_string@DU?$char_traits@D@std@@V?$allocator@D@2@@std@@U?$pair@$$CBV?$basic_string@DU?$char_traits@D@std@@V?$allocator@D@2@@std@@I@2@U_Kfn@?$map@V?$basic_string@DU?$char_traits@D@std@@V?$allocator@D@2@@std@@IU?$less@V?$basic_string@DU?$char_traits@D@std@@V?$allocator@D@2@@std@@@2@V?$allocator@I@2@@2@U?$less@V?$basic_string@DU?$char_traits@D@std@@V?$allocator@D@2@@std@@@2@V?$allocator@I@2@@std@@QAE?AViterator@12@ABV?$basic_string@DU?$char_traits@D@std@@V?$allocator@D@2@@2@@Z 004035d0 f i ClientNode.obj
 0001:00002680       ??0?$pair@Viterator@?$_Tree@IU?$pair@$$CBIPAVCClientNode@@@std@@U_Kfn@?$map@IPAVCClientNode@@U?$less@I@std@@V?$allocator@PAVCClientNode@@@3@@2@U?$less@I@2@V?$allocator@PAVCClientNode@@@2@@std@@_N@std@@QAE@ABViterator@?$_Tree@IU?$pair@$$CBIPAVCClientNode@@@std@@U_Kfn@?$map@IPAVCClientNode@@U?$less@I@std@@V?$allocator@PAVCClientNode@@@3@@2@U?$less@I@2@V?$allocator@PAVCClientNode@@@2@@1@AB_N@Z 00403680 f i ClientNode.obj
 0001:000026a0       ?_Eos@?$basic_string@DU?$char_traits@D@std@@V?$allocator@D@2@@std@@AAEXI@Z 004036a0 f i ClientNode.obj
 0001:000026c0       ?_Grow@?$basic_string@DU?$char_traits@D@std@@V?$allocator@D@2@@std@@AAE_NI_N@Z 004036c0 f i ClientNode.obj
 0001:000027e0       ?erase@?$_Tree@IU?$pair@$$CBIPAVCClientNode@@@std@@U_Kfn@?$map@IPAVCClientNode@@U?$less@I@std@@V?$allocator@PAVCClientNode@@@3@@2@U?$less@I@2@V?$allocator@PAVCClientNode@@@2@@std@@QAE?AViterator@12@V312@@Z 004037e0 f i ClientNode.obj
 0001:00002be0       ?lower_bound@?$_Tree@IU?$pair@$$CBIPAVCClientNode@@@std@@U_Kfn@?$map@IPAVCClientNode@@U?$less@I@std@@V?$allocator@PAVCClientNode@@@3@@2@U?$less@I@2@V?$allocator@PAVCClientNode@@@2@@std@@QAE?AViterator@12@ABI@Z 00403be0 f i ClientNode.obj
 0001:00002c20       ?_Erase@?$_Tree@IU?$pair@$$CBIPAVCClientNode@@@std@@U_Kfn@?$map@IPAVCClientNode@@U?$less@I@std@@V?$allocator@PAVCClientNode@@@3@@2@U?$less@I@2@V?$allocator@PAVCClientNode@@@2@@std@@IAEXPAU_Node@12@@Z 00403c20 f i ClientNode.obj
 0001:00002c60       ?_Insert@?$_Tree@IU?$pair@$$CBIPAVCClientNode@@@std@@U_Kfn@?$map@IPAVCClientNode@@U?$less@I@std@@V?$allocator@PAVCClientNode@@@3@@2@U?$less@I@2@V?$allocator@PAVCClientNode@@@2@@std@@IAE?AViterator@12@PAU_Node@12@0ABU?$pair@$$CBIPAVCClientNode@@@2@@Z 00403c60 f i ClientNode.obj
 0001:00002ed0       ?_Inc@const_iterator@?$_Tree@IU?$pair@$$CBIPAVCClientNode@@@std@@U_Kfn@?$map@IPAVCClientNode@@U?$less@I@std@@V?$allocator@PAVCClientNode@@@3@@2@U?$less@I@2@V?$allocator@PAVCClientNode@@@2@@std@@QAEXXZ 00403ed0 f i ClientNode.obj
 0001:00002f20       ?lower_bound@?$_Tree@V?$basic_string@DU?$char_traits@D@std@@V?$allocator@D@2@@std@@U?$pair@$$CBV?$basic_string@DU?$char_traits@D@std@@V?$allocator@D@2@@std@@I@2@U_Kfn@?$map@V?$basic_string@DU?$char_traits@D@std@@V?$allocator@D@2@@std@@IU?$less@V?$basic_string@DU?$char_traits@D@std@@V?$allocator@D@2@@std@@@2@V?$allocator@I@2@@2@U?$less@V?$basic_string@DU?$char_traits@D@std@@V?$allocator@D@2@@std@@@2@V?$allocator@I@2@@std@@QAE?AViterator@12@ABV?$basic_string@DU?$char_traits@D@std@@V?$allocator@D@2@@2@@Z 00403f20 f i ClientNode.obj
 0001:00002f90       ?_Erase@?$_Tree@V?$basic_string@DU?$char_traits@D@std@@V?$allocator@D@2@@std@@U?$pair@$$CBV?$basic_string@DU?$char_traits@D@std@@V?$allocator@D@2@@std@@I@2@U_Kfn@?$map@V?$basic_string@DU?$char_traits@D@std@@V?$allocator@D@2@@std@@IU?$less@V?$basic_string@DU?$char_traits@D@std@@V?$allocator@D@2@@std@@@2@V?$allocator@I@2@@2@U?$less@V?$basic_string@DU?$char_traits@D@std@@V?$allocator@D@2@@std@@@2@V?$allocator@I@2@@std@@IAEXPAU_Node@12@@Z 00403f90 f i ClientNode.obj
 0001:00002fe0       ?_Inc@const_iterator@?$_Tree@V?$basic_string@DU?$char_traits@D@std@@V?$allocator@D@2@@std@@U?$pair@$$CBV?$basic_string@DU?$char_traits@D@std@@V?$allocator@D@2@@std@@I@2@U_Kfn@?$map@V?$basic_string@DU?$char_traits@D@std@@V?$allocator@D@2@@std@@IU?$less@V?$basic_string@DU?$char_traits@D@std@@V?$allocator@D@2@@std@@@2@V?$allocator@I@2@@2@U?$less@V?$basic_string@DU?$char_traits@D@std@@V?$allocator@D@2@@std@@@2@V?$allocator@I@2@@std@@QAEXXZ 00403fe0 f i ClientNode.obj
 0001:00003030       ?_Copy@?$basic_string@DU?$char_traits@D@std@@V?$allocator@D@2@@std@@AAEXI@Z 00404030 f i ClientNode.obj
 0001:00003140       ?_Split@?$basic_string@DU?$char_traits@D@std@@V?$allocator@D@2@@std@@AAEXXZ 00404140 f i ClientNode.obj
 0001:00003210       ?_Lbound@?$_Tree@IU?$pair@$$CBIPAVCClientNode@@@std@@U_Kfn@?$map@IPAVCClientNode@@U?$less@I@std@@V?$allocator@PAVCClientNode@@@3@@2@U?$less@I@2@V?$allocator@PAVCClientNode@@@2@@std@@IBEPAU_Node@12@ABI@Z 00404210 f i ClientNode.obj
 0001:00003240       ?_Min@?$_Tree@IU?$pair@$$CBIPAVCClientNode@@@std@@U_Kfn@?$map@IPAVCClientNode@@U?$less@I@std@@V?$allocator@PAVCClientNode@@@3@@2@U?$less@I@2@V?$allocator@PAVCClientNode@@@2@@std@@KAPAU_Node@12@PAU312@@Z 00404240 f i ClientNode.obj
 0001:00003260       ?_Dec@const_iterator@?$_Tree@IU?$pair@$$CBIPAVCClientNode@@@std@@U_Kfn@?$map@IPAVCClientNode@@U?$less@I@std@@V?$allocator@PAVCClientNode@@@3@@2@U?$less@I@2@V?$allocator@PAVCClientNode@@@2@@std@@QAEXXZ 00404260 f i ClientNode.obj
 0001:000032c0       ?_Insert@?$_Tree@V?$basic_string@DU?$char_traits@D@std@@V?$allocator@D@2@@std@@U?$pair@$$CBV?$basic_string@DU?$char_traits@D@std@@V?$allocator@D@2@@std@@I@2@U_Kfn@?$map@V?$basic_string@DU?$char_traits@D@std@@V?$allocator@D@2@@std@@IU?$less@V?$basic_string@DU?$char_traits@D@std@@V?$allocator@D@2@@std@@@2@V?$allocator@I@2@@2@U?$less@V?$basic_string@DU?$char_traits@D@std@@V?$allocator@D@2@@std@@@2@V?$allocator@I@2@@std@@IAE?AViterator@12@PAU_Node@12@0ABU?$pair@$$CBV?$basic_string@DU?$char_traits@D@std@@V?$allocator@D@2@@std@@I@2@@Z 004042c0 f i ClientNode.obj
 0001:00003530       ?_Ubound@?$_Tree@IU?$pair@$$CBIPAVCClientNode@@@std@@U_Kfn@?$map@IPAVCClientNode@@U?$less@I@std@@V?$allocator@PAVCClientNode@@@3@@2@U?$less@I@2@V?$allocator@PAVCClientNode@@@2@@std@@IBEPAU_Node@12@ABI@Z 00404530 f i ClientNode.obj
 0001:00003560       ?_Dec@const_iterator@?$_Tree@V?$basic_string@DU?$char_traits@D@std@@V?$allocator@D@2@@std@@U?$pair@$$CBV?$basic_string@DU?$char_traits@D@std@@V?$allocator@D@2@@std@@I@2@U_Kfn@?$map@V?$basic_string@DU?$char_traits@D@std@@V?$allocator@D@2@@std@@IU?$less@V?$basic_string@DU?$char_traits@D@std@@V?$allocator@D@2@@std@@@2@V?$allocator@I@2@@2@U?$less@V?$basic_string@DU?$char_traits@D@std@@V?$allocator@D@2@@std@@@2@V?$allocator@I@2@@std@@QAEXXZ 00404560 f i ClientNode.obj
 0001:000035c0       ?_Construct@std@@YAXPAU?$pair@$$CBIPAVCClientNode@@@1@ABU21@@Z 004045c0 f i ClientNode.obj
 0001:000035e0       ?_Construct@std@@YAXPAU?$pair@$$CBV?$basic_string@DU?$char_traits@D@std@@V?$allocator@D@2@@std@@I@1@ABU21@@Z 004045e0 f i ClientNode.obj
 0001:00003730       ??3@YAXPAX0@Z              00404730 f i ClientNode.obj
 0001:00003740       ??_G?$pair@$$CBV?$basic_string@DU?$char_traits@D@std@@V?$allocator@D@2@@std@@I@std@@QAEPAXI@Z 00404740 f i ClientNode.obj
 0001:00003760       ?compare@?$basic_string@DU?$char_traits@D@std@@V?$allocator@D@2@@std@@QBEHABV12@@Z 00404760 f i ClientNode.obj
 0001:000037b0       ?compare@?$basic_string@DU?$char_traits@D@std@@V?$allocator@D@2@@std@@QBEHIIPBDI@Z 004047b0 f i ClientNode.obj
 0001:00003850       ?id@?$ctype@G@std@@$E      00404850 f i ClientNode.obj
 0001:00003860       ?GetIndexByName@CDBBackup@@CAHPADPAUTRoleList@1@H@Z 00404860 f   DBBackup.obj
 0001:000038d0       ?GetMin@CDBBackup@@CAPAUTRoleList@1@QAU21@HW4StatType@1@@Z 004048d0 f   DBBackup.obj
 0001:00003950       ?ListSort@CDBBackup@@CAXQAUTRoleList@1@HW4StatType@1@@Z 00404950 f   DBBackup.obj
 0001:00003a80       ?RoleDataCopy@CDBBackup@@CAXPAUTRoleList@1@PAUTRoleData@@@Z 00404a80 f   DBBackup.obj
 0001:00003af0       ?LoadFilterName@CDBBackup@@CAPADXZ 00404af0 f   DBBackup.obj
 0001:00003e20       ??1locale@std@@QAE@XZ      00404e20 f i DBBackup.obj
 0001:00003e40       ?_Decref@facet@locale@std@@QAEPAV123@XZ 00404e40 f i DBBackup.obj
 0001:00003e80       ?getloc@ios_base@std@@QBE?AVlocale@2@XZ 00404e80 f i DBBackup.obj
 0001:00003ec0       ??0ios_base@std@@IAE@XZ    00404ec0 f i DBBackup.obj
 0001:00003ed0       ??_Gios_base@std@@UAEPAXI@Z 00404ed0 f i DBBackup.obj
 0001:00003ed0       ??_Eios_base@std@@UAEPAXI@Z 00404ed0 f i DBBackup.obj
 0001:00003ef0       ??_D?$basic_fstream@DU?$char_traits@D@std@@@std@@QAEXXZ 00404ef0 f i DBBackup.obj
 0001:00003f10       ?IsRoleFilter@CDBBackup@@CA_NPAD0@Z 00404f10 f   DBBackup.obj
 0001:00003f80       ??0CDBBackup@@QAE@PAD0PAVZDBTable@@@Z 00404f80 f   DBBackup.obj
 0001:00004030       ??_ECDBBackup@@UAEPAXI@Z   00405030 f i DBBackup.obj
 0001:00004030       ??_GCDBBackup@@UAEPAXI@Z   00405030 f i DBBackup.obj
 0001:00004050       ?Open@CDBBackup@@QAE_NH@Z  00405050 f   DBBackup.obj
 0001:00004170       ?Close@CDBBackup@@QAE_NXZ  00405170 f   DBBackup.obj
 0001:000041a0       ?Suspend@CDBBackup@@QAE_NXZ 004051a0 f   DBBackup.obj
 0001:000041f0       ?Resume@CDBBackup@@QAE_NXZ 004051f0 f   DBBackup.obj
 0001:00004230       ?GetSendStatData@CDBBackup@@QAE?AUTGAME_STAT_DATA@@XZ 00405230 f   DBBackup.obj
 0001:00004250       ?IsWorking@CDBBackup@@QAE_NXZ 00405250 f   DBBackup.obj
 0001:00004260       ?IsBackuping@CDBBackup@@QAE_NXZ 00405260 f   DBBackup.obj
 0001:00004270       ?ManualBackup@CDBBackup@@QAE_NXZ 00405270 f   DBBackup.obj
 0001:000042e0       ?TimerThreadFunc@CDBBackup@@CGKPAX@Z 004052e0 f   DBBackup.obj
 0001:00004340       ?ManualThreadFunc@CDBBackup@@CGKPAX@Z 00405340 f   DBBackup.obj
 0001:00004350       ?Backup@CDBBackup@@CAXXZ   00405350 f   DBBackup.obj
 0001:000068c0       ??0locale@std@@QAE@XZ      004078c0 f i DBBackup.obj
 0001:00006910       ?endl@std@@YAAAV?$basic_ostream@DU?$char_traits@D@std@@@1@AAV21@@Z 00407910 f i DBBackup.obj
 0001:00006970       ??1CDBDump@@UAE@XZ         00407970 f i DBBackup.obj
 0001:00006980       ??_GCDBDump@@UAEPAXI@Z     00407980 f i DBBackup.obj
 0001:00006980       ??_ECDBDump@@UAEPAXI@Z     00407980 f i DBBackup.obj
 0001:000069a0       ?MakeSendStatData@CDBBackup@@CAXXZ 004079a0 f   DBBackup.obj
 0001:00006b80       ?SaveStatInfo@CDBBackup@@QAEXXZ 00407b80 f   DBBackup.obj
 0001:00006de0       ??6?$basic_ostream@DU?$char_traits@D@std@@@std@@QAEAAV01@P6AAAV01@AAV01@@Z@Z 00407de0 f i DBBackup.obj
 0001:00006df0       ??6?$basic_ostream@DU?$char_traits@D@std@@@std@@QAEAAV01@G@Z 00407df0 f i DBBackup.obj
 0001:00007030       ??1bad_cast@std@@UAE@XZ    00408030 f i DBBackup.obj
 0001:00007040       ?_Doraise@bad_cast@std@@MBEXXZ 00408040 f i DBBackup.obj
 0001:00007060       ??_Ebad_cast@std@@UAEPAXI@Z 00408060 f i DBBackup.obj
 0001:00007060       ??_Gbad_cast@std@@UAEPAXI@Z 00408060 f i DBBackup.obj
 0001:00007080       ??0bad_cast@std@@QAE@ABV01@@Z 00408080 f i DBBackup.obj
 0001:000070a0       ??Bid@locale@std@@QAEIXZ   004080a0 f i DBBackup.obj
 0001:000070d0       ??6?$basic_ostream@DU?$char_traits@D@std@@@std@@QAEAAV01@H@Z 004080d0 f i DBBackup.obj
 0001:00007310       ??6?$basic_ostream@DU?$char_traits@D@std@@@std@@QAEAAV01@N@Z 00408310 f i DBBackup.obj
 0001:00007550       ?put@?$basic_ostream@DU?$char_traits@D@std@@@std@@QAEAAV12@D@Z 00408550 f i DBBackup.obj
 0001:000076c0       ??1?$basic_ios@DU?$char_traits@D@std@@@std@@UAE@XZ 004086c0 f i DBBackup.obj
 0001:000076d0       ?setstate@?$basic_ios@DU?$char_traits@D@std@@@std@@QAEXH_N@Z 004086d0 f i DBBackup.obj
 0001:00007700       ??1?$basic_streambuf@DU?$char_traits@D@std@@@std@@UAE@XZ 00408700 f i DBBackup.obj
 0001:00007750       ?overflow@?$basic_streambuf@DU?$char_traits@D@std@@@std@@MAEHH@Z 00408750 f i DBBackup.obj
 0001:00007760       ?pbackfail@?$basic_streambuf@DU?$char_traits@D@std@@@std@@MAEHH@Z 00408760 f i DBBackup.obj
 0001:00007770       ?showmanyc@?$basic_streambuf@DU?$char_traits@D@std@@@std@@MAEHXZ 00408770 f i DBBackup.obj
 0001:00007780       ?underflow@?$basic_streambuf@DU?$char_traits@D@std@@@std@@MAEHXZ 00408780 f i DBBackup.obj
 0001:00007790       ?uflow@?$basic_streambuf@DU?$char_traits@D@std@@@std@@MAEHXZ 00408790 f i DBBackup.obj
 0001:000077c0       ?xsgetn@?$basic_streambuf@DU?$char_traits@D@std@@@std@@MAEHPADH@Z 004087c0 f i DBBackup.obj
 0001:00007860       ?xsputn@?$basic_streambuf@DU?$char_traits@D@std@@@std@@MAEHPBDH@Z 00408860 f i DBBackup.obj
 0001:00007900       ?seekoff@?$basic_streambuf@DU?$char_traits@D@std@@@std@@MAE?AV?$fpos@H@2@JW4seekdir@ios_base@2@H@Z 00408900 f i DBBackup.obj
 0001:00007930       ?seekpos@?$basic_streambuf@DU?$char_traits@D@std@@@std@@MAE?AV?$fpos@H@2@V32@H@Z 00408930 f i DBBackup.obj
 0001:00007960       ?setbuf@?$basic_streambuf@DU?$char_traits@D@std@@@std@@MAEPAV12@PADH@Z 00408960 f i DBBackup.obj
 0001:00007970       ?sync@?$basic_streambuf@DU?$char_traits@D@std@@@std@@MAEHXZ 00408970 f i DBBackup.obj
 0001:00007980       ?imbue@?$basic_streambuf@DU?$char_traits@D@std@@@std@@MAEXABVlocale@2@@Z 00408980 f i DBBackup.obj
 0001:00007990       ??1?$basic_fstream@DU?$char_traits@D@std@@@std@@UAE@XZ 00408990 f i DBBackup.obj
 0001:00007ad0       ??1?$basic_iostream@DU?$char_traits@D@std@@@std@@UAE@XZ 00408ad0 f i DBBackup.obj
 0001:00007b10       ??1?$basic_filebuf@DU?$char_traits@D@std@@@std@@UAE@XZ 00408b10 f i DBBackup.obj
 0001:00007c60       ?overflow@?$basic_filebuf@DU?$char_traits@D@std@@@std@@MAEHH@Z 00408c60 f i DBBackup.obj
 0001:00007e40       ?pbackfail@?$basic_filebuf@DU?$char_traits@D@std@@@std@@MAEHH@Z 00408e40 f i DBBackup.obj
 0001:00007fe0       ?underflow@?$basic_filebuf@DU?$char_traits@D@std@@@std@@MAEHXZ 00408fe0 f i DBBackup.obj
 0001:00008010       ?uflow@?$basic_filebuf@DU?$char_traits@D@std@@@std@@MAEHXZ 00409010 f i DBBackup.obj
 0001:00008200       ?seekoff@?$basic_filebuf@DU?$char_traits@D@std@@@std@@MAE?AV?$fpos@H@2@JW4seekdir@ios_base@2@H@Z 00409200 f i DBBackup.obj
 0001:00008290       ?seekpos@?$basic_filebuf@DU?$char_traits@D@std@@@std@@MAE?AV?$fpos@H@2@V32@H@Z 00409290 f i DBBackup.obj
 0001:00008420       ?setbuf@?$basic_filebuf@DU?$char_traits@D@std@@@std@@MAEPAV?$basic_streambuf@DU?$char_traits@D@std@@@2@PADH@Z 00409420 f i DBBackup.obj
 0001:00008450       ?sync@?$basic_filebuf@DU?$char_traits@D@std@@@std@@MAEHXZ 00409450 f i DBBackup.obj
 0001:00008470       ??_G?$basic_ostream@DU?$char_traits@D@std@@@std@@UAEPAXI@Z 00409470 f i DBBackup.obj
 0001:00008470       ??_E?$basic_ostream@DU?$char_traits@D@std@@@std@@UAEPAXI@Z 00409470 f i DBBackup.obj
 0001:000084a0       ??_E?$basic_ios@DU?$char_traits@D@std@@@std@@UAEPAXI@Z 004094a0 f i DBBackup.obj
 0001:000084a0       ??_G?$basic_ios@DU?$char_traits@D@std@@@std@@UAEPAXI@Z 004094a0 f i DBBackup.obj
 0001:000084c0       ??_G?$basic_istream@DU?$char_traits@D@std@@@std@@UAEPAXI@Z 004094c0 f i DBBackup.obj
 0001:000084c0       ??_E?$basic_istream@DU?$char_traits@D@std@@@std@@UAEPAXI@Z 004094c0 f i DBBackup.obj
 0001:000084f0       ??_E?$basic_streambuf@DU?$char_traits@D@std@@@std@@UAEPAXI@Z 004094f0 f i DBBackup.obj
 0001:000084f0       ??_G?$basic_streambuf@DU?$char_traits@D@std@@@std@@UAEPAXI@Z 004094f0 f i DBBackup.obj
 0001:00008510       ??_G?$basic_fstream@DU?$char_traits@D@std@@@std@@UAEPAXI@Z 00409510 f i DBBackup.obj
 0001:00008510       ??_E?$basic_fstream@DU?$char_traits@D@std@@@std@@UAEPAXI@Z 00409510 f i DBBackup.obj
 0001:00008540       ??_G?$basic_iostream@DU?$char_traits@D@std@@@std@@UAEPAXI@Z 00409540 f i DBBackup.obj
 0001:00008540       ??_E?$basic_iostream@DU?$char_traits@D@std@@@std@@UAEPAXI@Z 00409540 f i DBBackup.obj
 0001:00008570       ??_G?$basic_filebuf@DU?$char_traits@D@std@@@std@@UAEPAXI@Z 00409570 f i DBBackup.obj
 0001:00008570       ??_E?$basic_filebuf@DU?$char_traits@D@std@@@std@@UAEPAXI@Z 00409570 f i DBBackup.obj
 0001:00008590       ?clear@?$basic_ios@DU?$char_traits@D@std@@@std@@QAEXH_N@Z 00409590 f i DBBackup.obj
 0001:000085b0       ??1sentry@?$basic_ostream@DU?$char_traits@D@std@@@std@@QAE@XZ 004095b0 f i DBBackup.obj
 0001:00008620       ??0?$fpos@H@std@@QAE@J@Z   00409620 f i DBBackup.obj
 0001:00008660       ?getline@?$basic_istream@DU?$char_traits@D@std@@@std@@QAEAAV12@PADHD@Z 00409660 f i DBBackup.obj
 0001:00008830       ?sgetc@?$basic_streambuf@DU?$char_traits@D@std@@@std@@QAEHXZ 00409830 f i DBBackup.obj
 0001:00008850       ?ipfx@?$basic_istream@DU?$char_traits@D@std@@@std@@QAE_N_N@Z 00409850 f i DBBackup.obj
 0001:00008ad0       ??0bad_cast@std@@QAE@PBD@Z 00409ad0 f i DBBackup.obj
 0001:00008af0       ??0?$ctype@D@std@@QAE@PBF_NI@Z 00409af0 f i DBBackup.obj
 0001:00008c10       ??1ctype_base@std@@UAE@XZ  00409c10 f i DBBackup.obj
 0001:00008c20       ??_Gfacet@locale@std@@UAEPAXI@Z 00409c20 f i DBBackup.obj
 0001:00008c20       ??_Efacet@locale@std@@UAEPAXI@Z 00409c20 f i DBBackup.obj
 0001:00008c40       ?_Term@?$ctype@D@std@@KAXXZ 00409c40 f i DBBackup.obj
 0001:00008c50       ?do_tolower@?$ctype@D@std@@MBEDD@Z 00409c50 f i DBBackup.obj
 0001:00008c70       ?do_tolower@?$ctype@D@std@@MBEPBDPADPBD@Z 00409c70 f i DBBackup.obj
 0001:00008cb0       ?do_toupper@?$ctype@D@std@@MBEDD@Z 00409cb0 f i DBBackup.obj
 0001:00008cd0       ?do_toupper@?$ctype@D@std@@MBEPBDPADPBD@Z 00409cd0 f i DBBackup.obj
 0001:00008d10       ??_G?$ctype@D@std@@UAEPAXI@Z 00409d10 f i DBBackup.obj
 0001:00008d10       ??_E?$ctype@D@std@@UAEPAXI@Z 00409d10 f i DBBackup.obj
 0001:00008d30       ??1?$ctype@D@std@@UAE@XZ   00409d30 f i DBBackup.obj
 0001:00008d60       ??0?$basic_iostream@DU?$char_traits@D@std@@@std@@QAE@PAV?$basic_streambuf@DU?$char_traits@D@std@@@1@@Z 00409d60 f i DBBackup.obj
 0001:00008e30       ??1?$basic_istream@DU?$char_traits@D@std@@@std@@UAE@XZ 00409e30 f i DBBackup.obj
 0001:00008e40       ??0?$basic_filebuf@DU?$char_traits@D@std@@@std@@QAE@PAU_iobuf@@@Z 00409e40 f i DBBackup.obj
 0001:00009040       ?open@?$basic_filebuf@DU?$char_traits@D@std@@@std@@QAEPAV12@PBDH@Z 0040a040 f i DBBackup.obj
 0001:00009110       ?assign@?$basic_string@DU?$char_traits@D@std@@V?$allocator@D@2@@std@@QAEAAV12@PBDI@Z 0040a110 f i DBBackup.obj
 0001:000091b0       ?_Freeze@?$basic_string@DU?$char_traits@D@std@@V?$allocator@D@2@@std@@AAEXXZ 0040a1b0 f i DBBackup.obj
 0001:00009230       ?opfx@?$basic_ostream@DU?$char_traits@D@std@@@std@@QAE_NXZ 0040a230 f i DBBackup.obj
 0001:000092b0       ??0?$basic_streambuf@DU?$char_traits@D@std@@@std@@IAE@XZ 0040a2b0 f i DBBackup.obj
 0001:00009360       ?_Init@?$basic_filebuf@DU?$char_traits@D@std@@@std@@IAEXPAU_iobuf@@W4_Initfl@12@@Z 0040a360 f i DBBackup.obj
 0001:00009440       ?_Initcvt@?$basic_filebuf@DU?$char_traits@D@std@@@std@@IAEXXZ 0040a440 f i DBBackup.obj
 0001:00009680       ?_Incref@facet@locale@std@@QAEXXZ 0040a680 f i DBBackup.obj
 0001:000096b0       ??0locale@std@@QAE@ABV01@@Z 0040a6b0 f i DBBackup.obj
 0001:000096d0       ?getloc@?$basic_streambuf@DU?$char_traits@D@std@@@std@@QAE?AVlocale@2@XZ 0040a6d0 f i DBBackup.obj
 0001:00009710       ?_Init@?$basic_streambuf@DU?$char_traits@D@std@@@std@@IAEXXZ 0040a710 f i DBBackup.obj
 0001:00009770       ?_Init@?$basic_streambuf@DU?$char_traits@D@std@@@std@@IAEXPAPAD0PAH001@Z 0040a770 f i DBBackup.obj
 0001:000097a0       ?setg@?$basic_streambuf@DU?$char_traits@D@std@@@std@@IAEXPAD00@Z 0040a7a0 f i DBBackup.obj
 0001:000097c0       ?setp@?$basic_streambuf@DU?$char_traits@D@std@@@std@@IAEXPAD0@Z 0040a7c0 f i DBBackup.obj
 0001:000097e0       ?use_facet@std@@YAABV?$ctype@D@1@ABVlocale@1@PBV21@_N@Z 0040a7e0 f i DBBackup.obj
 0001:00009a00       ??6std@@YAAAV?$basic_ostream@DU?$char_traits@D@std@@@0@AAV10@PBD@Z 0040aa00 f i DBBackup.obj
 0001:00009c90       ?_Addfac@std@@YA?AVlocale@1@V21@PAV?$codecvt@DDH@1@@Z 0040ac90 f i DBBackup.obj
 0001:00009da0       ??0?$num_put@DV?$ostreambuf_iterator@DU?$char_traits@D@std@@@std@@@std@@QAE@I@Z 0040ada0 f i DBBackup.obj
 0001:00009e00       ??1facet@locale@std@@UAE@XZ 0040ae00 f i DBBackup.obj
 0001:00009e10       ?do_put@?$num_put@DV?$ostreambuf_iterator@DU?$char_traits@D@std@@@std@@@std@@MBE?AV?$ostreambuf_iterator@DU?$char_traits@D@std@@@2@V32@AAVios_base@2@D_N@Z 0040ae10 f i DBBackup.obj
 0001:0000a0f0       ?assign@?$basic_string@DU?$char_traits@D@std@@V?$allocator@D@2@@std@@QAEAAV12@ABV12@II@Z 0040b0f0 f i DBBackup.obj
 0001:0000a2f0       ?sputc@?$basic_streambuf@DU?$char_traits@D@std@@@std@@QAEHD@Z 0040b2f0 f i DBBackup.obj
 0001:0000a340       ?do_put@?$num_put@DV?$ostreambuf_iterator@DU?$char_traits@D@std@@@std@@@std@@MBE?AV?$ostreambuf_iterator@DU?$char_traits@D@std@@@2@V32@AAVios_base@2@DJ@Z 0040b340 f i DBBackup.obj
 0001:0000a3f0       ?do_put@?$num_put@DV?$ostreambuf_iterator@DU?$char_traits@D@std@@@std@@@std@@MBE?AV?$ostreambuf_iterator@DU?$char_traits@D@std@@@2@V32@AAVios_base@2@DK@Z 0040b3f0 f i DBBackup.obj
 0001:0000a4a0       ?do_put@?$num_put@DV?$ostreambuf_iterator@DU?$char_traits@D@std@@@std@@@std@@MBE?AV?$ostreambuf_iterator@DU?$char_traits@D@std@@@2@V32@AAVios_base@2@DN@Z 0040b4a0 f i DBBackup.obj
 0001:0000a590       ?do_put@?$num_put@DV?$ostreambuf_iterator@DU?$char_traits@D@std@@@std@@@std@@MBE?AV?$ostreambuf_iterator@DU?$char_traits@D@std@@@2@V32@AAVios_base@2@DO@Z 0040b590 f i DBBackup.obj
 0001:0000a680       ?do_put@?$num_put@DV?$ostreambuf_iterator@DU?$char_traits@D@std@@@std@@@std@@MBE?AV?$ostreambuf_iterator@DU?$char_traits@D@std@@@2@V32@AAVios_base@2@DPBX@Z 0040b680 f i DBBackup.obj
 0001:0000a840       ??_E?$num_put@DV?$ostreambuf_iterator@DU?$char_traits@D@std@@@std@@@std@@UAEPAXI@Z 0040b840 f i DBBackup.obj
 0001:0000a840       ??_G?$num_put@DV?$ostreambuf_iterator@DU?$char_traits@D@std@@@std@@@std@@UAEPAXI@Z 0040b840 f i DBBackup.obj
 0001:0000a860       ??1?$num_put@DV?$ostreambuf_iterator@DU?$char_traits@D@std@@@std@@@std@@UAE@XZ 0040b860 f i DBBackup.obj
 0001:0000a870       ?_Fput@?$num_put@DV?$ostreambuf_iterator@DU?$char_traits@D@std@@@std@@@std@@KA?AV?$ostreambuf_iterator@DU?$char_traits@D@std@@@2@V32@AAVios_base@2@DPBDII@Z 0040b870 f i DBBackup.obj
 0001:0000ac80       ?_Iput@?$num_put@DV?$ostreambuf_iterator@DU?$char_traits@D@std@@@std@@@std@@KA?AV?$ostreambuf_iterator@DU?$char_traits@D@std@@@2@V32@AAVios_base@2@DPADI@Z 0040bc80 f i DBBackup.obj
 0001:0000b0d0       ?_Rep@?$num_put@DV?$ostreambuf_iterator@DU?$char_traits@D@std@@@std@@@std@@KA?AV?$ostreambuf_iterator@DU?$char_traits@D@std@@@2@V32@DI@Z 0040c0d0 f i DBBackup.obj
 0001:0000b150       ?falsename@?$numpunct@D@std@@QBE?AV?$basic_string@DU?$char_traits@D@std@@V?$allocator@D@2@@2@XZ 0040c150 f i DBBackup.obj
 0001:0000b170       ?truename@?$numpunct@D@std@@QBE?AV?$basic_string@DU?$char_traits@D@std@@V?$allocator@D@2@@2@XZ 0040c170 f i DBBackup.obj
 0001:0000b190       ?max_size@?$basic_string@DU?$char_traits@D@std@@V?$allocator@D@2@@std@@QBEIXZ 0040c190 f i DBBackup.obj
 0001:0000b1a0       ??4?$ostreambuf_iterator@DU?$char_traits@D@std@@@std@@QAEAAV01@D@Z 0040c1a0 f i DBBackup.obj
 0001:0000b200       ?grouping@?$numpunct@D@std@@QBE?AV?$basic_string@DU?$char_traits@D@std@@V?$allocator@D@2@@2@XZ 0040c200 f i DBBackup.obj
 0001:0000b220       ??0?$codecvt@DDH@std@@QAE@I@Z 0040c220 f i DBBackup.obj
 0001:0000b290       ?do_always_noconv@codecvt_base@std@@MBE_NXZ 0040c290 f i DBBackup.obj
 0001:0000b2a0       ?do_max_length@codecvt_base@std@@MBEHXZ 0040c2a0 f i DBBackup.obj
 0001:0000b2b0       ?do_encoding@codecvt_base@std@@MBEHXZ 0040c2b0 f i DBBackup.obj
 0001:0000b2c0       ??1codecvt_base@std@@UAE@XZ 0040c2c0 f i DBBackup.obj
 0001:0000b2d0       ?do_in@?$codecvt@DDH@std@@MBEHAAHPBD1AAPBDPAD3AAPAD@Z 0040c2d0 f i DBBackup.obj
 0001:0000b2f0       ?do_out@?$codecvt@DDH@std@@MBEHAAHPBD1AAPBDPAD3AAPAD@Z 0040c2f0 f i DBBackup.obj
 0001:0000b310       ?do_length@?$codecvt@DDH@std@@MBEHAAHPBD1I@Z 0040c310 f i DBBackup.obj
 0001:0000b330       ??_G?$codecvt@DDH@std@@UAEPAXI@Z 0040c330 f i DBBackup.obj
 0001:0000b330       ??_E?$codecvt@DDH@std@@UAEPAXI@Z 0040c330 f i DBBackup.obj
 0001:0000b350       ??1?$codecvt@DDH@std@@UAE@XZ 0040c350 f i DBBackup.obj
 0001:0000b360       ??0?$numpunct@D@std@@QAE@I@Z 0040c360 f i DBBackup.obj
 0001:0000b480       ?do_decimal_point@?$numpunct@D@std@@MBEDXZ 0040c480 f i DBBackup.obj
 0001:0000b490       ?do_thousands_sep@?$numpunct@D@std@@MBEDXZ 0040c490 f i DBBackup.obj
 0001:0000b4a0       ?do_grouping@?$numpunct@D@std@@MBE?AV?$basic_string@DU?$char_traits@D@std@@V?$allocator@D@2@@2@XZ 0040c4a0 f i DBBackup.obj
 0001:0000b570       ?do_falsename@?$numpunct@D@std@@MBE?AV?$basic_string@DU?$char_traits@D@std@@V?$allocator@D@2@@2@XZ 0040c570 f i DBBackup.obj
 0001:0000b640       ?do_truename@?$numpunct@D@std@@MBE?AV?$basic_string@DU?$char_traits@D@std@@V?$allocator@D@2@@2@XZ 0040c640 f i DBBackup.obj
 0001:0000b710       ??_G?$numpunct@D@std@@UAEPAXI@Z 0040c710 f i DBBackup.obj
 0001:0000b710       ??_E?$numpunct@D@std@@UAEPAXI@Z 0040c710 f i DBBackup.obj
 0001:0000b730       ??1?$numpunct@D@std@@UAE@XZ 0040c730 f i DBBackup.obj
 0001:0000b760       ?_Save@?$_Tidyfac@V?$ctype@D@std@@@std@@SAPAV?$ctype@D@2@PAV32@@Z 0040c760 f i DBBackup.obj
 0001:0000b7e0       ?_Save@?$_Tidyfac@V?$num_put@DV?$ostreambuf_iterator@DU?$char_traits@D@std@@@std@@@std@@@std@@SAPAV?$num_put@DV?$ostreambuf_iterator@DU?$char_traits@D@std@@@std@@@2@PAV32@@Z 0040c7e0 f i DBBackup.obj
 0001:0000b860       ?_Save@?$_Tidyfac@V?$numpunct@D@std@@@std@@SAPAV?$numpunct@D@2@PAV32@@Z 0040c860 f i DBBackup.obj
 0001:0000b8e0       ?_Save@?$_Tidyfac@V?$codecvt@DDH@std@@@std@@SAPAV?$codecvt@DDH@2@PAV32@@Z 0040c8e0 f i DBBackup.obj
 0001:0000b960       ?_Tidy@?$_Tidyfac@V?$ctype@D@std@@@std@@SAXXZ 0040c960 f i DBBackup.obj
 0001:0000ba00       ?_Tidy@?$_Tidyfac@V?$num_put@DV?$ostreambuf_iterator@DU?$char_traits@D@std@@@std@@@std@@@std@@SAXXZ 0040ca00 f i DBBackup.obj
 0001:0000baa0       ?_Tidy@?$_Tidyfac@V?$numpunct@D@std@@@std@@SAXXZ 0040caa0 f i DBBackup.obj
 0001:0000bb40       ?_Tidy@?$_Tidyfac@V?$codecvt@DDH@std@@@std@@SAXXZ 0040cb40 f i DBBackup.obj
 0001:0000bc80       ?id@?$codecvt@DDH@std@@$E  0040cc80 f i DBBackup.obj
 0001:0000bc90       ?id@?$numpunct@D@std@@$E   0040cc90 f i DBBackup.obj
 0001:0000bca0       ?id@?$num_put@DV?$ostreambuf_iterator@DU?$char_traits@D@std@@@$E 0040cca0 f i DBBackup.obj
 0001:0000bcb0       ??0CDBDump@@QAE@XZ         0040ccb0 f   DBDumpLoad.obj
 0001:0000bce0       ?Open@CDBDump@@QAE_NPAD@Z  0040cce0 f   DBDumpLoad.obj
 0001:0000bd90       ?Close@CDBDump@@QAE_NXZ    0040cd90 f   DBDumpLoad.obj
 0001:0000bde0       ?AddData@CDBDump@@QAE_NPADI0I@Z 0040cde0 f   DBDumpLoad.obj
 0001:0000bef0       ??0CDBLoad@@QAE@XZ         0040cef0 f   DBDumpLoad.obj
 0001:0000bf20       ??_GCDBLoad@@UAEPAXI@Z     0040cf20 f i DBDumpLoad.obj
 0001:0000bf20       ??_ECDBLoad@@UAEPAXI@Z     0040cf20 f i DBDumpLoad.obj
 0001:0000bf40       ?Open@CDBLoad@@QAE_NPAD@Z  0040cf40 f   DBDumpLoad.obj
 0001:0000bff0       ?Close@CDBLoad@@QAE_NXZ    0040cff0 f   DBDumpLoad.obj
 0001:0000c040       ?ReadData@CDBLoad@@QAE_NPADAAI01@Z 0040d040 f   DBDumpLoad.obj
 0001:0000c0f0       ?GotoHead@CDBLoad@@QAEXXZ  0040d0f0 f   DBDumpLoad.obj
 0001:0000c120       ?SearchData@CDBLoad@@QAE_NPAD0AAI@Z 0040d120 f   DBDumpLoad.obj
 0001:0000c220       ??0ZDBTable@@QAE@PBD0@Z    0040d220 f   DBTable.obj
 0001:0000c380       ??_EZDBTable@@UAEPAXI@Z    0040d380 f i DBTable.obj
 0001:0000c380       ??_GZDBTable@@UAEPAXI@Z    0040d380 f i DBTable.obj
 0001:0000c3a0       ??1ZDBTable@@UAE@XZ        0040d3a0 f   DBTable.obj
 0001:0000c3c0       ?addIndex@ZDBTable@@QAEHP6AHPAU__db@@PBU__db_dbt@@1PAU3@@Z_N@Z 0040d3c0 f   DBTable.obj
 0001:0000c410       ?open@ZDBTable@@QAE_NXZ    0040d410 f   DBTable.obj
 0001:0000c590       ?close@ZDBTable@@QAEXXZ    0040d590 f   DBTable.obj
 0001:0000c5e0       ?commit@ZDBTable@@QAE_NXZ  0040d5e0 f   DBTable.obj
 0001:0000c5f0       ?add@ZDBTable@@QAE_NPBDH0H@Z 0040d5f0 f   DBTable.obj
 0001:0000c6b0       ?remove@ZDBTable@@QAE_NPBDHH@Z 0040d6b0 f   DBTable.obj
 0001:0000c740       ?_search@ZDBTable@@IAEPAUZCursor@@_NPBDHH@Z 0040d740 f   DBTable.obj
 0001:0000c960       ?_next@ZDBTable@@IAE_N_NPAUZCursor@@@Z 0040d960 f   DBTable.obj
 0001:0000cae0       ?removeLog@ZDBTable@@QAEXXZ 0040dae0 f   DBTable.obj
 0001:0000cb60       ??0CFilterTextLib@@QAE@XZ  0040db60 f   FilterTextLib.obj
 0001:0000cb80       ??_ECFilterTextLib@@UAEPAXI@Z 0040db80 f i FilterTextLib.obj
 0001:0000cb80       ??_GCFilterTextLib@@UAEPAXI@Z 0040db80 f i FilterTextLib.obj
 0001:0000cba0       ??1CFilterTextLib@@UAE@XZ  0040dba0 f   FilterTextLib.obj
 0001:0000cbb0       ?Initialize@CFilterTextLib@@QAEHXZ 0040dbb0 f   FilterTextLib.obj
 0001:0000cbf0       ?Uninitialize@CFilterTextLib@@QAEHXZ 0040dbf0 f   FilterTextLib.obj
 0001:0000cc20       ?CreateTextFilter@CFilterTextLib@@QAEJPAPAUITextFilter@@@Z 0040dc20 f   FilterTextLib.obj
 0001:0000cf50       ?MonitorProc@@YGKPAX@Z     0040df50 f   Goddess.obj
 0001:0000cf60       ?ServerEventNotify@@YGXPAXABK1@Z 0040df60 f   Goddess.obj
 0001:0000d120       ?ThreadProcess@@YGKPAX@Z   0040e120 f   Goddess.obj
 0001:0000d290       _WinMain@16                0040e290 f   Goddess.obj
 0001:0000d390       ?MainWndProc@@YGHPAUHWND__@@IIJ@Z 0040e390 f   Goddess.obj
 0001:0000da10       ?CreateDatabaseEngine@@YA_NPAUHWND__@@@Z 0040ea10 f   Goddess.obj
 0001:0000dbc0       ?DestroyDatabaseEngine@@YAXXZ 0040ebc0 f   Goddess.obj
 0001:0000dc90       ?LoadSetting@@YAXXZ        0040ec90 f   Goddess.obj
 0001:0000de50       ?SaveSetting@@YAXXZ        0040ee50 f   Goddess.obj
 0001:0000e010       ?insert@?$_Tree@IU?$pair@$$CBIPAVCClientNode@@@std@@U_Kfn@?$map@IPAVCClientNode@@U?$less@I@std@@V?$allocator@PAVCClientNode@@@3@@2@U?$less@I@2@V?$allocator@PAVCClientNode@@@2@@std@@QAE?AU?$pair@Viterator@?$_Tree@IU?$pair@$$CBIPAVCClientNode@@@std@@U_Kfn@?$map@IPAVCClientNode@@U?$less@I@std@@V?$allocator@PAVCClientNode@@@3@@2@U?$less@I@2@V?$allocator@PAVCClientNode@@@2@@std@@_N@2@ABU?$pair@$$CBIPAVCClientNode@@@2@@Z 0040f010 f i Goddess.obj
 0001:0000e280       ?_Lrotate@?$_Tree@IU?$pair@$$CBIPAVCClientNode@@@std@@U_Kfn@?$map@IPAVCClientNode@@U?$less@I@std@@V?$allocator@PAVCClientNode@@@3@@2@U?$less@I@2@V?$allocator@PAVCClientNode@@@2@@std@@IAEXPAU_Node@12@@Z 0040f280 f i Goddess.obj
 0001:0000e2e0       ?_Rrotate@?$_Tree@IU?$pair@$$CBIPAVCClientNode@@@std@@U_Kfn@?$map@IPAVCClientNode@@U?$less@I@std@@V?$allocator@PAVCClientNode@@@3@@2@U?$less@I@2@V?$allocator@PAVCClientNode@@@2@@std@@IAEXPAU_Node@12@@Z 0040f2e0 f i Goddess.obj
 0001:0000e340       ?_Buynode@?$_Tree@IU?$pair@$$CBIPAVCClientNode@@@std@@U_Kfn@?$map@IPAVCClientNode@@U?$less@I@std@@V?$allocator@PAVCClientNode@@@3@@2@U?$less@I@2@V?$allocator@PAVCClientNode@@@2@@std@@IAEPAU_Node@12@PAU312@W4_Redbl@12@@Z 0040f340 f i Goddess.obj
 0001:0000e360       ??Hstd@@YA?AV?$basic_string@DU?$char_traits@D@std@@V?$allocator@D@2@@0@ABV10@PBD@Z 0040f360 f i Goddess.obj
 0001:0000e540       ?get_account@@YAHPAU__db@@PBU__db_dbt@@1PAU2@@Z 0040f540 f   IDBRoleServer.obj
 0001:0000e570       ?DeadlockProc@@YGKPAX@Z    0040f570 f   IDBRoleServer.obj
 0001:0000e5d0       ?RemoveLogProc@@YGKPAX@Z   0040f5d0 f   IDBRoleServer.obj
 0001:0000e610       ?InitDBInterface@@YAHI@Z   0040f610 f   IDBRoleServer.obj
 0001:0000e6e0       ?ReleaseDBInterface@@YAXXZ 0040f6e0 f   IDBRoleServer.obj
 0001:0000e730       ?SetRoleInfoForGM@@YAXHPAD0H@Z 0040f730 f   IDBRoleServer.obj
 0001:0000e7a0       ?GetRoleInfoForGM@@YAPAXHPAD0AAH@Z 0040f7a0 f   IDBRoleServer.obj
 0001:0000e840       ?GetRoleInfo@@YAPAXPAD0AAH@Z 0040f840 f   IDBRoleServer.obj
 0001:0000e920       ?SaveRoleInfo@@YAHPADPBDH@Z 0040f920 f   IDBRoleServer.obj
 0001:0000ebb0       ?GetRoleListOfAccount@@YAHPADPAURoleBaseInfo@@H@Z 0040fbb0 f   IDBRoleServer.obj
 0001:0000eca0       ?DeleteRole@@YA_NPBD@Z     0040fca0 f   IDBRoleServer.obj
 0001:0000ece0       ?StartBackupTimer@@YA_NH@Z 0040fce0 f   IDBRoleServer.obj
 0001:0000ed60       ?StopBackupTimer@@YA_NXZ   0040fd60 f   IDBRoleServer.obj
 0001:0000edb0       ?SuspendBackupTimer@@YA_NXZ 0040fdb0 f   IDBRoleServer.obj
 0001:0000edd0       ?ResumeBackupTimer@@YA_NXZ 0040fdd0 f   IDBRoleServer.obj
 0001:0000edf0       ?IsBackupThreadWorking@@YA_NXZ 0040fdf0 f   IDBRoleServer.obj
 0001:0000ee10       ?IsBackupWorking@@YA_NXZ   0040fe10 f   IDBRoleServer.obj
 0001:0000ee30       ?DoManualBackup@@YA_NXZ    0040fe30 f   IDBRoleServer.obj
 0001:0000ee50       ?GetGameStat@@YA_NPAUTGAME_STAT_DATA@@@Z 0040fe50 f   IDBRoleServer.obj
 0001:0000eeb0       ?AddOutputString@@YAXPAUHWND__@@PAD@Z 0040feb0 f   IDBRoleServer.obj
 0001:0000ef30       ??0CRoleNameFilter@@QAE@XZ 0040ff30 f   RoleNameFilter.obj
 0001:0000ef40       ??_ECRoleNameFilter@@UAEPAXI@Z 0040ff40 f i RoleNameFilter.obj
 0001:0000ef40       ??_GCRoleNameFilter@@UAEPAXI@Z 0040ff40 f i RoleNameFilter.obj
 0001:0000ef60       ??1CRoleNameFilter@@UAE@XZ 0040ff60 f   RoleNameFilter.obj
 0001:0000ef70       ?Initialize@CRoleNameFilter@@QAEHXZ 0040ff70 f   RoleNameFilter.obj
 0001:0000f050       ?Uninitialize@CRoleNameFilter@@QAEHXZ 00410050 f   RoleNameFilter.obj
 0001:0000f070       ?IsTextPass@CRoleNameFilter@@QAEHPBD@Z 00410070 f   RoleNameFilter.obj
 0001:0000f090       ??0CEvent@Win32@OnlineGameLib@@QAE@PAU_SECURITY_ATTRIBUTES@@_N1@Z 00410090 f   Common:Event.obj
 0001:0000f195       ??0CEvent@Win32@OnlineGameLib@@QAE@PAU_SECURITY_ATTRIBUTES@@_N1PBD@Z 00410195 f   Common:Event.obj
 0001:0000f1dd       ??1CEvent@Win32@OnlineGameLib@@UAE@XZ 004101dd f   Common:Event.obj
 0001:0000f21a       ?Wait@CEvent@Win32@OnlineGameLib@@QBEXXZ 0041021a f   Common:Event.obj
 0001:0000f2c1       ?Wait@CEvent@Win32@OnlineGameLib@@QBE_NK@Z 004102c1 f   Common:Event.obj
 0001:0000f38b       ?Reset@CEvent@Win32@OnlineGameLib@@QAEXXZ 0041038b f   Common:Event.obj
 0001:0000f432       ?Set@CEvent@Win32@OnlineGameLib@@QAEXXZ 00410432 f   Common:Event.obj
 0001:0000f4d9       ?Pulse@CEvent@Win32@OnlineGameLib@@QAEXXZ 004104d9 f   Common:Event.obj
 0001:0000f5b0       ??1CWin32Exception@Win32@OnlineGameLib@@UAE@XZ 004105b0 f i Common:Event.obj
 0001:0000f5e0       ??1CException@Win32@OnlineGameLib@@UAE@XZ 004105e0 f i Common:Event.obj
 0001:0000f650       ??_GCException@Win32@OnlineGameLib@@UAEPAXI@Z 00410650 f i Common:Event.obj
 0001:0000f650       ??_ECException@Win32@OnlineGameLib@@UAEPAXI@Z 00410650 f i Common:Event.obj
 0001:0000f690       ??0CWin32Exception@Win32@OnlineGameLib@@QAE@ABV012@@Z 00410690 f i Common:Event.obj
 0001:0000f6e0       ??0CException@Win32@OnlineGameLib@@QAE@ABV012@@Z 004106e0 f i Common:Event.obj
 0001:0000f760       ??_ECWin32Exception@Win32@OnlineGameLib@@UAEPAXI@Z 00410760 f i Common:Event.obj
 0001:0000f760       ??_GCWin32Exception@Win32@OnlineGameLib@@UAEPAXI@Z 00410760 f i Common:Event.obj
 0001:0000f7a0       ??_GCEvent@Win32@OnlineGameLib@@UAEPAXI@Z 004107a0 f i Common:Event.obj
 0001:0000f7a0       ??_ECEvent@Win32@OnlineGameLib@@UAEPAXI@Z 004107a0 f i Common:Event.obj
 0001:0000f7e0       ??0?$basic_string@DU?$char_traits@D@std@@V?$allocator@D@2@@std@@QAE@PBDABV?$allocator@D@1@@Z 004107e0 f i Common:Event.obj
 0001:0000f830       ?copy@?$char_traits@D@std@@SAPADPADPBDI@Z 00410830 f i Common:Event.obj
 0001:0000f850       ?c_str@?$basic_string@DU?$char_traits@D@std@@V?$allocator@D@2@@std@@QBEPBDXZ 00410850 f i Common:Event.obj
 0001:0000f8a0       ?size@?$basic_string@DU?$char_traits@D@std@@V?$allocator@D@2@@std@@QBEIXZ 004108a0 f i Common:Event.obj
 0001:0000f8c0       ?assign@?$basic_string@DU?$char_traits@D@std@@V?$allocator@D@2@@std@@QAEAAV12@PBD@Z 004108c0 f i Common:Event.obj
 0001:0000f900       ?length@?$char_traits@D@std@@SAIPBD@Z 00410900 f i Common:Event.obj
 0001:0000f920       ?_Nullstr@?$basic_string@DU?$char_traits@D@std@@V?$allocator@D@2@@std@@CAPBDXZ 00410920 f i Common:Event.obj
 0001:0000f930       ?erase@?$basic_string@DU?$char_traits@D@std@@V?$allocator@D@2@@std@@QAEAAV12@II@Z 00410930 f i Common:Event.obj
 0001:0000f9f0       ?move@?$char_traits@D@std@@SAPADPADPBDI@Z 004109f0 f i Common:Event.obj
 0001:0000fa10       ?capacity@?$basic_string@DU?$char_traits@D@std@@V?$allocator@D@2@@std@@QBEIXZ 00410a10 f i Common:Event.obj
 0001:0000fa30       ?assign@?$char_traits@D@std@@SAXAADABD@Z 00410a30 f i Common:Event.obj
 0001:0000fa40       ?_Refcnt@?$basic_string@DU?$char_traits@D@std@@V?$allocator@D@2@@std@@AAEAAEPBD@Z 00410a40 f i Common:Event.obj
 0001:0000fa60       ?deallocate@?$allocator@D@std@@QAEXPAXI@Z 00410a60 f i Common:Event.obj
 0001:0000fa90       ?allocate@?$allocator@D@std@@QAEPADIPBX@Z 00410a90 f i Common:Event.obj
 0001:0000fac0       ?max_size@?$allocator@D@std@@QBEIXZ 00410ac0 f i Common:Event.obj
 0001:0000fb10       ??8std@@YA_NABV?$allocator@D@0@0@Z 00410b10 f i Common:Event.obj
 0001:0000fb20       ?_Allocate@std@@YAPADHPAD@Z 00410b20 f i Common:Event.obj
 0001:0000fb50       ?id@?$ctype@G@std@@$D      00410b50 f i Common:Event.obj
 0001:0000fb80       ??0CBuffer@Win32@OnlineGameLib@@AAE@AAVAllocator@012@I@Z 00410b80 f   Common:Buffer.obj
 0001:0000fc48       ??1CBuffer@Win32@OnlineGameLib@@AAE@XZ 00410c48 f   Common:Buffer.obj
 0001:0000fd1f       ?GetHeadPack@CBuffer@Win32@OnlineGameLib@@QAEPAV123@I@Z 00410d1f f   Common:Buffer.obj
 0001:0000fdba       ?GetNextPack@CBuffer@Win32@OnlineGameLib@@QAEPAV123@XZ 00410dba f   Common:Buffer.obj
 0001:0000fe61       ?AddData@CBuffer@Win32@OnlineGameLib@@QAEXQBDI@Z 00410e61 f   Common:Buffer.obj
 0001:0000ff41       ?AddData@CBuffer@Win32@OnlineGameLib@@QAEXQBEI@Z 00410f41 f   Common:Buffer.obj
 0001:0000ff6f       ?AddData@CBuffer@Win32@OnlineGameLib@@QAEXE@Z 00410f6f f   Common:Buffer.obj
 0001:0000ff9b       ?SplitBuffer@CBuffer@Win32@OnlineGameLib@@QAEPAV123@I@Z 00410f9b f   Common:Buffer.obj
 0001:00010015       ?AllocateNewBuffer@CBuffer@Win32@OnlineGameLib@@QBEPAV123@XZ 00411015 f   Common:Buffer.obj
 0001:0001003c       ?Release@CBuffer@Win32@OnlineGameLib@@QAEXXZ 0041103c f   Common:Buffer.obj
 0001:0001010e       ??2CBuffer@Win32@OnlineGameLib@@CAPAXII@Z 0041110e f   Common:Buffer.obj
 0001:00010148       ??3CBuffer@Win32@OnlineGameLib@@CAXPAXI@Z 00411148 f   Common:Buffer.obj
 0001:000101cc       ??0Allocator@CBuffer@Win32@OnlineGameLib@@QAE@II@Z 004111cc f   Common:Buffer.obj
 0001:00010229       ??1Allocator@CBuffer@Win32@OnlineGameLib@@UAE@XZ 00411229 f   Common:Buffer.obj
 0001:000102b8       ?Allocate@Allocator@CBuffer@Win32@OnlineGameLib@@QAEPAV234@XZ 004112b8 f   Common:Buffer.obj
 0001:00010439       ?Flush@Allocator@CBuffer@Win32@OnlineGameLib@@IAEXXZ 00411439 f   Common:Buffer.obj
 0001:0001050c       ?Release@Allocator@CBuffer@Win32@OnlineGameLib@@AAEXPAV234@@Z 0041150c f   Common:Buffer.obj
 0001:0001062c       ??0CPackager@Win32@OnlineGameLib@@QAE@II@Z 0041162c f   Common:Buffer.obj
 0001:000106ed       ??1CPackager@Win32@OnlineGameLib@@UAE@XZ 004116ed f   Common:Buffer.obj
 0001:0001078e       ?AddData@CPackager@Win32@OnlineGameLib@@QAEXEQBDIK@Z 0041178e f   Common:Buffer.obj
 0001:000108d2       ?AddData@CPackager@Win32@OnlineGameLib@@QAEXEQBEIK@Z 004118d2 f   Common:Buffer.obj
 0001:00010908       ?DelData@CPackager@Win32@OnlineGameLib@@QAEXE@Z 00411908 f   Common:Buffer.obj
 0001:00010a21       ?GetHeadPack@CPackager@Win32@OnlineGameLib@@QAEPAVCBuffer@23@EI@Z 00411a21 f   Common:Buffer.obj
 0001:00010bfa       ?GetNextPack@CPackager@Win32@OnlineGameLib@@QAEPAVCBuffer@23@E@Z 00411bfa f   Common:Buffer.obj
 0001:00010dcb       ?PackUp@CPackager@Win32@OnlineGameLib@@QAEPAVCBuffer@23@PBXI@Z 00411dcb f   Common:Buffer.obj
 0001:00010fe8       ?Empty@CPackager@Win32@OnlineGameLib@@QAEXXZ 00411fe8 f   Common:Buffer.obj
 0001:00011240       ??0COpaqueUserData@OnlineGameLib@@IAE@XZ 00412240 f i Common:Buffer.obj
 0001:00011260       ??1COpaqueUserData@OnlineGameLib@@IAE@XZ 00412260 f i Common:Buffer.obj
 0001:00011280       ?Empty@CBuffer@Win32@OnlineGameLib@@QAEXXZ 00412280 f i Common:Buffer.obj
 0001:000112a0       ??0CCriticalSection@Win32@OnlineGameLib@@QAE@XZ 004122a0 f i Common:Buffer.obj
 0001:000112e0       ?OnBufferCreated@Allocator@CBuffer@Win32@OnlineGameLib@@EAEXXZ 004122e0 f i Common:Buffer.obj
 0001:00011300       ?OnBufferAllocated@Allocator@CBuffer@Win32@OnlineGameLib@@EAEXXZ 00412300 f i Common:Buffer.obj
 0001:00011320       ?OnBufferReleased@Allocator@CBuffer@Win32@OnlineGameLib@@EAEXXZ 00412320 f i Common:Buffer.obj
 0001:00011340       ??_GAllocator@CBuffer@Win32@OnlineGameLib@@UAEPAXI@Z 00412340 f i Common:Buffer.obj
 0001:00011340       ??_EAllocator@CBuffer@Win32@OnlineGameLib@@UAEPAXI@Z 00412340 f i Common:Buffer.obj
 0001:00011380       ??0?$TNodeList@VCBuffer@Win32@OnlineGameLib@@@OnlineGameLib@@QAE@XZ 00412380 f i Common:Buffer.obj
 0001:000113b0       ??0Owner@CCriticalSection@Win32@OnlineGameLib@@QAE@AAV123@@Z 004123b0 f i Common:Buffer.obj
 0001:000113f0       ?Enter@CCriticalSection@Win32@OnlineGameLib@@QAEXXZ 004123f0 f i Common:Buffer.obj
 0001:00011430       ?Leave@CCriticalSection@Win32@OnlineGameLib@@QAEXXZ 00412430 f i Common:Buffer.obj
 0001:00011470       ?Empty@CNodeList@OnlineGameLib@@QBE_NXZ 00412470 f i Common:Buffer.obj
 0001:00011490       ?AddRef@CBuffer@Win32@OnlineGameLib@@QAEXXZ 00412490 f i Common:Buffer.obj
 0001:000114d0       ?DestroyBuffer@Allocator@CBuffer@Win32@OnlineGameLib@@AAEXPAV234@@Z 004124d0 f i Common:Buffer.obj
 0001:00011590       ??_GCBuffer@Win32@OnlineGameLib@@AAEPAXI@Z 00412590 f i Common:Buffer.obj
 0001:000115e0       ?Count@CNodeList@OnlineGameLib@@QBEIXZ 004125e0 f i Common:Buffer.obj
 0001:00011600       ??_GCPackager@Win32@OnlineGameLib@@UAEPAXI@Z 00412600 f i Common:Buffer.obj
 0001:00011600       ??_ECPackager@Win32@OnlineGameLib@@UAEPAXI@Z 00412600 f i Common:Buffer.obj
 0001:00011640       ??1?$map@EPAVCBuffer@Win32@OnlineGameLib@@U?$less@E@std@@V?$allocator@PAVCBuffer@Win32@OnlineGameLib@@@5@@std@@QAE@XZ 00412640 f i Common:Buffer.obj
 0001:00011670       ?SetUserData@COpaqueUserData@OnlineGameLib@@QAEXK@Z 00412670 f i Common:Buffer.obj
 0001:000116a0       ?SetUserPtr@COpaqueUserData@OnlineGameLib@@QAEXPAX@Z 004126a0 f i Common:Buffer.obj
 0001:000116e0       ?GetUserData@COpaqueUserData@OnlineGameLib@@QBEKXZ 004126e0 f i Common:Buffer.obj
 0001:00011710       ?GetUserPtr@COpaqueUserData@OnlineGameLib@@QBEPAXXZ 00412710 f i Common:Buffer.obj
 0001:00011750       ?GetUsed@CBuffer@Win32@OnlineGameLib@@QBEIXZ 00412750 f i Common:Buffer.obj
 0001:00011770       ?GetBuffer@CBuffer@Win32@OnlineGameLib@@QBEPBEXZ 00412770 f i Common:Buffer.obj
 0001:00011790       ?HaveNextPack@CBuffer@Win32@OnlineGameLib@@QAE_NXZ 00412790 f i Common:Buffer.obj
 0001:000117c0       ?Peek@CPackager@Win32@OnlineGameLib@@SAEPBXI@Z 004127c0 f i Common:Buffer.obj
 0001:000117e0       ?_Header@CPackager@Win32@OnlineGameLib@@AAE_NE@Z 004127e0 f i Common:Buffer.obj
 0001:00011830       ?_Middle@CPackager@Win32@OnlineGameLib@@AAE_NE@Z 00412830 f i Common:Buffer.obj
 0001:00011880       ?_Tail@CPackager@Win32@OnlineGameLib@@AAE_NE@Z 00412880 f i Common:Buffer.obj
 0001:000118d0       ?_Error@CPackager@Win32@OnlineGameLib@@AAE_NE@Z 004128d0 f i Common:Buffer.obj
 0001:00011920       ??0?$map@EPAVCBuffer@Win32@OnlineGameLib@@U?$less@E@std@@V?$allocator@PAVCBuffer@Win32@OnlineGameLib@@@5@@std@@QAE@ABU?$less@E@1@ABV?$allocator@PAVCBuffer@Win32@OnlineGameLib@@@1@@Z 00412920 f i Common:Buffer.obj
 0001:00011960       ?begin@?$map@EPAVCBuffer@Win32@OnlineGameLib@@U?$less@E@std@@V?$allocator@PAVCBuffer@Win32@OnlineGameLib@@@5@@std@@QAE?AViterator@?$_Tree@EU?$pair@$$CBEPAVCBuffer@Win32@OnlineGameLib@@@std@@U_Kfn@?$map@EPAVCBuffer@Win32@OnlineGameLib@@U?$less@E@std@@V?$allocator@PAVCBuffer@Win32@OnlineGameLib@@@5@@2@U?$less@E@2@V?$allocator@PAVCBuffer@Win32@OnlineGameLib@@@2@@2@XZ 00412960 f i Common:Buffer.obj
 0001:000119a0       ?end@?$map@EPAVCBuffer@Win32@OnlineGameLib@@U?$less@E@std@@V?$allocator@PAVCBuffer@Win32@OnlineGameLib@@@5@@std@@QAE?AViterator@?$_Tree@EU?$pair@$$CBEPAVCBuffer@Win32@OnlineGameLib@@@std@@U_Kfn@?$map@EPAVCBuffer@Win32@OnlineGameLib@@U?$less@E@std@@V?$allocator@PAVCBuffer@Win32@OnlineGameLib@@@5@@2@U?$less@E@2@V?$allocator@PAVCBuffer@Win32@OnlineGameLib@@@2@@2@XZ 004129a0 f i Common:Buffer.obj
 0001:000119e0       ??A?$map@EPAVCBuffer@Win32@OnlineGameLib@@U?$less@E@std@@V?$allocator@PAVCBuffer@Win32@OnlineGameLib@@@5@@std@@QAEAAPAVCBuffer@Win32@OnlineGameLib@@ABE@Z 004129e0 f i Common:Buffer.obj
 0001:00011a50       ?erase@?$map@EPAVCBuffer@Win32@OnlineGameLib@@U?$less@E@std@@V?$allocator@PAVCBuffer@Win32@OnlineGameLib@@@5@@std@@QAE?AViterator@?$_Tree@EU?$pair@$$CBEPAVCBuffer@Win32@OnlineGameLib@@@std@@U_Kfn@?$map@EPAVCBuffer@Win32@OnlineGameLib@@U?$less@E@std@@V?$allocator@PAVCBuffer@Win32@OnlineGameLib@@@5@@2@U?$less@E@2@V?$allocator@PAVCBuffer@Win32@OnlineGameLib@@@2@@2@V342@0@Z 00412a50 f i Common:Buffer.obj
 0001:00011aa0       ?erase@?$map@EPAVCBuffer@Win32@OnlineGameLib@@U?$less@E@std@@V?$allocator@PAVCBuffer@Win32@OnlineGameLib@@@5@@std@@QAEIABE@Z 00412aa0 f i Common:Buffer.obj
 0001:00011ad0       ?find@?$map@EPAVCBuffer@Win32@OnlineGameLib@@U?$less@E@std@@V?$allocator@PAVCBuffer@Win32@OnlineGameLib@@@5@@std@@QAE?AViterator@?$_Tree@EU?$pair@$$CBEPAVCBuffer@Win32@OnlineGameLib@@@std@@U_Kfn@?$map@EPAVCBuffer@Win32@OnlineGameLib@@U?$less@E@std@@V?$allocator@PAVCBuffer@Win32@OnlineGameLib@@@5@@2@U?$less@E@2@V?$allocator@PAVCBuffer@Win32@OnlineGameLib@@@2@@2@ABE@Z 00412ad0 f i Common:Buffer.obj
 0001:00011b20       ??1?$_Tree@EU?$pair@$$CBEPAVCBuffer@Win32@OnlineGameLib@@@std@@U_Kfn@?$map@EPAVCBuffer@Win32@OnlineGameLib@@U?$less@E@std@@V?$allocator@PAVCBuffer@Win32@OnlineGameLib@@@5@@2@U?$less@E@2@V?$allocator@PAVCBuffer@Win32@OnlineGameLib@@@2@@std@@QAE@XZ 00412b20 f i Common:Buffer.obj
 0001:00011bf0       ??0iterator@?$_Tree@EU?$pair@$$CBEPAVCBuffer@Win32@OnlineGameLib@@@std@@U_Kfn@?$map@EPAVCBuffer@Win32@OnlineGameLib@@U?$less@E@std@@V?$allocator@PAVCBuffer@Win32@OnlineGameLib@@@5@@2@U?$less@E@2@V?$allocator@PAVCBuffer@Win32@OnlineGameLib@@@2@@std@@QAE@XZ 00412bf0 f i Common:Buffer.obj
 0001:00011c20       ??Diterator@?$_Tree@EU?$pair@$$CBEPAVCBuffer@Win32@OnlineGameLib@@@std@@U_Kfn@?$map@EPAVCBuffer@Win32@OnlineGameLib@@U?$less@E@std@@V?$allocator@PAVCBuffer@Win32@OnlineGameLib@@@5@@2@U?$less@E@2@V?$allocator@PAVCBuffer@Win32@OnlineGameLib@@@2@@std@@QBEAAU?$pair@$$CBEPAVCBuffer@Win32@OnlineGameLib@@@2@XZ 00412c20 f i Common:Buffer.obj
 0001:00011c50       ??Eiterator@?$_Tree@EU?$pair@$$CBEPAVCBuffer@Win32@OnlineGameLib@@@std@@U_Kfn@?$map@EPAVCBuffer@Win32@OnlineGameLib@@U?$less@E@std@@V?$allocator@PAVCBuffer@Win32@OnlineGameLib@@@5@@2@U?$less@E@2@V?$allocator@PAVCBuffer@Win32@OnlineGameLib@@@2@@std@@QAE?AV012@H@Z 00412c50 f i Common:Buffer.obj
 0001:00011ca0       ??8iterator@?$_Tree@EU?$pair@$$CBEPAVCBuffer@Win32@OnlineGameLib@@@std@@U_Kfn@?$map@EPAVCBuffer@Win32@OnlineGameLib@@U?$less@E@std@@V?$allocator@PAVCBuffer@Win32@OnlineGameLib@@@5@@2@U?$less@E@2@V?$allocator@PAVCBuffer@Win32@OnlineGameLib@@@2@@std@@QBE_NABV012@@Z 00412ca0 f i Common:Buffer.obj
 0001:00011cd0       ??9iterator@?$_Tree@EU?$pair@$$CBEPAVCBuffer@Win32@OnlineGameLib@@@std@@U_Kfn@?$map@EPAVCBuffer@Win32@OnlineGameLib@@U?$less@E@std@@V?$allocator@PAVCBuffer@Win32@OnlineGameLib@@@5@@2@U?$less@E@2@V?$allocator@PAVCBuffer@Win32@OnlineGameLib@@@2@@std@@QBE_NABV012@@Z 00412cd0 f i Common:Buffer.obj
 0001:00011d10       ?insert@?$map@EPAVCBuffer@Win32@OnlineGameLib@@U?$less@E@std@@V?$allocator@PAVCBuffer@Win32@OnlineGameLib@@@5@@std@@QAE?AU?$pair@Viterator@?$_Tree@EU?$pair@$$CBEPAVCBuffer@Win32@OnlineGameLib@@@std@@U_Kfn@?$map@EPAVCBuffer@Win32@OnlineGameLib@@U?$less@E@std@@V?$allocator@PAVCBuffer@Win32@OnlineGameLib@@@5@@2@U?$less@E@2@V?$allocator@PAVCBuffer@Win32@OnlineGameLib@@@2@@std@@_N@2@ABU?$pair@$$CBEPAVCBuffer@Win32@OnlineGameLib@@@2@@Z 00412d10 f i Common:Buffer.obj
 0001:00011d80       ?_Value@?$_Tree@EU?$pair@$$CBEPAVCBuffer@Win32@OnlineGameLib@@@std@@U_Kfn@?$map@EPAVCBuffer@Win32@OnlineGameLib@@U?$less@E@std@@V?$allocator@PAVCBuffer@Win32@OnlineGameLib@@@5@@2@U?$less@E@2@V?$allocator@PAVCBuffer@Win32@OnlineGameLib@@@2@@std@@KAAAU?$pair@$$CBEPAVCBuffer@Win32@OnlineGameLib@@@2@PAU_Node@12@@Z 00412d80 f i Common:Buffer.obj
 0001:00011d90       ??0?$_Tree@EU?$pair@$$CBEPAVCBuffer@Win32@OnlineGameLib@@@std@@U_Kfn@?$map@EPAVCBuffer@Win32@OnlineGameLib@@U?$less@E@std@@V?$allocator@PAVCBuffer@Win32@OnlineGameLib@@@5@@2@U?$less@E@2@V?$allocator@PAVCBuffer@Win32@OnlineGameLib@@@2@@std@@QAE@ABU?$less@E@1@_NABV?$allocator@PAVCBuffer@Win32@OnlineGameLib@@@1@@Z 00412d90 f i Common:Buffer.obj
 0001:00011de0       ?begin@?$_Tree@EU?$pair@$$CBEPAVCBuffer@Win32@OnlineGameLib@@@std@@U_Kfn@?$map@EPAVCBuffer@Win32@OnlineGameLib@@U?$less@E@std@@V?$allocator@PAVCBuffer@Win32@OnlineGameLib@@@5@@2@U?$less@E@2@V?$allocator@PAVCBuffer@Win32@OnlineGameLib@@@2@@std@@QAE?AViterator@12@XZ 00412de0 f i Common:Buffer.obj
 0001:00011e30       ?end@?$_Tree@EU?$pair@$$CBEPAVCBuffer@Win32@OnlineGameLib@@@std@@U_Kfn@?$map@EPAVCBuffer@Win32@OnlineGameLib@@U?$less@E@std@@V?$allocator@PAVCBuffer@Win32@OnlineGameLib@@@5@@2@U?$less@E@2@V?$allocator@PAVCBuffer@Win32@OnlineGameLib@@@2@@std@@QAE?AViterator@12@XZ 00412e30 f i Common:Buffer.obj
 0001:00011e70       ?erase@?$_Tree@EU?$pair@$$CBEPAVCBuffer@Win32@OnlineGameLib@@@std@@U_Kfn@?$map@EPAVCBuffer@Win32@OnlineGameLib@@U?$less@E@std@@V?$allocator@PAVCBuffer@Win32@OnlineGameLib@@@5@@2@U?$less@E@2@V?$allocator@PAVCBuffer@Win32@OnlineGameLib@@@2@@std@@QAE?AViterator@12@V312@0@Z 00412e70 f i Common:Buffer.obj
 0001:00011f90       ?erase@?$_Tree@EU?$pair@$$CBEPAVCBuffer@Win32@OnlineGameLib@@@std@@U_Kfn@?$map@EPAVCBuffer@Win32@OnlineGameLib@@U?$less@E@std@@V?$allocator@PAVCBuffer@Win32@OnlineGameLib@@@5@@2@U?$less@E@2@V?$allocator@PAVCBuffer@Win32@OnlineGameLib@@@2@@std@@QAEIABE@Z 00412f90 f i Common:Buffer.obj
 0001:00012010       ?find@?$_Tree@EU?$pair@$$CBEPAVCBuffer@Win32@OnlineGameLib@@@std@@U_Kfn@?$map@EPAVCBuffer@Win32@OnlineGameLib@@U?$less@E@std@@V?$allocator@PAVCBuffer@Win32@OnlineGameLib@@@5@@2@U?$less@E@2@V?$allocator@PAVCBuffer@Win32@OnlineGameLib@@@2@@std@@QAE?AViterator@12@ABE@Z 00413010 f i Common:Buffer.obj
 0001:000120d0       ?_Freenode@?$_Tree@EU?$pair@$$CBEPAVCBuffer@Win32@OnlineGameLib@@@std@@U_Kfn@?$map@EPAVCBuffer@Win32@OnlineGameLib@@U?$less@E@std@@V?$allocator@PAVCBuffer@Win32@OnlineGameLib@@@5@@2@U?$less@E@2@V?$allocator@PAVCBuffer@Win32@OnlineGameLib@@@2@@std@@IAEXPAU_Node@12@@Z 004130d0 f i Common:Buffer.obj
 0001:00012100       ??0?$pair@$$CBEPAVCBuffer@Win32@OnlineGameLib@@@std@@QAE@ABEABQAVCBuffer@Win32@OnlineGameLib@@@Z 00413100 f i Common:Buffer.obj
 0001:00012130       ??0const_iterator@?$_Tree@EU?$pair@$$CBEPAVCBuffer@Win32@OnlineGameLib@@@std@@U_Kfn@?$map@EPAVCBuffer@Win32@OnlineGameLib@@U?$less@E@std@@V?$allocator@PAVCBuffer@Win32@OnlineGameLib@@@5@@2@U?$less@E@2@V?$allocator@PAVCBuffer@Win32@OnlineGameLib@@@2@@std@@QAE@XZ 00413130 f i Common:Buffer.obj
 0001:00012150       ??Eiterator@?$_Tree@EU?$pair@$$CBEPAVCBuffer@Win32@OnlineGameLib@@@std@@U_Kfn@?$map@EPAVCBuffer@Win32@OnlineGameLib@@U?$less@E@std@@V?$allocator@PAVCBuffer@Win32@OnlineGameLib@@@5@@2@U?$less@E@2@V?$allocator@PAVCBuffer@Win32@OnlineGameLib@@@2@@std@@QAEAAV012@XZ 00413150 f i Common:Buffer.obj
 0001:00012180       ??R?$less@E@std@@QBE_NABE0@Z 00413180 f i Common:Buffer.obj
 0001:000121b0       ?deallocate@?$allocator@PAVCBuffer@Win32@OnlineGameLib@@@std@@QAEXPAXI@Z 004131b0 f i Common:Buffer.obj
 0001:000121e0       ?_Key@?$_Tree@EU?$pair@$$CBEPAVCBuffer@Win32@OnlineGameLib@@@std@@U_Kfn@?$map@EPAVCBuffer@Win32@OnlineGameLib@@U?$less@E@std@@V?$allocator@PAVCBuffer@Win32@OnlineGameLib@@@5@@2@U?$less@E@2@V?$allocator@PAVCBuffer@Win32@OnlineGameLib@@@2@@std@@KAABEPAU_Node@12@@Z 004131e0 f i Common:Buffer.obj
 0001:00012210       ?size@?$_Tree@EU?$pair@$$CBEPAVCBuffer@Win32@OnlineGameLib@@@std@@U_Kfn@?$map@EPAVCBuffer@Win32@OnlineGameLib@@U?$less@E@std@@V?$allocator@PAVCBuffer@Win32@OnlineGameLib@@@5@@2@U?$less@E@2@V?$allocator@PAVCBuffer@Win32@OnlineGameLib@@@2@@std@@QBEIXZ 00413210 f i Common:Buffer.obj
 0001:00012230       ?insert@?$_Tree@EU?$pair@$$CBEPAVCBuffer@Win32@OnlineGameLib@@@std@@U_Kfn@?$map@EPAVCBuffer@Win32@OnlineGameLib@@U?$less@E@std@@V?$allocator@PAVCBuffer@Win32@OnlineGameLib@@@5@@2@U?$less@E@2@V?$allocator@PAVCBuffer@Win32@OnlineGameLib@@@2@@std@@QAE?AU?$pair@Viterator@?$_Tree@EU?$pair@$$CBEPAVCBuffer@Win32@OnlineGameLib@@@std@@U_Kfn@?$map@EPAVCBuffer@Win32@OnlineGameLib@@U?$less@E@std@@V?$allocator@PAVCBuffer@Win32@OnlineGameLib@@@5@@2@U?$less@E@2@V?$allocator@PAVCBuffer@Win32@OnlineGameLib@@@2@@std@@_N@2@ABU?$pair@$$CBEPAVCBuffer@Win32@OnlineGameLib@@@2@@Z 00413230 f i Common:Buffer.obj
 0001:00012450       ?erase@?$_Tree@EU?$pair@$$CBEPAVCBuffer@Win32@OnlineGameLib@@@std@@U_Kfn@?$map@EPAVCBuffer@Win32@OnlineGameLib@@U?$less@E@std@@V?$allocator@PAVCBuffer@Win32@OnlineGameLib@@@5@@2@U?$less@E@2@V?$allocator@PAVCBuffer@Win32@OnlineGameLib@@@2@@std@@QAE?AViterator@12@V312@@Z 00413450 f i Common:Buffer.obj
 0001:00012cc0       ?lower_bound@?$_Tree@EU?$pair@$$CBEPAVCBuffer@Win32@OnlineGameLib@@@std@@U_Kfn@?$map@EPAVCBuffer@Win32@OnlineGameLib@@U?$less@E@std@@V?$allocator@PAVCBuffer@Win32@OnlineGameLib@@@5@@2@U?$less@E@2@V?$allocator@PAVCBuffer@Win32@OnlineGameLib@@@2@@std@@QAE?AViterator@12@ABE@Z 00413cc0 f i Common:Buffer.obj
 0001:00012d10       ?equal_range@?$_Tree@EU?$pair@$$CBEPAVCBuffer@Win32@OnlineGameLib@@@std@@U_Kfn@?$map@EPAVCBuffer@Win32@OnlineGameLib@@U?$less@E@std@@V?$allocator@PAVCBuffer@Win32@OnlineGameLib@@@5@@2@U?$less@E@2@V?$allocator@PAVCBuffer@Win32@OnlineGameLib@@@2@@std@@QAE?AU?$pair@Viterator@?$_Tree@EU?$pair@$$CBEPAVCBuffer@Win32@OnlineGameLib@@@std@@U_Kfn@?$map@EPAVCBuffer@Win32@OnlineGameLib@@U?$less@E@std@@V?$allocator@PAVCBuffer@Win32@OnlineGameLib@@@5@@2@U?$less@E@2@V?$allocator@PAVCBuffer@Win32@OnlineGameLib@@@2@@std@@V123@@2@ABE@Z 00413d10 f i Common:Buffer.obj
 0001:00012d80       ?_Erase@?$_Tree@EU?$pair@$$CBEPAVCBuffer@Win32@OnlineGameLib@@@std@@U_Kfn@?$map@EPAVCBuffer@Win32@OnlineGameLib@@U?$less@E@std@@V?$allocator@PAVCBuffer@Win32@OnlineGameLib@@@5@@2@U?$less@E@2@V?$allocator@PAVCBuffer@Win32@OnlineGameLib@@@2@@std@@IAEXPAU_Node@12@@Z 00413d80 f i Common:Buffer.obj
 0001:00012e10       ?_Init@?$_Tree@EU?$pair@$$CBEPAVCBuffer@Win32@OnlineGameLib@@@std@@U_Kfn@?$map@EPAVCBuffer@Win32@OnlineGameLib@@U?$less@E@std@@V?$allocator@PAVCBuffer@Win32@OnlineGameLib@@@5@@2@U?$less@E@2@V?$allocator@PAVCBuffer@Win32@OnlineGameLib@@@2@@std@@IAEXXZ 00413e10 f i Common:Buffer.obj
 0001:00012f30       ?_Lmost@?$_Tree@EU?$pair@$$CBEPAVCBuffer@Win32@OnlineGameLib@@@std@@U_Kfn@?$map@EPAVCBuffer@Win32@OnlineGameLib@@U?$less@E@std@@V?$allocator@PAVCBuffer@Win32@OnlineGameLib@@@5@@2@U?$less@E@2@V?$allocator@PAVCBuffer@Win32@OnlineGameLib@@@2@@std@@IAEAAPAU_Node@12@XZ 00413f30 f i Common:Buffer.obj
 0001:00012f60       ?_Rmost@?$_Tree@EU?$pair@$$CBEPAVCBuffer@Win32@OnlineGameLib@@@std@@U_Kfn@?$map@EPAVCBuffer@Win32@OnlineGameLib@@U?$less@E@std@@V?$allocator@PAVCBuffer@Win32@OnlineGameLib@@@5@@2@U?$less@E@2@V?$allocator@PAVCBuffer@Win32@OnlineGameLib@@@2@@std@@IAEAAPAU_Node@12@XZ 00413f60 f i Common:Buffer.obj
 0001:00012f90       ?_Root@?$_Tree@EU?$pair@$$CBEPAVCBuffer@Win32@OnlineGameLib@@@std@@U_Kfn@?$map@EPAVCBuffer@Win32@OnlineGameLib@@U?$less@E@std@@V?$allocator@PAVCBuffer@Win32@OnlineGameLib@@@5@@2@U?$less@E@2@V?$allocator@PAVCBuffer@Win32@OnlineGameLib@@@2@@std@@IAEAAPAU_Node@12@XZ 00413f90 f i Common:Buffer.obj
 0001:00012fc0       ?_Inc@const_iterator@?$_Tree@EU?$pair@$$CBEPAVCBuffer@Win32@OnlineGameLib@@@std@@U_Kfn@?$map@EPAVCBuffer@Win32@OnlineGameLib@@U?$less@E@std@@V?$allocator@PAVCBuffer@Win32@OnlineGameLib@@@5@@2@U?$less@E@2@V?$allocator@PAVCBuffer@Win32@OnlineGameLib@@@2@@std@@QAEXXZ 00413fc0 f i Common:Buffer.obj
 0001:00013070       ?_Mynode@const_iterator@?$_Tree@EU?$pair@$$CBEPAVCBuffer@Win32@OnlineGameLib@@@std@@U_Kfn@?$map@EPAVCBuffer@Win32@OnlineGameLib@@U?$less@E@std@@V?$allocator@PAVCBuffer@Win32@OnlineGameLib@@@5@@2@U?$less@E@2@V?$allocator@PAVCBuffer@Win32@OnlineGameLib@@@2@@std@@QBEPAU_Node@23@XZ 00414070 f i Common:Buffer.obj
 0001:00013090       ??0iterator@?$_Tree@EU?$pair@$$CBEPAVCBuffer@Win32@OnlineGameLib@@@std@@U_Kfn@?$map@EPAVCBuffer@Win32@OnlineGameLib@@U?$less@E@std@@V?$allocator@PAVCBuffer@Win32@OnlineGameLib@@@5@@2@U?$less@E@2@V?$allocator@PAVCBuffer@Win32@OnlineGameLib@@@2@@std@@QAE@PAU_Node@12@@Z 00414090 f i Common:Buffer.obj
 0001:000130c0       ??0?$pair@Viterator@?$_Tree@EU?$pair@$$CBEPAVCBuffer@Win32@OnlineGameLib@@@std@@U_Kfn@?$map@EPAVCBuffer@Win32@OnlineGameLib@@U?$less@E@std@@V?$allocator@PAVCBuffer@Win32@OnlineGameLib@@@5@@2@U?$less@E@2@V?$allocator@PAVCBuffer@Win32@OnlineGameLib@@@2@@std@@_N@std@@QAE@ABViterator@?$_Tree@EU?$pair@$$CBEPAVCBuffer@Win32@OnlineGameLib@@@std@@U_Kfn@?$map@EPAVCBuffer@Win32@OnlineGameLib@@U?$less@E@std@@V?$allocator@PAVCBuffer@Win32@OnlineGameLib@@@5@@2@U?$less@E@2@V?$allocator@PAVCBuffer@Win32@OnlineGameLib@@@2@@1@AB_N@Z 004140c0 f i Common:Buffer.obj
 0001:000130f0       ??R_Kfn@?$map@EPAVCBuffer@Win32@OnlineGameLib@@U?$less@E@std@@V?$allocator@PAVCBuffer@Win32@OnlineGameLib@@@5@@std@@QBEABEABU?$pair@$$CBEPAVCBuffer@Win32@OnlineGameLib@@@2@@Z 004140f0 f i Common:Buffer.obj
 0001:00013110       ?_Color@?$_Tree@EU?$pair@$$CBEPAVCBuffer@Win32@OnlineGameLib@@@std@@U_Kfn@?$map@EPAVCBuffer@Win32@OnlineGameLib@@U?$less@E@std@@V?$allocator@PAVCBuffer@Win32@OnlineGameLib@@@5@@2@U?$less@E@2@V?$allocator@PAVCBuffer@Win32@OnlineGameLib@@@2@@std@@KAAAW4_Redbl@12@PAU_Node@12@@Z 00414110 f i Common:Buffer.obj
 0001:00013120       ?_Left@?$_Tree@EU?$pair@$$CBEPAVCBuffer@Win32@OnlineGameLib@@@std@@U_Kfn@?$map@EPAVCBuffer@Win32@OnlineGameLib@@U?$less@E@std@@V?$allocator@PAVCBuffer@Win32@OnlineGameLib@@@5@@2@U?$less@E@2@V?$allocator@PAVCBuffer@Win32@OnlineGameLib@@@2@@std@@KAAAPAU_Node@12@PAU312@@Z 00414120 f i Common:Buffer.obj
 0001:00013130       ?_Parent@?$_Tree@EU?$pair@$$CBEPAVCBuffer@Win32@OnlineGameLib@@@std@@U_Kfn@?$map@EPAVCBuffer@Win32@OnlineGameLib@@U?$less@E@std@@V?$allocator@PAVCBuffer@Win32@OnlineGameLib@@@5@@2@U?$less@E@2@V?$allocator@PAVCBuffer@Win32@OnlineGameLib@@@2@@std@@KAAAPAU_Node@12@PAU312@@Z 00414130 f i Common:Buffer.obj
 0001:00013140       ?_Right@?$_Tree@EU?$pair@$$CBEPAVCBuffer@Win32@OnlineGameLib@@@std@@U_Kfn@?$map@EPAVCBuffer@Win32@OnlineGameLib@@U?$less@E@std@@V?$allocator@PAVCBuffer@Win32@OnlineGameLib@@@5@@2@U?$less@E@2@V?$allocator@PAVCBuffer@Win32@OnlineGameLib@@@2@@std@@KAAAPAU_Node@12@PAU312@@Z 00414140 f i Common:Buffer.obj
 0001:00013150       ?upper_bound@?$_Tree@EU?$pair@$$CBEPAVCBuffer@Win32@OnlineGameLib@@@std@@U_Kfn@?$map@EPAVCBuffer@Win32@OnlineGameLib@@U?$less@E@std@@V?$allocator@PAVCBuffer@Win32@OnlineGameLib@@@5@@2@U?$less@E@2@V?$allocator@PAVCBuffer@Win32@OnlineGameLib@@@2@@std@@QAE?AViterator@12@ABE@Z 00414150 f i Common:Buffer.obj
 0001:000131a0       ?_Insert@?$_Tree@EU?$pair@$$CBEPAVCBuffer@Win32@OnlineGameLib@@@std@@U_Kfn@?$map@EPAVCBuffer@Win32@OnlineGameLib@@U?$less@E@std@@V?$allocator@PAVCBuffer@Win32@OnlineGameLib@@@5@@2@U?$less@E@2@V?$allocator@PAVCBuffer@Win32@OnlineGameLib@@@2@@std@@IAE?AViterator@12@PAU_Node@12@0ABU?$pair@$$CBEPAVCBuffer@Win32@OnlineGameLib@@@2@@Z 004141a0 f i Common:Buffer.obj
 0001:00013650       ?_Lbound@?$_Tree@EU?$pair@$$CBEPAVCBuffer@Win32@OnlineGameLib@@@std@@U_Kfn@?$map@EPAVCBuffer@Win32@OnlineGameLib@@U?$less@E@std@@V?$allocator@PAVCBuffer@Win32@OnlineGameLib@@@5@@2@U?$less@E@2@V?$allocator@PAVCBuffer@Win32@OnlineGameLib@@@2@@std@@IBEPAU_Node@12@ABE@Z 00414650 f i Common:Buffer.obj
 0001:00013700       ?_Lrotate@?$_Tree@EU?$pair@$$CBEPAVCBuffer@Win32@OnlineGameLib@@@std@@U_Kfn@?$map@EPAVCBuffer@Win32@OnlineGameLib@@U?$less@E@std@@V?$allocator@PAVCBuffer@Win32@OnlineGameLib@@@5@@2@U?$less@E@2@V?$allocator@PAVCBuffer@Win32@OnlineGameLib@@@2@@std@@IAEXPAU_Node@12@@Z 00414700 f i Common:Buffer.obj
 0001:00013840       ?_Max@?$_Tree@EU?$pair@$$CBEPAVCBuffer@Win32@OnlineGameLib@@@std@@U_Kfn@?$map@EPAVCBuffer@Win32@OnlineGameLib@@U?$less@E@std@@V?$allocator@PAVCBuffer@Win32@OnlineGameLib@@@5@@2@U?$less@E@2@V?$allocator@PAVCBuffer@Win32@OnlineGameLib@@@2@@std@@KAPAU_Node@12@PAU312@@Z 00414840 f i Common:Buffer.obj
 0001:00013880       ?_Min@?$_Tree@EU?$pair@$$CBEPAVCBuffer@Win32@OnlineGameLib@@@std@@U_Kfn@?$map@EPAVCBuffer@Win32@OnlineGameLib@@U?$less@E@std@@V?$allocator@PAVCBuffer@Win32@OnlineGameLib@@@5@@2@U?$less@E@2@V?$allocator@PAVCBuffer@Win32@OnlineGameLib@@@2@@std@@KAPAU_Node@12@PAU312@@Z 00414880 f i Common:Buffer.obj
 0001:000138c0       ?_Rrotate@?$_Tree@EU?$pair@$$CBEPAVCBuffer@Win32@OnlineGameLib@@@std@@U_Kfn@?$map@EPAVCBuffer@Win32@OnlineGameLib@@U?$less@E@std@@V?$allocator@PAVCBuffer@Win32@OnlineGameLib@@@5@@2@U?$less@E@2@V?$allocator@PAVCBuffer@Win32@OnlineGameLib@@@2@@std@@IAEXPAU_Node@12@@Z 004148c0 f i Common:Buffer.obj
 0001:00013a00       ?_Buynode@?$_Tree@EU?$pair@$$CBEPAVCBuffer@Win32@OnlineGameLib@@@std@@U_Kfn@?$map@EPAVCBuffer@Win32@OnlineGameLib@@U?$less@E@std@@V?$allocator@PAVCBuffer@Win32@OnlineGameLib@@@5@@2@U?$less@E@2@V?$allocator@PAVCBuffer@Win32@OnlineGameLib@@@2@@std@@IAEPAU_Node@12@PAU312@W4_Redbl@12@@Z 00414a00 f i Common:Buffer.obj
 0001:00013a60       ?_Destval@?$_Tree@EU?$pair@$$CBEPAVCBuffer@Win32@OnlineGameLib@@@std@@U_Kfn@?$map@EPAVCBuffer@Win32@OnlineGameLib@@U?$less@E@std@@V?$allocator@PAVCBuffer@Win32@OnlineGameLib@@@5@@2@U?$less@E@2@V?$allocator@PAVCBuffer@Win32@OnlineGameLib@@@2@@std@@IAEXPAU?$pair@$$CBEPAVCBuffer@Win32@OnlineGameLib@@@2@@Z 00414a60 f i Common:Buffer.obj
 0001:00013a90       ??0const_iterator@?$_Tree@EU?$pair@$$CBEPAVCBuffer@Win32@OnlineGameLib@@@std@@U_Kfn@?$map@EPAVCBuffer@Win32@OnlineGameLib@@U?$less@E@std@@V?$allocator@PAVCBuffer@Win32@OnlineGameLib@@@5@@2@U?$less@E@2@V?$allocator@PAVCBuffer@Win32@OnlineGameLib@@@2@@std@@QAE@PAU_Node@12@@Z 00414a90 f i Common:Buffer.obj
 0001:00013ab0       ??Fiterator@?$_Tree@EU?$pair@$$CBEPAVCBuffer@Win32@OnlineGameLib@@@std@@U_Kfn@?$map@EPAVCBuffer@Win32@OnlineGameLib@@U?$less@E@std@@V?$allocator@PAVCBuffer@Win32@OnlineGameLib@@@5@@2@U?$less@E@2@V?$allocator@PAVCBuffer@Win32@OnlineGameLib@@@2@@std@@QAEAAV012@XZ 00414ab0 f i Common:Buffer.obj
 0001:00013ae0       ??0?$pair@Viterator@?$_Tree@EU?$pair@$$CBEPAVCBuffer@Win32@OnlineGameLib@@@std@@U_Kfn@?$map@EPAVCBuffer@Win32@OnlineGameLib@@U?$less@E@std@@V?$allocator@PAVCBuffer@Win32@OnlineGameLib@@@5@@2@U?$less@E@2@V?$allocator@PAVCBuffer@Win32@OnlineGameLib@@@2@@std@@V123@@std@@QAE@ABViterator@?$_Tree@EU?$pair@$$CBEPAVCBuffer@Win32@OnlineGameLib@@@std@@U_Kfn@?$map@EPAVCBuffer@Win32@OnlineGameLib@@U?$less@E@std@@V?$allocator@PAVCBuffer@Win32@OnlineGameLib@@@5@@2@U?$less@E@2@V?$allocator@PAVCBuffer@Win32@OnlineGameLib@@@2@@1@0@Z 00414ae0 f i Common:Buffer.obj
 0001:00013b10       ?_Charalloc@?$allocator@PAVCBuffer@Win32@OnlineGameLib@@@std@@QAEPADI@Z 00414b10 f i Common:Buffer.obj
 0001:00013b40       ?_Root@?$_Tree@EU?$pair@$$CBEPAVCBuffer@Win32@OnlineGameLib@@@std@@U_Kfn@?$map@EPAVCBuffer@Win32@OnlineGameLib@@U?$less@E@std@@V?$allocator@PAVCBuffer@Win32@OnlineGameLib@@@5@@2@U?$less@E@2@V?$allocator@PAVCBuffer@Win32@OnlineGameLib@@@2@@std@@IBEAAPAU_Node@12@XZ 00414b40 f i Common:Buffer.obj
 0001:00013b70       ?_Ubound@?$_Tree@EU?$pair@$$CBEPAVCBuffer@Win32@OnlineGameLib@@@std@@U_Kfn@?$map@EPAVCBuffer@Win32@OnlineGameLib@@U?$less@E@std@@V?$allocator@PAVCBuffer@Win32@OnlineGameLib@@@5@@2@U?$less@E@2@V?$allocator@PAVCBuffer@Win32@OnlineGameLib@@@2@@std@@IBEPAU_Node@12@ABE@Z 00414b70 f i Common:Buffer.obj
 0001:00013c20       ?_Consval@?$_Tree@EU?$pair@$$CBEPAVCBuffer@Win32@OnlineGameLib@@@std@@U_Kfn@?$map@EPAVCBuffer@Win32@OnlineGameLib@@U?$less@E@std@@V?$allocator@PAVCBuffer@Win32@OnlineGameLib@@@5@@2@U?$less@E@2@V?$allocator@PAVCBuffer@Win32@OnlineGameLib@@@2@@std@@IAEXPAU?$pair@$$CBEPAVCBuffer@Win32@OnlineGameLib@@@2@ABU32@@Z 00414c20 f i Common:Buffer.obj
 0001:00013c50       ?_Dec@const_iterator@?$_Tree@EU?$pair@$$CBEPAVCBuffer@Win32@OnlineGameLib@@@std@@U_Kfn@?$map@EPAVCBuffer@Win32@OnlineGameLib@@U?$less@E@std@@V?$allocator@PAVCBuffer@Win32@OnlineGameLib@@@5@@2@U?$less@E@2@V?$allocator@PAVCBuffer@Win32@OnlineGameLib@@@2@@std@@QAEXXZ 00414c50 f i Common:Buffer.obj
 0001:00013d40       ?PopNode@?$TNodeList@VCBuffer@Win32@OnlineGameLib@@@OnlineGameLib@@QAEPAVCBuffer@Win32@2@XZ 00414d40 f i Common:Buffer.obj
 0001:00013d70       ?ToBool@Win32@OnlineGameLib@@YA_NABH@Z 00414d70 f i Common:Buffer.obj
 0001:00013d90       ?_Distance@std@@YAXViterator@?$_Tree@EU?$pair@$$CBEPAVCBuffer@Win32@OnlineGameLib@@@std@@U_Kfn@?$map@EPAVCBuffer@Win32@OnlineGameLib@@U?$less@E@std@@V?$allocator@PAVCBuffer@Win32@OnlineGameLib@@@5@@2@U?$less@E@2@V?$allocator@PAVCBuffer@Win32@OnlineGameLib@@@2@@1@0AAI@Z 00414d90 f i Common:Buffer.obj
 0001:00013dd0       ?swap@std@@YAXAAW4_Redbl@?$_Tree@EU?$pair@$$CBEPAVCBuffer@Win32@OnlineGameLib@@@std@@U_Kfn@?$map@EPAVCBuffer@Win32@OnlineGameLib@@U?$less@E@std@@V?$allocator@PAVCBuffer@Win32@OnlineGameLib@@@5@@2@U?$less@E@2@V?$allocator@PAVCBuffer@Win32@OnlineGameLib@@@2@@1@0@Z 00414dd0 f i Common:Buffer.obj
 0001:00013e00       ?_Destroy@std@@YAXPAU?$pair@$$CBEPAVCBuffer@Win32@OnlineGameLib@@@1@@Z 00414e00 f i Common:Buffer.obj
 0001:00013e10       ?_Construct@std@@YAXPAU?$pair@$$CBEPAVCBuffer@Win32@OnlineGameLib@@@1@ABU21@@Z 00414e10 f i Common:Buffer.obj
 0001:00013e70       ??2@YAPAXIPAX@Z            00414e70 f i Common:Buffer.obj
 0001:00013e80       ?_Iter_cat@std@@YA?AUbidirectional_iterator_tag@1@ABU?$iterator@Ubidirectional_iterator_tag@std@@U?$pair@$$CBEPAVCBuffer@Win32@OnlineGameLib@@@2@H@1@@Z 00414e80 f i Common:Buffer.obj
 0001:00013eb0       ?_Distance@std@@YAXViterator@?$_Tree@EU?$pair@$$CBEPAVCBuffer@Win32@OnlineGameLib@@@std@@U_Kfn@?$map@EPAVCBuffer@Win32@OnlineGameLib@@U?$less@E@std@@V?$allocator@PAVCBuffer@Win32@OnlineGameLib@@@5@@2@U?$less@E@2@V?$allocator@PAVCBuffer@Win32@OnlineGameLib@@@2@@1@0AAIUbidirectional_iterator_tag@1@@Z 00414eb0 f i Common:Buffer.obj
 0001:00013ef0       _GetCRCTable               00414ef0 f   Common:CRC32.OBJ
 0001:00013efa       _CRC32_C                   00414efa f   Common:CRC32.OBJ
 0001:000140ed       _CRC32                     004150ed f   Common:CRC32.OBJ
 0001:00014200       ??0CLibrary@Win32@OnlineGameLib@@QAE@QBD@Z 00415200 f   Common:Library.obj
 0001:00014285       ??0CLibrary@Win32@OnlineGameLib@@QAE@XZ 00415285 f   Common:Library.obj
 0001:000142cf       ??1CLibrary@Win32@OnlineGameLib@@UAE@XZ 004152cf f   Common:Library.obj
 0001:00014334       ?Load@CLibrary@Win32@OnlineGameLib@@QAE_NQBD@Z 00415334 f   Common:Library.obj
 0001:00014391       ?Free@CLibrary@Win32@OnlineGameLib@@QAE_NXZ 00415391 f   Common:Library.obj
 0001:00014410       ??_GCLibrary@Win32@OnlineGameLib@@UAEPAXI@Z 00415410 f i Common:Library.obj
 0001:00014410       ??_ECLibrary@Win32@OnlineGameLib@@UAEPAXI@Z 00415410 f i Common:Library.obj
 0001:00014450       ??0?$basic_string@DU?$char_traits@D@std@@V?$allocator@D@2@@std@@QAE@ABV?$allocator@D@1@@Z 00415450 f i Common:Library.obj
 0001:00014490       ??4?$basic_string@DU?$char_traits@D@std@@V?$allocator@D@2@@std@@QAEAAV01@PBD@Z 00415490 f i Common:Library.obj
 0001:000144c0       ??0CIniFile@Win32@OnlineGameLib@@QAE@XZ 004154c0 f   Common:IniFile.obj
 0001:000144f2       ??0CIniFile@Win32@OnlineGameLib@@QAE@PBD@Z 004154f2 f   Common:IniFile.obj
 0001:00014530       ??1CIniFile@Win32@OnlineGameLib@@QAE@XZ 00415530 f   Common:IniFile.obj
 0001:00014542       ?SetFile@CIniFile@Win32@OnlineGameLib@@QAEXPBD@Z 00415542 f   Common:IniFile.obj
 0001:0001457d       ?ReadInteger@CIniFile@Win32@OnlineGameLib@@QAEHPBD0H@Z 0041557d f   Common:IniFile.obj
 0001:000145fc       ?WriteInteger@CIniFile@Win32@OnlineGameLib@@QAEHPBD0H@Z 004155fc f   Common:IniFile.obj
 0001:00014669       ?ReadHexNum@CIniFile@Win32@OnlineGameLib@@QAEKPBD0K@Z 00415669 f   Common:IniFile.obj
 0001:000146e8       ?WriteHexNum@CIniFile@Win32@OnlineGameLib@@QAEHPBD0K@Z 004156e8 f   Common:IniFile.obj
 0001:00014755       ?ReadString@CIniFile@Win32@OnlineGameLib@@QAEKPBD0PADK0@Z 00415755 f   Common:IniFile.obj
 0001:000147ad       ?WriteString@CIniFile@Win32@OnlineGameLib@@QAEHPBD00@Z 004157ad f   Common:IniFile.obj
 0001:000147fd       ?ReadSections@CIniFile@Win32@OnlineGameLib@@QAEHAAV?$vector@V?$basic_string@DU?$char_traits@D@std@@V?$allocator@D@2@@std@@V?$allocator@V?$basic_string@DU?$char_traits@D@std@@V?$allocator@D@2@@std@@@2@@std@@@Z 004157fd f   Common:IniFile.obj
 0001:0001495d       ?ReadSection@CIniFile@Win32@OnlineGameLib@@QAEHPBDAAV?$vector@V?$basic_string@DU?$char_traits@D@std@@V?$allocator@D@2@@std@@V?$allocator@V?$basic_string@DU?$char_traits@D@std@@V?$allocator@D@2@@std@@@2@@std@@@Z 0041595d f   Common:IniFile.obj
 0001:00014af0       ?size@?$vector@V?$basic_string@DU?$char_traits@D@std@@V?$allocator@D@2@@std@@V?$allocator@V?$basic_string@DU?$char_traits@D@std@@V?$allocator@D@2@@std@@@2@@std@@QBEIXZ 00415af0 f i Common:IniFile.obj
 0001:00014b40       ?push_back@?$vector@V?$basic_string@DU?$char_traits@D@std@@V?$allocator@D@2@@std@@V?$allocator@V?$basic_string@DU?$char_traits@D@std@@V?$allocator@D@2@@std@@@2@@std@@QAEXABV?$basic_string@DU?$char_traits@D@std@@V?$allocator@D@2@@2@@Z 00415b40 f i Common:IniFile.obj
 0001:00014b80       ?clear@?$vector@V?$basic_string@DU?$char_traits@D@std@@V?$allocator@D@2@@std@@V?$allocator@V?$basic_string@DU?$char_traits@D@std@@V?$allocator@D@2@@std@@@2@@std@@QAEXXZ 00415b80 f i Common:IniFile.obj
 0001:00014bc0       ?begin@?$vector@V?$basic_string@DU?$char_traits@D@std@@V?$allocator@D@2@@std@@V?$allocator@V?$basic_string@DU?$char_traits@D@std@@V?$allocator@D@2@@std@@@2@@std@@QAEPAV?$basic_string@DU?$char_traits@D@std@@V?$allocator@D@2@@2@XZ 00415bc0 f i Common:IniFile.obj
 0001:00014be0       ?end@?$vector@V?$basic_string@DU?$char_traits@D@std@@V?$allocator@D@2@@std@@V?$allocator@V?$basic_string@DU?$char_traits@D@std@@V?$allocator@D@2@@std@@@2@@std@@QAEPAV?$basic_string@DU?$char_traits@D@std@@V?$allocator@D@2@@2@XZ 00415be0 f i Common:IniFile.obj
 0001:00014c00       ?insert@?$vector@V?$basic_string@DU?$char_traits@D@std@@V?$allocator@D@2@@std@@V?$allocator@V?$basic_string@DU?$char_traits@D@std@@V?$allocator@D@2@@std@@@2@@std@@QAEPAV?$basic_string@DU?$char_traits@D@std@@V?$allocator@D@2@@2@PAV32@ABV32@@Z 00415c00 f i Common:IniFile.obj
 0001:00014c60       ?erase@?$vector@V?$basic_string@DU?$char_traits@D@std@@V?$allocator@D@2@@std@@V?$allocator@V?$basic_string@DU?$char_traits@D@std@@V?$allocator@D@2@@std@@@2@@std@@QAEPAV?$basic_string@DU?$char_traits@D@std@@V?$allocator@D@2@@2@PAV32@0@Z 00415c60 f i Common:IniFile.obj
 0001:00014cd0       ?insert@?$vector@V?$basic_string@DU?$char_traits@D@std@@V?$allocator@D@2@@std@@V?$allocator@V?$basic_string@DU?$char_traits@D@std@@V?$allocator@D@2@@std@@@2@@std@@QAEXPAV?$basic_string@DU?$char_traits@D@std@@V?$allocator@D@2@@2@IABV32@@Z 00415cd0 f i Common:IniFile.obj
 0001:00014f20       ?_Destroy@?$vector@V?$basic_string@DU?$char_traits@D@std@@V?$allocator@D@2@@std@@V?$allocator@V?$basic_string@DU?$char_traits@D@std@@V?$allocator@D@2@@std@@@2@@std@@IAEXPAV?$basic_string@DU?$char_traits@D@std@@V?$allocator@D@2@@2@0@Z 00415f20 f i Common:IniFile.obj
 0001:00014f60       ?_Ucopy@?$vector@V?$basic_string@DU?$char_traits@D@std@@V?$allocator@D@2@@std@@V?$allocator@V?$basic_string@DU?$char_traits@D@std@@V?$allocator@D@2@@std@@@2@@std@@IAEPAV?$basic_string@DU?$char_traits@D@std@@V?$allocator@D@2@@2@PBV32@0PAV32@@Z 00415f60 f i Common:IniFile.obj
 0001:00014fb0       ?_Ufill@?$vector@V?$basic_string@DU?$char_traits@D@std@@V?$allocator@D@2@@std@@V?$allocator@V?$basic_string@DU?$char_traits@D@std@@V?$allocator@D@2@@std@@@2@@std@@IAEXPAV?$basic_string@DU?$char_traits@D@std@@V?$allocator@D@2@@2@IABV32@@Z 00415fb0 f i Common:IniFile.obj
 0001:00015000       ?allocate@?$allocator@V?$basic_string@DU?$char_traits@D@std@@V?$allocator@D@2@@std@@@std@@QAEPAV?$basic_string@DU?$char_traits@D@std@@V?$allocator@D@2@@2@IPBX@Z 00416000 f i Common:IniFile.obj
 0001:00015030       ?deallocate@?$allocator@V?$basic_string@DU?$char_traits@D@std@@V?$allocator@D@2@@std@@@std@@QAEXPAXI@Z 00416030 f i Common:IniFile.obj
[...]
 0001:0008ae11       _$E23                      0048be11 f   libcpmt:strstrea.obj
 0001:00089f3c       _$E32                      0048af3c f   libcpmt:locale.obj
 0001:00089f66       _$E28                      0048af66 f   libcpmt:locale.obj
 0001:00089f72       _$E31                      0048af72 f   libcpmt:locale.obj
 0001:00087c3f       _$E18                      00488c3f f   libcpmt:locale0.obj
 0001:00087c49       _$E15                      00488c49 f   libcpmt:locale0.obj
 0001:00087c4a       _$E17                      00488c4a f   libcpmt:locale0.obj
 0001:00087c56       _$E16                      00488c56 f   libcpmt:locale0.obj
 0001:00088088       _$E29                      00489088 f   libcpmt:locale0.obj
 0001:000880b2       _$E25                      004890b2 f   libcpmt:locale0.obj
 0001:000880be       _$E28                      004890be f   libcpmt:locale0.obj
 0001:00087bfd       _$E24                      00488bfd f   libcpmt:fiopen.obj
 0001:00087c27       _$E20                      00488c27 f   libcpmt:fiopen.obj
 0001:00087c33       _$E23                      00488c33 f   libcpmt:fiopen.obj
 0001:00087574       _$E24                      00488574 f   libcpmt:string.obj
 0001:0008759e       _$E20                      0048859e f   libcpmt:string.obj
 0001:000875aa       _$E23                      004885aa f   libcpmt:string.obj
 0001:00087222       ?_CleanUp@std@@YAXXZ       00488222 f   libcpmt:xlock.obj
 0001:000862dd       _$E18                      004872dd f   libcpmt:wiostrea.obj
 0001:000862e7       _$E15                      004872e7 f   libcpmt:wiostrea.obj
 0001:000862f1       _$E17                      004872f1 f   libcpmt:wiostrea.obj
 0001:000862fd       _$E16                      004872fd f   libcpmt:wiostrea.obj
 0001:00086307       _$E24                      00487307 f   libcpmt:wiostrea.obj
 0001:00086311       _$E21                      00487311 f   libcpmt:wiostrea.obj
 0001:0008631b       _$E23                      0048731b f   libcpmt:wiostrea.obj
 0001:00086327       _$E22                      00487327 f   libcpmt:wiostrea.obj
 0001:00086331       _$E29                      00487331 f   libcpmt:wiostrea.obj
 0001:0008633b       _$E26                      0048733b f   libcpmt:wiostrea.obj
 0001:00086348       _$E28                      00487348 f   libcpmt:wiostrea.obj
 0001:00086354       _$E27                      00487354 f   libcpmt:wiostrea.obj
 0001:0008635e       _$E34                      0048735e f   libcpmt:wiostrea.obj
 0001:00086368       _$E31                      00487368 f   libcpmt:wiostrea.obj
 0001:00086375       _$E33                      00487375 f   libcpmt:wiostrea.obj
 0001:00086381       _$E32                      00487381 f   libcpmt:wiostrea.obj
 0001:0008638b       _$E39                      0048738b f   libcpmt:wiostrea.obj
 0001:00086395       _$E36                      00487395 f   libcpmt:wiostrea.obj
 0001:000863a2       _$E38                      004873a2 f   libcpmt:wiostrea.obj
 0001:000863ae       _$E37                      004873ae f   libcpmt:wiostrea.obj
 0001:000863b8       _$E44                      004873b8 f   libcpmt:wiostrea.obj
 0001:000863c2       _$E41                      004873c2 f   libcpmt:wiostrea.obj
 0001:000863d1       _$E43                      004873d1 f   libcpmt:wiostrea.obj
 0001:000863dd       _$E42                      004873dd f   libcpmt:wiostrea.obj
 0001:000863fc       _$E49                      004873fc f   libcpmt:wiostrea.obj
 0001:00086406       _$E46                      00487406 f   libcpmt:wiostrea.obj
 0001:00086415       _$E48                      00487415 f   libcpmt:wiostrea.obj
 0001:00086421       _$E47                      00487421 f   libcpmt:wiostrea.obj
 0001:00086440       _$E54                      00487440 f   libcpmt:wiostrea.obj
 0001:0008644a       _$E51                      0048744a f   libcpmt:wiostrea.obj
 0001:00086459       _$E53                      00487459 f   libcpmt:wiostrea.obj
 0001:00086465       _$E52                      00487465 f   libcpmt:wiostrea.obj
 0001:0008646f       _$E59                      0048746f f   libcpmt:wiostrea.obj
 0001:00086479       _$E56                      00487479 f   libcpmt:wiostrea.obj
 0001:00086488       _$E58                      00487488 f   libcpmt:wiostrea.obj
 0001:00086494       _$E57                      00487494 f   libcpmt:wiostrea.obj
 0001:00087162       _$E70                      00488162 f   libcpmt:wiostrea.obj
 0001:0008718c       _$E66                      0048818c f   libcpmt:wiostrea.obj
 0001:00087198       _$E69                      00488198 f   libcpmt:wiostrea.obj
 0001:00085ecc       _$E18                      00486ecc f   libcpmt:iostream.obj
 0001:00085ed6       _$E15                      00486ed6 f   libcpmt:iostream.obj
 0001:00085ee3       _$E17                      00486ee3 f   libcpmt:iostream.obj
 0001:00085eef       _$E16                      00486eef f   libcpmt:iostream.obj
 0001:00085ef9       _$E23                      00486ef9 f   libcpmt:iostream.obj
 0001:00085f03       _$E20                      00486f03 f   libcpmt:iostream.obj
 0001:00085f10       _$E22                      00486f10 f   libcpmt:iostream.obj
 0001:00085f1c       _$E21                      00486f1c f   libcpmt:iostream.obj
 0001:00085f26       _$E28                      00486f26 f   libcpmt:iostream.obj
 0001:00085f30       _$E25                      00486f30 f   libcpmt:iostream.obj
 0001:00085f3f       _$E27                      00486f3f f   libcpmt:iostream.obj
 0001:00085f4b       _$E26                      00486f4b f   libcpmt:iostream.obj
 0001:00085f55       _$E33                      00486f55 f   libcpmt:iostream.obj
 0001:00085f5f       _$E30                      00486f5f f   libcpmt:iostream.obj
 0001:00085f6e       _$E32                      00486f6e f   libcpmt:iostream.obj
 0001:00085f7a       _$E31                      00486f7a f   libcpmt:iostream.obj
 0001:00085f84       _$E38                      00486f84 f   libcpmt:iostream.obj
 0001:00085f8e       _$E35                      00486f8e f   libcpmt:iostream.obj
 0001:00085f9b       _$E37                      00486f9b f   libcpmt:iostream.obj
 0001:00085fa7       _$E36                      00486fa7 f   libcpmt:iostream.obj
 0001:00085fb1       _$E43                      00486fb1 f   libcpmt:iostream.obj
 0001:00085fbb       _$E40                      00486fbb f   libcpmt:iostream.obj
 0001:00085fca       _$E42                      00486fca f   libcpmt:iostream.obj
 0001:00085fd6       _$E41                      00486fd6 f   libcpmt:iostream.obj
 0001:00085fe0       _$E48                      00486fe0 f   libcpmt:iostream.obj
 0001:00085fea       _$E45                      00486fea f   libcpmt:iostream.obj
 0001:00085ff9       _$E47                      00486ff9 f   libcpmt:iostream.obj
 0001:00086005       _$E46                      00487005 f   libcpmt:iostream.obj
 0001:0008629a       _$E60                      0048729a f   libcpmt:iostream.obj
 0001:000862c4       _$E56                      004872c4 f   libcpmt:iostream.obj
 0001:000862d0       _$E59                      004872d0 f   libcpmt:iostream.obj
 0001:000a3ed9       _xtoa                      004a4ed9 f   LIBCMT:xtoa.obj
 0001:000a3fab       _x64toa@20                 004a4fab f   LIBCMT:xtoa.obj
 0001:000a3ac8       _findenv                   004a4ac8 f   LIBCMT:setenv.obj
 0001:000a3b20       _copy_environ              004a4b20 f   LIBCMT:setenv.obj
 0001:000a3661       _getSystemCP               004a4661 f   LIBCMT:mbctype.obj
 0001:000a36ab       _CPtoLCID                  004a46ab f   LIBCMT:mbctype.obj
 0001:000a36de       _setSBCS                   004a46de f   LIBCMT:mbctype.obj
 0001:000a3707       _setSBUpLow                004a4707 f   LIBCMT:mbctype.obj
 0001:000a3483       _x_ismbbtype               004a4483 f   LIBCMT:ismbbyte.obj
 0001:000a2977       __abstract_cw              004a3977 f   LIBCMT:ieee87.obj
 0001:000a2a09       __hw_cw                    004a3a09 f   LIBCMT:ieee87.obj
 0001:000a2a92       __abstract_sw              004a3a92 f   LIBCMT:ieee87.obj
 0001:000a1a47       _TranslateName             004a2a47 f   LIBCMT:getqloc.obj
 0001:000a1a9f       _GetLcidFromLangCountry    004a2a9f f   LIBCMT:getqloc.obj
 0001:000a1b26       _LangCountryEnumProc@4     004a2b26 f   LIBCMT:getqloc.obj
 0001:000a1d2a       _GetLcidFromLanguage       004a2d2a f   LIBCMT:getqloc.obj
 0001:000a1d80       _LanguageEnumProc@4        004a2d80 f   LIBCMT:getqloc.obj
 0001:000a1e3d       _GetLcidFromCountry        004a2e3d f   LIBCMT:getqloc.obj
 0001:000a1e74       _CountryEnumProc@4         004a2e74 f   LIBCMT:getqloc.obj
 0001:000a1efa       _GetLcidFromDefault        004a2efa f   LIBCMT:getqloc.obj
 0001:000a1f14       _ProcessCodePage           004a2f14 f   LIBCMT:getqloc.obj
 0001:000a1f7a       _TestDefaultCountry        004a2f7a f   LIBCMT:getqloc.obj
 0001:000a1f99       _TestDefaultLanguage       004a2f99 f   LIBCMT:getqloc.obj
 0001:000a1ffb       _IsThisWindowsNT           004a2ffb f   LIBCMT:getqloc.obj
 0001:000a2031       _crtGetLocaleInfoA@16      004a3031 f   LIBCMT:getqloc.obj
 0001:000a2117       _LcidFromHexString         004a3117 f   LIBCMT:getqloc.obj
 0001:000a2150       _GetPrimaryLen             004a3150 f   LIBCMT:getqloc.obj
 0001:000a1498       __get_lc_lconv             004a2498 f   LIBCMT:initmon.obj
 0001:000a15ba       _fix_grouping              004a25ba f   LIBCMT:initmon.obj
 0001:000a15f1       __free_lc_lconv            004a25f1 f   LIBCMT:initmon.obj
 0001:000a1396       _fix_grouping              004a2396 f   LIBCMT:initnum.obj
 0001:000a0ce3       __get_lc_time              004a1ce3 f   LIBCMT:inittime.obj
 0001:000a1031       __free_lc_time             004a2031 f   LIBCMT:inittime.obj
 0001:000a0834       _store_dt                  004a1834 f   LIBCMT:asctime.obj
 0001:0009ff05       __tzset_lk                 004a0f05 f   LIBCMT:tzset.obj
 0001:000a01ad       __isindst_lk               004a11ad f   LIBCMT:tzset.obj
 0001:000a0359       _cvtdate                   004a1359 f   LIBCMT:tzset.obj
 0001:0009fb56       _ctrlevent_capture@4       004a0b56 f   LIBCMT:winsig.obj
 0001:0009fd3a       _siglookup                 004a0d3a f   LIBCMT:winsig.obj
 0001:0009f948       __hextodec                 004a0948 f   LIBCMT:input.obj
 0001:0009f97f       __inc                      004a097f f   LIBCMT:input.obj
 0001:0009f999       __un_inc                   004a0999 f   LIBCMT:input.obj
 0001:0009f9b0       __whiteout                 004a09b0 f   LIBCMT:input.obj
 0001:0009e845       _parse_cmdline             0049f845 f   LIBCMT:stdargv.obj
 0001:0009e300       _write_char                0049f300 f   LIBCMT:output.obj
 0001:0009e335       _write_multi_char          0049f335 f   LIBCMT:output.obj
 0001:0009e366       _write_string              0049f366 f   LIBCMT:output.obj
 0001:0009e39e       _get_int_arg               0049f39e f   LIBCMT:output.obj
 0001:0009e3ab       _get_int64_arg             0049f3ab f   LIBCMT:output.obj
 0001:0009e3bb       _get_short_arg             0049f3bb f   LIBCMT:output.obj
 0001:0009b905       __cftoe2                   0049c905 f   LIBCMT:cvt.obj
 0001:0009ba1c       __cftof2                   0049ca1c f   LIBCMT:cvt.obj
 0001:0009bba7       __shift                    0049cba7 f   LIBCMT:cvt.obj
 0001:0009acae       _xcptlookup                0049bcae f   LIBCMT:winxfltr.obj
 0001:0009a000       ?FindHandler@@YAXPAUEHExceptionRecord@@PAUEHRegistrationNode@@PAU_CONTEXT@@PAXPBU_s_FuncInfo@@EH1@Z 0049b000 f   LIBCMT:frame.obj
 0001:0009a1b3       ?FindHandlerForForeignException@@YAXPAUEHExceptionRecord@@PAUEHRegistrationNode@@PAU_CONTEXT@@PAXPBU_s_FuncInfo@@HH1@Z 0049b1b3 f   LIBCMT:frame.obj
 0001:0009a25d       ?TypeMatch@@YAHPBU_s_HandlerType@@PBU_s_CatchableType@@PBU_s_ThrowInfo@@@Z 0049b25d f   LIBCMT:frame.obj
 0001:0009a358       ?FrameUnwindFilter@@YAHPAU_EXCEPTION_POINTERS@@@Z 0049b358 f   LIBCMT:frame.obj
 0001:0009a36e       ?CatchIt@@YAXPAUEHExceptionRecord@@PAUEHRegistrationNode@@PAU_CONTEXT@@PAXPBU_s_FuncInfo@@PBU_s_HandlerType@@PBU_s_CatchableType@@PBU_s_TryBlockMapEntry@@H1E@Z 0049b36e f   LIBCMT:frame.obj
 0001:0009a3e9       ?CallCatchBlock@@YAPAXPAUEHExceptionRecord@@PAUEHRegistrationNode@@PAU_CONTEXT@@PBU_s_FuncInfo@@PAXHK@Z 0049b3e9 f   LIBCMT:frame.obj
 0001:0009a504       ?ExFilterRethrow@@YAHPAU_EXCEPTION_POINTERS@@@Z 0049b504 f   LIBCMT:frame.obj
 0001:0009a52e       ?BuildCatchObject@@YAXPAUEHExceptionRecord@@PAUEHRegistrationNode@@PBU_s_HandlerType@@PBU_s_CatchableType@@@Z 0049b52e f   LIBCMT:frame.obj
 0001:0009a759       ?AdjustPointer@@YAPAXPAXABUPMD@@@Z 0049b759 f   LIBCMT:frame.obj
 0001:00099da6       _doexit                    0049ada6 f   LIBCMT:crt0dat.obj
 0001:00099e5d       __initterm                 0049ae5d f   LIBCMT:crt0dat.obj
 0001:00099d0e       _strncnt                   0049ad0e f   LIBCMT:a_cmp.obj
 0001:0009999f       _strncnt                   0049a99f f   LIBCMT:a_map.obj
 0001:0009943c       _strtoxl                   0049a43c f   LIBCMT:strtol.obj
 0001:00098ff2       __setlocale_set_cat        00499ff2 f   LIBCMT:setlocal.obj
 0001:0009910d       __setlocale_get_all        0049a10d f   LIBCMT:setlocal.obj
 0001:00097e4d       __expandtime               00498e4d f   LIBCMT:strftime.obj
 0001:0009823c       __store_str                0049923c f   LIBCMT:strftime.obj
 0001:00098263       __store_num                00499263 f   LIBCMT:strftime.obj
 0001:000982d2       __store_number             004992d2 f   LIBCMT:strftime.obj
 0001:0009831b       __store_winword            0049931b f   LIBCMT:strftime.obj
 0001:000976e1       _shortsort                 004986e1 f   LIBCMT:qsort.obj
 0001:0009772f       _swap                      0049872f f   LIBCMT:qsort.obj
 0001:00096170       LeadUp1                    00497170 f   LIBCMT:memcpy.obj
 0001:0009619c       LeadUp2                    0049719c f   LIBCMT:memcpy.obj
 0001:000961c0       LeadUp3                    004971c0 f   LIBCMT:memcpy.obj
 0001:0009623f       UnwindUp0                  0049723f f   LIBCMT:memcpy.obj
 0001:0009622c       UnwindUp1                  0049722c f   LIBCMT:memcpy.obj
 0001:00096224       UnwindUp2                  00497224 f   LIBCMT:memcpy.obj
 0001:0009621c       UnwindUp3                  0049721c f   LIBCMT:memcpy.obj
 0001:00096214       UnwindUp4                  00497214 f   LIBCMT:memcpy.obj
 0001:0009620c       UnwindUp5                  0049720c f   LIBCMT:memcpy.obj
 0001:00096204       UnwindUp6                  00497204 f   LIBCMT:memcpy.obj
 0001:000961fc       UnwindUp7                  004971fc f   LIBCMT:memcpy.obj
 0001:00096258       TrailUp0                   00497258 f   LIBCMT:memcpy.obj
 0001:00096260       TrailUp1                   00497260 f   LIBCMT:memcpy.obj
 0001:0009626c       TrailUp2                   0049726c f   LIBCMT:memcpy.obj
 0001:00096280       TrailUp3                   00497280 f   LIBCMT:memcpy.obj
 0001:000962f8       LeadDown1                  004972f8 f   LIBCMT:memcpy.obj
 0001:00096318       LeadDown2                  00497318 f   LIBCMT:memcpy.obj
 0001:00096340       LeadDown3                  00497340 f   LIBCMT:memcpy.obj
 0001:00096394       UnwindDown7                00497394 f   LIBCMT:memcpy.obj
 0001:0009639c       UnwindDown6                0049739c f   LIBCMT:memcpy.obj
 0001:000963a4       UnwindDown5                004973a4 f   LIBCMT:memcpy.obj
 0001:000963ac       UnwindDown4                004973ac f   LIBCMT:memcpy.obj
 0001:000963b4       UnwindDown3                004973b4 f   LIBCMT:memcpy.obj
 0001:000963bc       UnwindDown2                004973bc f   LIBCMT:memcpy.obj
 0001:000963c4       UnwindDown1                004973c4 f   LIBCMT:memcpy.obj
 0001:000963d7       UnwindDown0                004973d7 f   LIBCMT:memcpy.obj
 0001:000963f0       TrailDown0                 004973f0 f   LIBCMT:memcpy.obj
 0001:000963f8       TrailDown1                 004973f8 f   LIBCMT:memcpy.obj
 0001:00096408       TrailDown2                 00497408 f   LIBCMT:memcpy.obj
 0001:0009641c       TrailDown3                 0049741c f   LIBCMT:memcpy.obj
 0001:000960be       _fast_error_exit           004970be f   LIBCMT:wincrt0.obj
 0001:0009596f       _flsall                    0049696f f   LIBCMT:fflush.obj
 0001:00094cb0       LeadUp1                    00495cb0 f   LIBCMT:memmove.obj
 0001:00094cdc       LeadUp2                    00495cdc f   LIBCMT:memmove.obj
 0001:00094d00       LeadUp3                    00495d00 f   LIBCMT:memmove.obj
 0001:00094d7f       UnwindUp0                  00495d7f f   LIBCMT:memmove.obj
 0001:00094d6c       UnwindUp1                  00495d6c f   LIBCMT:memmove.obj
 0001:00094d64       UnwindUp2                  00495d64 f   LIBCMT:memmove.obj
 0001:00094d5c       UnwindUp3                  00495d5c f   LIBCMT:memmove.obj
 0001:00094d54       UnwindUp4                  00495d54 f   LIBCMT:memmove.obj
 0001:00094d4c       UnwindUp5                  00495d4c f   LIBCMT:memmove.obj
 0001:00094d44       UnwindUp6                  00495d44 f   LIBCMT:memmove.obj
 0001:00094d3c       UnwindUp7                  00495d3c f   LIBCMT:memmove.obj
 0001:00094d98       TrailUp0                   00495d98 f   LIBCMT:memmove.obj
 0001:00094da0       TrailUp1                   00495da0 f   LIBCMT:memmove.obj
 0001:00094dac       TrailUp2                   00495dac f   LIBCMT:memmove.obj
 0001:00094dc0       TrailUp3                   00495dc0 f   LIBCMT:memmove.obj
 0001:00094e38       LeadDown1                  00495e38 f   LIBCMT:memmove.obj
 0001:00094e58       LeadDown2                  00495e58 f   LIBCMT:memmove.obj
 0001:00094e80       LeadDown3                  00495e80 f   LIBCMT:memmove.obj
 0001:00094ed4       UnwindDown7                00495ed4 f   LIBCMT:memmove.obj
 0001:00094edc       UnwindDown6                00495edc f   LIBCMT:memmove.obj
 0001:00094ee4       UnwindDown5                00495ee4 f   LIBCMT:memmove.obj
 0001:00094eec       UnwindDown4                00495eec f   LIBCMT:memmove.obj
 0001:00094ef4       UnwindDown3                00495ef4 f   LIBCMT:memmove.obj
 0001:00094efc       UnwindDown2                00495efc f   LIBCMT:memmove.obj
 0001:00094f04       UnwindDown1                00495f04 f   LIBCMT:memmove.obj
 0001:00094f17       UnwindDown0                00495f17 f   LIBCMT:memmove.obj
 0001:00094f30       TrailDown0                 00495f30 f   LIBCMT:memmove.obj
 0001:00094f38       TrailDown1                 00495f38 f   LIBCMT:memmove.obj
 0001:00094f48       TrailDown2                 00495f48 f   LIBCMT:memmove.obj
 0001:00094f5c       TrailDown3                 00495f5c f   LIBCMT:memmove.obj
 0001:00094a3d       __threadstartex@4          00495a3d f   LIBCMT:threadex.obj
 0001:000948fc       _gu_return                 004958fc f   LIBCMT:exsup.obj
 0001:00094904       __unwind_handler           00495904 f   LIBCMT:exsup.obj
 0001:00094719       ?CatchGuardHandler@@YA?AW4_EXCEPTION_DISPOSITION@@PAUEHExceptionRecord@@PAUCatchGuardRN@@PAX2@Z 00495719 f   LIBCMT:trnsctrl.obj
 0001:000947f4       ?TranslatorGuardHandler@@YA?AW4_EXCEPTION_DISPOSITION@@PAUEHExceptionRecord@@PAUTranslatorGuardRN@@PAX2@Z 004957f4 f   LIBCMT:trnsctrl.obj
 0001:000a65b0       _CrtMessageWindow          004a75b0 f   LIBCMTD:dbgrpt.obj
 0001:000a52d0       _output                    004a62d0 f   LIBCMTD:cprintf.obj
 0001:000a5fe0       _write_char                004a6fe0 f   LIBCMTD:cprintf.obj
 0001:000a6010       _write_multi_char          004a7010 f   LIBCMTD:cprintf.obj
 0001:000a6050       _write_string              004a7050 f   LIBCMTD:cprintf.obj
 0001:000a60a0       _get_int_arg               004a70a0 f   LIBCMTD:cprintf.obj
 0001:000a60c0       _get_int64_arg             004a70c0 f   LIBCMTD:cprintf.obj
 0001:000a60e0       _get_short_arg             004a70e0 f   LIBCMTD:cprintf.obj
