 S3RelayServer

 Timestamp is 447187ed (Mon May 22 17:44:13 2006)

 Preferred load address is 00400000

 Start         Length     Name                   Class
 0001:00000000 000182e6H .text                   CODE
 0001:000182f0 00000712H .text$x                 CODE
 0002:00000000 00000268H .idata$5                DATA
 0002:00000268 00001218H .rdata                  DATA
 0002:00001480 0000025cH .rdata$r                DATA
 0002:000016e0 00000d60H .xdata$x                DATA
 0002:00002440 00000064H .idata$2                DATA
 0002:000024a4 00000014H .idata$3                DATA
 0002:000024b8 00000268H .idata$4                DATA
 0002:00002720 000008f0H .idata$6                DATA
 0002:00003010 00000000H .edata                  DATA
 0003:00000000 00000004H .CRT$XCA                DATA
 0003:00000004 00000050H .CRT$XCU                DATA
 0003:00000054 00000004H .CRT$XCZ                DATA
 0003:00000058 00000004H .CRT$XIA                DATA
 0003:0000005c 0000000cH .CRT$XIC                DATA
 0003:00000068 00000004H .CRT$XIY                DATA
 0003:0000006c 00000004H .CRT$XIZ                DATA
 0003:00000070 00000004H .CRT$XPA                DATA
 0003:00000074 00000004H .CRT$XPX                DATA
 0003:00000078 00000004H .CRT$XPZ                DATA
 0003:0000007c 00000004H .CRT$XTA                DATA
 0003:00000080 00000004H .CRT$XTB                DATA
 0003:00000084 00000004H .CRT$XTZ                DATA
 0003:00000090 00003f7cH .data                   DATA
 0003:00004010 00201981H .bss                    DATA
 0004:00000000 0000029cH .rsrc$01                DATA
 0004:000002a0 00000a60H .rsrc$02                DATA

  Address         Publics by Value              Rva+Base     Lib:Object

 0001:000001b0       ?KPIWritePrivateProfileString@@YAHPBD000@Z 004011b0 f   GlobalFun.obj
 0001:00000ab0       ?KPIGetPrivateProfileString@@YAKPBD00PADK0@Z 00401ab0 f   GlobalFun.obj
 0001:00000cc0       ?KPIWaitForSingleObject@@YAKPAXK@Z 00401cc0 f   GlobalFun.obj
 0001:00000cf0       ?KPICloseHandle@@YAHPAX@Z  00401cf0 f   GlobalFun.obj
 0001:00000d00       ?KPITerminateThread@@YAHPAXK@Z 00401d00 f   GlobalFun.obj
 0001:00000d20       ?KPICreateThread@@YAPAXP6GKPAX@Z0PAK@Z 00401d20 f   GlobalFun.obj
 0001:00000d50       ?KPICreateUDPSocket@@YAIH@Z 00401d50 f   GlobalFun.obj
 0001:00000df0       ?KPICreateEvent@@YAPAXPAU_SECURITY_ATTRIBUTES@@HHPBD@Z 00401df0 f   GlobalFun.obj
 0001:00000e10       ?KPISetEvent@@YAHPAX@Z     00401e10 f   GlobalFun.obj
 0001:00000e20       ?KPIResetEvent@@YAHPAX@Z   00401e20 f   GlobalFun.obj
 0001:00000e30       ?KPIGetExePath@@YAXPADK@Z  00401e30 f   GlobalFun.obj
 0001:00000e90       ?KPICreateMutex@@YAPAXPAU_SECURITY_ATTRIBUTES@@HPBD@Z 00401e90 f   GlobalFun.obj
 0001:00000eb0       ?KPIReleaseMutex@@YAHPAX@Z 00401eb0 f   GlobalFun.obj
 0001:00000ec0       ?KPIHash@@YAKPADKK@Z       00401ec0 f   GlobalFun.obj
 0001:00000f00       ?KPIPrintToFile@@YAXPBD0ZZ 00401f00 f   GlobalFun.obj
 0001:00000f50       ?KPIPrintToFile@@YAXPAU_iobuf@@PBDZZ 00401f50 f   GlobalFun.obj
 0001:00000f70       ??0KThread@@QAE@XZ         00401f70 f   KThread.obj
 0001:00000f90       ??_GKThread@@UAEPAXI@Z     00401f90 f i KThread.obj
 0001:00000f90       ??_EKThread@@UAEPAXI@Z     00401f90 f i KThread.obj
 0001:00000fb0       ??1KThread@@UAE@XZ         00401fb0 f   KThread.obj
 0001:00000fc0       ?Start@KThread@@UAEPAXXZ   00401fc0 f   KThread.obj
 0001:00001000       ?Stop@KThread@@UAEHXZ      00402000 f   KThread.obj
 0001:00001090       ?ThreadFun@KThread@@SGKPAX@Z 00402090 f   KThread.obj
 0001:000010a0       ??0K_CS@@QAE@XZ            004020a0 f   KThread.obj
 0001:000010c0       ??_EK_CS@@UAEPAXI@Z        004020c0 f i KThread.obj
 0001:000010c0       ??_GK_CS@@UAEPAXI@Z        004020c0 f i KThread.obj
 0001:000010e0       ??1K_CS@@UAE@XZ            004020e0 f   KThread.obj
 0001:00001100       ?Lock@K_CS@@QAEHXZ         00402100 f   KThread.obj
 0001:00001120       ?Unlock@K_CS@@QAEHXZ       00402120 f   KThread.obj
 0001:00001150       ??0CLogFile@@QAE@XZ        00402150 f   LogFile.obj
 0001:00001180       ??_GCLogFile@@UAEPAXI@Z    00402180 f i LogFile.obj
 0001:00001180       ??_ECLogFile@@UAEPAXI@Z    00402180 f i LogFile.obj
 0001:000011a0       ??1CLogFile@@UAE@XZ        004021a0 f   LogFile.obj
 0001:000011f0       ?Initialize@CLogFile@@QAEHABV?$basic_string@DU?$char_traits@D@std@@V?$allocator@D@2@@std@@I@Z 004021f0 f   LogFile.obj
 0001:000013b0       ?Uninitialize@CLogFile@@QAEHXZ 004023b0 f   LogFile.obj
 0001:00001480       ?TraceLog@CLogFile@@QAEIPBXI@Z 00402480 f   LogFile.obj
 0001:000014e0       ?PrepareFile@CLogFile@@AAEHXZ 004024e0 f   LogFile.obj
 0001:00001790       ?BeginBatch@CLogFile@@QAEKXZ 00402790 f   LogFile.obj
 0001:000017c0       ?EndBatch@CLogFile@@QAEKXZ 004027c0 f   LogFile.obj
 0001:000017e0       ?IsBatched@CLogFile@@QAEHXZ 004027e0 f   LogFile.obj
 0001:000017f0       ?OpenUniDirectory@CLogFile@@CAHABV?$basic_string@DU?$char_traits@D@std@@V?$allocator@D@2@@std@@PAV23@@Z 004027f0 f   LogFile.obj
 0001:00001a80       ?CreateUniFile@CLogFile@@CAPAXABV?$basic_string@DU?$char_traits@D@std@@V?$allocator@D@2@@std@@PAV23@@Z 00402a80 f   LogFile.obj
 0001:00001ce0       ??1?$basic_string@DU?$char_traits@D@std@@V?$allocator@D@2@@std@@QAE@XZ 00402ce0 f i LogFile.obj
 0001:00001d20       ?append@?$basic_string@DU?$char_traits@D@std@@V?$allocator@D@2@@std@@QAEAAV12@ID@Z 00402d20 f i LogFile.obj
 0001:00001df0       ?assign@?$basic_string@DU?$char_traits@D@std@@V?$allocator@D@2@@std@@QAEAAV12@ABV12@II@Z 00402df0 f i LogFile.obj
 0001:00001ff0       ?_Tidy@?$basic_string@DU?$char_traits@D@std@@V?$allocator@D@2@@std@@AAEX_N@Z 00402ff0 f i LogFile.obj
 0001:00002040       ?append@?$basic_string@DU?$char_traits@D@std@@V?$allocator@D@2@@std@@QAEAAV12@PBDI@Z 00403040 f i LogFile.obj
 0001:00002100       ?_Eos@?$basic_string@DU?$char_traits@D@std@@V?$allocator@D@2@@std@@AAEXI@Z 00403100 f i LogFile.obj
 0001:00002120       ?_Freeze@?$basic_string@DU?$char_traits@D@std@@V?$allocator@D@2@@std@@AAEXXZ 00403120 f i LogFile.obj
 0001:000021a0       ?_Grow@?$basic_string@DU?$char_traits@D@std@@V?$allocator@D@2@@std@@AAE_NI_N@Z 004031a0 f i LogFile.obj
 0001:000022c0       ?_Split@?$basic_string@DU?$char_traits@D@std@@V?$allocator@D@2@@std@@AAEXXZ 004032c0 f i LogFile.obj
 0001:00002390       ?max_size@?$basic_string@DU?$char_traits@D@std@@V?$allocator@D@2@@std@@QBEIXZ 00403390 f i LogFile.obj
 0001:000023a0       ?_Copy@?$basic_string@DU?$char_traits@D@std@@V?$allocator@D@2@@std@@AAEXI@Z 004033a0 f i LogFile.obj
 0001:000024b0       ??Hstd@@YA?AV?$basic_string@DU?$char_traits@D@std@@V?$allocator@D@2@@0@ABV10@PBD@Z 004034b0 f i LogFile.obj
 0001:00002610       ?id@?$ctype@G@std@@$E      00403610 f i LogFile.obj
 0001:00002660       ?ServerEventNotify@@YGXPAXABK1@Z 00403660 f   main.obj
 0001:000026a0       _WinMain@16                004036a0 f   main.obj
 0001:00002e50       ?RegisterSysClass@@YAGPAUHINSTANCE__@@@Z 00403e50 f   main.obj
 0001:00002f60       ?gTrace@@YAHPBDZZ          00403f60 f   main.obj
 0001:000030a0       ?gTimeStamp@@YAHPAD0@Z     004040a0 f   main.obj
 0001:000030f0       ?gTraceLogFile@@YAXPBDJ@Z  004040f0 f   main.obj
 0001:00003170       ?gClearTrace@@YAXXZ        00404170 f   main.obj
 0001:00003190       ?gShowTrace@@YAXXZ         00404190 f   main.obj
 0001:00003310       ?InitInstance@@YAHPAUHINSTANCE__@@HH@Z 00404310 f   main.obj
 0001:000033f0       ?About@@YGJPAUHWND__@@IIJ@Z 004043f0 f   main.obj
 0001:00003430       ?WndProc@@YGJPAUHWND__@@IIJ@Z 00404430 f   main.obj
 0001:00003650       ??1S3P_MSSQLServer_Result@@UAE@XZ 00404650 f   S3P_MSSQLServer_Result.obj
 0001:000036c0       ?num_rows@S3P_MSSQLServer_Result@@UBEHXZ 004046c0 f   S3P_MSSQLServer_Result.obj
 0001:00003770       ?num_fields@S3P_MSSQLServer_Result@@UBEHXZ 00404770 f   S3P_MSSQLServer_Result.obj
 0001:00003840       ?data_seek@S3P_MSSQLServer_Result@@UBEXIH@Z 00404840 f   S3P_MSSQLServer_Result.obj
 0001:00003a00       ?get_field_data@S3P_MSSQLServer_Result@@UAE_NIPAXK@Z 00404a00 f   S3P_MSSQLServer_Result.obj
 0001:00003b90       ?unuse@S3P_MSSQLServer_Result@@UAEHXZ 00404b90 f   S3P_MSSQLServer_Result.obj
 0001:00003c70       ?GetResult@S3P_MSSQLServer_Result@@UAEHPAPAU_Recordset@@@Z 00404c70 f   S3P_MSSQLServer_Result.obj
 0001:00003d80       ??1?$_com_ptr_t@V?$_com_IIID@U_Recordset@@$1?_GUID_00000556_0000_0010_8000_00aa006d2ea4@@3U__s_GUID@@A@@@@QAE@XZ 00404d80 f i S3P_MSSQLServer_Result.obj
 0001:00003d90       ??1?$_com_ptr_t@V?$_com_IIID@UFields@@$1?_GUID_00000564_0000_0010_8000_00aa006d2ea4@@3U__s_GUID@@A@@@@QAE@XZ 00404d90 f i S3P_MSSQLServer_Result.obj
 0001:00003da0       ??1?$_com_ptr_t@V?$_com_IIID@UField@@$1?_GUID_00000569_0000_0010_8000_00aa006d2ea4@@3U__s_GUID@@A@@@@QAE@XZ 00404da0 f i S3P_MSSQLServer_Result.obj
 0001:00003db0       ?CreateInstance@?$_com_ptr_t@V?$_com_IIID@U_Recordset@@$1?_GUID_00000556_0000_0010_8000_00aa006d2ea4@@3U__s_GUID@@A@@@@QAEJABU_GUID@@PAUIUnknown@@K@Z 00404db0 f i S3P_MSSQLServer_Result.obj
 0001:00003e40       ??1_variant_t@@QAE@XZ      00404e40 f i S3P_MSSQLServer_Result.obj
 0001:00003e60       ?GetFields@Recordset15@@QAE?AV?$_com_ptr_t@V?$_com_IIID@UFields@@$1?_GUID_00000564_0000_0010_8000_00aa006d2ea4@@3U__s_GUID@@A@@@@XZ 00404e60 f i S3P_MSSQLServer_Result.obj
 0001:00003eb0       ?GetItem@Fields15@@QAE?AV?$_com_ptr_t@V?$_com_IIID@UField@@$1?_GUID_00000569_0000_0010_8000_00aa006d2ea4@@3U__s_GUID@@A@@@@ABV_variant_t@@@Z 00404eb0 f i S3P_MSSQLServer_Result.obj
 0001:00003f20       ??_ES3P_MSSQLServer_Result@@UAEPAXI@Z 00404f20 f i S3P_MSSQLServer_Result.obj
 0001:00003f20       ??_GS3P_MSSQLServer_Result@@UAEPAXI@Z 00404f20 f i S3P_MSSQLServer_Result.obj
 0001:00003f40       ??0S3PAccount@@QAE@XZ      00404f40 f   S3PAccount.obj
 0001:00003f50       ??_GS3PAccount@@UAEPAXI@Z  00404f50 f i S3PAccount.obj
 0001:00003f50       ??_ES3PAccount@@UAEPAXI@Z  00404f50 f i S3PAccount.obj
 0001:00003f70       ??1S3PAccount@@UAE@XZ      00404f70 f   S3PAccount.obj
 0001:00003f80       ?ServerLogin@S3PAccount@@SAHPAVS3PDBConVBC@@PBD1KFQBEAAK@Z 00404f80 f   S3PAccount.obj
 0001:00004360       ?CheckAddress@S3PAccount@@SAHPAVS3PDBConVBC@@KF@Z 00405360 f   S3PAccount.obj
 0001:00004410       ?ServerLogout@S3PAccount@@SAHPAVS3PDBConVBC@@KH@Z 00405410 f   S3PAccount.obj
 0001:00004420       ?GetAccountCount@S3PAccount@@SAHPAVS3PDBConVBC@@KHAAK@Z 00405420 f   S3PAccount.obj
 0001:00004660       ?GetAccountGameID@S3PAccount@@SAHPAVS3PDBConVBC@@PBDAAK@Z 00405660 f   S3PAccount.obj
 0001:00004780       ?UnlockAccount@S3PAccount@@SAHPAVS3PDBConVBC@@PBD@Z 00405780 f   S3PAccount.obj
 0001:000047e0       ?FreezeAccount@S3PAccount@@SAHPAVS3PDBConVBC@@PBD@Z 004057e0 f   S3PAccount.obj
 0001:00004850       ?UnlockServer@S3PAccount@@SAHPAVS3PDBConVBC@@K@Z 00405850 f   S3PAccount.obj
 0001:000048b0       ?GetAccountsTime@S3PAccount@@SAHPAVS3PDBConVBC@@KKAAV?$list@UKAccountUserTimeInfo@@V?$allocator@UKAccountUserTimeInfo@@@std@@@std@@@Z 004058b0 f   S3PAccount.obj
 0001:00004ba0       ?GetServerID@S3PAccount@@SAHPAVS3PDBConVBC@@PBDAAK@Z 00405ba0 f   S3PAccount.obj
 0001:00004cb0       ?insert@?$list@UKAccountUserTimeInfo@@V?$allocator@UKAccountUserTimeInfo@@@std@@@std@@QAE?AViterator@12@V312@ABUKAccountUserTimeInfo@@@Z 00405cb0 f i S3PAccount.obj
 0001:00004d40       ??1_bstr_t@@QAE@XZ         00405d40 f i S3PAccount.obj
 0001:00004d90       ??4_bstr_t@@QAEAAV0@PBG@Z  00405d90 f i S3PAccount.obj
 0001:00004e70       ?_Free@_bstr_t@@AAEXXZ     00405e70 f i S3PAccount.obj
 0001:00004ec0       ??0Data_t@_bstr_t@@QAE@PBG@Z 00405ec0 f i S3PAccount.obj
 0001:00004f00       ??0Data_t@_bstr_t@@QAE@PAG_N@Z 00405f00 f i S3PAccount.obj
 0001:00004f60       ?Release@Data_t@_bstr_t@@QAEKXZ 00405f60 f i S3PAccount.obj
 0001:00004fb0       ?GetString@Data_t@_bstr_t@@QBEPBDXZ 00405fb0 f i S3PAccount.obj
 0001:00004fe0       ?ChangeType@_variant_t@@QAEXGPBV1@@Z 00405fe0 f i S3PAccount.obj
 0001:00005020       ??0S3PDB_MSSQLServer_Connection@@QAE@XZ 00406020 f   S3PDB_MSSQLServer_Connection.obj
 0001:000050f0       ??_ES3PDB_MSSQLServer_Connection@@UAEPAXI@Z 004060f0 f i S3PDB_MSSQLServer_Connection.obj
 0001:000050f0       ??_GS3PDB_MSSQLServer_Connection@@UAEPAXI@Z 004060f0 f i S3PDB_MSSQLServer_Connection.obj
 0001:00005110       ??1S3PDB_MSSQLServer_Connection@@UAE@XZ 00406110 f   S3PDB_MSSQLServer_Connection.obj
 0001:000051b0       ?CloseConnect@S3PDB_MSSQLServer_Connection@@UAEXXZ 004061b0 f   S3PDB_MSSQLServer_Connection.obj
 0001:00005210       ?OpenConnect@S3PDB_MSSQLServer_Connection@@UAE_NPAUtag_DATABASEINFO@@@Z 00406210 f   S3PDB_MSSQLServer_Connection.obj
 0001:00005640       ?Do@S3PDB_MSSQLServer_Connection@@UAE_NPBD@Z 00406640 f   S3PDB_MSSQLServer_Connection.obj
 0001:00005940       ?DoSql@S3PDB_MSSQLServer_Connection@@UAE_NPBDPAU_Recordset@@@Z 00406940 f   S3PDB_MSSQLServer_Connection.obj
 0001:00005b40       ?QuerySql@S3PDB_MSSQLServer_Connection@@UAE_NPBDPAPAVS3PResultVBC@@@Z 00406b40 f   S3PDB_MSSQLServer_Connection.obj
 0001:00005bc0       ?GetFreeResult@S3PDB_MSSQLServer_Connection@@IAE_NPAPAVS3PResultVBC@@PAPAU_Recordset@@@Z 00406bc0 f   S3PDB_MSSQLServer_Connection.obj
 0001:00005c20       ?c_str@?$basic_string@DU?$char_traits@D@std@@V?$allocator@D@2@@std@@QBEPBDXZ 00406c20 f i S3PDB_MSSQLServer_Connection.obj
 0001:00005c30       ??1?$_com_ptr_t@V?$_com_IIID@U_Connection@@$1?_GUID_00000550_0000_0010_8000_00aa006d2ea4@@3U__s_GUID@@A@@@@QAE@XZ 00406c30 f i S3PDB_MSSQLServer_Connection.obj
 0001:00005c40       ??C?$_com_ptr_t@V?$_com_IIID@U_Connection@@$1?_GUID_00000550_0000_0010_8000_00aa006d2ea4@@3U__s_GUID@@A@@@@QBEPAU_Connection@@XZ 00406c40 f i S3PDB_MSSQLServer_Connection.obj
 0001:00005c60       ??8?$_com_ptr_t@V?$_com_IIID@U_Connection@@$1?_GUID_00000550_0000_0010_8000_00aa006d2ea4@@3U__s_GUID@@A@@@@QAE_NH@Z 00406c60 f i S3PDB_MSSQLServer_Connection.obj
 0001:00005c90       ??1?$_com_ptr_t@V?$_com_IIID@U_Command@@$1?_GUID_b08400bd_f9d1_4d02_b856_71d5dba123e9@@3U__s_GUID@@A@@@@QAE@XZ 00406c90 f i S3PDB_MSSQLServer_Connection.obj
 0001:00005ca0       ??C?$_com_ptr_t@V?$_com_IIID@U_Command@@$1?_GUID_b08400bd_f9d1_4d02_b856_71d5dba123e9@@3U__s_GUID@@A@@@@QBEPAU_Command@@XZ 00406ca0 f i S3PDB_MSSQLServer_Connection.obj
 0001:00005cc0       ??4?$_com_ptr_t@V?$_com_IIID@U_Connection@@$1?_GUID_00000550_0000_0010_8000_00aa006d2ea4@@3U__s_GUID@@A@@@@QAEAAV0@PAU_Connection@@@Z 00406cc0 f i S3PDB_MSSQLServer_Connection.obj
 0001:00005cf0       ?CreateInstance@?$_com_ptr_t@V?$_com_IIID@U_Connection@@$1?_GUID_00000550_0000_0010_8000_00aa006d2ea4@@3U__s_GUID@@A@@@@QAEJPAGPAUIUnknown@@K@Z 00406cf0 f i S3PDB_MSSQLServer_Connection.obj
 0001:00005dd0       ?CreateInstance@?$_com_ptr_t@V?$_com_IIID@U_Command@@$1?_GUID_b08400bd_f9d1_4d02_b856_71d5dba123e9@@3U__s_GUID@@A@@@@QAEJPAGPAUIUnknown@@K@Z 00406dd0 f i S3PDB_MSSQLServer_Connection.obj
 0001:00005eb0       ?append@?$basic_string@DU?$char_traits@D@std@@V?$allocator@D@2@@std@@QAEAAV12@ABV12@II@Z 00406eb0 f i S3PDB_MSSQLServer_Connection.obj
 0001:00005f90       ?assign@?$basic_string@DU?$char_traits@D@std@@V?$allocator@D@2@@std@@QAEAAV12@PBDI@Z 00406f90 f i S3PDB_MSSQLServer_Connection.obj
 0001:00006030       ??0_bstr_t@@QAE@PBD@Z      00407030 f i S3PDB_MSSQLServer_Connection.obj
 0001:000060d0       ??0Data_t@_bstr_t@@QAE@PBD@Z 004070d0 f i S3PDB_MSSQLServer_Connection.obj
 0001:00006140       ?ErrorMessage@_com_error@@QBEPBDXZ 00407140 f i S3PDB_MSSQLServer_Connection.obj
 0001:00006210       ?PutCommandText@Command15@@QAEXV_bstr_t@@@Z 00407210 f i S3PDB_MSSQLServer_Connection.obj
 0001:000062b0       ?Execute@Command15@@QAE?AV?$_com_ptr_t@V?$_com_IIID@U_Recordset@@$1?_GUID_00000556_0000_0010_8000_00aa006d2ea4@@3U__s_GUID@@A@@@@PAUtagVARIANT@@0J@Z 004072b0 f i S3PDB_MSSQLServer_Connection.obj
 0001:00006310       ?Open@Connection15@@QAEJV_bstr_t@@00J@Z 00407310 f i S3PDB_MSSQLServer_Connection.obj
 0001:00006440       ?GetGMID@@YAKXZ            00407440 f   S3PDBConnectionPool.obj
 0001:00006450       ??0S3PDBConnectionPool@@IAE@XZ 00407450 f   S3PDBConnectionPool.obj
 0001:00006480       ??_GS3PDBConnectionPool@@MAEPAXI@Z 00407480 f i S3PDBConnectionPool.obj
 0001:00006480       ??_ES3PDBConnectionPool@@MAEPAXI@Z 00407480 f i S3PDBConnectionPool.obj
 0001:000064a0       ??1S3PDBConnectionPool@@MAE@XZ 004074a0 f   S3PDBConnectionPool.obj
 0001:00006550       ?Init@S3PDBConnectionPool@@QAEHABV?$basic_string@DU?$char_traits@D@std@@V?$allocator@D@2@@std@@0K@Z 00407550 f   S3PDBConnectionPool.obj
 0001:000068f0       ??1tag_DATABASEINFO@@QAE@XZ 004078f0 f i S3PDBConnectionPool.obj
 0001:000069c0       ?RemoveDBCon@S3PDBConnectionPool@@QAEHPAPAVS3PDBConVBC@@@Z 004079c0 f   S3PDBConnectionPool.obj
 0001:00006a50       ?ReturnDBCon@S3PDBConnectionPool@@QAEHPAVS3PDBConVBC@@@Z 00407a50 f   S3PDBConnectionPool.obj
 0001:00006ae0       ?Instance@S3PDBConnectionPool@@SAPAV1@XZ 00407ae0 f   S3PDBConnectionPool.obj
 0001:00006b50       ?ReleaseInstance@S3PDBConnectionPool@@SAXXZ 00407b50 f   S3PDBConnectionPool.obj
 0001:00006b70       ?CreateConnection@S3PDBConnectionPool@@IAEHPAUtag_DATABASEINFO@@PAPAVS3PDBConVBC@@@Z 00407b70 f   S3PDBConnectionPool.obj
 0001:00006c10       ??0?$basic_string@DU?$char_traits@D@std@@V?$allocator@D@2@@std@@QAE@ABV?$allocator@D@1@@Z 00407c10 f i S3PDBConnectionPool.obj
 0001:00006c30       ??1?$vector@PAVS3PDBConVBC@@V?$allocator@PAVS3PDBConVBC@@@std@@@std@@QAE@XZ 00407c30 f i S3PDBConnectionPool.obj
 0001:00006c60       ?insert@?$vector@PAVS3PDBConVBC@@V?$allocator@PAVS3PDBConVBC@@@std@@@std@@QAEXPAPAVS3PDBConVBC@@IABQAV3@@Z 00407c60 f i S3PDBConnectionPool.obj
 0001:00006ea0       ??0S3PDBConVBC@@IAE@XZ     00407ea0 f   S3PDBConVBC.obj
 0001:00006ec0       ??_GS3PDBConVBC@@UAEPAXI@Z 00407ec0 f i S3PDBConVBC.obj
 0001:00006ec0       ??_ES3PDBConVBC@@UAEPAXI@Z 00407ec0 f i S3PDBConVBC.obj
 0001:00006ee0       ??1S3PDBConVBC@@UAE@XZ     00407ee0 f   S3PDBConVBC.obj
 0001:00006f20       ??0S3PDBSocketPool@@IAE@XZ 00407f20 f   S3PDBSocketPool.obj
 0001:00007000       ??_GS3PDBSocketPool@@UAEPAXI@Z 00408000 f i S3PDBSocketPool.obj
 0001:00007000       ??_ES3PDBSocketPool@@UAEPAXI@Z 00408000 f i S3PDBSocketPool.obj
 0001:00007020       ??1S3PDBSocketPool@@UAE@XZ 00408020 f   S3PDBSocketPool.obj
 0001:00007160       ?Instance@S3PDBSocketPool@@SAPAV1@XZ 00408160 f   S3PDBSocketPool.obj
 0001:00007370       ?ReleaseInstance@S3PDBSocketPool@@SAXXZ 00408370 f   S3PDBSocketPool.obj
 0001:00007390       ?Start@S3PDBSocketPool@@UAEPAXPAUIServer@@@Z 00408390 f   S3PDBSocketPool.obj
 0001:000073b0       ?Stop@S3PDBSocketPool@@UAEHXZ 004083b0 f   S3PDBSocketPool.obj
 0001:000073e0       ?SendData@S3PDBSocketPool@@QAEHKQBXABI@Z 004083e0 f   S3PDBSocketPool.obj
 0001:00007480       ?CustomSend@S3PDBSocketPool@@QAEHKDPAUKAccountHead@@@Z 00408480 f   S3PDBSocketPool.obj
 0001:00007560       ?SendRelayData@S3PDBSocketPool@@QAEXKPADQBXABI12@Z 00408560 f   S3PDBSocketPool.obj
 0001:00007660       ?SendRelayData@S3PDBSocketPool@@QAEXKQBXABI01@Z 00408660 f   S3PDBSocketPool.obj
 0001:00007740       ?AddUserClientID@S3PDBSocketPool@@QAEHK@Z 00408740 f   S3PDBSocketPool.obj
 0001:000078b0       ?RemoveUserClientID@S3PDBSocketPool@@QAEHK@Z 004088b0 f   S3PDBSocketPool.obj
 0001:00007aa0       ?ShowAllClientInfo@S3PDBSocketPool@@QAEHXZ 00408aa0 f   S3PDBSocketPool.obj
 0001:00007b50       ?FindGatewayByServerName@S3PDBSocketPool@@QAEHPBDAAK@Z 00408b50 f   S3PDBSocketPool.obj
 0001:00007c50       ?FindGatewayByID@S3PDBSocketPool@@QAEPAVKGatewayDataProcess@@K@Z 00408c50 f   S3PDBSocketPool.obj
 0001:00007ce0       ?FindGatewayClientByAddress@S3PDBSocketPool@@QAEHKAAK@Z 00408ce0 f   S3PDBSocketPool.obj
 0001:00007d70       ?BroadGMData@S3PDBSocketPool@@QAEXPBDK@Z 00408d70 f   S3PDBSocketPool.obj
 0001:00007ed0       ?StopAllUserClientConnect@S3PDBSocketPool@@QAEHXZ 00408ed0 f   S3PDBSocketPool.obj
 0001:00007f10       ?NotifyRelayLoginInfo@S3PDBSocketPool@@QAEXKKKABV?$basic_string@DU?$char_traits@D@std@@V?$allocator@D@2@@std@@@Z 00408f10 f   S3PDBSocketPool.obj
 0001:00008080       ?NotifyRelayLogoutInfo@S3PDBSocketPool@@QAEXKABV?$basic_string@DU?$char_traits@D@std@@V?$allocator@D@2@@std@@@Z 00409080 f   S3PDBSocketPool.obj
 0001:00008160       ??0KGatewayDataProcess@@QAE@KKF@Z 00409160 f   S3PDBSocketPool.obj
 0001:00008210       ??1KThread_CS@@UAE@XZ      00409210 f i S3PDBSocketPool.obj
 0001:00008270       ??_EKThread_CS@@UAEPAXI@Z  00409270 f i S3PDBSocketPool.obj
 0001:00008270       ??_GKThread_CS@@UAEPAXI@Z  00409270 f i S3PDBSocketPool.obj
 0001:00008290       ??_GKGatewayDataProcess@@UAEPAXI@Z 00409290 f i S3PDBSocketPool.obj
 0001:00008290       ??_EKGatewayDataProcess@@UAEPAXI@Z 00409290 f i S3PDBSocketPool.obj
 0001:000082b0       ??1KGatewayDataProcess@@UAE@XZ 004092b0 f   S3PDBSocketPool.obj
 0001:00008350       ?Close@KGatewayDataProcess@@IAEXXZ 00409350 f   S3PDBSocketPool.obj
 0001:000083b0       ?AutoTime@KGatewayDataProcess@@IAEXXZ 004093b0 f   S3PDBSocketPool.obj
 0001:00008410       ?CheckConnectAddress@KGatewayDataProcess@@IAEHXZ 00409410 f   S3PDBSocketPool.obj
 0001:00008440       ?IsStartAutoTime@KGatewayDataProcess@@IAEHXZ 00409440 f   S3PDBSocketPool.obj
 0001:00008460       ?StartAutoTime@KGatewayDataProcess@@IAEHXZ 00409460 f   S3PDBSocketPool.obj
 0001:00008490       ?ProcessClientData@KGatewayDataProcess@@IAEXPBXK@Z 00409490 f   S3PDBSocketPool.obj
 0001:00008580       ?ProcessData@KGatewayDataProcess@@IAEKPAVS3PDBConVBC@@PBXK@Z 00409580 f   S3PDBSocketPool.obj
 0001:00008770       ?ProRelayVerify@KGatewayDataProcess@@IAEHPAVS3PDBConVBC@@PBDK@Z 00409770 f   S3PDBSocketPool.obj
 0001:000089d0       ?ProRelayClose@KGatewayDataProcess@@IAEHPAVS3PDBConVBC@@PBDK@Z 004099d0 f   S3PDBSocketPool.obj
 0001:00008a20       ?ProRelayInfo@KGatewayDataProcess@@IAEHPAVS3PDBConVBC@@PBDK@Z 00409a20 f   S3PDBSocketPool.obj
 0001:00008c00       ?ProAccountLogout@KGatewayDataProcess@@IAEHPAVS3PDBConVBC@@PBDK@Z 00409c00 f   S3PDBSocketPool.obj
 0001:00008d00       ?ProGameLogin@KGatewayDataProcess@@IAEHPAVS3PDBConVBC@@PBDK@Z 00409d00 f   S3PDBSocketPool.obj
 0001:00008e50       ?ProRelayIPData@KGatewayDataProcess@@IAEHPBDK@Z 00409e50 f   S3PDBSocketPool.obj
 0001:00008f30       ?ProRelayAskData@KGatewayDataProcess@@IAEHPAVS3PDBConVBC@@PBDK@Z 00409f30 f   S3PDBSocketPool.obj
 0001:000090b0       ?ProGMFamily@KGatewayDataProcess@@IAEHPAVS3PDBConVBC@@PBDK@Z 0040a0b0 f   S3PDBSocketPool.obj
 0001:00009100       ?GetDB@KGatewayDataProcess@@IAEPAVS3PDBConVBC@@K@Z 0040a100 f   S3PDBSocketPool.obj
 0001:00009150       ?Main@KGatewayDataProcess@@MAEKPAX@Z 0040a150 f   S3PDBSocketPool.obj
 0001:00009250       ?Start@KGatewayDataProcess@@UAEPAXPAUIServer@@@Z 0040a250 f   S3PDBSocketPool.obj
 0001:00009280       ?Stop@KGatewayDataProcess@@UAEHXZ 0040a280 f   S3PDBSocketPool.obj
 0001:000092b0       ?ProAutoTime@KGatewayDataProcess@@IAEHPAVS3PDBConVBC@@@Z 0040a2b0 f   S3PDBSocketPool.obj
 0001:00009420       ?ExecuteAction@KGatewayDataProcess@@IAEXPAD0@Z 0040a420 f   S3PDBSocketPool.obj
 0001:000094b0       ?ExecuteAction@KGatewayDataProcess@@IAEXPAD@Z 0040a4b0 f   S3PDBSocketPool.obj
 0001:00009540       ?SendSystemInfo@KGatewayDataProcess@@IAEXKPAD00H@Z 0040a540 f   S3PDBSocketPool.obj
 0001:000095e0       ??1?$list@UKAccountUserTimeInfo@@V?$allocator@UKAccountUserTimeInfo@@@std@@@std@@QAE@XZ 0040a5e0 f i S3PDBSocketPool.obj
 0001:00009630       ?begin@?$_Tree@KU?$pair@$$CBKPAVKGatewayDataProcess@@@std@@U_Kfn@?$map@KPAVKGatewayDataProcess@@U?$less@K@std@@V?$allocator@PAVKGatewayDataProcess@@@3@@2@U?$less@K@2@V?$allocator@PAVKGatewayDataProcess@@@2@@std@@QAE?AViterator@12@XZ 0040a630 f i S3PDBSocketPool.obj
 0001:00009640       ?erase@?$_Tree@KU?$pair@$$CBKPAVKGatewayDataProcess@@@std@@U_Kfn@?$map@KPAVKGatewayDataProcess@@U?$less@K@std@@V?$allocator@PAVKGatewayDataProcess@@@3@@2@U?$less@K@2@V?$allocator@PAVKGatewayDataProcess@@@2@@std@@QAE?AViterator@12@V312@@Z 0040a640 f i S3PDBSocketPool.obj
 0001:00009a40       ??_EKThread_CS@@WM@AEPAXI@Z 0040aa40 f i S3PDBSocketPool.obj
 0001:00009a50       ?find@?$_Tree@KU?$pair@$$CBKPAVKGatewayDataProcess@@@std@@U_Kfn@?$map@KPAVKGatewayDataProcess@@U?$less@K@std@@V?$allocator@PAVKGatewayDataProcess@@@3@@2@U?$less@K@2@V?$allocator@PAVKGatewayDataProcess@@@2@@std@@QAE?AViterator@12@ABK@Z 0040aa50 f i S3PDBSocketPool.obj
 0001:00009ac0       ?_Buynode@?$list@UKAccountUserTimeInfo@@V?$allocator@UKAccountUserTimeInfo@@@std@@@std@@IAEPAU_Node@12@PAU312@0@Z 0040aac0 f i S3PDBSocketPool.obj
 0001:00009af0       ?erase@?$basic_string@DU?$char_traits@D@std@@V?$allocator@D@2@@std@@QAEAAV12@II@Z 0040aaf0 f i S3PDBSocketPool.obj
 0001:00009c10       ?insert@?$_Tree@KU?$pair@$$CBKPAVKGatewayDataProcess@@@std@@U_Kfn@?$map@KPAVKGatewayDataProcess@@U?$less@K@std@@V?$allocator@PAVKGatewayDataProcess@@@3@@2@U?$less@K@2@V?$allocator@PAVKGatewayDataProcess@@@2@@std@@QAE?AU?$pair@Viterator@?$_Tree@KU?$pair@$$CBKPAVKGatewayDataProcess@@@std@@U_Kfn@?$map@KPAVKGatewayDataProcess@@U?$less@K@std@@V?$allocator@PAVKGatewayDataProcess@@@3@@2@U?$less@K@2@V?$allocator@PAVKGatewayDataProcess@@@2@@std@@_N@2@ABU?$pair@$$CBKPAVKGatewayDataProcess@@@2@@Z 0040ac10 f i S3PDBSocketPool.obj
 0001:00009e80       ?lower_bound@?$_Tree@KU?$pair@$$CBKPAVKGatewayDataProcess@@@std@@U_Kfn@?$map@KPAVKGatewayDataProcess@@U?$less@K@std@@V?$allocator@PAVKGatewayDataProcess@@@3@@2@U?$less@K@2@V?$allocator@PAVKGatewayDataProcess@@@2@@std@@QAE?AViterator@12@ABK@Z 0040ae80 f i S3PDBSocketPool.obj
 0001:00009ec0       ?_Erase@?$_Tree@KU?$pair@$$CBKPAVKGatewayDataProcess@@@std@@U_Kfn@?$map@KPAVKGatewayDataProcess@@U?$less@K@std@@V?$allocator@PAVKGatewayDataProcess@@@3@@2@U?$less@K@2@V?$allocator@PAVKGatewayDataProcess@@@2@@std@@IAEXPAU_Node@12@@Z 0040aec0 f i S3PDBSocketPool.obj
 0001:00009f00       ?_Lrotate@?$_Tree@KU?$pair@$$CBKPAVKGatewayDataProcess@@@std@@U_Kfn@?$map@KPAVKGatewayDataProcess@@U?$less@K@std@@V?$allocator@PAVKGatewayDataProcess@@@3@@2@U?$less@K@2@V?$allocator@PAVKGatewayDataProcess@@@2@@std@@IAEXPAU_Node@12@@Z 0040af00 f i S3PDBSocketPool.obj
 0001:00009f60       ?_Rrotate@?$_Tree@KU?$pair@$$CBKPAVKGatewayDataProcess@@@std@@U_Kfn@?$map@KPAVKGatewayDataProcess@@U?$less@K@std@@V?$allocator@PAVKGatewayDataProcess@@@3@@2@U?$less@K@2@V?$allocator@PAVKGatewayDataProcess@@@2@@std@@IAEXPAU_Node@12@@Z 0040af60 f i S3PDBSocketPool.obj
 0001:00009fc0       ?_Inc@const_iterator@?$_Tree@KU?$pair@$$CBKPAVKGatewayDataProcess@@@std@@U_Kfn@?$map@KPAVKGatewayDataProcess@@U?$less@K@std@@V?$allocator@PAVKGatewayDataProcess@@@3@@2@U?$less@K@2@V?$allocator@PAVKGatewayDataProcess@@@2@@std@@QAEXXZ 0040afc0 f i S3PDBSocketPool.obj
 0001:0000a010       ?_Insert@?$_Tree@KU?$pair@$$CBKPAVKGatewayDataProcess@@@std@@U_Kfn@?$map@KPAVKGatewayDataProcess@@U?$less@K@std@@V?$allocator@PAVKGatewayDataProcess@@@3@@2@U?$less@K@2@V?$allocator@PAVKGatewayDataProcess@@@2@@std@@IAE?AViterator@12@PAU_Node@12@0ABU?$pair@$$CBKPAVKGatewayDataProcess@@@2@@Z 0040b010 f i S3PDBSocketPool.obj
 0001:0000a280       ?_Buynode@?$_Tree@KU?$pair@$$CBKPAVKGatewayDataProcess@@@std@@U_Kfn@?$map@KPAVKGatewayDataProcess@@U?$less@K@std@@V?$allocator@PAVKGatewayDataProcess@@@3@@2@U?$less@K@2@V?$allocator@PAVKGatewayDataProcess@@@2@@std@@IAEPAU_Node@12@PAU312@W4_Redbl@12@@Z 0040b280 f i S3PDBSocketPool.obj
 0001:0000a2a0       ?_Dec@const_iterator@?$_Tree@KU?$pair@$$CBKPAVKGatewayDataProcess@@@std@@U_Kfn@?$map@KPAVKGatewayDataProcess@@U?$less@K@std@@V?$allocator@PAVKGatewayDataProcess@@@3@@2@U?$less@K@2@V?$allocator@PAVKGatewayDataProcess@@@2@@std@@QAEXXZ 0040b2a0 f i S3PDBSocketPool.obj
 0001:0000a300       ?_Construct@std@@YAXPAU?$pair@$$CBKPAVKGatewayDataProcess@@@1@ABU21@@Z 0040b300 f i S3PDBSocketPool.obj
 0001:0000a350       ??_EKGatewayDataProcess@@WM@AEPAXI@Z 0040b350 f i S3PDBSocketPool.obj
 0001:0000a360       ??0S3PResultVBC@@IAE@XZ    0040b360 f   S3PResultVBC.obj
 0001:0000a370       ??_ES3PResultVBC@@MAEPAXI@Z 0040b370 f i S3PResultVBC.obj
 0001:0000a370       ??_GS3PResultVBC@@MAEPAXI@Z 0040b370 f i S3PResultVBC.obj
 0001:0000a390       ??1S3PResultVBC@@MAE@XZ    0040b390 f   S3PResultVBC.obj
 0001:0000a3a0       _WaitForSingleObject@8     0040b3a0 f   kernel32:KERNEL32.dll
 0001:0000a3a6       _CloseHandle@4             0040b3a6 f   kernel32:KERNEL32.dll
 0001:0000a3ac       _TerminateThread@8         0040b3ac f   kernel32:KERNEL32.dll
 0001:0000a3b2       _CreateEventA@16           0040b3b2 f   kernel32:KERNEL32.dll
 0001:0000a3b8       _SetEvent@4                0040b3b8 f   kernel32:KERNEL32.dll
 0001:0000a3be       _ResetEvent@4              0040b3be f   kernel32:KERNEL32.dll
 0001:0000a3c4       _GetModuleFileNameA@12     0040b3c4 f   kernel32:KERNEL32.dll
 0001:0000a3ca       _CreateMutexA@12           0040b3ca f   kernel32:KERNEL32.dll
 0001:0000a3d0       _ReleaseMutex@4            0040b3d0 f   kernel32:KERNEL32.dll
 0001:0000a3d6       _InitializeCriticalSection@4 0040b3d6 f   kernel32:KERNEL32.dll
 0001:0000a3dc       _DeleteCriticalSection@4   0040b3dc f   kernel32:KERNEL32.dll
 0001:0000a3e2       _EnterCriticalSection@4    0040b3e2 f   kernel32:KERNEL32.dll
 0001:0000a3e8       _LeaveCriticalSection@4    0040b3e8 f   kernel32:KERNEL32.dll
 0001:0000a3ee       _GetFileAttributesA@4      0040b3ee f   kernel32:KERNEL32.dll
 0001:0000a3f4       _WriteFile@20              0040b3f4 f   kernel32:KERNEL32.dll
 0001:0000a3fa       _GetLocalTime@4            0040b3fa f   kernel32:KERNEL32.dll
 0001:0000a400       _GetFileSize@8             0040b400 f   kernel32:KERNEL32.dll
 0001:0000a406       _CreateDirectoryA@8        0040b406 f   kernel32:KERNEL32.dll
 0001:0000a40c       _CreateFileA@28            0040b40c f   kernel32:KERNEL32.dll
 0001:0000a412       _FreeLibrary@4             0040b412 f   kernel32:KERNEL32.dll
 0001:0000a418       _GetProcAddress@8          0040b418 f   kernel32:KERNEL32.dll
 0001:0000a41e       _LoadLibraryA@4            0040b41e f   kernel32:KERNEL32.dll
 0001:0000a424       _LocalFree@4               0040b424 f   kernel32:KERNEL32.dll
 0001:0000a42a       _GetLastError@0            0040b42a f   kernel32:KERNEL32.dll
 0001:0000a430       _MultiByteToWideChar@24    0040b430 f   kernel32:KERNEL32.dll
 0001:0000a436       _lstrlenA@4                0040b436 f   kernel32:KERNEL32.dll
 0001:0000a43c       _InterlockedDecrement@4    0040b43c f   kernel32:KERNEL32.dll
 0001:0000a442       _LocalAlloc@8              0040b442 f   kernel32:KERNEL32.dll
 0001:0000a448       _FormatMessageA@28         0040b448 f   kernel32:KERNEL32.dll
 0001:0000a44e       _Sleep@4                   0040b44e f   kernel32:KERNEL32.dll
 0001:0000a454       _GetTickCount@0            0040b454 f   kernel32:KERNEL32.dll
 0001:0000a45a       _DispatchMessageA@4        0040b45a f   user32:USER32.dll
 0001:0000a460       _TranslateMessage@4        0040b460 f   user32:USER32.dll
 0001:0000a466       _GetMessageA@16            0040b466 f   user32:USER32.dll
 0001:0000a46c       _LoadStringA@16            0040b46c f   user32:USER32.dll
 0001:0000a472       _MessageBoxA@16            0040b472 f   user32:USER32.dll
 0001:0000a478       _RegisterClassExA@4        0040b478 f   user32:USER32.dll
 0001:0000a47e       _LoadCursorA@8             0040b47e f   user32:USER32.dll
 0001:0000a484       _LoadIconA@8               0040b484 f   user32:USER32.dll
 0001:0000a48a       _SendMessageA@16           0040b48a f   user32:USER32.dll
 0001:0000a490       _SetTimer@16               0040b490 f   user32:USER32.dll
 0001:0000a496       _UpdateWindow@4            0040b496 f   user32:USER32.dll
 0001:0000a49c       _ShowWindow@8              0040b49c f   user32:USER32.dll
 0001:0000a4a2       _GetClientRect@8           0040b4a2 f   user32:USER32.dll
 0001:0000a4a8       _CreateWindowExA@48        0040b4a8 f   user32:USER32.dll
 0001:0000a4ae       _EndDialog@8               0040b4ae f   user32:USER32.dll
 0001:0000a4b4       _DialogBoxParamA@20        0040b4b4 f   user32:USER32.dll
 0001:0000a4ba       _DefWindowProcA@16         0040b4ba f   user32:USER32.dll
 0001:0000a4c0       _DestroyWindow@4           0040b4c0 f   user32:USER32.dll
 0001:0000a4c6       _PostQuitMessage@4         0040b4c6 f   user32:USER32.dll
 0001:0000a4cc       _KillTimer@8               0040b4cc f   user32:USER32.dll
 0001:0000a4d2       _MoveWindow@24             0040b4d2 f   user32:USER32.dll
 0001:0000a4d8       _EndPaint@8                0040b4d8 f   user32:USER32.dll
 0001:0000a4de       _BeginPaint@8              0040b4de f   user32:USER32.dll
 0001:0000a4e4       _wsprintfA                 0040b4e4 f   user32:USER32.dll
 0001:0000a4ea       _CLSIDFromProgID@8         0040b4ea f   ole32:ole32.dll
 0001:0000a4f0       _CLSIDFromString@8         0040b4f0 f   ole32:ole32.dll
 0001:0000a4f6       _OleRun@4                  0040b4f6 f   ole32:ole32.dll
 0001:0000a4fc       _CoCreateInstance@20       0040b4fc f   ole32:ole32.dll
 0001:0000a502       _CoInitializeEx@8          0040b502 f   ole32:ole32.dll
 0001:0000a508       _CoUninitialize@0          0040b508 f   ole32:ole32.dll
 0001:0000a50e       _VariantClear@4            0040b50e f   oleaut32:OLEAUT32.dll
 0001:0000a514       _VariantInit@4             0040b514 f   oleaut32:OLEAUT32.dll
 0001:0000a51a       _SysFreeString@4           0040b51a f   oleaut32:OLEAUT32.dll
 0001:0000a520       _SysAllocString@4          0040b520 f   oleaut32:OLEAUT32.dll
 0001:0000a526       _SysAllocStringByteLen@8   0040b526 f   oleaut32:OLEAUT32.dll
 0001:0000a52c       _SysStringByteLen@4        0040b52c f   oleaut32:OLEAUT32.dll
 0001:0000a532       _VariantChangeType@16      0040b532 f   oleaut32:OLEAUT32.dll
 0001:0000a538       _WSACleanup@0              0040b538 f   Ws2_32:WS2_32.dll
 0001:0000a53e       _closesocket@4             0040b53e f   Ws2_32:WS2_32.dll
 0001:0000a544       _bind@12                   0040b544 f   Ws2_32:WS2_32.dll
 0001:0000a54a       _htonl@4                   0040b54a f   Ws2_32:WS2_32.dll
 0001:0000a550       _htons@4                   0040b550 f   Ws2_32:WS2_32.dll
 0001:0000a556       _socket@12                 0040b556 f   Ws2_32:WS2_32.dll
 0001:0000a55c       _WSAStartup@8              0040b55c f   Ws2_32:WS2_32.dll
 0001:0000a562       _inet_addr@4               0040b562 f   Ws2_32:WS2_32.dll
 0001:0000a568       _inet_ntoa@4               0040b568 f   Ws2_32:WS2_32.dll
 0001:0000a56e       ??3@YAXPAX@Z               0040b56e f   LIBCMT:delete.obj
 0001:0000a579       _fwrite                    0040b579 f   LIBCMT:fwrite.obj
 0001:0000a5a8       __fwrite_lk                0040b5a8 f   LIBCMT:fwrite.obj
 0001:0000a6b2       _fclose                    0040b6b2 f   LIBCMT:fclose.obj
 0001:0000a6e3       __fclose_lk                0040b6e3 f   LIBCMT:fclose.obj
 0001:0000a72f       _fread                     0040b72f f   LIBCMT:fread.obj
 0001:0000a75e       __fread_lk                 0040b75e f   LIBCMT:fread.obj
 0001:0000a846       ??2@YAPAXI@Z               0040b846 f   LIBCMT:new.obj
 0001:0000a854       _ftell                     0040b854 f   LIBCMT:ftell.obj
 0001:0000a876       __ftell_lk                 0040b876 f   LIBCMT:ftell.obj
 0001:0000a9d7       _fseek                     0040b9d7 f   LIBCMT:fseek.obj
 0001:0000aa03       __fseek_lk                 0040ba03 f   LIBCMT:fseek.obj
 0001:0000aa90       __fsopen                   0040ba90 f   LIBCMT:fopen.obj
 0001:0000aac1       _fopen                     0040bac1 f   LIBCMT:fopen.obj
 0001:0000aad4       ?_JumpToContinuation@@YGXPAXPAUEHRegistrationNode@@@Z 0040bad4 f   LIBCMT:trnsctrl.obj
 0001:0000ab08       ?_CallMemberFunction0@@YGXPAX0@Z 0040bb08 f   LIBCMT:trnsctrl.obj
 0001:0000ab0f       ?_CallMemberFunction1@@YGXPAX00@Z 0040bb0f f   LIBCMT:trnsctrl.obj
 0001:0000ab16       ?_CallMemberFunction2@@YGXPAX00H@Z 0040bb16 f   LIBCMT:trnsctrl.obj
 0001:0000ab1d       ?_UnwindNestedFrames@@YGXPAUEHRegistrationNode@@PAUEHExceptionRecord@@@Z 0040bb1d f   LIBCMT:trnsctrl.obj
 0001:0000ab6c       ___CxxFrameHandler         0040bb6c f   LIBCMT:trnsctrl.obj
 0001:0000aba2       ___CxxLongjmpUnwind@4      0040bba2 f   LIBCMT:trnsctrl.obj
 0001:0000abbc       ?_CallCatchBlock2@@YAPAXPAUEHRegistrationNode@@PBU_s_FuncInfo@@PAXHK@Z 0040bbbc f   LIBCMT:trnsctrl.obj
 0001:0000ac35       ?_CallSETranslator@@YAHPAUEHExceptionRecord@@PAUEHRegistrationNode@@PAX2PBU_s_FuncInfo@@H1@Z 0040bc35 f   LIBCMT:trnsctrl.obj
 0001:0000ad60       ?_GetRangeOfTrysToCheck@@YAPBU_s_TryBlockMapEntry@@PBU_s_FuncInfo@@HHPAI1@Z 0040bd60 f   LIBCMT:trnsctrl.obj
 0001:0000addc       __global_unwind2           0040bddc f   LIBCMT:exsup.obj
 0001:0000ae1e       __local_unwind2            0040be1e f   LIBCMT:exsup.obj
 0001:0000ae76       __NLG_Return2              0040be76 f   LIBCMT:exsup.obj
 0001:0000ae86       __abnormal_termination     0040be86 f   LIBCMT:exsup.obj
 0001:0000aea9       __NLG_Notify1              0040bea9 f   LIBCMT:exsup.obj
 0001:0000aeb2       __NLG_Notify               0040beb2 f   LIBCMT:exsup.obj
 0001:0000aec5       __NLG_Dispatch             0040bec5 f   LIBCMT:exsup.obj
 0001:0000aeca       __mbsnbcmp                 0040beca f   LIBCMT:mbsnbcmp.obj
 0001:0000afb9       __beginthreadex            0040bfb9 f   LIBCMT:threadex.obj
 0001:0000b0c0       __endthreadex              0040c0c0 f   LIBCMT:threadex.obj
 0001:0000b0f2       _vfprintf                  0040c0f2 f   LIBCMT:vfprintf.obj
 0001:0000b12d       __purecall                 0040c12d f   LIBCMT:purevirt.obj
 0001:0000b140       _memmove                   0040c140 f   LIBCMT:memmove.obj
 0001:0000b475       _sprintf                   0040c475 f   LIBCMT:sprintf.obj
 0001:0000b4c7       __onexit                   0040c4c7 f   LIBCMT:onexit.obj
 0001:0000b545       _atexit                    0040c545 f   LIBCMT:onexit.obj
 0001:0000b557       ___onexitinit              0040c557 f   LIBCMT:onexit.obj
 0001:0000b586       _atol                      0040c586 f   LIBCMT:atox.obj
 0001:0000b611       _atoi                      0040c611 f   LIBCMT:atox.obj
 0001:0000b61c       __atoi64                   0040c61c f   LIBCMT:atox.obj
 0001:0000b6d6       _vsprintf                  0040c6d6 f   LIBCMT:vsprintf.obj
 0001:0000b727       _localtime                 0040c727 f   LIBCMT:localtim.obj
 0001:0000b887       _time                      0040c887 f   LIBCMT:time.obj
 0001:0000b963       ??1type_info@@UAE@XZ       0040c963 f   LIBCMT:typinfo.obj
 0001:0000b98c       ??_Etype_info@@UAEPAXI@Z   0040c98c f i LIBCMT:typinfo.obj
 0001:0000b98c       ??_Gtype_info@@UAEPAXI@Z   0040c98c f i LIBCMT:typinfo.obj
 0001:0000b9a8       ??8type_info@@QBEHABV0@@Z  0040c9a8 f   LIBCMT:typinfo.obj
 0001:0000b9c3       ??9type_info@@QBEHABV0@@Z  0040c9c3 f   LIBCMT:typinfo.obj
 0001:0000b9df       ?before@type_info@@QBEHABV1@@Z 0040c9df f   LIBCMT:typinfo.obj
 0001:0000b9fe       ?raw_name@type_info@@QBEPBDXZ 0040c9fe f   LIBCMT:typinfo.obj
 0001:0000ba02       ??0type_info@@AAE@ABV0@@Z  0040ca02 f   LIBCMT:typinfo.obj
 0001:0000ba0d       ??4type_info@@AAEAAV0@ABV0@@Z 0040ca0d f   LIBCMT:typinfo.obj
 0001:0000ba20       __chkstk                   0040ca20 f   LIBCMT:chkstk.obj
 0001:0000ba20       __alloca_probe             0040ca20 f   LIBCMT:chkstk.obj
 0001:0000ba50       _strncpy                   0040ca50 f   LIBCMT:strncpy.obj
 0001:0000bb4e       _WinMainCRTStartup         0040cb4e f   LIBCMT:wincrt0.obj
 0001:0000bc56       __amsg_exit                0040cc56 f   LIBCMT:wincrt0.obj
 0001:0000bc9f       _free                      0040cc9f f   LIBCMT:free.obj
 0001:0000bd88       ___initstdio               0040cd88 f   LIBCMT:_file.obj
 0001:0000be30       ___endstdio                0040ce30 f   LIBCMT:_file.obj
 0001:0000be44       __lock_file                0040ce44 f   LIBCMT:_file.obj
 0001:0000be73       __lock_file2               0040ce73 f   LIBCMT:_file.obj
 0001:0000be96       __unlock_file              0040ce96 f   LIBCMT:_file.obj
 0001:0000bec5       __unlock_file2             0040cec5 f   LIBCMT:_file.obj
 0001:0000bee8       __flsbuf                   0040cee8 f   LIBCMT:_flsbuf.obj
 0001:0000c000       __write                    0040d000 f   LIBCMT:write.obj
 0001:0000c065       __write_lk                 0040d065 f   LIBCMT:write.obj
 0001:0000c1f0       _fflush                    0040d1f0 f   LIBCMT:fflush.obj
 0001:0000c21f       __fflush_lk                0040d21f f   LIBCMT:fflush.obj
 0001:0000c24d       __flush                    0040d24d f   LIBCMT:fflush.obj
 0001:0000c2a9       __flushall                 0040d2a9 f   LIBCMT:fflush.obj
 0001:0000c360       _memcpy                    0040d360 f   LIBCMT:memcpy.obj
 0001:0000c695       __close                    0040d695 f   LIBCMT:close.obj
 0001:0000c6f2       __close_lk                 0040d6f2 f   LIBCMT:close.obj
 0001:0000c775       __freebuf                  0040d775 f   LIBCMT:_freebuf.obj
 0001:0000c7a0       __filbuf                   0040d7a0 f   LIBCMT:_filbuf.obj
 0001:0000c87c       __read                     0040d87c f   LIBCMT:read.obj
 0001:0000c8e1       __read_lk                  0040d8e1 f   LIBCMT:read.obj
 0001:0000caba       _malloc                    0040daba f   LIBCMT:malloc.obj
 0001:0000cacc       __nh_malloc                0040dacc f   LIBCMT:malloc.obj
 0001:0000caf8       __heap_alloc               0040daf8 f   LIBCMT:malloc.obj
 0001:0000cbf4       __dosmaperr                0040dbf4 f   LIBCMT:dosmap.obj
 0001:0000cc67       __errno                    0040dc67 f   LIBCMT:dosmap.obj
 0001:0000cc70       ___doserrno                0040dc70 f   LIBCMT:dosmap.obj
 0001:0000cc79       __ioinit                   0040dc79 f   LIBCMT:ioinit.obj
 0001:0000ce35       __ioterm                   0040de35 f   LIBCMT:ioinit.obj
 0001:0000ce89       __lseek                    0040de89 f   LIBCMT:lseek.obj
 0001:0000ceee       __lseek_lk                 0040deee f   LIBCMT:lseek.obj
 0001:0000cf61       __openfile                 0040df61 f   LIBCMT:_open.obj
 0001:0000d0d1       __getstream                0040e0d1 f   LIBCMT:stream.obj
 0001:0000d199       ___InternalCxxFrameHandler 0040e199 f   LIBCMT:frame.obj
 0001:0000d4ee       ___FrameUnwindToState      0040e4ee f   LIBCMT:frame.obj
 0001:0000d926       ?_DestructExceptionObject@@YAXPAUEHExceptionRecord@@E@Z 0040e926 f   LIBCMT:frame.obj
 0001:0000d9b0       __CallSettingFrame@12      0040e9b0 f   LIBCMT:lowhelpr.obj
 0001:0000d9d7       __NLG_Return               0040e9d7 f   LIBCMT:lowhelpr.obj
 0001:0000d9fc       __mtinit                   0040e9fc f   LIBCMT:tidtable.obj
 0001:0000da50       __mtterm                   0040ea50 f   LIBCMT:tidtable.obj
 0001:0000da6e       __initptd                  0040ea6e f   LIBCMT:tidtable.obj
 0001:0000da81       __getptd                   0040ea81 f   LIBCMT:tidtable.obj
 0001:0000dae8       __freeptd                  0040eae8 f   LIBCMT:tidtable.obj
 0001:0000db88       ___threadid                0040eb88 f   LIBCMT:tidtable.obj
 0001:0000db8e       ___threadhandle            0040eb8e f   LIBCMT:tidtable.obj
 0001:0000db94       ?terminate@@YAXXZ          0040eb94 f   LIBCMT:hooks.obj
 0001:0000dbf5       ?unexpected@@YAXXZ         0040ebf5 f   LIBCMT:hooks.obj
 0001:0000dc0d       ?_inconsistency@@YAXXZ     0040ec0d f   LIBCMT:hooks.obj
 0001:0000dc63       __mtinitlocks              0040ec63 f   LIBCMT:mlock.obj
 0001:0000dc8c       __mtdeletelocks            0040ec8c f   LIBCMT:mlock.obj
 0001:0000dcf8       __lock                     0040ecf8 f   LIBCMT:mlock.obj
 0001:0000dd59       __unlock                   0040ed59 f   LIBCMT:mlock.obj
 0001:0000dd6e       __lockerr_exit             0040ed6e f   LIBCMT:mlock.obj
 0001:0000dd86       __setmbcp                  0040ed86 f   LIBCMT:mbctype.obj
 0001:0000e15e       __getmbcp                  0040f15e f   LIBCMT:mbctype.obj
 0001:0000e16e       ___initmbctable            0040f16e f   LIBCMT:mbctype.obj
 0001:0000e190       _strncmp                   0040f190 f   LIBCMT:strncmp.obj
 0001:0000e1c8       _calloc                    0040f1c8 f   LIBCMT:calloc.obj
 0001:0000e305       __cinit                    0040f305 f   LIBCMT:crt0dat.obj
 0001:0000e332       _exit                      0040f332 f   LIBCMT:crt0dat.obj
 0001:0000e343       __exit                     0040f343 f   LIBCMT:crt0dat.obj
 0001:0000e354       __cexit                    0040f354 f   LIBCMT:crt0dat.obj
 0001:0000e363       __c_exit                   0040f363 f   LIBCMT:crt0dat.obj
 0001:0000e417       __lockexit                 0040f417 f   LIBCMT:crt0dat.obj
 0001:0000e420       __unlockexit               0040f420 f   LIBCMT:crt0dat.obj
 0001:0000e443       __XcptFilter               0040f443 f   LIBCMT:winxfltr.obj
 0001:0000e5c4       __except_handler3          0040f5c4 f   LIBCMT:exsup3.obj
 0001:0000e681       __seh_longjmp_unwind@4     0040f681 f   LIBCMT:exsup3.obj
 0001:0000e69c       __stbuf                    0040f69c f   LIBCMT:_sftbuf.obj
 0001:0000e729       __ftbuf                    0040f729 f   LIBCMT:_sftbuf.obj
 0001:0000e753       __output                   0040f753 f   LIBCMT:output.obj
 0001:0000ef5d       _realloc                   0040ff5d f   LIBCMT:realloc.obj
 0001:0000f28c       __msize                    0041028c f   LIBCMT:msize.obj
 0001:0000f37a       __isctype                  0041037a f   LIBCMT:isctype.obj
 0001:0000f3f0       __allmul                   004103f0 f   LIBCMT:llmul.obj
 0001:0000f424       ___tzset                   00410424 f   LIBCMT:tzset.obj
 0001:0000f452       __tzset                    00410452 f   LIBCMT:tzset.obj
 0001:0000f6ef       __isindst                  004106ef f   LIBCMT:tzset.obj
 0001:0000f9fc       _gmtime                    004109fc f   LIBCMT:gmtime.obj
 0001:0000fb06       ___loctotime_t             00410b06 f   LIBCMT:dtoxtime.obj
 0001:0000fbd0       _strcmp                    00410bd0 f   LIBCMT:strcmp.obj
 0001:0000fc54       __wincmdln                 00410c54 f   LIBCMT:wincmdln.obj
 0001:0000fcac       __setenvp                  00410cac f   LIBCMT:stdenvp.obj
 0001:0000fd65       __setargv                  00410d65 f   LIBCMT:stdargv.obj
 0001:0000ffb2       ___crtGetEnvironmentStringsA 00410fb2 f   LIBCMT:a_env.obj
 0001:000100e4       __GetLinkerVersion         004110e4 f   LIBCMT:heapinit.obj
 0001:00010111       ___heap_select             00411111 f   LIBCMT:heapinit.obj
 0001:00010259       __heap_init                00411259 f   LIBCMT:heapinit.obj
 0001:000102b6       __heap_term                004112b6 f   LIBCMT:heapinit.obj
 0001:0001035e       __FF_MSGBANNER             0041135e f   LIBCMT:crt0msg.obj
 0001:00010397       __NMSG_WRITE               00411397 f   LIBCMT:crt0msg.obj
 0001:000104ea       __GET_RTERRMSG             004114ea f   LIBCMT:crt0msg.obj
 0001:0001051b       __get_sbh_threshold        0041151b f   LIBCMT:sbheap.obj
 0001:0001053a       __set_sbh_threshold        0041153a f   LIBCMT:sbheap.obj
 0001:000105ed       ___sbh_heap_init           004115ed f   LIBCMT:sbheap.obj
 0001:00010635       ___sbh_find_block          00411635 f   LIBCMT:sbheap.obj
 0001:00010660       ___sbh_free_block          00411660 f   LIBCMT:sbheap.obj
 0001:00010989       ___sbh_alloc_block         00411989 f   LIBCMT:sbheap.obj
 0001:00010c92       ___sbh_alloc_new_region    00411c92 f   LIBCMT:sbheap.obj
 0001:00010d43       ___sbh_alloc_new_group     00411d43 f   LIBCMT:sbheap.obj
 0001:00010e3e       ___sbh_resize_block        00411e3e f   LIBCMT:sbheap.obj
 0001:00011134       ___sbh_heapmin             00412134 f   LIBCMT:sbheap.obj
 0001:00011205       ___sbh_heap_check          00412205 f   LIBCMT:sbheap.obj
 0001:00011534       __get_old_sbh_threshold    00412534 f   LIBCMT:sbheap.obj
 0001:0001153a       __set_old_sbh_threshold    0041253a f   LIBCMT:sbheap.obj
 0001:00011556       ___old_sbh_new_region      00412556 f   LIBCMT:sbheap.obj
 0001:0001169a       ___old_sbh_release_region  0041269a f   LIBCMT:sbheap.obj
 0001:000116f0       ___old_sbh_decommit_pages  004126f0 f   LIBCMT:sbheap.obj
 0001:000117b2       ___old_sbh_find_block      004127b2 f   LIBCMT:sbheap.obj
 0001:00011809       ___old_sbh_free_block      00412809 f   LIBCMT:sbheap.obj
 0001:0001184e       ___old_sbh_alloc_block     0041284e f   LIBCMT:sbheap.obj
 0001:00011a56       ___old_sbh_alloc_block_from_page 00412a56 f   LIBCMT:sbheap.obj
 0001:00011b7a       ___old_sbh_resize_block    00412b7a f   LIBCMT:sbheap.obj
 0001:00011c23       ___old_sbh_heap_check      00412c23 f   LIBCMT:sbheap.obj
 0001:00011d81       __fcloseall                00412d81 f   LIBCMT:closeall.obj
 0001:00011e02       __getbuf                   00412e02 f   LIBCMT:_getbuf.obj
 0001:00011e46       __isatty                   00412e46 f   LIBCMT:isatty.obj
 0001:00011e6f       __alloc_osfhnd             00412e6f f   LIBCMT:osfinfo.obj
 0001:00011f92       __set_osfhnd               00412f92 f   LIBCMT:osfinfo.obj
 0001:0001200e       __free_osfhnd              0041300e f   LIBCMT:osfinfo.obj
 0001:0001208d       __get_osfhandle            0041308d f   LIBCMT:osfinfo.obj
 0001:000120cf       __open_osfhandle           004130cf f   LIBCMT:osfinfo.obj
 0001:00012176       __lock_fhandle             00413176 f   LIBCMT:osfinfo.obj
 0001:000121d5       __unlock_fhandle           004131d5 f   LIBCMT:osfinfo.obj
 0001:000121f7       __commit                   004131f7 f   LIBCMT:commit.obj
 0001:0001228a       ?_set_new_handler@@YAP6AHI@ZP6AHI@Z@Z 0041328a f   LIBCMT:handler.obj
 0001:000122ae       ?_query_new_handler@@YAP6AHI@ZXZ 004132ae f   LIBCMT:handler.obj
 0001:000122b4       __callnewh                 004132b4 f   LIBCMT:handler.obj
 0001:000122cf       __open                     004132cf f   LIBCMT:open.obj
 0001:000122e6       __sopen                    004132e6 f   LIBCMT:open.obj
 0001:000125b5       ?__CxxUnhandledExceptionFilter@@YGJPAU_EXCEPTION_POINTERS@@@Z 004135b5 f   LIBCMT:unhandld.obj
 0001:000125fb       ?__CxxSetUnhandledExceptionFilter@@YAXXZ 004135fb f   LIBCMT:unhandld.obj
 0001:0001260c       ?__CxxRestoreUnhandledExceptionFilter@@YAXXZ 0041360c f   LIBCMT:unhandld.obj
 0001:00012619       ?_ValidateRead@@YAHPBXI@Z  00413619 f   LIBCMT:validate.obj
 0001:00012635       ?_ValidateWrite@@YAHPAXI@Z 00413635 f   LIBCMT:validate.obj
 0001:00012651       ?_ValidateExecute@@YAHP6GHXZ@Z 00413651 f   LIBCMT:validate.obj
 0001:00012669       _abort                     00413669 f   LIBCMT:abort.obj
 0001:00012680       ___crtLCMapStringA         00413680 f   LIBCMT:a_map.obj
 0001:000128cf       ___crtGetStringTypeA       004138cf f   LIBCMT:a_str.obj
 0001:00012a20       _memset                    00413a20 f   LIBCMT:memset.obj
 0001:00012a80       _strlen                    00413a80 f   LIBCMT:strlen.obj
 0001:00012afb       _wctomb                    00413afb f   LIBCMT:wctomb.obj
 0001:00012b54       __wctomb_lk                00413b54 f   LIBCMT:wctomb.obj
 0001:00012bc0       __aulldiv                  00413bc0 f   LIBCMT:ulldiv.obj
 0001:00012c30       __aullrem                  00413c30 f   LIBCMT:ullrem.obj
 0001:00012cb0       _strcpy                    00413cb0 f   LIBCMT:strcat.obj
 0001:00012cc0       _strcat                    00413cc0 f   LIBCMT:strcat.obj
 0001:00012da0       _getenv                    00413da0 f   LIBCMT:getenv.obj
 0001:00012dc1       __getenv_lk                00413dc1 f   LIBCMT:getenv.obj
 0001:00012e3e       __ismbbkalnum              00413e3e f   LIBCMT:ismbbyte.obj
 0001:00012e4f       __ismbbkprint              00413e4f f   LIBCMT:ismbbyte.obj
 0001:00012e60       __ismbbkpunct              00413e60 f   LIBCMT:ismbbyte.obj
 0001:00012e71       __ismbbalnum               00413e71 f   LIBCMT:ismbbyte.obj
 0001:00012e85       __ismbbalpha               00413e85 f   LIBCMT:ismbbyte.obj
 0001:00012e99       __ismbbgraph               00413e99 f   LIBCMT:ismbbyte.obj
 0001:00012ead       __ismbbprint               00413ead f   LIBCMT:ismbbyte.obj
 0001:00012ec1       __ismbbpunct               00413ec1 f   LIBCMT:ismbbyte.obj
 0001:00012ed2       __ismbblead                00413ed2 f   LIBCMT:ismbbyte.obj
 0001:00012ee3       __ismbbtrail               00413ee3 f   LIBCMT:ismbbyte.obj
 0001:00012ef4       __ismbbkana                00413ef4 f   LIBCMT:ismbbyte.obj
 0001:00012f4c       _strtol                    00413f4c f   LIBCMT:strtol.obj
 0001:00013168       _strtoul                   00414168 f   LIBCMT:strtol.obj
 0001:00013190       _strchr                    00414190 f   LIBCMT:strchr.obj
 0001:00013196       ___from_strstr_to_strchr   00414196 f   LIBCMT:strchr.obj
 0001:00013250       _strstr                    00414250 f   LIBCMT:strstr.obj
 0001:000132d0       ___crtMessageBoxA          004142d0 f   LIBCMT:crtmbox.obj
 0001:00013359       __chsize                   00414359 f   LIBCMT:chsize.obj
 0001:000133b2       __chsize_lk                004143b2 f   LIBCMT:chsize.obj
 0001:000134d7       _signal                    004144d7 f   LIBCMT:winsig.obj
 0001:000136bb       _raise                     004146bb f   LIBCMT:winsig.obj
 0001:0001387a       ___fpecode                 0041487a f   LIBCMT:winsig.obj
 0001:00013883       ___pxcptinfoptrs           00414883 f   LIBCMT:winsig.obj
 0001:0001388c       __fptrap                   0041488c f   LIBCMT:crt0fp.obj
 0001:00013895       _setlocale                 00414895 f   LIBCMT:setlocal.obj
 0001:00013caf       __expandlocale             00414caf f   LIBCMT:setlocal.obj
 0001:00013dc7       ___init_dummy              00414dc7 f   LIBCMT:setlocal.obj
 0001:00013dca       __strcats                  00414dca f   LIBCMT:setlocal.obj
 0001:00013def       ___lc_strtolc              00414def f   LIBCMT:setlocal.obj
 0001:00013ebb       ___lc_lctostr              00414ebb f   LIBCMT:setlocal.obj
 0001:00013f0e       __mbsnbicoll               00414f0e f   LIBCMT:mbsnbico.obj
 0001:00013f4d       ___wtomb_environ           00414f4d f   LIBCMT:wtombenv.obj
 0001:00013fbb       __toupper                  00414fbb f   LIBCMT:toupper.obj
 0001:00013fc3       _toupper                   00414fc3 f   LIBCMT:toupper.obj
 0001:00014032       __toupper_lk               00415032 f   LIBCMT:toupper.obj
 0001:000140fe       __setmode                  004150fe f   LIBCMT:setmode.obj
 0001:00014157       __setmode_lk               00415157 f   LIBCMT:setmode.obj
 0001:000141b8       ___init_time               004151b8 f   LIBCMT:inittime.obj
 0001:00014727       ___init_numeric            00415727 f   LIBCMT:initnum.obj
 0001:00014933       ___init_monetary           00415933 f   LIBCMT:initmon.obj
 0001:00014ba5       ___init_ctype              00415ba5 f   LIBCMT:initctyp.obj
 0001:00014dea       ___init_collate            00415dea f   LIBCMT:initcoll.obj
 0001:00014df0       _strcspn                   00415df0 f   LIBCMT:strcspn.obj
 0001:00014e30       _strpbrk                   00415e30 f   LIBCMT:strpbrk.obj
 0001:00014e6a       ___get_qualified_locale    00415e6a f   LIBCMT:getqloc.obj
 0001:00015711       ___crtCompareStringA       00416711 f   LIBCMT:a_cmp.obj
 0001:000159b9       ___crtsetenv               004169b9 f   LIBCMT:setenv.obj
 0001:00015bff       __Getdays                  00416bff f   LIBCMT:strftime.obj
 0001:00015c8e       __Getmonths                00416c8e f   LIBCMT:strftime.obj
 0001:00015d23       __Gettnames                00416d23 f   LIBCMT:strftime.obj
 0001:00015f55       _strftime                  00416f55 f   LIBCMT:strftime.obj
 0001:00015f70       __Strftime                 00416f70 f   LIBCMT:strftime.obj
 0001:00016807       ___getlocaleinfo           00417807 f   LIBCMT:inithelp.obj
 0001:0001693f       _localeconv                0041793f f   LIBCMT:lconv.obj
 0001:00016945       ___crtGetStringTypeW       00417945 f   LIBCMT:w_str.obj
 0001:00016b0a       __itoa                     00417b0a f   LIBCMT:xtoa.obj
 0001:00016b93       __ltoa                     00417b93 f   LIBCMT:xtoa.obj
 0001:00016bbd       __ultoa                    00417bbd f   LIBCMT:xtoa.obj
 0001:00016bd8       __i64toa                   00417bd8 f   LIBCMT:xtoa.obj
 0001:00016c8f       __ui64toa                  00417c8f f   LIBCMT:xtoa.obj
 0001:00016cb0       __strcmpi                  00417cb0 f   LIBCMT:stricmp.obj
 0001:00016cb0       _strcmpi                   00417cb0 f   LIBCMT:stricmp.obj
 0001:00016cb0       __stricmp                  00417cb0 f   LIBCMT:stricmp.obj
 0001:00016d80       __strnicmp                 00417d80 f   LIBCMT:strnicmp.obj
 0001:00016e81       __mbschr                   00417e81 f   LIBCMT:mbschr.obj
 0001:00016f18       __strdup                   00417f18 f   LIBCMT:strdup.obj
 0001:00016f43       ___crtGetLocaleInfoW       00417f43 f   LIBCMT:w_loc.obj
 0001:00017056       ___crtGetLocaleInfoA       00418056 f   LIBCMT:a_loc.obj
 0001:00017174       __tolower                  00418174 f   LIBCMT:tolower.obj
 0001:0001717c       _tolower                   0041817c f   LIBCMT:tolower.obj
 0001:000171eb       __tolower_lk               004181eb f   LIBCMT:tolower.obj
 0001:000172c0       ?_Xlen@std@@YAXXZ          004182c0 f   libcpmt:string.obj
 0001:0001731a       ??0logic_error@std@@QAE@ABV?$basic_string@DU?$char_traits@D@std@@V?$allocator@D@2@@1@@Z 0041831a f i libcpmt:string.obj
 0001:0001737e       ?what@logic_error@std@@UBEPBDXZ 0041837e f i libcpmt:string.obj
 0001:0001738b       ?_Doraise@logic_error@std@@MBEXXZ 0041838b f i libcpmt:string.obj
 0001:000173a8       ??1logic_error@std@@UAE@XZ 004183a8 f i libcpmt:string.obj
 0001:000173e5       ??_Glogic_error@std@@UAEPAXI@Z 004183e5 f i libcpmt:string.obj
 0001:000173e5       ??_Elogic_error@std@@UAEPAXI@Z 004183e5 f i libcpmt:string.obj
 0001:00017401       ??0logic_error@std@@QAE@ABV01@@Z 00418401 f i libcpmt:string.obj
 0001:0001745e       ??1length_error@std@@UAE@XZ 0041845e f i libcpmt:string.obj
 0001:0001749b       ?_Doraise@length_error@std@@MBEXXZ 0041849b f i libcpmt:string.obj
 0001:000174b8       ??_Elength_error@std@@UAEPAXI@Z 004184b8 f i libcpmt:string.obj
 0001:000174b8       ??_Glength_error@std@@UAEPAXI@Z 004184b8 f i libcpmt:string.obj
 0001:000174d4       ??0length_error@std@@QAE@ABV01@@Z 004184d4 f i libcpmt:string.obj
 0001:000174ec       ?_Xran@std@@YAXXZ          004184ec f   libcpmt:string.obj
 0001:00017546       ??1out_of_range@std@@UAE@XZ 00418546 f i libcpmt:string.obj
 0001:00017583       ?_Doraise@out_of_range@std@@MBEXXZ 00418583 f i libcpmt:string.obj
 0001:000175a0       ??_Eout_of_range@std@@UAEPAXI@Z 004185a0 f i libcpmt:string.obj
 0001:000175a0       ??_Gout_of_range@std@@UAEPAXI@Z 004185a0 f i libcpmt:string.obj
 0001:000175bc       ??0out_of_range@std@@QAE@ABV01@@Z 004185bc f i libcpmt:string.obj
 0001:00017616       ?id@?$collate@D@std@@$E    00418616 f i libcpmt:string.obj
 0001:00017617       ??0_Lockit@std@@QAE@XZ     00418617 f   libcpmt:xlock.obj
 0001:000176b3       ??1_Lockit@std@@QAE@XZ     004186b3 f   libcpmt:xlock.obj
 0001:000176c8       ?_com_issue_error@@YGXJ@Z  004186c8 f   comsupp:comsupp.obj
 0001:000176d6       ?_com_issue_errorex@@YGXJPAUIUnknown@@ABU_GUID@@@Z 004186d6 f   comsupp:comsupp.obj
 0001:00017737       ?_com_dispatch_raw_method@@YAJPAUIDispatch@@JGGPAXPBGZZ 00418737 f   comsupp:comsupp.obj
 0001:00017c58       ?_com_dispatch_method@@YAJPAUIDispatch@@JGGPAXPBGZZ 00418c58 f   comsupp:comsupp.obj
 0001:00017c92       ?_com_dispatch_raw_propget@@YGJPAUIDispatch@@JGPAX@Z 00418c92 f   comsupp:comsupp.obj
 0001:00017cb1       ?_com_dispatch_propget@@YGJPAUIDispatch@@JGPAX@Z 00418cb1 f   comsupp:comsupp.obj
 0001:00017cd0       ?_com_dispatch_raw_propput@@YAJPAUIDispatch@@JGZZ 00418cd0 f   comsupp:comsupp.obj
 0001:00017d29       ?_com_dispatch_propput@@YAJPAUIDispatch@@JGZZ 00418d29 f   comsupp:comsupp.obj
 0001:00017dbe       ?ConvertStringToBSTR@_com_util@@YGPAGPBD@Z 00418dbe f   comsupp:comutil.obj
 0001:00017e33       ?ConvertBSTRToString@_com_util@@YGPADPAG@Z 00418e33 f   comsupp:comutil.obj
 0001:00017ea7       ??0_variant_t@@QAE@JG@Z    00418ea7 f i comsupp:comutil.obj
 0001:00017f03       ?_com_raise_error@@YGXJPAUIErrorInfo@@@Z 00418f03 f   comsupp:comraise.obj
 0001:00017f27       ??0_com_error@@QAE@JPAUIErrorInfo@@_N@Z 00418f27 f i comsupp:comraise.obj
 0001:00017f59       ??_G_com_error@@UAEPAXI@Z  00418f59 f i comsupp:comraise.obj
 0001:00017f59       ??_E_com_error@@UAEPAXI@Z  00418f59 f i comsupp:comraise.obj
 0001:00017f75       ??0_com_error@@QAE@ABV0@@Z 00418f75 f i comsupp:comraise.obj
 0001:00017fa2       ??1_com_error@@UAE@XZ      00418fa2 f i comsupp:comraise.obj
 0001:00017fc8       ??0exception@@QAE@XZ       00418fc8 f   LIBC:stdexcpt.obj
 0001:00017fd9       ??_Eexception@@UAEPAXI@Z   00418fd9 f i LIBC:stdexcpt.obj
 0001:00017fd9       ??_Gexception@@UAEPAXI@Z   00418fd9 f i LIBC:stdexcpt.obj
 0001:00017ff5       ??0exception@@QAE@ABQBD@Z  00418ff5 f   LIBC:stdexcpt.obj
 0001:00018032       ??0exception@@QAE@ABV0@@Z  00419032 f   LIBC:stdexcpt.obj
 0001:0001807c       ??4exception@@QAEAAV0@ABV0@@Z 0041907c f   LIBC:stdexcpt.obj
 0001:0001809b       ??1exception@@UAE@XZ       0041909b f   LIBC:stdexcpt.obj
 0001:000180b1       ?what@exception@@UBEPBDXZ  004190b1 f   LIBC:stdexcpt.obj
 0001:000180c0       __EH_prolog                004190c0 f   LIBC:ehprolog.obj
 0001:000180df       __CxxThrowException@8      004190df f   LIBC:throw.obj
 0001:00018119       _wcslen                    00419119 f   LIBC:wcslen.obj
 0001:00018136       _RtlUnwind@16              00419136 f   kernel32:KERNEL32.dll
 0001:0001813c       _CreateThread@24           0041913c f   kernel32:KERNEL32.dll
 0001:00018142       _GetCurrentThreadId@0      00419142 f   kernel32:KERNEL32.dll
 0001:00018148       _TlsSetValue@8             00419148 f   kernel32:KERNEL32.dll
 0001:0001814e       _ExitThread@4              0041914e f   kernel32:KERNEL32.dll
 0001:00018154       _GetTimeZoneInformation@4  00419154 f   kernel32:KERNEL32.dll
 0001:0001815a       _GetSystemTime@4           0041915a f   kernel32:KERNEL32.dll
 0001:00018160       _GetModuleHandleA@4        00419160 f   kernel32:KERNEL32.dll
 0001:00018166       _GetStartupInfoA@4         00419166 f   kernel32:KERNEL32.dll
 0001:0001816c       _GetCommandLineA@0         0041916c f   kernel32:KERNEL32.dll
 0001:00018172       _GetVersion@0              00419172 f   kernel32:KERNEL32.dll
 0001:00018178       _ExitProcess@4             00419178 f   kernel32:KERNEL32.dll
 0001:0001817e       _HeapFree@12               0041917e f   kernel32:KERNEL32.dll
 0001:00018184       _ReadFile@20               00419184 f   kernel32:KERNEL32.dll
 0001:0001818a       _HeapAlloc@12              0041918a f   kernel32:KERNEL32.dll
 0001:00018190       _SetHandleCount@4          00419190 f   kernel32:KERNEL32.dll
 0001:00018196       _GetStdHandle@4            00419196 f   kernel32:KERNEL32.dll
 0001:0001819c       _GetFileType@4             0041919c f   kernel32:KERNEL32.dll
 0001:000181a2       _SetFilePointer@16         004191a2 f   kernel32:KERNEL32.dll
 0001:000181a8       _TlsAlloc@0                004191a8 f   kernel32:KERNEL32.dll
 0001:000181ae       _TlsFree@4                 004191ae f   kernel32:KERNEL32.dll
 0001:000181b4       _SetLastError@4            004191b4 f   kernel32:KERNEL32.dll
 0001:000181ba       _TlsGetValue@4             004191ba f   kernel32:KERNEL32.dll
 0001:000181c0       _GetCurrentThread@0        004191c0 f   kernel32:KERNEL32.dll
 0001:000181c6       _FatalAppExitA@8           004191c6 f   kernel32:KERNEL32.dll
 0001:000181cc       _GetCPInfo@8               004191cc f   kernel32:KERNEL32.dll
 0001:000181d2       _GetACP@0                  004191d2 f   kernel32:KERNEL32.dll
 0001:000181d8       _GetOEMCP@0                004191d8 f   kernel32:KERNEL32.dll
 0001:000181de       _TerminateProcess@8        004191de f   kernel32:KERNEL32.dll
 0001:000181e4       _GetCurrentProcess@0       004191e4 f   kernel32:KERNEL32.dll
 0001:000181ea       _UnhandledExceptionFilter@4 004191ea f   kernel32:KERNEL32.dll
 0001:000181f0       _HeapReAlloc@16            004191f0 f   kernel32:KERNEL32.dll
 0001:000181f6       _HeapSize@12               004191f6 f   kernel32:KERNEL32.dll
 0001:000181fc       _WideCharToMultiByte@32    004191fc f   kernel32:KERNEL32.dll
 0001:00018202       _FreeEnvironmentStringsA@4 00419202 f   kernel32:KERNEL32.dll
 0001:00018208       _FreeEnvironmentStringsW@4 00419208 f   kernel32:KERNEL32.dll
 0001:0001820e       _GetEnvironmentStrings@0   0041920e f   kernel32:KERNEL32.dll
 0001:00018214       _GetEnvironmentStringsW@0  00419214 f   kernel32:KERNEL32.dll
 0001:0001821a       _GetEnvironmentVariableA@12 0041921a f   kernel32:KERNEL32.dll
 0001:00018220       _GetVersionExA@4           00419220 f   kernel32:KERNEL32.dll
 0001:00018226       _HeapDestroy@4             00419226 f   kernel32:KERNEL32.dll
 0001:0001822c       _HeapCreate@12             0041922c f   kernel32:KERNEL32.dll
 0001:00018232       _VirtualFree@12            00419232 f   kernel32:KERNEL32.dll
 0001:00018238       _VirtualAlloc@16           00419238 f   kernel32:KERNEL32.dll
 0001:0001823e       _IsBadWritePtr@8           0041923e f   kernel32:KERNEL32.dll
 0001:00018244       _SetStdHandle@8            00419244 f   kernel32:KERNEL32.dll
 0001:0001824a       _FlushFileBuffers@4        0041924a f   kernel32:KERNEL32.dll
 0001:00018250       _SetUnhandledExceptionFilter@4 00419250 f   kernel32:KERNEL32.dll
 0001:00018256       _IsBadReadPtr@8            00419256 f   kernel32:KERNEL32.dll
 0001:0001825c       _IsBadCodePtr@4            0041925c f   kernel32:KERNEL32.dll
 0001:00018262       _LCMapStringA@24           00419262 f   kernel32:KERNEL32.dll
 0001:00018268       _LCMapStringW@24           00419268 f   kernel32:KERNEL32.dll
 0001:0001826e       _GetStringTypeA@20         0041926e f   kernel32:KERNEL32.dll
 0001:00018274       _GetStringTypeW@16         00419274 f   kernel32:KERNEL32.dll
 0001:0001827a       _InterlockedIncrement@4    0041927a f   kernel32:KERNEL32.dll
 0001:00018280       _SetEndOfFile@4            00419280 f   kernel32:KERNEL32.dll
 0001:00018286       _SetConsoleCtrlHandler@8   00419286 f   kernel32:KERNEL32.dll
 0001:0001828c       _IsValidLocale@8           0041928c f   kernel32:KERNEL32.dll
 0001:00018292       _IsValidCodePage@4         00419292 f   kernel32:KERNEL32.dll
 0001:00018298       _GetLocaleInfoA@16         00419298 f   kernel32:KERNEL32.dll
 0001:0001829e       _EnumSystemLocalesA@8      0041929e f   kernel32:KERNEL32.dll
 0001:000182a4       _GetUserDefaultLCID@0      004192a4 f   kernel32:KERNEL32.dll
 0001:000182aa       _CompareStringA@24         004192aa f   kernel32:KERNEL32.dll
 0001:000182b0       _CompareStringW@24         004192b0 f   kernel32:KERNEL32.dll
 0001:000182b6       _SetEnvironmentVariableA@8 004192b6 f   kernel32:KERNEL32.dll
 0001:000182bc       _GetLocaleInfoW@16         004192bc f   kernel32:KERNEL32.dll
 0001:000182c2       _InterlockedExchange@8     004192c2 f   kernel32:KERNEL32.dll
 0001:000182c8       _lstrlenW@4                004192c8 f   kernel32:KERNEL32.dll
 0001:000182ce       _RaiseException@16         004192ce f   kernel32:KERNEL32.dll
 0001:000182d4       _GetErrorInfo@8            004192d4 f   oleaut32:OLEAUT32.dll
 0001:000182da       _SetErrorInfo@8            004192da f   oleaut32:OLEAUT32.dll
 0001:000182e0       _CreateErrorInfo@4         004192e0 f   oleaut32:OLEAUT32.dll
 0002:00000000       __imp__WaitForSingleObject@8 0041a000     kernel32:KERNEL32.dll
 0002:00000004       __imp__CloseHandle@4       0041a004     kernel32:KERNEL32.dll
 0002:00000008       __imp__TerminateThread@8   0041a008     kernel32:KERNEL32.dll
 0002:0000000c       __imp__CreateEventA@16     0041a00c     kernel32:KERNEL32.dll
 0002:00000010       __imp__SetEvent@4          0041a010     kernel32:KERNEL32.dll
 0002:00000014       __imp__ResetEvent@4        0041a014     kernel32:KERNEL32.dll
 0002:00000018       __imp__GetModuleFileNameA@12 0041a018     kernel32:KERNEL32.dll
 0002:0000001c       __imp__CreateMutexA@12     0041a01c     kernel32:KERNEL32.dll
 0002:00000020       __imp__ReleaseMutex@4      0041a020     kernel32:KERNEL32.dll
 0002:00000024       __imp__InitializeCriticalSection@4 0041a024     kernel32:KERNEL32.dll
 0002:00000028       __imp__DeleteCriticalSection@4 0041a028     kernel32:KERNEL32.dll
 0002:0000002c       __imp__EnterCriticalSection@4 0041a02c     kernel32:KERNEL32.dll
 0002:00000030       __imp__LeaveCriticalSection@4 0041a030     kernel32:KERNEL32.dll
 0002:00000034       __imp__GetFileAttributesA@4 0041a034     kernel32:KERNEL32.dll
 0002:00000038       __imp__WriteFile@20        0041a038     kernel32:KERNEL32.dll
 0002:0000003c       __imp__GetLocalTime@4      0041a03c     kernel32:KERNEL32.dll
 0002:00000040       __imp__GetFileSize@8       0041a040     kernel32:KERNEL32.dll
 0002:00000044       __imp__CreateDirectoryA@8  0041a044     kernel32:KERNEL32.dll
 0002:00000048       __imp__CreateFileA@28      0041a048     kernel32:KERNEL32.dll
 0002:0000004c       __imp__FreeLibrary@4       0041a04c     kernel32:KERNEL32.dll
 0002:00000050       __imp__GetProcAddress@8    0041a050     kernel32:KERNEL32.dll
 0002:00000054       __imp__LoadLibraryA@4      0041a054     kernel32:KERNEL32.dll
 0002:00000058       __imp__LocalFree@4         0041a058     kernel32:KERNEL32.dll
 0002:0000005c       __imp__GetLastError@0      0041a05c     kernel32:KERNEL32.dll
 0002:00000060       __imp__MultiByteToWideChar@24 0041a060     kernel32:KERNEL32.dll
 0002:00000064       __imp__lstrlenA@4          0041a064     kernel32:KERNEL32.dll
 0002:00000068       __imp__InterlockedDecrement@4 0041a068     kernel32:KERNEL32.dll
 0002:0000006c       __imp__LocalAlloc@8        0041a06c     kernel32:KERNEL32.dll
 0002:00000070       __imp__FormatMessageA@28   0041a070     kernel32:KERNEL32.dll
 0002:00000074       __imp__Sleep@4             0041a074     kernel32:KERNEL32.dll
 0002:00000078       __imp__GetTickCount@0      0041a078     kernel32:KERNEL32.dll
 0002:0000007c       __imp__TerminateProcess@8  0041a07c     kernel32:KERNEL32.dll
 0002:00000080       __imp__GetOEMCP@0          0041a080     kernel32:KERNEL32.dll
 0002:00000084       __imp__RaiseException@16   0041a084     kernel32:KERNEL32.dll
 0002:00000088       __imp__lstrlenW@4          0041a088     kernel32:KERNEL32.dll
 0002:0000008c       __imp__InterlockedExchange@8 0041a08c     kernel32:KERNEL32.dll
 0002:00000090       __imp__GetLocaleInfoW@16   0041a090     kernel32:KERNEL32.dll
 0002:00000094       __imp__SetEnvironmentVariableA@8 0041a094     kernel32:KERNEL32.dll
 0002:00000098       __imp__CompareStringW@24   0041a098     kernel32:KERNEL32.dll
 0002:0000009c       __imp__CompareStringA@24   0041a09c     kernel32:KERNEL32.dll
 0002:000000a0       __imp__GetUserDefaultLCID@0 0041a0a0     kernel32:KERNEL32.dll
 0002:000000a4       __imp__EnumSystemLocalesA@8 0041a0a4     kernel32:KERNEL32.dll
 0002:000000a8       __imp__GetLocaleInfoA@16   0041a0a8     kernel32:KERNEL32.dll
 0002:000000ac       __imp__IsValidCodePage@4   0041a0ac     kernel32:KERNEL32.dll
 0002:000000b0       __imp__IsValidLocale@8     0041a0b0     kernel32:KERNEL32.dll
 0002:000000b4       __imp__SetConsoleCtrlHandler@8 0041a0b4     kernel32:KERNEL32.dll
 0002:000000b8       __imp__SetEndOfFile@4      0041a0b8     kernel32:KERNEL32.dll
 0002:000000bc       __imp__InterlockedIncrement@4 0041a0bc     kernel32:KERNEL32.dll
 0002:000000c0       __imp__GetStringTypeW@16   0041a0c0     kernel32:KERNEL32.dll
 0002:000000c4       __imp__GetStringTypeA@20   0041a0c4     kernel32:KERNEL32.dll
 0002:000000c8       __imp__LCMapStringW@24     0041a0c8     kernel32:KERNEL32.dll
 0002:000000cc       __imp__LCMapStringA@24     0041a0cc     kernel32:KERNEL32.dll
 0002:000000d0       __imp__IsBadCodePtr@4      0041a0d0     kernel32:KERNEL32.dll
 0002:000000d4       __imp__IsBadReadPtr@8      0041a0d4     kernel32:KERNEL32.dll
 0002:000000d8       __imp__SetUnhandledExceptionFilter@4 0041a0d8     kernel32:KERNEL32.dll
 0002:000000dc       __imp__FlushFileBuffers@4  0041a0dc     kernel32:KERNEL32.dll
 0002:000000e0       __imp__SetStdHandle@8      0041a0e0     kernel32:KERNEL32.dll
 0002:000000e4       __imp__IsBadWritePtr@8     0041a0e4     kernel32:KERNEL32.dll
 0002:000000e8       __imp__VirtualAlloc@16     0041a0e8     kernel32:KERNEL32.dll
 0002:000000ec       __imp__VirtualFree@12      0041a0ec     kernel32:KERNEL32.dll
 0002:000000f0       __imp__HeapCreate@12       0041a0f0     kernel32:KERNEL32.dll
 0002:000000f4       __imp__HeapDestroy@4       0041a0f4     kernel32:KERNEL32.dll
 0002:000000f8       __imp__GetVersionExA@4     0041a0f8     kernel32:KERNEL32.dll
 0002:000000fc       __imp__GetACP@0            0041a0fc     kernel32:KERNEL32.dll
 0002:00000100       __imp__GetCPInfo@8         0041a100     kernel32:KERNEL32.dll
 0002:00000104       __imp__FatalAppExitA@8     0041a104     kernel32:KERNEL32.dll
 0002:00000108       __imp__GetCurrentThread@0  0041a108     kernel32:KERNEL32.dll
 0002:0000010c       __imp__TlsGetValue@4       0041a10c     kernel32:KERNEL32.dll
 0002:00000110       __imp__SetLastError@4      0041a110     kernel32:KERNEL32.dll
 0002:00000114       __imp__TlsFree@4           0041a114     kernel32:KERNEL32.dll
 0002:00000118       __imp__TlsAlloc@0          0041a118     kernel32:KERNEL32.dll
 0002:0000011c       __imp__GetEnvironmentVariableA@12 0041a11c     kernel32:KERNEL32.dll
 0002:00000120       __imp__GetEnvironmentStringsW@0 0041a120     kernel32:KERNEL32.dll
 0002:00000124       __imp__GetEnvironmentStrings@0 0041a124     kernel32:KERNEL32.dll
 0002:00000128       __imp__FreeEnvironmentStringsW@4 0041a128     kernel32:KERNEL32.dll
 0002:0000012c       __imp__FreeEnvironmentStringsA@4 0041a12c     kernel32:KERNEL32.dll
 0002:00000130       __imp__SetFilePointer@16   0041a130     kernel32:KERNEL32.dll
 0002:00000134       __imp__WideCharToMultiByte@32 0041a134     kernel32:KERNEL32.dll
 0002:00000138       __imp__HeapSize@12         0041a138     kernel32:KERNEL32.dll
 0002:0000013c       __imp__HeapReAlloc@16      0041a13c     kernel32:KERNEL32.dll
 0002:00000140       __imp__UnhandledExceptionFilter@4 0041a140     kernel32:KERNEL32.dll
 0002:00000144       __imp__RtlUnwind@16        0041a144     kernel32:KERNEL32.dll
 0002:00000148       __imp__CreateThread@24     0041a148     kernel32:KERNEL32.dll
 0002:0000014c       __imp__GetCurrentThreadId@0 0041a14c     kernel32:KERNEL32.dll
 0002:00000150       __imp__TlsSetValue@8       0041a150     kernel32:KERNEL32.dll
 0002:00000154       __imp__ExitThread@4        0041a154     kernel32:KERNEL32.dll
 0002:00000158       __imp__GetTimeZoneInformation@4 0041a158     kernel32:KERNEL32.dll
 0002:0000015c       __imp__GetSystemTime@4     0041a15c     kernel32:KERNEL32.dll
 0002:00000160       __imp__GetModuleHandleA@4  0041a160     kernel32:KERNEL32.dll
 0002:00000164       __imp__GetStartupInfoA@4   0041a164     kernel32:KERNEL32.dll
 0002:00000168       __imp__GetCommandLineA@0   0041a168     kernel32:KERNEL32.dll
 0002:0000016c       __imp__GetVersion@0        0041a16c     kernel32:KERNEL32.dll
 0002:00000170       __imp__ExitProcess@4       0041a170     kernel32:KERNEL32.dll
 0002:00000174       __imp__HeapFree@12         0041a174     kernel32:KERNEL32.dll
 0002:00000178       __imp__ReadFile@20         0041a178     kernel32:KERNEL32.dll
 0002:0000017c       __imp__HeapAlloc@12        0041a17c     kernel32:KERNEL32.dll
 0002:00000180       __imp__SetHandleCount@4    0041a180     kernel32:KERNEL32.dll
 0002:00000184       __imp__GetStdHandle@4      0041a184     kernel32:KERNEL32.dll
 0002:00000188       __imp__GetFileType@4       0041a188     kernel32:KERNEL32.dll
 0002:0000018c       __imp__GetCurrentProcess@0 0041a18c     kernel32:KERNEL32.dll
 0002:00000190       \177KERNEL32_NULL_THUNK_DATA 0041a190     kernel32:KERNEL32.dll
 0002:00000194       __imp__VariantChangeType@16 0041a194     oleaut32:OLEAUT32.dll
 0002:00000198       __imp__SysStringByteLen@4  0041a198     oleaut32:OLEAUT32.dll
 0002:0000019c       __imp__SysAllocStringByteLen@8 0041a19c     oleaut32:OLEAUT32.dll
 0002:000001a0       __imp__SysAllocString@4    0041a1a0     oleaut32:OLEAUT32.dll
 0002:000001a4       __imp__SysFreeString@4     0041a1a4     oleaut32:OLEAUT32.dll
 0002:000001a8       __imp__VariantInit@4       0041a1a8     oleaut32:OLEAUT32.dll
 0002:000001ac       __imp__VariantClear@4      0041a1ac     oleaut32:OLEAUT32.dll
 0002:000001b0       __imp__GetErrorInfo@8      0041a1b0     oleaut32:OLEAUT32.dll
 0002:000001b4       __imp__SetErrorInfo@8      0041a1b4     oleaut32:OLEAUT32.dll
 0002:000001b8       __imp__CreateErrorInfo@4   0041a1b8     oleaut32:OLEAUT32.dll
 0002:000001bc       \177OLEAUT32_NULL_THUNK_DATA 0041a1bc     oleaut32:OLEAUT32.dll
 0002:000001c0       __imp__KillTimer@8         0041a1c0     user32:USER32.dll
 0002:000001c4       __imp__SendMessageA@16     0041a1c4     user32:USER32.dll
 0002:000001c8       __imp__SetTimer@16         0041a1c8     user32:USER32.dll
 0002:000001cc       __imp__UpdateWindow@4      0041a1cc     user32:USER32.dll
 0002:000001d0       __imp__ShowWindow@8        0041a1d0     user32:USER32.dll
 0002:000001d4       __imp__GetClientRect@8     0041a1d4     user32:USER32.dll
 0002:000001d8       __imp__CreateWindowExA@48  0041a1d8     user32:USER32.dll
 0002:000001dc       __imp__EndDialog@8         0041a1dc     user32:USER32.dll
 0002:000001e0       __imp__DialogBoxParamA@20  0041a1e0     user32:USER32.dll
 0002:000001e4       __imp__DispatchMessageA@4  0041a1e4     user32:USER32.dll
 0002:000001e8       __imp__TranslateMessage@4  0041a1e8     user32:USER32.dll
 0002:000001ec       __imp__GetMessageA@16      0041a1ec     user32:USER32.dll
 0002:000001f0       __imp__LoadStringA@16      0041a1f0     user32:USER32.dll
 0002:000001f4       __imp__MessageBoxA@16      0041a1f4     user32:USER32.dll
 0002:000001f8       __imp__RegisterClassExA@4  0041a1f8     user32:USER32.dll
 0002:000001fc       __imp__LoadCursorA@8       0041a1fc     user32:USER32.dll
 0002:00000200       __imp__wsprintfA           0041a200     user32:USER32.dll
 0002:00000204       __imp__BeginPaint@8        0041a204     user32:USER32.dll
 0002:00000208       __imp__EndPaint@8          0041a208     user32:USER32.dll
 0002:0000020c       __imp__MoveWindow@24       0041a20c     user32:USER32.dll
 0002:00000210       __imp__DefWindowProcA@16   0041a210     user32:USER32.dll
 0002:00000214       __imp__PostQuitMessage@4   0041a214     user32:USER32.dll
 0002:00000218       __imp__DestroyWindow@4     0041a218     user32:USER32.dll
 0002:0000021c       __imp__LoadIconA@8         0041a21c     user32:USER32.dll
 0002:00000220       \177USER32_NULL_THUNK_DATA 0041a220     user32:USER32.dll
 0002:00000224       __imp__WSACleanup@0        0041a224     Ws2_32:WS2_32.dll
 0002:00000228       __imp__closesocket@4       0041a228     Ws2_32:WS2_32.dll
 0002:0000022c       __imp__bind@12             0041a22c     Ws2_32:WS2_32.dll
 0002:00000230       __imp__htonl@4             0041a230     Ws2_32:WS2_32.dll
 0002:00000234       __imp__htons@4             0041a234     Ws2_32:WS2_32.dll
 0002:00000238       __imp__WSAStartup@8        0041a238     Ws2_32:WS2_32.dll
 0002:0000023c       __imp__inet_addr@4         0041a23c     Ws2_32:WS2_32.dll
 0002:00000240       __imp__inet_ntoa@4         0041a240     Ws2_32:WS2_32.dll
 0002:00000244       __imp__socket@12           0041a244     Ws2_32:WS2_32.dll
 0002:00000248       \177WS2_32_NULL_THUNK_DATA 0041a248     Ws2_32:WS2_32.dll
 0002:0000024c       __imp__OleRun@4            0041a24c     ole32:ole32.dll
 0002:00000250       __imp__CoCreateInstance@20 0041a250     ole32:ole32.dll
 0002:00000254       __imp__CoInitializeEx@8    0041a254     ole32:ole32.dll
 0002:00000258       __imp__CoUninitialize@0    0041a258     ole32:ole32.dll
 0002:0000025c       __imp__CLSIDFromString@8   0041a25c     ole32:ole32.dll
[...]
 0003:00204268       ___argc                    00622268     LIBCMT:crt0dat.obj
 0003:0020426c       ___argv                    0062226c     LIBCMT:crt0dat.obj
 0003:00204270       ___wargv                   00622270     LIBCMT:crt0dat.obj
 0003:00204274       __environ                  00622274     LIBCMT:crt0dat.obj
 0003:00204278       ___initenv                 00622278     LIBCMT:crt0dat.obj
 0003:0020427c       __wenviron                 0062227c     LIBCMT:crt0dat.obj
 0003:00204280       ___winitenv                00622280     LIBCMT:crt0dat.obj
 0003:00204284       __pgmptr                   00622284     LIBCMT:crt0dat.obj
 0003:00204288       __wpgmptr                  00622288     LIBCMT:crt0dat.obj
 0003:0020428c       __exitflag                 0062228c     LIBCMT:crt0dat.obj
 0003:00204290       __C_Termination_Done       00622290     LIBCMT:crt0dat.obj
 0003:00204294       __C_Exit_Done              00622294     LIBCMT:crt0dat.obj
 0003:00204298       __stdbuf                   00622298     LIBCMT:_sftbuf.obj
 0003:0020448c       __adbgmsg                  0062248c     LIBCMT:crt0msg.obj
 0003:00204494       __newmode                  00622494     LIBCMT:_newmode.obj
 0003:00204498       ?_pnhHeap@@3P6AHI@ZA       00622498     LIBCMT:handler.obj
 0003:0020449c       __commode                  0062249c     LIBCMT:ncommode.obj
 0003:002044a4       ___lc_handle               006224a4     LIBCMT:nlsdata2.obj
 0003:002044bc       ___lc_codepage             006224bc     LIBCMT:nlsdata2.obj
 0003:002044c0       ___lc_collate_cp           006224c0     LIBCMT:nlsdata2.obj
 0003:002044d8       __fmode                    006224d8     LIBCMT:txtmode.obj
 0003:002044fc       ___lc_time_intl            006224fc     LIBCMT:inittime.obj
 0003:00204518       ___lc_id                   00622518     LIBCMT:nlsdata3.obj
 0003:0020456c       ___lconv_static_null       0062256c     LIBCMT:lconv.obj
 0003:002045a0       __GUID_00000000_0000_0000_0000_000000000000 006225a0     comsupp:comsupp.obj
 0003:002045b0       ?vtMissing@@3V_variant_t@@A 006225b0     comsupp:comutil.obj
 0003:002045c0       ??_B?1???id@?$ctype@G@std@@$D@@9@51 006225c0     <common>
 0003:002045c4       ___alternate_form          006225c4     <common>
 0003:002045c8       ___no_lead_zeros           006225c8     <common>
 0003:002045cc       ___setlc_active            006225cc     <common>
 0003:002045d0       ___unguarded_readlc_active 006225d0     <common>
 0003:002045d4       ___sbh_sizeHeaderList      006225d4     <common>
 0003:002045d8       ___sbh_indGroupDefer       006225d8     <common>
 0003:002045dc       ___sbh_pHeaderScan         006225dc     <common>
 0003:002045e0       ___sbh_initialized         006225e0     <common>
 0003:002045e4       ___sbh_pHeaderDefer        006225e4     <common>
 0003:002045e8       ___sbh_cntHeaderList       006225e8     <common>
 0003:002045ec       ___sbh_pHeaderList         006225ec     <common>
 0003:002045f0       ___sbh_threshold           006225f0     <common>
 0003:002045f4       __crtheap                  006225f4     <common>
 0003:002045f8       ___active_heap             006225f8     <common>
 0003:002045fc       ___env_initialized         006225fc     <common>
 0003:00204600       ___mbctype_initialized     00622600     <common>
 0003:00204604       ___onexitend               00622604     <common>
 0003:00204608       ___onexitbegin             00622608     <common>
 0003:0020460c       __FPinit                   0062260c     <common>
 0003:00204610       ___mbcodepage              00622610     <common>
 0003:00204620       ___mbulinfo                00622620     <common>
 0003:0020462c       ___ismbcodepage            0062262c     <common>
 0003:00204640       __mbcasemap                00622640     <common>
 0003:00204740       __mbctype                  00622740     <common>
 0003:00204844       ___mblcid                  00622844     <common>
 0003:00204860       ___pioinfo                 00622860     <common>
 0003:00204960       __nhandle                  00622960     <common>
 0003:00204964       ___piob                    00622964     <common>
 0003:00204980       __bufin                    00622980     <common>
 0003:00205980       __nstream                  00623980     <common>
 0003:00205984       __acmdln                   00623984     <common>
 0003:00205988       __FPmtinit                 00623988     <common>
 0003:0020598c       __FPmtterm                 0062398c     <common>
 0003:00205990       ??_B?1???id@?$collate@D@std@@$D@@9@51 00623990     <common>

 entry point at        0001:0000bb4e

 Static symbols

 0001:0000a320       _$E24                      0040b320 f   S3PDBSocketPool.obj
 0001:0000a340       _$E23                      0040b340 f   S3PDBSocketPool.obj
 0001:00006ef0       _$E19                      00407ef0 f   S3PDBConVBC.obj
 0001:00006f10       _$E18                      00407f10 f   S3PDBConVBC.obj
 0001:00006e70       _$E20                      00407e70 f   S3PDBConnectionPool.obj
 0001:00006e90       _$E19                      00407e90 f   S3PDBConnectionPool.obj
 0001:00006110       _$E19                      00407110 f   S3PDB_MSSQLServer_Connection.obj
 0001:00006130       _$E18                      00407130 f   S3PDB_MSSQLServer_Connection.obj
 0001:00004d10       _$E19                      00405d10 f   S3PAccount.obj
 0001:00004d30       _$E18                      00405d30 f   S3PAccount.obj
 0001:00002620       _$E22                      00403620 f   main.obj
 0001:00002630       _$E19                      00403630 f   main.obj
 0001:00002640       _$E21                      00403640 f   main.obj
 0001:00002650       _$E20                      00403650 f   main.obj
 0001:00002ee0       _$E27                      00403ee0 f   main.obj
 0001:00002ef0       _$E24                      00403ef0 f   main.obj
 0001:00002f30       _$E26                      00403f30 f   main.obj
 0001:00002f40       _$E25                      00403f40 f   main.obj
 0001:00003620       _$E34                      00404620 f   main.obj
 0001:00003640       _$E33                      00404640 f   main.obj
 0001:000025e0       _$E19                      004035e0 f   LogFile.obj
 0001:00002600       _$E18                      00403600 f   LogFile.obj
 0001:00000000       _$E2                       00401000 f   GlobalFun.obj
 0001:00000010       _$E1                       00401010 f   GlobalFun.obj
 0001:00000030       _$E5                       00401030 f   GlobalFun.obj
 0001:00000040       _$E4                       00401040 f   GlobalFun.obj
 0001:00000060       _$E8                       00401060 f   GlobalFun.obj
 0001:00000070       _$E7                       00401070 f   GlobalFun.obj
 0001:00000090       _$E11                      00401090 f   GlobalFun.obj
 0001:000000a0       _$E10                      004010a0 f   GlobalFun.obj
 0001:000000c0       _$E14                      004010c0 f   GlobalFun.obj
 0001:000000d0       _$E13                      004010d0 f   GlobalFun.obj
 0001:000000f0       _$E17                      004010f0 f   GlobalFun.obj
 0001:00000100       _$E16                      00401100 f   GlobalFun.obj
 0001:00000120       _$E20                      00401120 f   GlobalFun.obj
 0001:00000130       _$E19                      00401130 f   GlobalFun.obj
 0001:00000150       _$E23                      00401150 f   GlobalFun.obj
 0001:00000160       _$E22                      00401160 f   GlobalFun.obj
 0001:00000180       _$E26                      00401180 f   GlobalFun.obj
 0001:00000190       _$E25                      00401190 f   GlobalFun.obj
 0001:000006c0       ?IsEnterKey@@YAHPBDPAH@Z   004016c0 f   GlobalFun.obj
 0001:00000760       ?GetFirstLineLen@@YAJPBD@Z 00401760 f   GlobalFun.obj
 0001:000007f0       ?GetPrivateProfileKeyPos@@YAHPBD00AAJ1@Z 004017f0 f   GlobalFun.obj
 0001:000009a0       ?GetStrInStrPos@@YAHPBD0AAJ@Z 004019a0 f   GlobalFun.obj
 0001:00000a10       ?GetKeyValue@@YAPADPBDAAJ@Z 00401a10 f   GlobalFun.obj
 0001:00016b37       _xtoa                      00417b37 f   LIBCMT:xtoa.obj
 0001:00016c09       _x64toa@20                 00417c09 f   LIBCMT:xtoa.obj
 0001:0001606a       __expandtime               0041706a f   LIBCMT:strftime.obj
 0001:00016459       __store_str                00417459 f   LIBCMT:strftime.obj
 0001:00016480       __store_num                00417480 f   LIBCMT:strftime.obj
 0001:000164ef       __store_number             004174ef f   LIBCMT:strftime.obj
 0001:00016538       __store_winword            00417538 f   LIBCMT:strftime.obj
 0001:00015b40       _findenv                   00416b40 f   LIBCMT:setenv.obj
 0001:00015b98       _copy_environ              00416b98 f   LIBCMT:setenv.obj
 0001:0001598e       _strncnt                   0041698e f   LIBCMT:a_cmp.obj
 0001:00014fe7       _TranslateName             00415fe7 f   LIBCMT:getqloc.obj
 0001:0001503f       _GetLcidFromLangCountry    0041603f f   LIBCMT:getqloc.obj
 0001:000150c6       _LangCountryEnumProc@4     004160c6 f   LIBCMT:getqloc.obj
 0001:000152ca       _GetLcidFromLanguage       004162ca f   LIBCMT:getqloc.obj
 0001:00015320       _LanguageEnumProc@4        00416320 f   LIBCMT:getqloc.obj
 0001:000153dd       _GetLcidFromCountry        004163dd f   LIBCMT:getqloc.obj
 0001:00015414       _CountryEnumProc@4         00416414 f   LIBCMT:getqloc.obj
 0001:0001549a       _GetLcidFromDefault        0041649a f   LIBCMT:getqloc.obj
 0001:000154b4       _ProcessCodePage           004164b4 f   LIBCMT:getqloc.obj
 0001:0001551a       _TestDefaultCountry        0041651a f   LIBCMT:getqloc.obj
 0001:00015539       _TestDefaultLanguage       00416539 f   LIBCMT:getqloc.obj
 0001:0001559b       _IsThisWindowsNT           0041659b f   LIBCMT:getqloc.obj
 0001:000155d1       _crtGetLocaleInfoA@16      004165d1 f   LIBCMT:getqloc.obj
 0001:000156b7       _LcidFromHexString         004166b7 f   LIBCMT:getqloc.obj
 0001:000156f0       _GetPrimaryLen             004166f0 f   LIBCMT:getqloc.obj
 0001:000149fe       __get_lc_lconv             004159fe f   LIBCMT:initmon.obj
 0001:00014b20       _fix_grouping              00415b20 f   LIBCMT:initmon.obj
 0001:00014b57       __free_lc_lconv            00415b57 f   LIBCMT:initmon.obj
 0001:000148fc       _fix_grouping              004158fc f   LIBCMT:initnum.obj
 0001:00014249       __get_lc_time              00415249 f   LIBCMT:inittime.obj
 0001:00014597       __free_lc_time             00415597 f   LIBCMT:inittime.obj
 0001:00013adb       __setlocale_set_cat        00414adb f   LIBCMT:setlocal.obj
 0001:00013bf6       __setlocale_get_all        00414bf6 f   LIBCMT:setlocal.obj
 0001:00013659       _ctrlevent_capture@4       00414659 f   LIBCMT:winsig.obj
 0001:0001383d       _siglookup                 0041483d f   LIBCMT:winsig.obj
 0001:00012f63       _strtoxl                   00413f63 f   LIBCMT:strtol.obj
 0001:00012f1b       _x_ismbbtype               00413f1b f   LIBCMT:ismbbyte.obj
 0001:000128a4       _strncnt                   004138a4 f   LIBCMT:a_map.obj
 0001:0000fdfe       _parse_cmdline             00410dfe f   LIBCMT:stdargv.obj
 0001:0000f468       __tzset_lk                 00410468 f   LIBCMT:tzset.obj
 0001:0000f710       __isindst_lk               00410710 f   LIBCMT:tzset.obj
 0001:0000f8bc       _cvtdate                   004108bc f   LIBCMT:tzset.obj
 0001:0000ee94       _write_char                0040fe94 f   LIBCMT:output.obj
 0001:0000eec9       _write_multi_char          0040fec9 f   LIBCMT:output.obj
 0001:0000eefa       _write_string              0040fefa f   LIBCMT:output.obj
 0001:0000ef32       _get_int_arg               0040ff32 f   LIBCMT:output.obj
 0001:0000ef3f       _get_int64_arg             0040ff3f f   LIBCMT:output.obj
 0001:0000ef4f       _get_short_arg             0040ff4f f   LIBCMT:output.obj
 0001:0000e581       _xcptlookup                0040f581 f   LIBCMT:winxfltr.obj
 0001:0000e372       _doexit                    0040f372 f   LIBCMT:crt0dat.obj
 0001:0000e429       __initterm                 0040f429 f   LIBCMT:crt0dat.obj
 0001:0000df33       _getSystemCP               0040ef33 f   LIBCMT:mbctype.obj
 0001:0000df7d       _CPtoLCID                  0040ef7d f   LIBCMT:mbctype.obj
 0001:0000dfb0       _setSBCS                   0040efb0 f   LIBCMT:mbctype.obj
 0001:0000dfd9       _setSBUpLow                0040efd9 f   LIBCMT:mbctype.obj
 0001:0000d234       ?FindHandler@@YAXPAUEHExceptionRecord@@PAUEHRegistrationNode@@PAU_CONTEXT@@PAXPBU_s_FuncInfo@@EH1@Z 0040e234 f   LIBCMT:frame.obj
 0001:0000d3e7       ?FindHandlerForForeignException@@YAXPAUEHExceptionRecord@@PAUEHRegistrationNode@@PAU_CONTEXT@@PAXPBU_s_FuncInfo@@HH1@Z 0040e3e7 f   LIBCMT:frame.obj
 0001:0000d491       ?TypeMatch@@YAHPBU_s_HandlerType@@PBU_s_CatchableType@@PBU_s_ThrowInfo@@@Z 0040e491 f   LIBCMT:frame.obj
 0001:0000d58c       ?FrameUnwindFilter@@YAHPAU_EXCEPTION_POINTERS@@@Z 0040e58c f   LIBCMT:frame.obj
 0001:0000d5a2       ?CatchIt@@YAXPAUEHExceptionRecord@@PAUEHRegistrationNode@@PAU_CONTEXT@@PAXPBU_s_FuncInfo@@PBU_s_HandlerType@@PBU_s_CatchableType@@PBU_s_TryBlockMapEntry@@H1E@Z 0040e5a2 f   LIBCMT:frame.obj
 0001:0000d61d       ?CallCatchBlock@@YAPAXPAUEHExceptionRecord@@PAUEHRegistrationNode@@PAU_CONTEXT@@PBU_s_FuncInfo@@PAXHK@Z 0040e61d f   LIBCMT:frame.obj
 0001:0000d738       ?ExFilterRethrow@@YAHPAU_EXCEPTION_POINTERS@@@Z 0040e738 f   LIBCMT:frame.obj
 0001:0000d762       ?BuildCatchObject@@YAXPAUEHExceptionRecord@@PAUEHRegistrationNode@@PBU_s_HandlerType@@PBU_s_CatchableType@@@Z 0040e762 f   LIBCMT:frame.obj
 0001:0000d98d       ?AdjustPointer@@YAPAXPAXABUPMD@@@Z 0040e98d f   LIBCMT:frame.obj
 0001:0000c3d0       LeadUp1                    0040d3d0 f   LIBCMT:memcpy.obj
 0001:0000c3fc       LeadUp2                    0040d3fc f   LIBCMT:memcpy.obj
 0001:0000c420       LeadUp3                    0040d420 f   LIBCMT:memcpy.obj
 0001:0000c49f       UnwindUp0                  0040d49f f   LIBCMT:memcpy.obj
 0001:0000c48c       UnwindUp1                  0040d48c f   LIBCMT:memcpy.obj
 0001:0000c484       UnwindUp2                  0040d484 f   LIBCMT:memcpy.obj
 0001:0000c47c       UnwindUp3                  0040d47c f   LIBCMT:memcpy.obj
 0001:0000c474       UnwindUp4                  0040d474 f   LIBCMT:memcpy.obj
 0001:0000c46c       UnwindUp5                  0040d46c f   LIBCMT:memcpy.obj
 0001:0000c464       UnwindUp6                  0040d464 f   LIBCMT:memcpy.obj
 0001:0000c45c       UnwindUp7                  0040d45c f   LIBCMT:memcpy.obj
 0001:0000c4b8       TrailUp0                   0040d4b8 f   LIBCMT:memcpy.obj
 0001:0000c4c0       TrailUp1                   0040d4c0 f   LIBCMT:memcpy.obj
 0001:0000c4cc       TrailUp2                   0040d4cc f   LIBCMT:memcpy.obj
 0001:0000c4e0       TrailUp3                   0040d4e0 f   LIBCMT:memcpy.obj
 0001:0000c558       LeadDown1                  0040d558 f   LIBCMT:memcpy.obj
 0001:0000c578       LeadDown2                  0040d578 f   LIBCMT:memcpy.obj
 0001:0000c5a0       LeadDown3                  0040d5a0 f   LIBCMT:memcpy.obj
 0001:0000c5f4       UnwindDown7                0040d5f4 f   LIBCMT:memcpy.obj
 0001:0000c5fc       UnwindDown6                0040d5fc f   LIBCMT:memcpy.obj
 0001:0000c604       UnwindDown5                0040d604 f   LIBCMT:memcpy.obj
 0001:0000c60c       UnwindDown4                0040d60c f   LIBCMT:memcpy.obj
 0001:0000c614       UnwindDown3                0040d614 f   LIBCMT:memcpy.obj
 0001:0000c61c       UnwindDown2                0040d61c f   LIBCMT:memcpy.obj
 0001:0000c624       UnwindDown1                0040d624 f   LIBCMT:memcpy.obj
 0001:0000c637       UnwindDown0                0040d637 f   LIBCMT:memcpy.obj
 0001:0000c650       TrailDown0                 0040d650 f   LIBCMT:memcpy.obj
 0001:0000c658       TrailDown1                 0040d658 f   LIBCMT:memcpy.obj
 0001:0000c668       TrailDown2                 0040d668 f   LIBCMT:memcpy.obj
 0001:0000c67c       TrailDown3                 0040d67c f   LIBCMT:memcpy.obj
 0001:0000c2b2       _flsall                    0040d2b2 f   LIBCMT:fflush.obj
 0001:0000bc7b       _fast_error_exit           0040cc7b f   LIBCMT:wincrt0.obj
 0001:0000b1b0       LeadUp1                    0040c1b0 f   LIBCMT:memmove.obj
 0001:0000b1dc       LeadUp2                    0040c1dc f   LIBCMT:memmove.obj
 0001:0000b200       LeadUp3                    0040c200 f   LIBCMT:memmove.obj
 0001:0000b27f       UnwindUp0                  0040c27f f   LIBCMT:memmove.obj
 0001:0000b26c       UnwindUp1                  0040c26c f   LIBCMT:memmove.obj
 0001:0000b264       UnwindUp2                  0040c264 f   LIBCMT:memmove.obj
 0001:0000b25c       UnwindUp3                  0040c25c f   LIBCMT:memmove.obj
 0001:0000b254       UnwindUp4                  0040c254 f   LIBCMT:memmove.obj
 0001:0000b24c       UnwindUp5                  0040c24c f   LIBCMT:memmove.obj
 0001:0000b244       UnwindUp6                  0040c244 f   LIBCMT:memmove.obj
 0001:0000b23c       UnwindUp7                  0040c23c f   LIBCMT:memmove.obj
 0001:0000b298       TrailUp0                   0040c298 f   LIBCMT:memmove.obj
 0001:0000b2a0       TrailUp1                   0040c2a0 f   LIBCMT:memmove.obj
 0001:0000b2ac       TrailUp2                   0040c2ac f   LIBCMT:memmove.obj
 0001:0000b2c0       TrailUp3                   0040c2c0 f   LIBCMT:memmove.obj
 0001:0000b338       LeadDown1                  0040c338 f   LIBCMT:memmove.obj
 0001:0000b358       LeadDown2                  0040c358 f   LIBCMT:memmove.obj
 0001:0000b380       LeadDown3                  0040c380 f   LIBCMT:memmove.obj
 0001:0000b3d4       UnwindDown7                0040c3d4 f   LIBCMT:memmove.obj
 0001:0000b3dc       UnwindDown6                0040c3dc f   LIBCMT:memmove.obj
 0001:0000b3e4       UnwindDown5                0040c3e4 f   LIBCMT:memmove.obj
 0001:0000b3ec       UnwindDown4                0040c3ec f   LIBCMT:memmove.obj
 0001:0000b3f4       UnwindDown3                0040c3f4 f   LIBCMT:memmove.obj
 0001:0000b3fc       UnwindDown2                0040c3fc f   LIBCMT:memmove.obj
 0001:0000b404       UnwindDown1                0040c404 f   LIBCMT:memmove.obj
 0001:0000b417       UnwindDown0                0040c417 f   LIBCMT:memmove.obj
 0001:0000b430       TrailDown0                 0040c430 f   LIBCMT:memmove.obj
 0001:0000b438       TrailDown1                 0040c438 f   LIBCMT:memmove.obj
 0001:0000b448       TrailDown2                 0040c448 f   LIBCMT:memmove.obj
 0001:0000b45c       TrailDown3                 0040c45c f   LIBCMT:memmove.obj
 0001:0000b024       __threadstartex@4          0040c024 f   LIBCMT:threadex.obj
 0001:0000adf4       _gu_return                 0040bdf4 f   LIBCMT:exsup.obj
 0001:0000adfc       __unwind_handler           0040bdfc f   LIBCMT:exsup.obj
 0001:0000ac10       ?CatchGuardHandler@@YA?AW4_EXCEPTION_DISPOSITION@@PAUEHExceptionRecord@@PAUCatchGuardRN@@PAX2@Z 0040bc10 f   LIBCMT:trnsctrl.obj
 0001:0000aceb       ?TranslatorGuardHandler@@YA?AW4_EXCEPTION_DISPOSITION@@PAUEHExceptionRecord@@PAUTranslatorGuardRN@@PAX2@Z 0040bceb f   LIBCMT:trnsctrl.obj
 0001:00017695       ?_CleanUp@std@@YAXXZ       00418695 f   libcpmt:xlock.obj
 0001:000175d4       _$E24                      004185d4 f   libcpmt:string.obj
 0001:000175fe       _$E20                      004185fe f   libcpmt:string.obj
 0001:0001760a       _$E23                      0041860a f   libcpmt:string.obj
 0001:00017d80       _$E4                       00418d80 f   comsupp:comutil.obj
 0001:00017d8a       _$E1                       00418d8a f   comsupp:comutil.obj
 0001:00017d9c       _$E3                       00418d9c f   comsupp:comutil.obj
 0001:00017da8       _$E2                       00418da8 f   comsupp:comutil.obj
 0001:00017773       ?_com_invoke_helper@@YAJPAUIDispatch@@JGGPAXPBGPADPAPAUIErrorInfo@@@Z 00418773 f   comsupp:comsupp.obj
