 Rainbow

 Timestamp is 60606681 (Sun Mar 28 18:20:33 2021)

 Preferred load address is 10000000

 Start         Length     Name                   Class
 0001:00000000 00059419H .text                   CODE
 0001:00059420 00005042H .text$x                 CODE
 0001:0005e462 00031d0eH .textbss                CODE
 0002:00000000 00003031H .rdata                  DATA
 0002:00003038 0000181eH .rdata$r                DATA
 0002:00004858 00005584H .xdata$x                DATA
 0002:00009de0 0000015dH .edata                  DATA
 0003:00000000 00000104H .CRT$XCA                DATA
 0003:00000104 000001d6H .CRT$XCU                DATA
 0003:000002dc 00000104H .CRT$XCZ                DATA
 0003:000003e0 00000104H .CRT$XIA                DATA
 0003:000004e4 0000010eH .CRT$XIC                DATA
 0003:000005f4 00000104H .CRT$XIY                DATA
 0003:000006f8 00000104H .CRT$XIZ                DATA
 0003:000007fc 00000104H .CRT$XPA                DATA
 0003:00000900 00000109H .CRT$XPX                DATA
 0003:00000a0c 00000104H .CRT$XPZ                DATA
 0003:00000b10 00000104H .CRT$XTA                DATA
 0003:00000c14 00000104H .CRT$XTB                DATA
 0003:00000d18 00000104H .CRT$XTZ                DATA
 0003:00000e20 00003769H .data                   DATA
 0003:00004590 0000232dH .bss                    DATA
 0004:00000000 00000064H .idata$2                DATA
 0004:00000064 00000014H .idata$3                DATA
 0004:00000078 00000328H .idata$4                DATA
 0004:000003a0 00000328H .idata$5                DATA
 0004:000006c8 000009a5H .idata$6                DATA

  Address         Publics by Value              Rva+Base     Lib:Object

 0001:000003c0       _DllMain@12                100013c0 f   Rainbow.obj
 0001:000003f0       _CreateInterface@8         100013f0 f   ClientStage.obj
 0001:00000570       ??0CGameClient@@QAE@IIII@Z 10001570 f   ClientStage.obj
 0001:000006c0       ??_ECGameClient@@UAEPAXI@Z 100016c0 f i ClientStage.obj
 0001:000006c0       ??_GCGameClient@@UAEPAXI@Z 100016c0 f i ClientStage.obj
 0001:00000730       ??0IClient@@QAE@XZ         10001730 f i ClientStage.obj
 0001:00000790       ??0IUnknown@@QAE@XZ        10001790 f i ClientStage.obj
 0001:000007c0       ??1CGameClient@@UAE@XZ     100017c0 f   ClientStage.obj
 0001:000008d0       ?Startup@CGameClient@@UAGJXZ 100018d0 f   ClientStage.obj
 0001:00000b40       ?Cleanup@CGameClient@@UAGJXZ 10001b40 f   ClientStage.obj
 0001:00000dc0       ?ConnectTo@CGameClient@@UAGJABQBDG@Z 10001dc0 f   ClientStage.obj
 0001:000010b0       ?RegisterMsgFilter@CGameClient@@UAGJPAXP6GX0ABK@Z@Z 100020b0 f   ClientStage.obj
 0001:00001100       ?SendPackToServer@CGameClient@@UAGJQBXABI@Z 10002100 f   ClientStage.obj
 0001:00001240       ?GetPackFromServer@CGameClient@@UAGPBXAAI@Z 10002240 f   ClientStage.obj
 0001:00001340       ?Shutdown@CGameClient@@UAGJXZ 10002340 f   ClientStage.obj
 0001:00001390       ?QueryInterface@CGameClient@@UAGJABU_GUID@@PAPAX@Z 10002390 f   ClientStage.obj
 0001:00001460       ?AddRef@CGameClient@@UAGKXZ 10002460 f   ClientStage.obj
 0001:000014c0       ?Release@CGameClient@@UAGKXZ 100024c0 f   ClientStage.obj
 0001:00001570       ?ProcessCommand@CGameClient@@IAEXPBVCIOBuffer@Win32@OnlineGameLib@@@Z 10002570 f   ClientStage.obj
 0001:00001660       ?GetMinimumMessageSize@CGameClient@@IBEIXZ 10002660 f   ClientStage.obj
 0001:000016a0       ?GetMessageSize@CGameClient@@IBEIPBVCIOBuffer@Win32@OnlineGameLib@@@Z 100026a0 f   ClientStage.obj
 0001:00001710       ?ProcessDataStream@CGameClient@@IAEPAVCIOBuffer@Win32@OnlineGameLib@@PAV234@@Z 10002710 f   ClientStage.obj
 0001:00001970       ?OnStartConnections@CGameClient@@EAEXXZ 10002970 f   ClientStage.obj
 0001:000019f0       ?OnStopConnections@CGameClient@@EAEXXZ 100029f0 f   ClientStage.obj
 0001:00001a70       ?ReadCompleted@CGameClient@@EAEXPAVCIOBuffer@Win32@OnlineGameLib@@@Z 10002a70 f   ClientStage.obj
 0001:00001d80       ??0CClientFactory@@QAE@XZ  10002d80 f   ClientStage.obj
 0001:00001df0       ??_GCClientFactory@@UAEPAXI@Z 10002df0 f i ClientStage.obj
 0001:00001df0       ??_ECClientFactory@@UAEPAXI@Z 10002df0 f i ClientStage.obj
 0001:00001e60       ??0IClientFactory@@QAE@XZ  10002e60 f i ClientStage.obj
 0001:00001ec0       ??1CClientFactory@@UAE@XZ  10002ec0 f   ClientStage.obj
 0001:00001f00       ?SetEnvironment@CClientFactory@@UAGJABI@Z 10002f00 f   ClientStage.obj
 0001:00001f40       ?CreateClientInterface@CClientFactory@@UAGJABU_GUID@@PAPAX@Z 10002f40 f   ClientStage.obj
 0001:000020b0       ?QueryInterface@CClientFactory@@UAGJABU_GUID@@PAPAX@Z 100030b0 f   ClientStage.obj
 0001:00002180       ?AddRef@CClientFactory@@UAGKXZ 10003180 f   ClientStage.obj
 0001:000021e0       ?Release@CClientFactory@@UAGKXZ 100031e0 f   ClientStage.obj
 0001:00002290       ??0?$basic_string@DU?$char_traits@D@std@@V?$allocator@D@2@@std@@QAE@PBDABV?$allocator@D@1@@Z 10003290 f i ClientStage.obj
 0001:00002300       ??1?$basic_string@DU?$char_traits@D@std@@V?$allocator@D@2@@std@@QAE@XZ 10003300 f i ClientStage.obj
 0001:00002350       ?assign@?$basic_string@DU?$char_traits@D@std@@V?$allocator@D@2@@std@@QAEAAV12@PBD@Z 10003350 f i ClientStage.obj
 0001:000023b0       ?length@?$char_traits@D@std@@SAIPBD@Z 100033b0 f i ClientStage.obj
 0001:00002400       ?_Tidy@?$basic_string@DU?$char_traits@D@std@@V?$allocator@D@2@@std@@AAEX_N@Z 10003400 f i ClientStage.obj
 0001:00002510       ?assign@?$basic_string@DU?$char_traits@D@std@@V?$allocator@D@2@@std@@QAEAAV12@PBDI@Z 10003510 f i ClientStage.obj
 0001:000025a0       ?copy@?$char_traits@D@std@@SAPADPADPBDI@Z 100035a0 f i ClientStage.obj
 0001:000025f0       ?_Eos@?$basic_string@DU?$char_traits@D@std@@V?$allocator@D@2@@std@@AAEXI@Z 100035f0 f i ClientStage.obj
 0001:00002660       ?assign@?$char_traits@D@std@@SAXAADABD@Z 10003660 f i ClientStage.obj
 0001:000026a0       ?_Grow@?$basic_string@DU?$char_traits@D@std@@V?$allocator@D@2@@std@@AAE_NI_N@Z 100036a0 f i ClientStage.obj
 0001:00002850       ?_Refcnt@?$basic_string@DU?$char_traits@D@std@@V?$allocator@D@2@@std@@AAEAAEPBD@Z 10003850 f i ClientStage.obj
 0001:00002890       ?deallocate@?$allocator@D@std@@QAEXPAXI@Z 10003890 f i ClientStage.obj
 0001:000028e0       ??8@YAHABU_GUID@@0@Z       100038e0 f i ClientStage.obj
 0001:00002930       ?max_size@?$basic_string@DU?$char_traits@D@std@@V?$allocator@D@2@@std@@QBEIXZ 10003930 f i ClientStage.obj
 0001:000029a0       ?_Copy@?$basic_string@DU?$char_traits@D@std@@V?$allocator@D@2@@std@@AAEXI@Z 100039a0 f i ClientStage.obj
 0001:00002b50       ?allocate@?$allocator@D@std@@QAEPADIPBX@Z 10003b50 f i ClientStage.obj
 0001:00002ba0       ?max_size@?$allocator@D@std@@QBEIXZ 10003ba0 f i ClientStage.obj
 0001:00002c00       ??Hstd@@YA?AV?$basic_string@DU?$char_traits@D@std@@V?$allocator@D@2@@0@PBDABV10@@Z 10003c00 f i ClientStage.obj
 0001:00002cd0       ??0?$basic_string@DU?$char_traits@D@std@@V?$allocator@D@2@@std@@QAE@ABV01@@Z 10003cd0 f i ClientStage.obj
 0001:00002d50       ?assign@?$basic_string@DU?$char_traits@D@std@@V?$allocator@D@2@@std@@QAEAAV12@ABV12@II@Z 10003d50 f i ClientStage.obj
 0001:00002f30       ?c_str@?$basic_string@DU?$char_traits@D@std@@V?$allocator@D@2@@std@@QBEPBDXZ 10003f30 f i ClientStage.obj
 0001:00002f90       ?size@?$basic_string@DU?$char_traits@D@std@@V?$allocator@D@2@@std@@QBEIXZ 10003f90 f i ClientStage.obj
 0001:00002fd0       ?_Nullstr@?$basic_string@DU?$char_traits@D@std@@V?$allocator@D@2@@std@@CAPBDXZ 10003fd0 f i ClientStage.obj
 0001:00003000       ?erase@?$basic_string@DU?$char_traits@D@std@@V?$allocator@D@2@@std@@QAEAAV12@II@Z 10004000 f i ClientStage.obj
 0001:00003100       ?move@?$char_traits@D@std@@SAPADPADPBDI@Z 10004100 f i ClientStage.obj
 0001:00003150       ?capacity@?$basic_string@DU?$char_traits@D@std@@V?$allocator@D@2@@std@@QBEIXZ 10004150 f i ClientStage.obj
 0001:00003190       ?_Split@?$basic_string@DU?$char_traits@D@std@@V?$allocator@D@2@@std@@AAEXXZ 10004190 f i ClientStage.obj
 0001:00003240       ??Hstd@@YA?AV?$basic_string@DU?$char_traits@D@std@@V?$allocator@D@2@@0@ABV10@PBD@Z 10004240 f i ClientStage.obj
 0001:00003300       ??Hstd@@YA?AV?$basic_string@DU?$char_traits@D@std@@V?$allocator@D@2@@0@ABV10@0@Z 10004300 f i ClientStage.obj
 0001:000033c0       ??8std@@YA_NABV?$allocator@D@0@0@Z 100043c0 f i ClientStage.obj
 0001:000033f0       ?_Allocate@std@@YAPADHPAD@Z 100043f0 f i ClientStage.obj
 0001:00003450       ??Y?$basic_string@DU?$char_traits@D@std@@V?$allocator@D@2@@std@@QAEAAV01@ABV01@@Z 10004450 f i ClientStage.obj
 0001:000034a0       ??Y?$basic_string@DU?$char_traits@D@std@@V?$allocator@D@2@@std@@QAEAAV01@PBD@Z 100044a0 f i ClientStage.obj
 0001:000034f0       ?append@?$basic_string@DU?$char_traits@D@std@@V?$allocator@D@2@@std@@QAEAAV12@ABV12@@Z 100044f0 f i ClientStage.obj
 0001:00003540       ?append@?$basic_string@DU?$char_traits@D@std@@V?$allocator@D@2@@std@@QAEAAV12@PBD@Z 10004540 f i ClientStage.obj
 0001:000035a0       ?append@?$basic_string@DU?$char_traits@D@std@@V?$allocator@D@2@@std@@QAEAAV12@ABV12@II@Z 100045a0 f i ClientStage.obj
 0001:000036b0       ?append@?$basic_string@DU?$char_traits@D@std@@V?$allocator@D@2@@std@@QAEAAV12@PBDI@Z 100046b0 f i ClientStage.obj
 0001:000037b0       ?id@?$ctype@G@std@@$D      100047b0 f i ClientStage.obj
 0001:00003850       ?id@?$ctype@G@std@@$E      10004850 f i ClientStage.obj
 0001:00003880       ??_ECGameClient@@W7AEPAXI@Z 10004880 f i ClientStage.obj
 0001:00003890       ??0CCriticalSection@Win32@OnlineGameLib@@QAE@XZ 10004890 f i ClientStage.obj
 0001:000038f0       ??1CCriticalSection@Win32@OnlineGameLib@@QAE@XZ 100048f0 f i ClientStage.obj
 0001:00003950       ??0Owner@CCriticalSection@Win32@OnlineGameLib@@QAE@AAV123@@Z 10004950 f i ClientStage.obj
 0001:000039b0       ?Enter@CCriticalSection@Win32@OnlineGameLib@@QAEXXZ 100049b0 f i ClientStage.obj
 0001:00003a10       ??1Owner@CCriticalSection@Win32@OnlineGameLib@@QAE@XZ 10004a10 f i ClientStage.obj
 0001:00003a60       ?Leave@CCriticalSection@Win32@OnlineGameLib@@QAEXXZ 10004a60 f i ClientStage.obj
 0001:00003ac0       ?GetUsed@CIOBuffer@Win32@OnlineGameLib@@QBEIXZ 10004ac0 f i ClientStage.obj
 0001:00003b00       ?GetSize@CIOBuffer@Win32@OnlineGameLib@@QBEIXZ 10004b00 f i ClientStage.obj
 0001:00003b40       ?GetBuffer@CIOBuffer@Win32@OnlineGameLib@@QBEPBEXZ 10004b40 f i ClientStage.obj
 0001:00003b80       ?OnBufferCreated@Allocator@CIOBuffer@Win32@OnlineGameLib@@EAEXXZ 10004b80 f i ClientStage.obj
 0001:00003bb0       ?OnBufferAllocated@Allocator@CIOBuffer@Win32@OnlineGameLib@@EAEXXZ 10004bb0 f i ClientStage.obj
 0001:00003be0       ?OnBufferReleased@Allocator@CIOBuffer@Win32@OnlineGameLib@@EAEXXZ 10004be0 f i ClientStage.obj
 0001:00003c10       ?OnShutdownInitiated@CSocketClient@Win32@OnlineGameLib@@EAEXXZ 10004c10 f i ClientStage.obj
 0001:00003c40       ?OnShutdownComplete@CSocketClient@Win32@OnlineGameLib@@EAEXXZ 10004c40 f i ClientStage.obj
 0001:00003c70       ?OnConnect@CSocketClient@Win32@OnlineGameLib@@EAEXXZ 10004c70 f i ClientStage.obj
 0001:00003ca0       ?OnClose@CSocketClient@Win32@OnlineGameLib@@EAEXXZ 10004ca0 f i ClientStage.obj
 0001:00003cd0       ?OnWrite@CSocketClient@Win32@OnlineGameLib@@EAEXXZ 10004cd0 f i ClientStage.obj
 0001:00003d00       ?KSG_DecodeBuf@@YAHIPAEPAI@Z 10004d00 f i ClientStage.obj
 0001:00003df0       ?KSG_EncodeBuf@@YAHIPAEPAI@Z 10004df0 f i ClientStage.obj
 0001:00003ed8       _InterlockedIncrement@4    10004ed8 f   kernel32:KERNEL32.dll
 0001:00003ede       _InterlockedDecrement@4    10004ede f   kernel32:KERNEL32.dll
 0001:00003ee4       _InitializeCriticalSection@4 10004ee4 f   kernel32:KERNEL32.dll
 0001:00003eea       _DeleteCriticalSection@4   10004eea f   kernel32:KERNEL32.dll
 0001:00003ef0       _EnterCriticalSection@4    10004ef0 f   kernel32:KERNEL32.dll
 0001:00003ef6       _LeaveCriticalSection@4    10004ef6 f   kernel32:KERNEL32.dll
 0001:00003f00       ??0CSocketClient@Win32@OnlineGameLib@@IAE@ABV?$basic_string@DU?$char_traits@D@std@@V?$allocator@D@2@@std@@GII@Z 10004f00 f   common:SocketClient.obj
 0001:00004008       ??0CSocketClient@Win32@OnlineGameLib@@IAE@II@Z 10005008 f   common:SocketClient.obj
 0001:00004117       ?Connect@CSocketClient@Win32@OnlineGameLib@@QAEXABV?$basic_string@DU?$char_traits@D@std@@V?$allocator@D@2@@std@@G@Z 10005117 f   common:SocketClient.obj
 0001:00004155       ??1CSocketClient@Win32@OnlineGameLib@@UAE@XZ 10005155 f   common:SocketClient.obj
 0001:0000429d       ?StartConnections@CSocketClient@Win32@OnlineGameLib@@QAE_NXZ 1000529d f   common:SocketClient.obj
 0001:000043c2       ?StopConnections@CSocketClient@Win32@OnlineGameLib@@QAEXXZ 100053c2 f   common:SocketClient.obj
 0001:000045ce       ?CreateConnectionSocket@CSocketClient@Win32@OnlineGameLib@@EAEIABV?$basic_string@DU?$char_traits@D@std@@V?$allocator@D@2@@std@@G@Z 100055ce f   common:SocketClient.obj
 0001:000046ce       ?InitiateShutdown@CSocketClient@Win32@OnlineGameLib@@QAEXXZ 100056ce f   common:SocketClient.obj
 0001:00004716       ?WaitForShutdownToComplete@CSocketClient@Win32@OnlineGameLib@@QAEXXZ 10005716 f   common:SocketClient.obj
 0001:00004742       ?Run@CSocketClient@Win32@OnlineGameLib@@MAEHXZ 10005742 f   common:SocketClient.obj
 0001:00004c8b       ?ReleaseBuffers@CSocketClient@Win32@OnlineGameLib@@IAEXXZ 10005c8b f   common:SocketClient.obj
 0001:00004cb2       ?OnError@CSocketClient@Win32@OnlineGameLib@@EAEXABV?$basic_string@DU?$char_traits@D@std@@V?$allocator@D@2@@std@@@Z 10005cb2 f   common:SocketClient.obj
 0001:00004cdc       ?OnRead@CSocketClient@Win32@OnlineGameLib@@AAEXPAVCIOBuffer@23@@Z 10005cdc f   common:SocketClient.obj
 0001:00004e40       ?Write@CSocketClient@Win32@OnlineGameLib@@QAEXPBDI@Z 10005e40 f   common:SocketClient.obj
 0001:00004eb1       ?Write@CSocketClient@Win32@OnlineGameLib@@QAEXPAVCIOBuffer@23@@Z 10005eb1 f   common:SocketClient.obj
 0001:00005263       ?WaitAndVerifyCipher@CSocketClient@Win32@OnlineGameLib@@IAE_NXZ 10006263 f   common:SocketClient.obj
 0001:00005640       ?OnStartConnections@CSocketClient@Win32@OnlineGameLib@@EAEXXZ 10006640 f i common:SocketClient.obj
 0001:00005660       ?OnStopConnections@CSocketClient@Win32@OnlineGameLib@@EAEXXZ 10006660 f i common:SocketClient.obj
 0001:00005680       ??_ECSocketClient@Win32@OnlineGameLib@@UAEPAXI@Z 10006680 f i common:SocketClient.obj
 0001:00005680       ??_GCSocketClient@Win32@OnlineGameLib@@UAEPAXI@Z 10006680 f i common:SocketClient.obj
 0001:000056c0       ??1CManualResetEvent@Win32@OnlineGameLib@@UAE@XZ 100066c0 f i common:SocketClient.obj
 0001:000056f0       ??1CWin32Exception@Win32@OnlineGameLib@@UAE@XZ 100066f0 f i common:SocketClient.obj
 0001:00005720       ??1CException@Win32@OnlineGameLib@@UAE@XZ 10006720 f i common:SocketClient.obj
 0001:00005790       ??_ECException@Win32@OnlineGameLib@@UAEPAXI@Z 10006790 f i common:SocketClient.obj
 0001:00005790       ??_GCException@Win32@OnlineGameLib@@UAEPAXI@Z 10006790 f i common:SocketClient.obj
 0001:000057d0       ??0CWin32Exception@Win32@OnlineGameLib@@QAE@ABV012@@Z 100067d0 f i common:SocketClient.obj
 0001:00005820       ??0CException@Win32@OnlineGameLib@@QAE@ABV012@@Z 10006820 f i common:SocketClient.obj
 0001:000058a0       ??_ECWin32Exception@Win32@OnlineGameLib@@UAEPAXI@Z 100068a0 f i common:SocketClient.obj
 0001:000058a0       ??_GCWin32Exception@Win32@OnlineGameLib@@UAEPAXI@Z 100068a0 f i common:SocketClient.obj
 0001:000058e0       ?GetEvent@CEvent@Win32@OnlineGameLib@@QBEPAXXZ 100068e0 f i common:SocketClient.obj
 0001:00005900       ?IsError@CEventSelect@Win32@OnlineGameLib@@QAE_NXZ 10006900 f i common:SocketClient.obj
 0001:00005920       ?WaitForEnumEvent@CEventSelect@Win32@OnlineGameLib@@QAE_NIK@Z 10006920 f i common:SocketClient.obj
 0001:000059c0       ?Read@CEventSelect@Win32@OnlineGameLib@@QAEHXZ 100069c0 f i common:SocketClient.obj
 0001:00005a10       ?Connect@CEventSelect@Win32@OnlineGameLib@@QAEHXZ 10006a10 f i common:SocketClient.obj
 0001:00005a60       ?Close@CEventSelect@Win32@OnlineGameLib@@QAEHXZ 10006a60 f i common:SocketClient.obj
 0001:00005ab0       ?GetWSABUF@CIOBuffer@Win32@OnlineGameLib@@QBEPAU_WSABUF@@XZ 10006ab0 f i common:SocketClient.obj
 0001:00005ad0       ?Use@CIOBuffer@Win32@OnlineGameLib@@QAEXI@Z 10006ad0 f i common:SocketClient.obj
 0001:00005b00       ?SetupRead@CIOBuffer@Win32@OnlineGameLib@@QAEXXZ 10006b00 f i common:SocketClient.obj
 0001:00005b60       ?SetupWrite@CIOBuffer@Win32@OnlineGameLib@@QAEXXZ 10006b60 f i common:SocketClient.obj
 0001:00005ba0       ??0?$basic_string@DU?$char_traits@D@std@@V?$allocator@D@2@@std@@QAE@ABV?$allocator@D@1@@Z 10006ba0 f i common:SocketClient.obj
 0001:00005be0       ??4?$basic_string@DU?$char_traits@D@std@@V?$allocator@D@2@@std@@QAEAAV01@ABV01@@Z 10006be0 f i common:SocketClient.obj
 0001:00005c10       ?assign@?$basic_string@DU?$char_traits@D@std@@V?$allocator@D@2@@std@@QAEAAV12@ABV12@@Z 10006c10 f i common:SocketClient.obj
 0001:00005c50       ??_ECSocketClient@Win32@OnlineGameLib@@W7AEPAXI@Z 10006c50 f i common:SocketClient.obj
 0001:00005c60       ??0CIOBuffer@Win32@OnlineGameLib@@AAE@AAVAllocator@012@I@Z 10006c60 f   common:IOBuffer.obj
 0001:00005d3b       ??1CIOBuffer@Win32@OnlineGameLib@@AAE@XZ 10006d3b f   common:IOBuffer.obj
 0001:00005e26       ?Empty@CIOBuffer@Win32@OnlineGameLib@@QAEXXZ 10006e26 f   common:IOBuffer.obj
 0001:00005e5a       ??2CIOBuffer@Win32@OnlineGameLib@@CAPAXII@Z 10006e5a f   common:IOBuffer.obj
 0001:00005e94       ??3CIOBuffer@Win32@OnlineGameLib@@CAXPAXI@Z 10006e94 f   common:IOBuffer.obj
 0001:00005f18       ?SplitBuffer@CIOBuffer@Win32@OnlineGameLib@@QAEPAV123@I@Z 10006f18 f   common:IOBuffer.obj
 0001:00005f92       ?RemoveBuffer@CIOBuffer@Win32@OnlineGameLib@@QAEXI@Z 10006f92 f   common:IOBuffer.obj
 0001:00005fec       ?AllocateNewBuffer@CIOBuffer@Win32@OnlineGameLib@@QBEPAV123@XZ 10006fec f   common:IOBuffer.obj
 0001:00006013       ?AddData@CIOBuffer@Win32@OnlineGameLib@@QAEXQBDI@Z 10007013 f   common:IOBuffer.obj
 0001:000060f3       ?AddData@CIOBuffer@Win32@OnlineGameLib@@QAEXQBEI@Z 100070f3 f   common:IOBuffer.obj
 0001:00006121       ?AddData@CIOBuffer@Win32@OnlineGameLib@@QAEXE@Z 10007121 f   common:IOBuffer.obj
 0001:0000614d       ?Release@CIOBuffer@Win32@OnlineGameLib@@QAEXXZ 1000714d f   common:IOBuffer.obj
 0001:00006233       ??0Allocator@CIOBuffer@Win32@OnlineGameLib@@QAE@II@Z 10007233 f   common:IOBuffer.obj
 0001:00006290       ??1Allocator@CIOBuffer@Win32@OnlineGameLib@@UAE@XZ 10007290 f   common:IOBuffer.obj
 0001:0000631f       ?Allocate@Allocator@CIOBuffer@Win32@OnlineGameLib@@QAEPAV234@XZ 1000731f f   common:IOBuffer.obj
 0001:000064b8       ?Release@Allocator@CIOBuffer@Win32@OnlineGameLib@@AAEXPAV234@@Z 100074b8 f   common:IOBuffer.obj
 0001:000065f3       ?DestroyBuffer@Allocator@CIOBuffer@Win32@OnlineGameLib@@AAEXPAV234@@Z 100075f3 f   common:IOBuffer.obj
 0001:000066a7       ?Flush@Allocator@CIOBuffer@Win32@OnlineGameLib@@IAEXXZ 100076a7 f   common:IOBuffer.obj
 0001:0000677a       ??0InOrderBufferList@CIOBuffer@Win32@OnlineGameLib@@QAE@AAVCCriticalSection@23@@Z 1000777a f   common:IOBuffer.obj
 0001:000067d0       ?AddBuffer@InOrderBufferList@CIOBuffer@Win32@OnlineGameLib@@QAEXPAV234@@Z 100077d0 f   common:IOBuffer.obj
 0001:000068b0       ?ProcessAndGetNext@InOrderBufferList@CIOBuffer@Win32@OnlineGameLib@@QAEPAV234@XZ 100078b0 f   common:IOBuffer.obj
 0001:00006b86       ?GetNext@InOrderBufferList@CIOBuffer@Win32@OnlineGameLib@@QAEPAV234@XZ 10007b86 f   common:IOBuffer.obj
 0001:00006e49       ?GetNext@InOrderBufferList@CIOBuffer@Win32@OnlineGameLib@@QAEPAV234@PAV234@@Z 10007e49 f   common:IOBuffer.obj
 0001:000071c1       ?ProcessBuffer@InOrderBufferList@CIOBuffer@Win32@OnlineGameLib@@QAEXXZ 100081c1 f   common:IOBuffer.obj
 0001:000072f7       ?Reset@InOrderBufferList@CIOBuffer@Win32@OnlineGameLib@@QAEXXZ 100082f7 f   common:IOBuffer.obj
 0001:00007420       ??0COpaqueUserData@OnlineGameLib@@IAE@XZ 10008420 f i common:IOBuffer.obj
 0001:00007440       ??1COpaqueUserData@OnlineGameLib@@IAE@XZ 10008440 f i common:IOBuffer.obj
 0001:00007460       ??_GAllocator@CIOBuffer@Win32@OnlineGameLib@@UAEPAXI@Z 10008460 f i common:IOBuffer.obj
 0001:00007460       ??_EAllocator@CIOBuffer@Win32@OnlineGameLib@@UAEPAXI@Z 10008460 f i common:IOBuffer.obj
 0001:000074a0       ??0?$TNodeList@VCIOBuffer@Win32@OnlineGameLib@@@OnlineGameLib@@QAE@XZ 100084a0 f i common:IOBuffer.obj
 0001:000074d0       ?Empty@CNodeList@OnlineGameLib@@QBE_NXZ 100084d0 f i common:IOBuffer.obj
 0001:000074f0       ?AddRef@CIOBuffer@Win32@OnlineGameLib@@QAEXXZ 100084f0 f i common:IOBuffer.obj
 0001:00007530       ?Count@CNodeList@OnlineGameLib@@QBEIXZ 10008530 f i common:IOBuffer.obj
 0001:00007550       ??_GCIOBuffer@Win32@OnlineGameLib@@AAEPAXI@Z 10008550 f i common:IOBuffer.obj
 0001:000075a0       ?GetSequenceNumber@CIOBuffer@Win32@OnlineGameLib@@QBEIXZ 100085a0 f i common:IOBuffer.obj
 0001:000075c0       ??0?$map@IPAVCIOBuffer@Win32@OnlineGameLib@@U?$less@I@std@@V?$allocator@PAVCIOBuffer@Win32@OnlineGameLib@@@5@@std@@QAE@ABU?$less@I@1@ABV?$allocator@PAVCIOBuffer@Win32@OnlineGameLib@@@1@@Z 100085c0 f i common:IOBuffer.obj
 0001:00007600       ?begin@?$map@IPAVCIOBuffer@Win32@OnlineGameLib@@U?$less@I@std@@V?$allocator@PAVCIOBuffer@Win32@OnlineGameLib@@@5@@std@@QAE?AViterator@?$_Tree@IU?$pair@$$CBIPAVCIOBuffer@Win32@OnlineGameLib@@@std@@U_Kfn@?$map@IPAVCIOBuffer@Win32@OnlineGameLib@@U?$less@I@std@@V?$allocator@PAVCIOBuffer@Win32@OnlineGameLib@@@5@@2@U?$less@I@2@V?$allocator@PAVCIOBuffer@Win32@OnlineGameLib@@@2@@2@XZ 10008600 f i common:IOBuffer.obj
 0001:00007640       ?end@?$map@IPAVCIOBuffer@Win32@OnlineGameLib@@U?$less@I@std@@V?$allocator@PAVCIOBuffer@Win32@OnlineGameLib@@@5@@std@@QAE?AViterator@?$_Tree@IU?$pair@$$CBIPAVCIOBuffer@Win32@OnlineGameLib@@@std@@U_Kfn@?$map@IPAVCIOBuffer@Win32@OnlineGameLib@@U?$less@I@std@@V?$allocator@PAVCIOBuffer@Win32@OnlineGameLib@@@5@@2@U?$less@I@2@V?$allocator@PAVCIOBuffer@Win32@OnlineGameLib@@@2@@2@XZ 10008640 f i common:IOBuffer.obj
 0001:00007680       ?empty@?$map@IPAVCIOBuffer@Win32@OnlineGameLib@@U?$less@I@std@@V?$allocator@PAVCIOBuffer@Win32@OnlineGameLib@@@5@@std@@QBE_NXZ 10008680 f i common:IOBuffer.obj
 0001:000076b0       ?insert@?$map@IPAVCIOBuffer@Win32@OnlineGameLib@@U?$less@I@std@@V?$allocator@PAVCIOBuffer@Win32@OnlineGameLib@@@5@@std@@QAE?AU?$pair@Viterator@?$_Tree@IU?$pair@$$CBIPAVCIOBuffer@Win32@OnlineGameLib@@@std@@U_Kfn@?$map@IPAVCIOBuffer@Win32@OnlineGameLib@@U?$less@I@std@@V?$allocator@PAVCIOBuffer@Win32@OnlineGameLib@@@5@@2@U?$less@I@2@V?$allocator@PAVCIOBuffer@Win32@OnlineGameLib@@@2@@std@@_N@2@ABU?$pair@$$CBIPAVCIOBuffer@Win32@OnlineGameLib@@@2@@Z 100086b0 f i common:IOBuffer.obj
 0001:00007720       ?erase@?$map@IPAVCIOBuffer@Win32@OnlineGameLib@@U?$less@I@std@@V?$allocator@PAVCIOBuffer@Win32@OnlineGameLib@@@5@@std@@QAE?AViterator@?$_Tree@IU?$pair@$$CBIPAVCIOBuffer@Win32@OnlineGameLib@@@std@@U_Kfn@?$map@IPAVCIOBuffer@Win32@OnlineGameLib@@U?$less@I@std@@V?$allocator@PAVCIOBuffer@Win32@OnlineGameLib@@@5@@2@U?$less@I@2@V?$allocator@PAVCIOBuffer@Win32@OnlineGameLib@@@2@@2@V342@@Z 10008720 f i common:IOBuffer.obj
 0001:00007770       ??0?$pair@$$CBIPAVCIOBuffer@Win32@OnlineGameLib@@@std@@QAE@ABIABQAVCIOBuffer@Win32@OnlineGameLib@@@Z 10008770 f i common:IOBuffer.obj
 0001:000077a0       ??0iterator@?$_Tree@IU?$pair@$$CBIPAVCIOBuffer@Win32@OnlineGameLib@@@std@@U_Kfn@?$map@IPAVCIOBuffer@Win32@OnlineGameLib@@U?$less@I@std@@V?$allocator@PAVCIOBuffer@Win32@OnlineGameLib@@@5@@2@U?$less@I@2@V?$allocator@PAVCIOBuffer@Win32@OnlineGameLib@@@2@@std@@QAE@XZ 100087a0 f i common:IOBuffer.obj
 0001:000077d0       ??Citerator@?$_Tree@IU?$pair@$$CBIPAVCIOBuffer@Win32@OnlineGameLib@@@std@@U_Kfn@?$map@IPAVCIOBuffer@Win32@OnlineGameLib@@U?$less@I@std@@V?$allocator@PAVCIOBuffer@Win32@OnlineGameLib@@@5@@2@U?$less@I@2@V?$allocator@PAVCIOBuffer@Win32@OnlineGameLib@@@2@@std@@QBEPAU?$pair@$$CBIPAVCIOBuffer@Win32@OnlineGameLib@@@2@XZ 100087d0 f i common:IOBuffer.obj
 0001:00007800       ??9iterator@?$_Tree@IU?$pair@$$CBIPAVCIOBuffer@Win32@OnlineGameLib@@@std@@U_Kfn@?$map@IPAVCIOBuffer@Win32@OnlineGameLib@@U?$less@I@std@@V?$allocator@PAVCIOBuffer@Win32@OnlineGameLib@@@5@@2@U?$less@I@2@V?$allocator@PAVCIOBuffer@Win32@OnlineGameLib@@@2@@std@@QBE_NABV012@@Z 10008800 f i common:IOBuffer.obj
 0001:00007840       ??0?$_Tree@IU?$pair@$$CBIPAVCIOBuffer@Win32@OnlineGameLib@@@std@@U_Kfn@?$map@IPAVCIOBuffer@Win32@OnlineGameLib@@U?$less@I@std@@V?$allocator@PAVCIOBuffer@Win32@OnlineGameLib@@@5@@2@U?$less@I@2@V?$allocator@PAVCIOBuffer@Win32@OnlineGameLib@@@2@@std@@QAE@ABU?$less@I@1@_NABV?$allocator@PAVCIOBuffer@Win32@OnlineGameLib@@@1@@Z 10008840 f i common:IOBuffer.obj
 0001:00007890       ?begin@?$_Tree@IU?$pair@$$CBIPAVCIOBuffer@Win32@OnlineGameLib@@@std@@U_Kfn@?$map@IPAVCIOBuffer@Win32@OnlineGameLib@@U?$less@I@std@@V?$allocator@PAVCIOBuffer@Win32@OnlineGameLib@@@5@@2@U?$less@I@2@V?$allocator@PAVCIOBuffer@Win32@OnlineGameLib@@@2@@std@@QAE?AViterator@12@XZ 10008890 f i common:IOBuffer.obj
 0001:000078e0       ?end@?$_Tree@IU?$pair@$$CBIPAVCIOBuffer@Win32@OnlineGameLib@@@std@@U_Kfn@?$map@IPAVCIOBuffer@Win32@OnlineGameLib@@U?$less@I@std@@V?$allocator@PAVCIOBuffer@Win32@OnlineGameLib@@@5@@2@U?$less@I@2@V?$allocator@PAVCIOBuffer@Win32@OnlineGameLib@@@2@@std@@QAE?AViterator@12@XZ 100088e0 f i common:IOBuffer.obj
 0001:00007920       ?empty@?$_Tree@IU?$pair@$$CBIPAVCIOBuffer@Win32@OnlineGameLib@@@std@@U_Kfn@?$map@IPAVCIOBuffer@Win32@OnlineGameLib@@U?$less@I@std@@V?$allocator@PAVCIOBuffer@Win32@OnlineGameLib@@@5@@2@U?$less@I@2@V?$allocator@PAVCIOBuffer@Win32@OnlineGameLib@@@2@@std@@QBE_NXZ 10008920 f i common:IOBuffer.obj
 0001:00007950       ?insert@?$_Tree@IU?$pair@$$CBIPAVCIOBuffer@Win32@OnlineGameLib@@@std@@U_Kfn@?$map@IPAVCIOBuffer@Win32@OnlineGameLib@@U?$less@I@std@@V?$allocator@PAVCIOBuffer@Win32@OnlineGameLib@@@5@@2@U?$less@I@2@V?$allocator@PAVCIOBuffer@Win32@OnlineGameLib@@@2@@std@@QAE?AU?$pair@Viterator@?$_Tree@IU?$pair@$$CBIPAVCIOBuffer@Win32@OnlineGameLib@@@std@@U_Kfn@?$map@IPAVCIOBuffer@Win32@OnlineGameLib@@U?$less@I@std@@V?$allocator@PAVCIOBuffer@Win32@OnlineGameLib@@@5@@2@U?$less@I@2@V?$allocator@PAVCIOBuffer@Win32@OnlineGameLib@@@2@@std@@_N@2@ABU?$pair@$$CBIPAVCIOBuffer@Win32@OnlineGameLib@@@2@@Z 10008950 f i common:IOBuffer.obj
 0001:00007bb0       ?erase@?$_Tree@IU?$pair@$$CBIPAVCIOBuffer@Win32@OnlineGameLib@@@std@@U_Kfn@?$map@IPAVCIOBuffer@Win32@OnlineGameLib@@U?$less@I@std@@V?$allocator@PAVCIOBuffer@Win32@OnlineGameLib@@@5@@2@U?$less@I@2@V?$allocator@PAVCIOBuffer@Win32@OnlineGameLib@@@2@@std@@QAE?AViterator@12@V312@@Z 10008bb0 f i common:IOBuffer.obj
 0001:00008420       ?_Freenode@?$_Tree@IU?$pair@$$CBIPAVCIOBuffer@Win32@OnlineGameLib@@@std@@U_Kfn@?$map@IPAVCIOBuffer@Win32@OnlineGameLib@@U?$less@I@std@@V?$allocator@PAVCIOBuffer@Win32@OnlineGameLib@@@5@@2@U?$less@I@2@V?$allocator@PAVCIOBuffer@Win32@OnlineGameLib@@@2@@std@@IAEXPAU_Node@12@@Z 10009420 f i common:IOBuffer.obj
 0001:00008450       ??0const_iterator@?$_Tree@IU?$pair@$$CBIPAVCIOBuffer@Win32@OnlineGameLib@@@std@@U_Kfn@?$map@IPAVCIOBuffer@Win32@OnlineGameLib@@U?$less@I@std@@V?$allocator@PAVCIOBuffer@Win32@OnlineGameLib@@@5@@2@U?$less@I@2@V?$allocator@PAVCIOBuffer@Win32@OnlineGameLib@@@2@@std@@QAE@XZ 10009450 f i common:IOBuffer.obj
 0001:00008470       ??Diterator@?$_Tree@IU?$pair@$$CBIPAVCIOBuffer@Win32@OnlineGameLib@@@std@@U_Kfn@?$map@IPAVCIOBuffer@Win32@OnlineGameLib@@U?$less@I@std@@V?$allocator@PAVCIOBuffer@Win32@OnlineGameLib@@@5@@2@U?$less@I@2@V?$allocator@PAVCIOBuffer@Win32@OnlineGameLib@@@2@@std@@QBEAAU?$pair@$$CBIPAVCIOBuffer@Win32@OnlineGameLib@@@2@XZ 10009470 f i common:IOBuffer.obj
 0001:000084a0       ??8iterator@?$_Tree@IU?$pair@$$CBIPAVCIOBuffer@Win32@OnlineGameLib@@@std@@U_Kfn@?$map@IPAVCIOBuffer@Win32@OnlineGameLib@@U?$less@I@std@@V?$allocator@PAVCIOBuffer@Win32@OnlineGameLib@@@5@@2@U?$less@I@2@V?$allocator@PAVCIOBuffer@Win32@OnlineGameLib@@@2@@std@@QBE_NABV012@@Z 100094a0 f i common:IOBuffer.obj
 0001:000084d0       ??0?$pair@Viterator@?$_Tree@IU?$pair@$$CBIPAVCIOBuffer@Win32@OnlineGameLib@@@std@@U_Kfn@?$map@IPAVCIOBuffer@Win32@OnlineGameLib@@U?$less@I@std@@V?$allocator@PAVCIOBuffer@Win32@OnlineGameLib@@@5@@2@U?$less@I@2@V?$allocator@PAVCIOBuffer@Win32@OnlineGameLib@@@2@@std@@_N@std@@QAE@ABViterator@?$_Tree@IU?$pair@$$CBIPAVCIOBuffer@Win32@OnlineGameLib@@@std@@U_Kfn@?$map@IPAVCIOBuffer@Win32@OnlineGameLib@@U?$less@I@std@@V?$allocator@PAVCIOBuffer@Win32@OnlineGameLib@@@5@@2@U?$less@I@2@V?$allocator@PAVCIOBuffer@Win32@OnlineGameLib@@@2@@1@AB_N@Z 100094d0 f i common:IOBuffer.obj
 0001:00008500       ??R_Kfn@?$map@IPAVCIOBuffer@Win32@OnlineGameLib@@U?$less@I@std@@V?$allocator@PAVCIOBuffer@Win32@OnlineGameLib@@@5@@std@@QBEABIABU?$pair@$$CBIPAVCIOBuffer@Win32@OnlineGameLib@@@2@@Z 10009500 f i common:IOBuffer.obj
 0001:00008520       ??R?$less@I@std@@QBE_NABI0@Z 10009520 f i common:IOBuffer.obj
 0001:00008550       ?deallocate@?$allocator@PAVCIOBuffer@Win32@OnlineGameLib@@@std@@QAEXPAXI@Z 10009550 f i common:IOBuffer.obj
 0001:00008580       ?_Color@?$_Tree@IU?$pair@$$CBIPAVCIOBuffer@Win32@OnlineGameLib@@@std@@U_Kfn@?$map@IPAVCIOBuffer@Win32@OnlineGameLib@@U?$less@I@std@@V?$allocator@PAVCIOBuffer@Win32@OnlineGameLib@@@5@@2@U?$less@I@2@V?$allocator@PAVCIOBuffer@Win32@OnlineGameLib@@@2@@std@@KAAAW4_Redbl@12@PAU_Node@12@@Z 10009580 f i common:IOBuffer.obj
 0001:00008590       ?_Key@?$_Tree@IU?$pair@$$CBIPAVCIOBuffer@Win32@OnlineGameLib@@@std@@U_Kfn@?$map@IPAVCIOBuffer@Win32@OnlineGameLib@@U?$less@I@std@@V?$allocator@PAVCIOBuffer@Win32@OnlineGameLib@@@5@@2@U?$less@I@2@V?$allocator@PAVCIOBuffer@Win32@OnlineGameLib@@@2@@std@@KAABIPAU_Node@12@@Z 10009590 f i common:IOBuffer.obj
 0001:000085c0       ?_Left@?$_Tree@IU?$pair@$$CBIPAVCIOBuffer@Win32@OnlineGameLib@@@std@@U_Kfn@?$map@IPAVCIOBuffer@Win32@OnlineGameLib@@U?$less@I@std@@V?$allocator@PAVCIOBuffer@Win32@OnlineGameLib@@@5@@2@U?$less@I@2@V?$allocator@PAVCIOBuffer@Win32@OnlineGameLib@@@2@@std@@KAAAPAU_Node@12@PAU312@@Z 100095c0 f i common:IOBuffer.obj
 0001:000085d0       ?_Parent@?$_Tree@IU?$pair@$$CBIPAVCIOBuffer@Win32@OnlineGameLib@@@std@@U_Kfn@?$map@IPAVCIOBuffer@Win32@OnlineGameLib@@U?$less@I@std@@V?$allocator@PAVCIOBuffer@Win32@OnlineGameLib@@@5@@2@U?$less@I@2@V?$allocator@PAVCIOBuffer@Win32@OnlineGameLib@@@2@@std@@KAAAPAU_Node@12@PAU312@@Z 100095d0 f i common:IOBuffer.obj
 0001:000085e0       ?_Right@?$_Tree@IU?$pair@$$CBIPAVCIOBuffer@Win32@OnlineGameLib@@@std@@U_Kfn@?$map@IPAVCIOBuffer@Win32@OnlineGameLib@@U?$less@I@std@@V?$allocator@PAVCIOBuffer@Win32@OnlineGameLib@@@5@@2@U?$less@I@2@V?$allocator@PAVCIOBuffer@Win32@OnlineGameLib@@@2@@std@@KAAAPAU_Node@12@PAU312@@Z 100095e0 f i common:IOBuffer.obj
 0001:000085f0       ?_Value@?$_Tree@IU?$pair@$$CBIPAVCIOBuffer@Win32@OnlineGameLib@@@std@@U_Kfn@?$map@IPAVCIOBuffer@Win32@OnlineGameLib@@U?$less@I@std@@V?$allocator@PAVCIOBuffer@Win32@OnlineGameLib@@@5@@2@U?$less@I@2@V?$allocator@PAVCIOBuffer@Win32@OnlineGameLib@@@2@@std@@KAAAU?$pair@$$CBIPAVCIOBuffer@Win32@OnlineGameLib@@@2@PAU_Node@12@@Z 100095f0 f i common:IOBuffer.obj
 0001:00008600       ?size@?$_Tree@IU?$pair@$$CBIPAVCIOBuffer@Win32@OnlineGameLib@@@std@@U_Kfn@?$map@IPAVCIOBuffer@Win32@OnlineGameLib@@U?$less@I@std@@V?$allocator@PAVCIOBuffer@Win32@OnlineGameLib@@@5@@2@U?$less@I@2@V?$allocator@PAVCIOBuffer@Win32@OnlineGameLib@@@2@@std@@QBEIXZ 10009600 f i common:IOBuffer.obj
 0001:00008620       ?_Init@?$_Tree@IU?$pair@$$CBIPAVCIOBuffer@Win32@OnlineGameLib@@@std@@U_Kfn@?$map@IPAVCIOBuffer@Win32@OnlineGameLib@@U?$less@I@std@@V?$allocator@PAVCIOBuffer@Win32@OnlineGameLib@@@5@@2@U?$less@I@2@V?$allocator@PAVCIOBuffer@Win32@OnlineGameLib@@@2@@std@@IAEXXZ 10009620 f i common:IOBuffer.obj
 0001:00008720       ?_Insert@?$_Tree@IU?$pair@$$CBIPAVCIOBuffer@Win32@OnlineGameLib@@@std@@U_Kfn@?$map@IPAVCIOBuffer@Win32@OnlineGameLib@@U?$less@I@std@@V?$allocator@PAVCIOBuffer@Win32@OnlineGameLib@@@5@@2@U?$less@I@2@V?$allocator@PAVCIOBuffer@Win32@OnlineGameLib@@@2@@std@@IAE?AViterator@12@PAU_Node@12@0ABU?$pair@$$CBIPAVCIOBuffer@Win32@OnlineGameLib@@@2@@Z 10009720 f i common:IOBuffer.obj
 0001:00008c10       ?_Lmost@?$_Tree@IU?$pair@$$CBIPAVCIOBuffer@Win32@OnlineGameLib@@@std@@U_Kfn@?$map@IPAVCIOBuffer@Win32@OnlineGameLib@@U?$less@I@std@@V?$allocator@PAVCIOBuffer@Win32@OnlineGameLib@@@5@@2@U?$less@I@2@V?$allocator@PAVCIOBuffer@Win32@OnlineGameLib@@@2@@std@@IAEAAPAU_Node@12@XZ 10009c10 f i common:IOBuffer.obj
 0001:00008c40       ?_Lrotate@?$_Tree@IU?$pair@$$CBIPAVCIOBuffer@Win32@OnlineGameLib@@@std@@U_Kfn@?$map@IPAVCIOBuffer@Win32@OnlineGameLib@@U?$less@I@std@@V?$allocator@PAVCIOBuffer@Win32@OnlineGameLib@@@5@@2@U?$less@I@2@V?$allocator@PAVCIOBuffer@Win32@OnlineGameLib@@@2@@std@@IAEXPAU_Node@12@@Z 10009c40 f i common:IOBuffer.obj
 0001:00008dd0       ?_Max@?$_Tree@IU?$pair@$$CBIPAVCIOBuffer@Win32@OnlineGameLib@@@std@@U_Kfn@?$map@IPAVCIOBuffer@Win32@OnlineGameLib@@U?$less@I@std@@V?$allocator@PAVCIOBuffer@Win32@OnlineGameLib@@@5@@2@U?$less@I@2@V?$allocator@PAVCIOBuffer@Win32@OnlineGameLib@@@2@@std@@KAPAU_Node@12@PAU312@@Z 10009dd0 f i common:IOBuffer.obj
 0001:00008e70       ?_Min@?$_Tree@IU?$pair@$$CBIPAVCIOBuffer@Win32@OnlineGameLib@@@std@@U_Kfn@?$map@IPAVCIOBuffer@Win32@OnlineGameLib@@U?$less@I@std@@V?$allocator@PAVCIOBuffer@Win32@OnlineGameLib@@@5@@2@U?$less@I@2@V?$allocator@PAVCIOBuffer@Win32@OnlineGameLib@@@2@@std@@KAPAU_Node@12@PAU312@@Z 10009e70 f i common:IOBuffer.obj
 0001:00008f10       ?_Rmost@?$_Tree@IU?$pair@$$CBIPAVCIOBuffer@Win32@OnlineGameLib@@@std@@U_Kfn@?$map@IPAVCIOBuffer@Win32@OnlineGameLib@@U?$less@I@std@@V?$allocator@PAVCIOBuffer@Win32@OnlineGameLib@@@5@@2@U?$less@I@2@V?$allocator@PAVCIOBuffer@Win32@OnlineGameLib@@@2@@std@@IAEAAPAU_Node@12@XZ 10009f10 f i common:IOBuffer.obj
 0001:00008f40       ?_Root@?$_Tree@IU?$pair@$$CBIPAVCIOBuffer@Win32@OnlineGameLib@@@std@@U_Kfn@?$map@IPAVCIOBuffer@Win32@OnlineGameLib@@U?$less@I@std@@V?$allocator@PAVCIOBuffer@Win32@OnlineGameLib@@@5@@2@U?$less@I@2@V?$allocator@PAVCIOBuffer@Win32@OnlineGameLib@@@2@@std@@IAEAAPAU_Node@12@XZ 10009f40 f i common:IOBuffer.obj
 0001:00008f70       ?_Rrotate@?$_Tree@IU?$pair@$$CBIPAVCIOBuffer@Win32@OnlineGameLib@@@std@@U_Kfn@?$map@IPAVCIOBuffer@Win32@OnlineGameLib@@U?$less@I@std@@V?$allocator@PAVCIOBuffer@Win32@OnlineGameLib@@@5@@2@U?$less@I@2@V?$allocator@PAVCIOBuffer@Win32@OnlineGameLib@@@2@@std@@IAEXPAU_Node@12@@Z 10009f70 f i common:IOBuffer.obj
 0001:00009100       ?_Destval@?$_Tree@IU?$pair@$$CBIPAVCIOBuffer@Win32@OnlineGameLib@@@std@@U_Kfn@?$map@IPAVCIOBuffer@Win32@OnlineGameLib@@U?$less@I@std@@V?$allocator@PAVCIOBuffer@Win32@OnlineGameLib@@@5@@2@U?$less@I@2@V?$allocator@PAVCIOBuffer@Win32@OnlineGameLib@@@2@@std@@IAEXPAU?$pair@$$CBIPAVCIOBuffer@Win32@OnlineGameLib@@@2@@Z 1000a100 f i common:IOBuffer.obj
 0001:00009130       ?_Mynode@const_iterator@?$_Tree@IU?$pair@$$CBIPAVCIOBuffer@Win32@OnlineGameLib@@@std@@U_Kfn@?$map@IPAVCIOBuffer@Win32@OnlineGameLib@@U?$less@I@std@@V?$allocator@PAVCIOBuffer@Win32@OnlineGameLib@@@5@@2@U?$less@I@2@V?$allocator@PAVCIOBuffer@Win32@OnlineGameLib@@@2@@std@@QBEPAU_Node@23@XZ 1000a130 f i common:IOBuffer.obj
 0001:00009150       ??0iterator@?$_Tree@IU?$pair@$$CBIPAVCIOBuffer@Win32@OnlineGameLib@@@std@@U_Kfn@?$map@IPAVCIOBuffer@Win32@OnlineGameLib@@U?$less@I@std@@V?$allocator@PAVCIOBuffer@Win32@OnlineGameLib@@@5@@2@U?$less@I@2@V?$allocator@PAVCIOBuffer@Win32@OnlineGameLib@@@2@@std@@QAE@PAU_Node@12@@Z 1000a150 f i common:IOBuffer.obj
 0001:00009180       ??Eiterator@?$_Tree@IU?$pair@$$CBIPAVCIOBuffer@Win32@OnlineGameLib@@@std@@U_Kfn@?$map@IPAVCIOBuffer@Win32@OnlineGameLib@@U?$less@I@std@@V?$allocator@PAVCIOBuffer@Win32@OnlineGameLib@@@5@@2@U?$less@I@2@V?$allocator@PAVCIOBuffer@Win32@OnlineGameLib@@@2@@std@@QAE?AV012@H@Z 1000a180 f i common:IOBuffer.obj
 0001:000091d0       ??Fiterator@?$_Tree@IU?$pair@$$CBIPAVCIOBuffer@Win32@OnlineGameLib@@@std@@U_Kfn@?$map@IPAVCIOBuffer@Win32@OnlineGameLib@@U?$less@I@std@@V?$allocator@PAVCIOBuffer@Win32@OnlineGameLib@@@5@@2@U?$less@I@2@V?$allocator@PAVCIOBuffer@Win32@OnlineGameLib@@@2@@std@@QAEAAV012@XZ 1000a1d0 f i common:IOBuffer.obj
 0001:00009200       ?_Buynode@?$_Tree@IU?$pair@$$CBIPAVCIOBuffer@Win32@OnlineGameLib@@@std@@U_Kfn@?$map@IPAVCIOBuffer@Win32@OnlineGameLib@@U?$less@I@std@@V?$allocator@PAVCIOBuffer@Win32@OnlineGameLib@@@5@@2@U?$less@I@2@V?$allocator@PAVCIOBuffer@Win32@OnlineGameLib@@@2@@std@@IAEPAU_Node@12@PAU312@W4_Redbl@12@@Z 1000a200 f i common:IOBuffer.obj
 0001:00009260       ?_Consval@?$_Tree@IU?$pair@$$CBIPAVCIOBuffer@Win32@OnlineGameLib@@@std@@U_Kfn@?$map@IPAVCIOBuffer@Win32@OnlineGameLib@@U?$less@I@std@@V?$allocator@PAVCIOBuffer@Win32@OnlineGameLib@@@5@@2@U?$less@I@2@V?$allocator@PAVCIOBuffer@Win32@OnlineGameLib@@@2@@std@@IAEXPAU?$pair@$$CBIPAVCIOBuffer@Win32@OnlineGameLib@@@2@ABU32@@Z 1000a260 f i common:IOBuffer.obj
 0001:00009290       ??0const_iterator@?$_Tree@IU?$pair@$$CBIPAVCIOBuffer@Win32@OnlineGameLib@@@std@@U_Kfn@?$map@IPAVCIOBuffer@Win32@OnlineGameLib@@U?$less@I@std@@V?$allocator@PAVCIOBuffer@Win32@OnlineGameLib@@@5@@2@U?$less@I@2@V?$allocator@PAVCIOBuffer@Win32@OnlineGameLib@@@2@@std@@QAE@PAU_Node@12@@Z 1000a290 f i common:IOBuffer.obj
 0001:000092b0       ?_Dec@const_iterator@?$_Tree@IU?$pair@$$CBIPAVCIOBuffer@Win32@OnlineGameLib@@@std@@U_Kfn@?$map@IPAVCIOBuffer@Win32@OnlineGameLib@@U?$less@I@std@@V?$allocator@PAVCIOBuffer@Win32@OnlineGameLib@@@5@@2@U?$less@I@2@V?$allocator@PAVCIOBuffer@Win32@OnlineGameLib@@@2@@std@@QAEXXZ 1000a2b0 f i common:IOBuffer.obj
 0001:000093e0       ??Eiterator@?$_Tree@IU?$pair@$$CBIPAVCIOBuffer@Win32@OnlineGameLib@@@std@@U_Kfn@?$map@IPAVCIOBuffer@Win32@OnlineGameLib@@U?$less@I@std@@V?$allocator@PAVCIOBuffer@Win32@OnlineGameLib@@@5@@2@U?$less@I@2@V?$allocator@PAVCIOBuffer@Win32@OnlineGameLib@@@2@@std@@QAEAAV012@XZ 1000a3e0 f i common:IOBuffer.obj
 0001:00009410       ?_Charalloc@?$allocator@PAVCIOBuffer@Win32@OnlineGameLib@@@std@@QAEPADI@Z 1000a410 f i common:IOBuffer.obj
 0001:00009440       ?_Inc@const_iterator@?$_Tree@IU?$pair@$$CBIPAVCIOBuffer@Win32@OnlineGameLib@@@std@@U_Kfn@?$map@IPAVCIOBuffer@Win32@OnlineGameLib@@U?$less@I@std@@V?$allocator@PAVCIOBuffer@Win32@OnlineGameLib@@@5@@2@U?$less@I@2@V?$allocator@PAVCIOBuffer@Win32@OnlineGameLib@@@2@@std@@QAEXXZ 1000a440 f i common:IOBuffer.obj
 0001:00009530       ?PopNode@?$TNodeList@VCIOBuffer@Win32@OnlineGameLib@@@OnlineGameLib@@QAEPAVCIOBuffer@Win32@2@XZ 1000a530 f i common:IOBuffer.obj
 0001:00009590       ?ToString@Win32@OnlineGameLib@@YA?AV?$basic_string@DU?$char_traits@D@std@@V?$allocator@D@2@@std@@PAVInOrderBufferList@CIOBuffer@12@@Z 1000a590 f i common:IOBuffer.obj
 0001:00009690       ?ends@std@@YAAAV?$basic_ostream@DU?$char_traits@D@std@@@1@AAV21@@Z 1000a690 f i common:IOBuffer.obj
 0001:000096b0       ??0strstream@std@@QAE@XZ   1000a6b0 f i common:IOBuffer.obj
 0001:00009780       ??0strstreambuf@std@@QAE@H@Z 1000a780 f i common:IOBuffer.obj
 0001:00009800       ??_Estrstreambuf@std@@UAEPAXI@Z 1000a800 f i common:IOBuffer.obj
 0001:00009800       ??_Gstrstreambuf@std@@UAEPAXI@Z 1000a800 f i common:IOBuffer.obj
 0001:00009840       ?freeze@strstream@std@@QAEX_N@Z 1000a840 f i common:IOBuffer.obj
 0001:00009870       ?str@strstream@std@@QAEPADXZ 1000a870 f i common:IOBuffer.obj
 0001:000098a0       ?str@strstreambuf@std@@QAEPADXZ 1000a8a0 f i common:IOBuffer.obj
 0001:000098d0       ??_Estrstream@std@@UAEPAXI@Z 1000a8d0 f i common:IOBuffer.obj
 0001:000098d0       ??_Gstrstream@std@@UAEPAXI@Z 1000a8d0 f i common:IOBuffer.obj
 0001:00009920       ??_Dstrstream@std@@QAEXXZ  1000a920 f i common:IOBuffer.obj
 0001:00009960       ??4?$basic_string@DU?$char_traits@D@std@@V?$allocator@D@2@@std@@QAEAAV01@PBD@Z 1000a960 f i common:IOBuffer.obj
 0001:00009990       ?put@?$basic_ostream@DU?$char_traits@D@std@@@std@@QAEAAV12@D@Z 1000a990 f i common:IOBuffer.obj
 0001:00009ad0       ?eq_int_type@?$char_traits@D@std@@SA_NABH0@Z 1000aad0 f i common:IOBuffer.obj
 0001:00009af0       ?eof@?$char_traits@D@std@@SAHXZ 1000aaf0 f i common:IOBuffer.obj
 0001:00009b00       ??1?$basic_ios@DU?$char_traits@D@std@@@std@@UAE@XZ 1000ab00 f i common:IOBuffer.obj
 0001:00009b30       ?setstate@?$basic_ios@DU?$char_traits@D@std@@@std@@QAEXH_N@Z 1000ab30 f i common:IOBuffer.obj
 0001:00009b70       ?rdstate@ios_base@std@@QBEHXZ 1000ab70 f i common:IOBuffer.obj
 0001:00009b90       ?rdbuf@?$basic_ios@DU?$char_traits@D@std@@@std@@QBEPAV?$basic_streambuf@DU?$char_traits@D@std@@@2@XZ 1000ab90 f i common:IOBuffer.obj
 0001:00009bb0       ??0?$basic_ios@DU?$char_traits@D@std@@@std@@IAE@XZ 1000abb0 f i common:IOBuffer.obj
 0001:00009be0       ??0ios_base@std@@IAE@XZ    1000abe0 f i common:IOBuffer.obj
 0001:00009c20       ??0locale@std@@QAE@W4_Uninitialized@1@@Z 1000ac20 f i common:IOBuffer.obj
 0001:00009c40       ??_Gios_base@std@@UAEPAXI@Z 1000ac40 f i common:IOBuffer.obj
 0001:00009c40       ??_Eios_base@std@@UAEPAXI@Z 1000ac40 f i common:IOBuffer.obj
 0001:00009c80       ??0?$basic_streambuf@DU?$char_traits@D@std@@@std@@IAE@XZ 1000ac80 f i common:IOBuffer.obj
 0001:00009cf0       ??0locale@std@@QAE@XZ      1000acf0 f i common:IOBuffer.obj
 0001:00009d40       ?_Incref@facet@locale@std@@QAEXXZ 1000ad40 f i common:IOBuffer.obj
 0001:00009d90       ??1locale@std@@QAE@XZ      1000ad90 f i common:IOBuffer.obj
 0001:00009e00       ?_Decref@facet@locale@std@@QAEPAV123@XZ 1000ae00 f i common:IOBuffer.obj
 0001:00009e80       ??1?$basic_streambuf@DU?$char_traits@D@std@@@std@@UAE@XZ 1000ae80 f i common:IOBuffer.obj
 0001:00009eb0       ?gptr@?$basic_streambuf@DU?$char_traits@D@std@@@std@@IBEPADXZ 1000aeb0 f i common:IOBuffer.obj
 0001:00009ed0       ?overflow@?$basic_streambuf@DU?$char_traits@D@std@@@std@@MAEHH@Z 1000aed0 f i common:IOBuffer.obj
 0001:00009f00       ?pbackfail@?$basic_streambuf@DU?$char_traits@D@std@@@std@@MAEHH@Z 1000af00 f i common:IOBuffer.obj
 0001:00009f30       ?showmanyc@?$basic_streambuf@DU?$char_traits@D@std@@@std@@MAEHXZ 1000af30 f i common:IOBuffer.obj
 0001:00009f50       ?underflow@?$basic_streambuf@DU?$char_traits@D@std@@@std@@MAEHXZ 1000af50 f i common:IOBuffer.obj
 0001:00009f80       ?uflow@?$basic_streambuf@DU?$char_traits@D@std@@@std@@MAEHXZ 1000af80 f i common:IOBuffer.obj
 0001:0000a010       ?to_int_type@?$char_traits@D@std@@SAHABD@Z 1000b010 f i common:IOBuffer.obj
 0001:0000a020       ?xsgetn@?$basic_streambuf@DU?$char_traits@D@std@@@std@@MAEHPADH@Z 1000b020 f i common:IOBuffer.obj
 0001:0000a150       ?to_char_type@?$char_traits@D@std@@SADABH@Z 1000b150 f i common:IOBuffer.obj
 0001:0000a160       ?xsputn@?$basic_streambuf@DU?$char_traits@D@std@@@std@@MAEHPBDH@Z 1000b160 f i common:IOBuffer.obj
 0001:0000a290       ?pptr@?$basic_streambuf@DU?$char_traits@D@std@@@std@@IBEPADXZ 1000b290 f i common:IOBuffer.obj
 0001:0000a2b0       ?seekoff@?$basic_streambuf@DU?$char_traits@D@std@@@std@@MAE?AV?$fpos@H@2@JW4seekdir@ios_base@2@H@Z 1000b2b0 f i common:IOBuffer.obj
 0001:0000a300       ?seekpos@?$basic_streambuf@DU?$char_traits@D@std@@@std@@MAE?AV?$fpos@H@2@V32@H@Z 1000b300 f i common:IOBuffer.obj
 0001:0000a350       ?setbuf@?$basic_streambuf@DU?$char_traits@D@std@@@std@@MAEPAV12@PADH@Z 1000b350 f i common:IOBuffer.obj
 0001:0000a370       ?sync@?$basic_streambuf@DU?$char_traits@D@std@@@std@@MAEHXZ 1000b370 f i common:IOBuffer.obj
 0001:0000a390       ?imbue@?$basic_streambuf@DU?$char_traits@D@std@@@std@@MAEXABVlocale@2@@Z 1000b390 f i common:IOBuffer.obj
 0001:0000a3b0       ??0?$basic_iostream@DU?$char_traits@D@std@@@std@@QAE@PAV?$basic_streambuf@DU?$char_traits@D@std@@@1@@Z 1000b3b0 f i common:IOBuffer.obj
 0001:0000a480       ??0?$basic_ostream@DU?$char_traits@D@std@@@std@@QAE@PAV?$basic_streambuf@DU?$char_traits@D@std@@@1@_N1@Z 1000b480 f i common:IOBuffer.obj
 0001:0000a540       ??0?$basic_istream@DU?$char_traits@D@std@@@std@@QAE@PAV?$basic_streambuf@DU?$char_traits@D@std@@@1@_N@Z 1000b540 f i common:IOBuffer.obj
 0001:0000a600       ??1?$basic_istream@DU?$char_traits@D@std@@@std@@UAE@XZ 1000b600 f i common:IOBuffer.obj
 0001:0000a630       ??1?$basic_iostream@DU?$char_traits@D@std@@@std@@UAE@XZ 1000b630 f i common:IOBuffer.obj
 0001:0000a6d0       ??1?$basic_ostream@DU?$char_traits@D@std@@@std@@UAE@XZ 1000b6d0 f i common:IOBuffer.obj
 0001:0000a700       ??_G?$basic_ostream@DU?$char_traits@D@std@@@std@@UAEPAXI@Z 1000b700 f i common:IOBuffer.obj
 0001:0000a700       ??_E?$basic_ostream@DU?$char_traits@D@std@@@std@@UAEPAXI@Z 1000b700 f i common:IOBuffer.obj
 0001:0000a750       ??_E?$basic_ios@DU?$char_traits@D@std@@@std@@UAEPAXI@Z 1000b750 f i common:IOBuffer.obj
 0001:0000a750       ??_G?$basic_ios@DU?$char_traits@D@std@@@std@@UAEPAXI@Z 1000b750 f i common:IOBuffer.obj
 0001:0000a790       ??_E?$basic_istream@DU?$char_traits@D@std@@@std@@UAEPAXI@Z 1000b790 f i common:IOBuffer.obj
 0001:0000a790       ??_G?$basic_istream@DU?$char_traits@D@std@@@std@@UAEPAXI@Z 1000b790 f i common:IOBuffer.obj
 0001:0000a7e0       ??_G?$basic_streambuf@DU?$char_traits@D@std@@@std@@UAEPAXI@Z 1000b7e0 f i common:IOBuffer.obj
 0001:0000a7e0       ??_E?$basic_streambuf@DU?$char_traits@D@std@@@std@@UAEPAXI@Z 1000b7e0 f i common:IOBuffer.obj
 0001:0000a820       ??_G?$basic_iostream@DU?$char_traits@D@std@@@std@@UAEPAXI@Z 1000b820 f i common:IOBuffer.obj
 0001:0000a820       ??_E?$basic_iostream@DU?$char_traits@D@std@@@std@@UAEPAXI@Z 1000b820 f i common:IOBuffer.obj
 0001:0000a870       ??_D?$basic_ostream@DU?$char_traits@D@std@@@std@@QAEXXZ 1000b870 f i common:IOBuffer.obj
 0001:0000a8b0       ??_D?$basic_istream@DU?$char_traits@D@std@@@std@@QAEXXZ 1000b8b0 f i common:IOBuffer.obj
 0001:0000a8f0       ??_D?$basic_iostream@DU?$char_traits@D@std@@@std@@QAEXXZ 1000b8f0 f i common:IOBuffer.obj
 0001:0000a930       ?clear@?$basic_ios@DU?$char_traits@D@std@@@std@@QAEXH_N@Z 1000b930 f i common:IOBuffer.obj
 0001:0000a990       ?init@?$basic_ios@DU?$char_traits@D@std@@@std@@IAEXPAV?$basic_streambuf@DU?$char_traits@D@std@@@2@_N@Z 1000b990 f i common:IOBuffer.obj
 0001:0000aa10       ??0sentry@?$basic_ostream@DU?$char_traits@D@std@@@std@@QAE@AAV12@@Z 1000ba10 f i common:IOBuffer.obj
 0001:0000aa50       ??1sentry@?$basic_ostream@DU?$char_traits@D@std@@@std@@QAE@XZ 1000ba50 f i common:IOBuffer.obj
 0001:0000aa90       ??Bsentry@?$basic_ostream@DU?$char_traits@D@std@@@std@@QBE_NXZ 1000ba90 f i common:IOBuffer.obj
 0001:0000aab0       ??0?$fpos@H@std@@QAE@J@Z   1000bab0 f i common:IOBuffer.obj
 0001:0000ab20       ?sputc@?$basic_streambuf@DU?$char_traits@D@std@@@std@@QAEHD@Z 1000bb20 f i common:IOBuffer.obj
 0001:0000abc0       ?egptr@?$basic_streambuf@DU?$char_traits@D@std@@@std@@IBEPADXZ 1000bbc0 f i common:IOBuffer.obj
 0001:0000abf0       ?gbump@?$basic_streambuf@DU?$char_traits@D@std@@@std@@IAEXH@Z 1000bbf0 f i common:IOBuffer.obj
 0001:0000ac30       ?epptr@?$basic_streambuf@DU?$char_traits@D@std@@@std@@IBEPADXZ 1000bc30 f i common:IOBuffer.obj
 0001:0000ac60       ?_Gninc@?$basic_streambuf@DU?$char_traits@D@std@@@std@@IAEPADXZ 1000bc60 f i common:IOBuffer.obj
 0001:0000aca0       ?pbump@?$basic_streambuf@DU?$char_traits@D@std@@@std@@IAEXH@Z 1000bca0 f i common:IOBuffer.obj
 0001:0000ace0       ?_Init@?$basic_streambuf@DU?$char_traits@D@std@@@std@@IAEXXZ 1000bce0 f i common:IOBuffer.obj
 0001:0000ad60       ?opfx@?$basic_ostream@DU?$char_traits@D@std@@@std@@QAE_NXZ 1000bd60 f i common:IOBuffer.obj
 0001:0000ade0       ?good@ios_base@std@@QBE_NXZ 1000bde0 f i common:IOBuffer.obj
 0001:0000ae10       ?flush@?$basic_ostream@DU?$char_traits@D@std@@@std@@QAEAAV12@XZ 1000be10 f i common:IOBuffer.obj
 0001:0000aea0       ?fail@ios_base@std@@QBE_NXZ 1000bea0 f i common:IOBuffer.obj
 0001:0000aed0       ?pubsync@?$basic_streambuf@DU?$char_traits@D@std@@@std@@QAEHXZ 1000bed0 f i common:IOBuffer.obj
 0001:0000af10       ?osfx@?$basic_ostream@DU?$char_traits@D@std@@@std@@QAEXXZ 1000bf10 f i common:IOBuffer.obj
 0001:0000af50       ?flags@ios_base@std@@QBEHXZ 1000bf50 f i common:IOBuffer.obj
 0001:0000af70       ?tie@?$basic_ios@DU?$char_traits@D@std@@@std@@QBEPAV?$basic_ostream@DU?$char_traits@D@std@@@2@XZ 1000bf70 f i common:IOBuffer.obj
 0001:0000af90       ?setg@?$basic_streambuf@DU?$char_traits@D@std@@@std@@IAEXPAD00@Z 1000bf90 f i common:IOBuffer.obj
 0001:0000afd0       ?setp@?$basic_streambuf@DU?$char_traits@D@std@@@std@@IAEXPAD0@Z 1000bfd0 f i common:IOBuffer.obj
 0001:0000b010       ?_Pninc@?$basic_streambuf@DU?$char_traits@D@std@@@std@@IAEPADXZ 1000c010 f i common:IOBuffer.obj
 0001:0000b050       ?ToString@Win32@OnlineGameLib@@YA?AV?$basic_string@DU?$char_traits@D@std@@V?$allocator@D@2@@std@@I@Z 1000c050 f i common:IOBuffer.obj
 0001:0000b150       ?_Widen@std@@YADDPAD@Z     1000c150 f i common:IOBuffer.obj
 0001:0000b160       ?swap@std@@YAXAAW4_Redbl@?$_Tree@IU?$pair@$$CBIPAVCIOBuffer@Win32@OnlineGameLib@@@std@@U_Kfn@?$map@IPAVCIOBuffer@Win32@OnlineGameLib@@U?$less@I@std@@V?$allocator@PAVCIOBuffer@Win32@OnlineGameLib@@@5@@2@U?$less@I@2@V?$allocator@PAVCIOBuffer@Win32@OnlineGameLib@@@2@@1@0@Z 1000c160 f i common:IOBuffer.obj
 0001:0000b190       ?_Destroy@std@@YAXPAU?$pair@$$CBIPAVCIOBuffer@Win32@OnlineGameLib@@@1@@Z 1000c190 f i common:IOBuffer.obj
 0001:0000b1a0       ?_Construct@std@@YAXPAU?$pair@$$CBIPAVCIOBuffer@Win32@OnlineGameLib@@@1@ABU21@@Z 1000c1a0 f i common:IOBuffer.obj
 0001:0000b200       ??2@YAPAXIPAX@Z            1000c200 f i common:IOBuffer.obj
 0001:0000b210       ??6?$basic_ostream@DU?$char_traits@D@std@@@std@@QAEAAV01@P6AAAV01@AAV01@@Z@Z 1000c210 f i common:IOBuffer.obj
 0001:0000b250       ??6?$basic_ostream@DU?$char_traits@D@std@@@std@@QAEAAV01@I@Z 1000c250 f i common:IOBuffer.obj
 0001:0000b400       ?getloc@ios_base@std@@QBE?AVlocale@2@XZ 1000c400 f i common:IOBuffer.obj
 0001:0000b450       ??0locale@std@@QAE@ABV01@@Z 1000c450 f i common:IOBuffer.obj
 0001:0000b490       ??6?$basic_ostream@DU?$char_traits@D@std@@@std@@QAEAAV01@PBX@Z 1000c490 f i common:IOBuffer.obj
 0001:0000b640       ?fill@?$basic_ios@DU?$char_traits@D@std@@@std@@QBEDXZ 1000c640 f i common:IOBuffer.obj
 0001:0000b660       ?put@?$num_put@DV?$ostreambuf_iterator@DU?$char_traits@D@std@@@std@@@std@@QBE?AV?$ostreambuf_iterator@DU?$char_traits@D@std@@@2@V32@AAVios_base@2@DK@Z 1000c660 f i common:IOBuffer.obj
 0001:0000b6d0       ?put@?$num_put@DV?$ostreambuf_iterator@DU?$char_traits@D@std@@@std@@@std@@QBE?AV?$ostreambuf_iterator@DU?$char_traits@D@std@@@2@V32@AAVios_base@2@DPBX@Z 1000c6d0 f i common:IOBuffer.obj
 0001:0000b740       ??0?$ostreambuf_iterator@DU?$char_traits@D@std@@@std@@QAE@PAV?$basic_streambuf@DU?$char_traits@D@std@@@1@@Z 1000c740 f i common:IOBuffer.obj
 0001:0000b770       ?failed@?$ostreambuf_iterator@DU?$char_traits@D@std@@@std@@QBE_NXZ 1000c770 f i common:IOBuffer.obj
 0001:0000b790       ?use_facet@std@@YAABV?$num_put@DV?$ostreambuf_iterator@DU?$char_traits@D@std@@@std@@@1@ABVlocale@1@PBV21@_N@Z 1000c790 f i common:IOBuffer.obj
 0001:0000b8d0       ??0bad_cast@std@@QAE@PBD@Z 1000c8d0 f i common:IOBuffer.obj
 0001:0000b910       ??1bad_cast@std@@UAE@XZ    1000c910 f i common:IOBuffer.obj
 0001:0000b940       ?_Doraise@bad_cast@std@@MBEXXZ 1000c940 f i common:IOBuffer.obj
 0001:0000b990       ??_Gbad_cast@std@@UAEPAXI@Z 1000c990 f i common:IOBuffer.obj
 0001:0000b990       ??_Ebad_cast@std@@UAEPAXI@Z 1000c990 f i common:IOBuffer.obj
 0001:0000b9d0       ??0bad_cast@std@@QAE@ABV01@@Z 1000c9d0 f i common:IOBuffer.obj
 0001:0000ba10       ??Bid@locale@std@@QAEIXZ   1000ca10 f i common:IOBuffer.obj
 0001:0000ba80       ??0?$num_put@DV?$ostreambuf_iterator@DU?$char_traits@D@std@@@std@@@std@@QAE@I@Z 1000ca80 f i common:IOBuffer.obj
 0001:0000bb30       ??1facet@locale@std@@UAE@XZ 1000cb30 f i common:IOBuffer.obj
 0001:0000bb50       ??0facet@locale@std@@IAE@I@Z 1000cb50 f i common:IOBuffer.obj
 0001:0000bb80       ??_Gfacet@locale@std@@UAEPAXI@Z 1000cb80 f i common:IOBuffer.obj
 0001:0000bb80       ??_Efacet@locale@std@@UAEPAXI@Z 1000cb80 f i common:IOBuffer.obj
 0001:0000bbc0       ?do_put@?$num_put@DV?$ostreambuf_iterator@DU?$char_traits@D@std@@@std@@@std@@MBE?AV?$ostreambuf_iterator@DU?$char_traits@D@std@@@2@V32@AAVios_base@2@D_N@Z 1000cbc0 f i common:IOBuffer.obj
 0001:0000be20       ?width@ios_base@std@@QBEHXZ 1000ce20 f i common:IOBuffer.obj
 0001:0000be40       ?width@ios_base@std@@QAEHH@Z 1000ce40 f i common:IOBuffer.obj
 0001:0000be80       ?do_put@?$num_put@DV?$ostreambuf_iterator@DU?$char_traits@D@std@@@std@@@std@@MBE?AV?$ostreambuf_iterator@DU?$char_traits@D@std@@@2@V32@AAVios_base@2@DJ@Z 1000ce80 f i common:IOBuffer.obj
 0001:0000bf10       ?do_put@?$num_put@DV?$ostreambuf_iterator@DU?$char_traits@D@std@@@std@@@std@@MBE?AV?$ostreambuf_iterator@DU?$char_traits@D@std@@@2@V32@AAVios_base@2@DK@Z 1000cf10 f i common:IOBuffer.obj
 0001:0000bfa0       ?do_put@?$num_put@DV?$ostreambuf_iterator@DU?$char_traits@D@std@@@std@@@std@@MBE?AV?$ostreambuf_iterator@DU?$char_traits@D@std@@@2@V32@AAVios_base@2@DN@Z 1000cfa0 f i common:IOBuffer.obj
 0001:0000c090       ?precision@ios_base@std@@QBEHXZ 1000d090 f i common:IOBuffer.obj
 0001:0000c0b0       ?do_put@?$num_put@DV?$ostreambuf_iterator@DU?$char_traits@D@std@@@std@@@std@@MBE?AV?$ostreambuf_iterator@DU?$char_traits@D@std@@@2@V32@AAVios_base@2@DO@Z 1000d0b0 f i common:IOBuffer.obj
 0001:0000c1a0       ?do_put@?$num_put@DV?$ostreambuf_iterator@DU?$char_traits@D@std@@@std@@@std@@MBE?AV?$ostreambuf_iterator@DU?$char_traits@D@std@@@2@V32@AAVios_base@2@DPBX@Z 1000d1a0 f i common:IOBuffer.obj
 0001:0000c2d0       ??_E?$num_put@DV?$ostreambuf_iterator@DU?$char_traits@D@std@@@std@@@std@@UAEPAXI@Z 1000d2d0 f i common:IOBuffer.obj
 0001:0000c2d0       ??_G?$num_put@DV?$ostreambuf_iterator@DU?$char_traits@D@std@@@std@@@std@@UAEPAXI@Z 1000d2d0 f i common:IOBuffer.obj
 0001:0000c310       ??1?$num_put@DV?$ostreambuf_iterator@DU?$char_traits@D@std@@@std@@@std@@UAE@XZ 1000d310 f i common:IOBuffer.obj
 0001:0000c340       ?append@?$basic_string@DU?$char_traits@D@std@@V?$allocator@D@2@@std@@QAEAAV12@ID@Z 1000d340 f i common:IOBuffer.obj
 0001:0000c3d0       ?assign@?$char_traits@D@std@@SAPADPADIABD@Z 1000d3d0 f i common:IOBuffer.obj
 0001:0000c400       ?_Ffmt@?$num_put@DV?$ostreambuf_iterator@DU?$char_traits@D@std@@@std@@@std@@KAPADPADDH@Z 1000d400 f i common:IOBuffer.obj
 0001:0000c4f0       ?_Fput@?$num_put@DV?$ostreambuf_iterator@DU?$char_traits@D@std@@@std@@@std@@KA?AV?$ostreambuf_iterator@DU?$char_traits@D@std@@@2@V32@AAVios_base@2@DPBDII@Z 1000d4f0 f i common:IOBuffer.obj
 0001:0000c8c0       ?_Ifmt@?$num_put@DV?$ostreambuf_iterator@DU?$char_traits@D@std@@@std@@@std@@KAPADPADDH@Z 1000d8c0 f i common:IOBuffer.obj
 0001:0000c9a0       ?_Iput@?$num_put@DV?$ostreambuf_iterator@DU?$char_traits@D@std@@@std@@@std@@KA?AV?$ostreambuf_iterator@DU?$char_traits@D@std@@@2@V32@AAVios_base@2@DPADI@Z 1000d9a0 f i common:IOBuffer.obj
 0001:0000cda0       ?_Put@?$num_put@DV?$ostreambuf_iterator@DU?$char_traits@D@std@@@std@@@std@@KA?AV?$ostreambuf_iterator@DU?$char_traits@D@std@@@2@V32@PBDI@Z 1000dda0 f i common:IOBuffer.obj
 0001:0000ce00       ?_Putc@?$num_put@DV?$ostreambuf_iterator@DU?$char_traits@D@std@@@std@@@std@@KA?AV?$ostreambuf_iterator@DU?$char_traits@D@std@@@2@V32@PBDI@Z 1000de00 f i common:IOBuffer.obj
 0001:0000ce70       ?_Rep@?$num_put@DV?$ostreambuf_iterator@DU?$char_traits@D@std@@@std@@@std@@KA?AV?$ostreambuf_iterator@DU?$char_traits@D@std@@@2@V32@DI@Z 1000de70 f i common:IOBuffer.obj
 0001:0000cec0       ?falsename@?$numpunct@D@std@@QBE?AV?$basic_string@DU?$char_traits@D@std@@V?$allocator@D@2@@2@XZ 1000dec0 f i common:IOBuffer.obj
 0001:0000cf20       ?truename@?$numpunct@D@std@@QBE?AV?$basic_string@DU?$char_traits@D@std@@V?$allocator@D@2@@2@XZ 1000df20 f i common:IOBuffer.obj
 0001:0000cf80       ??4?$ostreambuf_iterator@DU?$char_traits@D@std@@@std@@QAEAAV01@D@Z 1000df80 f i common:IOBuffer.obj
 0001:0000d000       ??D?$ostreambuf_iterator@DU?$char_traits@D@std@@@std@@QAEAAV01@XZ 1000e000 f i common:IOBuffer.obj
 0001:0000d020       ??E?$ostreambuf_iterator@DU?$char_traits@D@std@@@std@@QAEAAV01@XZ 1000e020 f i common:IOBuffer.obj
 0001:0000d040       ?decimal_point@?$numpunct@D@std@@QBEDXZ 1000e040 f i common:IOBuffer.obj
 0001:0000d080       ?thousands_sep@?$numpunct@D@std@@QBEDXZ 1000e080 f i common:IOBuffer.obj
 0001:0000d0c0       ?grouping@?$numpunct@D@std@@QBE?AV?$basic_string@DU?$char_traits@D@std@@V?$allocator@D@2@@2@XZ 1000e0c0 f i common:IOBuffer.obj
 0001:0000d120       ?use_facet@std@@YAABV?$numpunct@D@1@ABVlocale@1@PBV21@_N@Z 1000e120 f i common:IOBuffer.obj
 0001:0000d260       ??0?$numpunct@D@std@@QAE@I@Z 1000e260 f i common:IOBuffer.obj
 0001:0000d310       ?do_decimal_point@?$numpunct@D@std@@MBEDXZ 1000e310 f i common:IOBuffer.obj
 0001:0000d330       ?do_thousands_sep@?$numpunct@D@std@@MBEDXZ 1000e330 f i common:IOBuffer.obj
 0001:0000d350       ?do_grouping@?$numpunct@D@std@@MBE?AV?$basic_string@DU?$char_traits@D@std@@V?$allocator@D@2@@2@XZ 1000e350 f i common:IOBuffer.obj
 0001:0000d3b0       ?do_falsename@?$numpunct@D@std@@MBE?AV?$basic_string@DU?$char_traits@D@std@@V?$allocator@D@2@@2@XZ 1000e3b0 f i common:IOBuffer.obj
 0001:0000d410       ?do_truename@?$numpunct@D@std@@MBE?AV?$basic_string@DU?$char_traits@D@std@@V?$allocator@D@2@@2@XZ 1000e410 f i common:IOBuffer.obj
 0001:0000d470       ??_G?$numpunct@D@std@@UAEPAXI@Z 1000e470 f i common:IOBuffer.obj
 0001:0000d470       ??_E?$numpunct@D@std@@UAEPAXI@Z 1000e470 f i common:IOBuffer.obj
 0001:0000d4b0       ??1?$numpunct@D@std@@UAE@XZ 1000e4b0 f i common:IOBuffer.obj
 0001:0000d530       ?_Save@?$_Tidyfac@V?$num_put@DV?$ostreambuf_iterator@DU?$char_traits@D@std@@@std@@@std@@@std@@SAPAV?$num_put@DV?$ostreambuf_iterator@DU?$char_traits@D@std@@@std@@@2@PAV32@@Z 1000e530 f i common:IOBuffer.obj
 0001:0000d5c0       ?_Save@?$_Tidyfac@V?$numpunct@D@std@@@std@@SAPAV?$numpunct@D@2@PAV32@@Z 1000e5c0 f i common:IOBuffer.obj
 0001:0000d650       ?_Init@?$num_put@DV?$ostreambuf_iterator@DU?$char_traits@D@std@@@std@@@std@@IAEXABV_Locinfo@2@@Z 1000e650 f i common:IOBuffer.obj
 0001:0000d670       ?_Init@?$numpunct@D@std@@IAEXABV_Locinfo@2@@Z 1000e670 f i common:IOBuffer.obj
 0001:0000d720       ?_Getlconv@_Locinfo@std@@QBEPBUlconv@@XZ 1000e720 f i common:IOBuffer.obj
 0001:0000d750       ?_Getfalse@_Locinfo@std@@QBEPBDXZ 1000e750 f i common:IOBuffer.obj
 0001:0000d770       ?_Gettrue@_Locinfo@std@@QBEPBDXZ 1000e770 f i common:IOBuffer.obj
 0001:0000d790       ?_Tidy@?$_Tidyfac@V?$num_put@DV?$ostreambuf_iterator@DU?$char_traits@D@std@@@std@@@std@@@std@@SAXXZ 1000e790 f i common:IOBuffer.obj
 0001:0000d840       ?_Tidy@?$_Tidyfac@V?$numpunct@D@std@@@std@@SAXXZ 1000e840 f i common:IOBuffer.obj
 0001:0000d8f0       ?_Maklocstr@std@@YAPADPBDPAD@Z 1000e8f0 f i common:IOBuffer.obj
 0001:0000d980       ?id@?$num_put@DV?$ostreambuf_iterator@DU?$char_traits@D@std@@@$D 1000e980 f i common:IOBuffer.obj
 0001:0000d9b0       ?id@?$numpunct@D@std@@$D   1000e9b0 f i common:IOBuffer.obj
 0001:0000d9e0       ?id@?$numpunct@D@std@@$E   1000e9e0 f i common:IOBuffer.obj
 0001:0000d9f0       ?id@?$num_put@DV?$ostreambuf_iterator@DU?$char_traits@D@std@@@$E 1000e9f0 f i common:IOBuffer.obj
 0001:0000dbdf       ?SetLogFileName@Win32@OnlineGameLib@@YAXABV?$basic_string@DU?$char_traits@D@std@@V?$allocator@D@2@@std@@@Z 1000ebdf f   common:Utils.obj
 0001:0000dc59       ?Message@Win32@OnlineGameLib@@YAXQBD@Z 1000ec59 f   common:Utils.obj
 0001:0000dc9a       ?Output@Win32@OnlineGameLib@@YAXABV?$basic_string@DU?$char_traits@D@std@@V?$allocator@D@2@@std@@@Z 1000ec9a f   common:Utils.obj
 0001:0000dce9       ?Trace@Win32@OnlineGameLib@@YAXABV?$basic_string@DU?$char_traits@D@std@@V?$allocator@D@2@@std@@0@Z 1000ece9 f   common:Utils.obj
 0001:0000de79       ?GetLastErrorMessage@Win32@OnlineGameLib@@YA?AV?$basic_string@DU?$char_traits@D@std@@V?$allocator@D@2@@std@@K@Z 1000ee79 f   common:Utils.obj
 0001:0000df37       ?HexToString@Win32@OnlineGameLib@@YA?AV?$basic_string@DU?$char_traits@D@std@@V?$allocator@D@2@@std@@PBEI@Z 1000ef37 f   common:Utils.obj
 0001:0000e07d       ?StringToHex@Win32@OnlineGameLib@@YAXABV?$basic_string@DU?$char_traits@D@std@@V?$allocator@D@2@@std@@PAEI@Z 1000f07d f   common:Utils.obj
 0001:0000e1fc       ?HexStringToDWORD@Win32@OnlineGameLib@@YAKPBD@Z 1000f1fc f   common:Utils.obj
 0001:0000e2e7       ?HashStr2ID@Win32@OnlineGameLib@@YAKQBD@Z 1000f2e7 f   common:Utils.obj
 0001:0000e360       ?net_aton@Win32@OnlineGameLib@@YAKPBD@Z 1000f360 f   common:Utils.obj
 0001:0000e466       ?net_ntoa@Win32@OnlineGameLib@@YAPBDK@Z 1000f466 f   common:Utils.obj
 0001:0000e4d3       ?GetCurrentDirectoryA@Win32@OnlineGameLib@@YA?AV?$basic_string@DU?$char_traits@D@std@@V?$allocator@D@2@@std@@XZ 1000f4d3 f   common:Utils.obj
 0001:0000e5ec       ?GetAppFullPath@Win32@OnlineGameLib@@YA?AV?$basic_string@DU?$char_traits@D@std@@V?$allocator@D@2@@std@@PAUHINSTANCE__@@@Z 1000f5ec f   common:Utils.obj
 0001:0000e739       ?GetDateStamp@Win32@OnlineGameLib@@YA?AV?$basic_string@DU?$char_traits@D@std@@V?$allocator@D@2@@std@@XZ 1000f739 f   common:Utils.obj
 0001:0000e7d8       ?GetTimeStamp@Win32@OnlineGameLib@@YA?AV?$basic_string@DU?$char_traits@D@std@@V?$allocator@D@2@@std@@XZ 1000f7d8 f   common:Utils.obj
 0001:0000e86b       ?ToHex@Win32@OnlineGameLib@@YA?AV?$basic_string@DU?$char_traits@D@std@@V?$allocator@D@2@@std@@E@Z 1000f86b f   common:Utils.obj
 0001:0000e8d3       ?DumpData@Win32@OnlineGameLib@@YA?AV?$basic_string@DU?$char_traits@D@std@@V?$allocator@D@2@@std@@QBEII@Z 1000f8d3 f   common:Utils.obj
 0001:0000ebf4       ?GetComputerNameA@Win32@OnlineGameLib@@YA?AV?$basic_string@DU?$char_traits@D@std@@V?$allocator@D@2@@std@@XZ 1000fbf4 f   common:Utils.obj
 0001:0000ecd9       ?GetModuleFileNameA@Win32@OnlineGameLib@@YA?AV?$basic_string@DU?$char_traits@D@std@@V?$allocator@D@2@@std@@PAUHINSTANCE__@@@Z 1000fcd9 f   common:Utils.obj
 0001:0000edd4       ?GetUserNameA@Win32@OnlineGameLib@@YA?AV?$basic_string@DU?$char_traits@D@std@@V?$allocator@D@2@@std@@XZ 1000fdd4 f   common:Utils.obj
 0001:0000eed1       ?StripLeading@Win32@OnlineGameLib@@YA?AV?$basic_string@DU?$char_traits@D@std@@V?$allocator@D@2@@std@@ABV34@D@Z 1000fed1 f   common:Utils.obj
 0001:0000ef46       ?StripTrailing@Win32@OnlineGameLib@@YA?AV?$basic_string@DU?$char_traits@D@std@@V?$allocator@D@2@@std@@ABV34@D@Z 1000ff46 f   common:Utils.obj
 0001:0000efde       ?GetFileVersion@Win32@OnlineGameLib@@YA?AV?$basic_string@DU?$char_traits@D@std@@V?$allocator@D@2@@std@@XZ 1000ffde f   common:Utils.obj
 0001:0000f27e       ?GetLocalName@Win32@OnlineGameLib@@YA_NPADI@Z 1001027e f   common:Utils.obj
 0001:0000f38d       ?GetLocalAddress@Win32@OnlineGameLib@@YA_NPADIH@Z 1001038d f   common:Utils.obj
 0001:0000f5b0       ??_D?$basic_fstream@DU?$char_traits@D@std@@@std@@QAEXXZ 100105b0 f i common:Utils.obj
 0001:0000f5f0       ?T2A@@YAPADPAD@Z           100105f0 f i common:Utils.obj
 0001:0000f600       ??Y?$basic_string@DU?$char_traits@D@std@@V?$allocator@D@2@@std@@QAEAAV01@D@Z 10010600 f i common:Utils.obj
 0001:0000f630       ??A?$basic_string@DU?$char_traits@D@std@@V?$allocator@D@2@@std@@QBEABDI@Z 10010630 f i common:Utils.obj
 0001:0000f670       ?length@?$basic_string@DU?$char_traits@D@std@@V?$allocator@D@2@@std@@QBEIXZ 10010670 f i common:Utils.obj
 0001:0000f690       ?substr@?$basic_string@DU?$char_traits@D@std@@V?$allocator@D@2@@std@@QBE?AV12@II@Z 10010690 f i common:Utils.obj
 0001:0000f6f0       ??0?$basic_fstream@DU?$char_traits@D@std@@@std@@QAE@XZ 100106f0 f i common:Utils.obj
 0001:0000f7c0       ??1?$basic_fstream@DU?$char_traits@D@std@@@std@@UAE@XZ 100107c0 f i common:Utils.obj
 0001:0000f840       ?is_open@?$basic_fstream@DU?$char_traits@D@std@@@std@@QBE_NXZ 10010840 f i common:Utils.obj
 0001:0000f870       ?close@?$basic_fstream@DU?$char_traits@D@std@@@std@@QAEXXZ 10010870 f i common:Utils.obj
 0001:0000f8c0       ??1?$basic_filebuf@DU?$char_traits@D@std@@@std@@UAE@XZ 100108c0 f i common:Utils.obj
 0001:0000f980       ?overflow@?$basic_filebuf@DU?$char_traits@D@std@@@std@@MAEHH@Z 10010980 f i common:Utils.obj
 0001:0000fbb0       ?not_eof@?$char_traits@D@std@@SAHABH@Z 10010bb0 f i common:Utils.obj
 0001:0000fbf0       ?_Fputc@std@@YA_NDPAU_iobuf@@@Z 10010bf0 f i common:Utils.obj
 0001:0000fc20       ?pbackfail@?$basic_filebuf@DU?$char_traits@D@std@@@std@@MAEHH@Z 10010c20 f i common:Utils.obj
 0001:0000fdc0       ?_Ungetc@std@@YA_NDPAU_iobuf@@@Z 10010dc0 f i common:Utils.obj
 0001:0000fdf0       ?underflow@?$basic_filebuf@DU?$char_traits@D@std@@@std@@MAEHXZ 10010df0 f i common:Utils.obj
 0001:0000fe70       ?uflow@?$basic_filebuf@DU?$char_traits@D@std@@@std@@MAEHXZ 10010e70 f i common:Utils.obj
 0001:00010030       ?_Fgetc@std@@YA_NAADPAU_iobuf@@@Z 10011030 f i common:Utils.obj
 0001:00010070       ?seekoff@?$basic_filebuf@DU?$char_traits@D@std@@@std@@MAE?AV?$fpos@H@2@JW4seekdir@ios_base@2@H@Z 10011070 f i common:Utils.obj
 0001:00010120       ?seekpos@?$basic_filebuf@DU?$char_traits@D@std@@@std@@MAE?AV?$fpos@H@2@V32@H@Z 10011120 f i common:Utils.obj
 0001:00010230       ?setbuf@?$basic_filebuf@DU?$char_traits@D@std@@@std@@MAEPAV?$basic_streambuf@DU?$char_traits@D@std@@@2@PADH@Z 10011230 f i common:Utils.obj
 0001:00010290       ?sync@?$basic_filebuf@DU?$char_traits@D@std@@@std@@MAEHXZ 10011290 f i common:Utils.obj
 0001:000102f0       ??0?$auto_ptr@D@std@@QAE@PAD@Z 100112f0 f i common:Utils.obj
 0001:00010320       ??1?$auto_ptr@D@std@@QAE@XZ 10011320 f i common:Utils.obj
 0001:00010370       ?get@?$auto_ptr@D@std@@QBEPADXZ 10011370 f i common:Utils.obj
 0001:00010390       ??0?$auto_ptr@E@std@@QAE@PAE@Z 10011390 f i common:Utils.obj
 0001:000103c0       ??1?$auto_ptr@E@std@@QAE@XZ 100113c0 f i common:Utils.obj
 0001:00010410       ?get@?$auto_ptr@E@std@@QBEPAEXZ 10011410 f i common:Utils.obj
 0001:00010430       ??_G?$basic_fstream@DU?$char_traits@D@std@@@std@@UAEPAXI@Z 10011430 f i common:Utils.obj
 0001:00010430       ??_E?$basic_fstream@DU?$char_traits@D@std@@@std@@UAEPAXI@Z 10011430 f i common:Utils.obj
 0001:00010480       ??_G?$basic_filebuf@DU?$char_traits@D@std@@@std@@UAEPAXI@Z 10011480 f i common:Utils.obj
 0001:00010480       ??_E?$basic_filebuf@DU?$char_traits@D@std@@@std@@UAEPAXI@Z 10011480 f i common:Utils.obj
 0001:000104c0       ??_G?$basic_string@DU?$char_traits@D@std@@V?$allocator@D@2@@std@@QAEPAXI@Z 100114c0 f i common:Utils.obj
 0001:00010500       ??0?$basic_string@DU?$char_traits@D@std@@V?$allocator@D@2@@std@@QAE@ABV01@IIABV?$allocator@D@1@@Z 10011500 f i common:Utils.obj
 0001:00010550       ?begin@?$basic_string@DU?$char_traits@D@std@@V?$allocator@D@2@@std@@QAEPADXZ 10011550 f i common:Utils.obj
 0001:00010580       ?end@?$basic_string@DU?$char_traits@D@std@@V?$allocator@D@2@@std@@QAEPADXZ 10011580 f i common:Utils.obj
 0001:000105c0       ??0?$fpos@H@std@@QAE@H_J@Z 100115c0 f i common:Utils.obj
 0001:00010600       ?state@?$fpos@H@std@@QBEHXZ 10011600 f i common:Utils.obj
 0001:00010620       ?get_fpos_t@?$fpos@H@std@@QBE_JXZ 10011620 f i common:Utils.obj
 0001:00010640       ??B?$fpos@H@std@@QBEJXZ    10011640 f i common:Utils.obj
 0001:00010660       ?eback@?$basic_streambuf@DU?$char_traits@D@std@@@std@@IBEPADXZ 10011660 f i common:Utils.obj
 0001:00010680       ?_Gndec@?$basic_streambuf@DU?$char_traits@D@std@@@std@@IAEPADXZ 10011680 f i common:Utils.obj
 0001:000106c0       ??0?$basic_filebuf@DU?$char_traits@D@std@@@std@@QAE@PAU_iobuf@@@Z 100116c0 f i common:Utils.obj
 0001:00010740       ?is_open@?$basic_filebuf@DU?$char_traits@D@std@@@std@@QBE_NXZ 10011740 f i common:Utils.obj
 0001:00010760       ?close@?$basic_filebuf@DU?$char_traits@D@std@@@std@@QAEPAV12@XZ 10011760 f i common:Utils.obj
 0001:000107b0       ?in@?$codecvt@DDH@std@@QBEHAAHPBD1AAPBDPAD3AAPAD@Z 100117b0 f i common:Utils.obj
 0001:00010800       ?out@?$codecvt@DDH@std@@QBEHAAHPBD1AAPBDPAD3AAPAD@Z 10011800 f i common:Utils.obj
 0001:00010850       ?_Freeze@?$basic_string@DU?$char_traits@D@std@@V?$allocator@D@2@@std@@AAEXXZ 10011850 f i common:Utils.obj
 0001:000108e0       ?_Psum@?$basic_string@DU?$char_traits@D@std@@V?$allocator@D@2@@std@@CAPADPADI@Z 100118e0 f i common:Utils.obj
 0001:00010910       ?_Init@?$basic_filebuf@DU?$char_traits@D@std@@@std@@IAEXPAU_iobuf@@W4_Initfl@12@@Z 10011910 f i common:Utils.obj
 0001:00010a10       ?_Init@?$basic_streambuf@DU?$char_traits@D@std@@@std@@IAEXPAPAD0PAH001@Z 10011a10 f i common:Utils.obj
 0001:00010a60       ?ToString@Win32@OnlineGameLib@@YA?AV?$basic_string@DU?$char_traits@D@std@@V?$allocator@D@2@@std@@K@Z 10011a60 f i common:Utils.obj
 0001:00010b60       ?_Ungetc@std@@YA_NABDPAU_iobuf@@I@Z 10011b60 f i common:Utils.obj
 0001:00010bf0       ??6?$basic_ostream@DU?$char_traits@D@std@@@std@@QAEAAV01@K@Z 10011bf0 f i common:Utils.obj
 0001:00010da0       ??0CThread@Win32@OnlineGameLib@@QAE@XZ 10011da0 f   common:Thread.obj
 0001:00010dc8       ??1CThread@Win32@OnlineGameLib@@UAE@XZ 10011dc8 f   common:Thread.obj
 0001:00010e62       ?GetHandle@CThread@Win32@OnlineGameLib@@QBEPAXXZ 10011e62 f   common:Thread.obj
 0001:00010e7a       ?Start@CThread@Win32@OnlineGameLib@@QAEXXZ 10011e7a f   common:Thread.obj
 0001:00010fb2       ?Wait@CThread@Win32@OnlineGameLib@@QBEXXZ 10011fb2 f   common:Thread.obj
 0001:00011059       ?Wait@CThread@Win32@OnlineGameLib@@QBE_NK@Z 10012059 f   common:Thread.obj
 0001:00011130       ?ThreadFunction@CThread@Win32@OnlineGameLib@@CGIPAX@Z 10012130 f   common:Thread.obj
 0001:000111da       ?Terminate@CThread@Win32@OnlineGameLib@@QAEXK@Z 100121da f   common:Thread.obj
 0001:000112d0       ??_GCThread@Win32@OnlineGameLib@@UAEPAXI@Z 100122d0 f i common:Thread.obj
 0001:000112d0       ??_ECThread@Win32@OnlineGameLib@@UAEPAXI@Z 100122d0 f i common:Thread.obj
 0001:00011310       ?KSG_DecodeEncode@@YAHIPAEPAI@Z 10012310 f   common:KSG_EncodeDecode.obj
 0001:000113d3       ?KSG_DecodeEncode_ASM@@YAHIPAEPAI@Z 100123d3 f   common:KSG_EncodeDecode.obj
 0001:00011430       ??0CEventSelect@Win32@OnlineGameLib@@QAE@XZ 10012430 f   common:EventSelect.obj
 0001:00011475       ??1CEventSelect@Win32@OnlineGameLib@@QAE@XZ 10012475 f   common:EventSelect.obj
 0001:000114b9       ?AssociateEvent@CEventSelect@Win32@OnlineGameLib@@QAEXIJ@Z 100124b9 f   common:EventSelect.obj
 0001:000115dd       ?DissociateEvent@CEventSelect@Win32@OnlineGameLib@@QAEXXZ 100125dd f   common:EventSelect.obj
 0001:00011650       ??0CUsesWinsock@Win32@OnlineGameLib@@QAE@XZ 10012650 f   common:UsesWinsock.obj
 0001:00011702       ??1CUsesWinsock@Win32@OnlineGameLib@@QAE@XZ 10012702 f   common:UsesWinsock.obj
 0001:00011760       ??0CManualResetEvent@Win32@OnlineGameLib@@QAE@_N@Z 10012760 f   common:ManualResetEvent.obj
 0001:0001179a       ??0CManualResetEvent@Win32@OnlineGameLib@@QAE@PBD_N@Z 1001279a f   common:ManualResetEvent.obj
 0001:000117e0       ??_GCManualResetEvent@Win32@OnlineGameLib@@UAEPAXI@Z 100127e0 f i common:ManualResetEvent.obj
 0001:000117e0       ??_ECManualResetEvent@Win32@OnlineGameLib@@UAEPAXI@Z 100127e0 f i common:ManualResetEvent.obj
 0001:00011820       ??0CEvent@Win32@OnlineGameLib@@QAE@PAU_SECURITY_ATTRIBUTES@@_N1@Z 10012820 f   common:Event.obj
 0001:00011925       ??0CEvent@Win32@OnlineGameLib@@QAE@PAU_SECURITY_ATTRIBUTES@@_N1PBD@Z 10012925 f   common:Event.obj
 0001:0001196d       ??1CEvent@Win32@OnlineGameLib@@UAE@XZ 1001296d f   common:Event.obj
 0001:000119aa       ?Wait@CEvent@Win32@OnlineGameLib@@QBEXXZ 100129aa f   common:Event.obj
 0001:00011a51       ?Wait@CEvent@Win32@OnlineGameLib@@QBE_NK@Z 10012a51 f   common:Event.obj
 0001:00011b1b       ?Reset@CEvent@Win32@OnlineGameLib@@QAEXXZ 10012b1b f   common:Event.obj
 0001:00011bc2       ?Set@CEvent@Win32@OnlineGameLib@@QAEXXZ 10012bc2 f   common:Event.obj
 0001:00011c69       ?Pulse@CEvent@Win32@OnlineGameLib@@QAEXXZ 10012c69 f   common:Event.obj
 0001:00011d40       ??_ECEvent@Win32@OnlineGameLib@@UAEPAXI@Z 10012d40 f i common:Event.obj
 0001:00011d40       ??_GCEvent@Win32@OnlineGameLib@@UAEPAXI@Z 10012d40 f i common:Event.obj
 0001:00011d80       ?_trace@@YAXPADZZ          10012d80 f   common:Macro.obj
 0001:00011e60       ??0CSocket@Win32@OnlineGameLib@@QAE@XZ 10012e60 f   common:Socket.obj
 0001:00011e7e       ??0CSocket@Win32@OnlineGameLib@@QAE@I@Z 10012e7e f   common:Socket.obj
 0001:00011f13       ??1CSocket@Win32@OnlineGameLib@@QAE@XZ 10012f13 f   common:Socket.obj
 0001:00011f8b       ?Attach@CSocket@Win32@OnlineGameLib@@QAEXI@Z 10012f8b f   common:Socket.obj
 0001:00011fb9       ?Detatch@CSocket@Win32@OnlineGameLib@@QAEIXZ 10012fb9 f   common:Socket.obj
 0001:00011fe8       ?Close@CSocket@Win32@OnlineGameLib@@QAEXXZ 10012fe8 f   common:Socket.obj
 0001:0001208e       ?AbortiveClose@CSocket@Win32@OnlineGameLib@@QAEXXZ 1001308e f   common:Socket.obj
 0001:00012159       ?Shutdown@CSocket@Win32@OnlineGameLib@@QAEXH@Z 10013159 f   common:Socket.obj
 0001:00012205       ?Listen@CSocket@Win32@OnlineGameLib@@QAEXH@Z 10013205 f   common:Socket.obj
 0001:000122b2       ?Bind@CSocket@Win32@OnlineGameLib@@QAEXABUsockaddr_in@@@Z 100132b2 f   common:Socket.obj
 0001:00012361       ?Bind@CSocket@Win32@OnlineGameLib@@QAEXABUsockaddr@@I@Z 10013361 f   common:Socket.obj
 0001:00012412       ?Connect@CSocket@Win32@OnlineGameLib@@QAEXABUsockaddr_in@@@Z 10013412 f   common:Socket.obj
 0001:000124c1       ?Connect@CSocket@Win32@OnlineGameLib@@QAEXABUsockaddr@@I@Z 100134c1 f   common:Socket.obj
 0001:00012572       ??0InternetAddress@CSocket@Win32@OnlineGameLib@@QAE@KG@Z 10013572 f   common:Socket.obj
 0001:000125d1       ??0InternetAddress@CSocket@Win32@OnlineGameLib@@QAE@ABV?$basic_string@DU?$char_traits@D@std@@V?$allocator@D@2@@std@@G@Z 100135d1 f   common:Socket.obj
 0001:00012635       ??0Exception@CSocket@Win32@OnlineGameLib@@AAE@ABV?$basic_string@DU?$char_traits@D@std@@V?$allocator@D@2@@std@@K@Z 10013635 f   common:Socket.obj
 0001:000126a0       ??1Exception@CSocket@Win32@OnlineGameLib@@UAE@XZ 100136a0 f i common:Socket.obj
 0001:000126d0       ??0Exception@CSocket@Win32@OnlineGameLib@@QAE@ABV0123@@Z 100136d0 f i common:Socket.obj
 0001:00012710       ??_EException@CSocket@Win32@OnlineGameLib@@UAEPAXI@Z 10013710 f i common:Socket.obj
 0001:00012710       ??_GException@CSocket@Win32@OnlineGameLib@@UAEPAXI@Z 10013710 f i common:Socket.obj
 0001:00012750       ??0CWin32Exception@Win32@OnlineGameLib@@QAE@ABV?$basic_string@DU?$char_traits@D@std@@V?$allocator@D@2@@std@@K@Z 10013750 f   common:Win32Exception.obj
 0001:00012830       ??0CException@Win32@OnlineGameLib@@QAE@ABV?$basic_string@DU?$char_traits@D@std@@V?$allocator@D@2@@std@@0@Z 10013830 f   common:Exception.obj
 0001:000128a5       ?GetWhere@CException@Win32@OnlineGameLib@@UBE?AV?$basic_string@DU?$char_traits@D@std@@V?$allocator@D@2@@std@@XZ 100138a5 f   common:Exception.obj
 0001:000128ee       ?GetMessageA@CException@Win32@OnlineGameLib@@UBE?AV?$basic_string@DU?$char_traits@D@std@@V?$allocator@D@2@@std@@XZ 100138ee f   common:Exception.obj
 0001:00012937       ?MessageBoxA@CException@Win32@OnlineGameLib@@QBEXPAUHWND__@@@Z 10013937 f   common:Exception.obj
 0001:00012a50       ??0CNodeList@OnlineGameLib@@QAE@XZ 10013a50 f   common:NodeList.obj
 0001:00012a78       ?PushNode@CNodeList@OnlineGameLib@@QAEXPAVNode@12@@Z 10013a78 f   common:NodeList.obj
 0001:00012ad4       ?PopNode@CNodeList@OnlineGameLib@@QAEPAVNode@12@XZ 10013ad4 f   common:NodeList.obj
 0001:00012b16       ?RemoveNode@CNodeList@OnlineGameLib@@AAEXPAVNode@12@@Z 10013b16 f   common:NodeList.obj
 0001:00012b6f       ??0Node@CNodeList@OnlineGameLib@@IAE@XZ 10013b6f f   common:NodeList.obj
 0001:00012ba1       ??1Node@CNodeList@OnlineGameLib@@IAE@XZ 10013ba1 f   common:NodeList.obj
 0001:00012c2e       ?AddToList@Node@CNodeList@OnlineGameLib@@QAEXPAV23@@Z 10013c2e f   common:NodeList.obj
 0001:00012c4b       ?RemoveFromList@Node@CNodeList@OnlineGameLib@@QAEXXZ 10013c4b f   common:NodeList.obj
 0001:00012c7f       ?Unlink@Node@CNodeList@OnlineGameLib@@AAEXXZ 10013c7f f   common:NodeList.obj
 0001:00012ce0       ?Next@Node@CNodeList@OnlineGameLib@@QAEXPAV123@@Z 10013ce0 f i common:NodeList.obj
 0001:00012d10       ?Next@Node@CNodeList@OnlineGameLib@@QBEPAV123@XZ 10013d10 f i common:NodeList.obj
 0001:00012d30       ??2@YAPAXI@Z               10013d30 f   LIBCMTD:new.obj
 0001:00012d50       __chkesp                   10013d50 f   LIBCMTD:chkesp.obj
 0001:00012d90       _time                      10013d90 f   LIBCMTD:time.obj
 0001:00012f20       ?_JumpToContinuation@@YGXPAXPAUEHRegistrationNode@@@Z 10013f20 f   LIBCMTD:trnsctrl.obj
 0001:00012f60       ?_CallMemberFunction0@@YGXPAX0@Z 10013f60 f   LIBCMTD:trnsctrl.obj
 0001:00012f70       ?_CallMemberFunction1@@YGXPAX00@Z 10013f70 f   LIBCMTD:trnsctrl.obj
 0001:00012f80       ?_CallMemberFunction2@@YGXPAX00H@Z 10013f80 f   LIBCMTD:trnsctrl.obj
 0001:00012f90       ?_UnwindNestedFrames@@YGXPAUEHRegistrationNode@@PAUEHExceptionRecord@@@Z 10013f90 f   LIBCMTD:trnsctrl.obj
 0001:00012ff0       ___CxxFrameHandler         10013ff0 f   LIBCMTD:trnsctrl.obj
 0001:00013030       ___CxxLongjmpUnwind@4      10014030 f   LIBCMTD:trnsctrl.obj
 0001:00013060       ?_CallCatchBlock2@@YAPAXPAUEHRegistrationNode@@PBU_s_FuncInfo@@PAXHK@Z 10014060 f   LIBCMTD:trnsctrl.obj
 0001:00013110       ?_CallSETranslator@@YAHPAUEHExceptionRecord@@PAUEHRegistrationNode@@PAX2PBU_s_FuncInfo@@H1@Z 10014110 f   LIBCMTD:trnsctrl.obj
 0001:00013270       ?_GetRangeOfTrysToCheck@@YAPBU_s_TryBlockMapEntry@@PBU_s_FuncInfo@@HHPAI1@Z 10014270 f   LIBCMTD:trnsctrl.obj
 0001:00013300       __global_unwind2           10014300 f   LIBCMTD:exsup.obj
 0001:00013342       __local_unwind2            10014342 f   LIBCMTD:exsup.obj
 0001:0001339a       __NLG_Return2              1001439a f   LIBCMTD:exsup.obj
 0001:000133aa       __abnormal_termination     100143aa f   LIBCMTD:exsup.obj
 0001:000133cd       __NLG_Notify1              100143cd f   LIBCMTD:exsup.obj
 0001:000133d6       __NLG_Notify               100143d6 f   LIBCMTD:exsup.obj
 0001:000133e9       __NLG_Dispatch             100143e9 f   LIBCMTD:exsup.obj
 0001:000133f0       ??3@YAXPAX@Z               100143f0 f   LIBCMTD:dbgdel.obj
 0001:000134a0       __purecall                 100144a0 f   LIBCMTD:purevirt.obj
 0001:000134b0       ??1type_info@@UAE@XZ       100144b0 f   LIBCMTD:typinfo.obj
 0001:000134f0       ??_Etype_info@@UAEPAXI@Z   100144f0 f i LIBCMTD:typinfo.obj
 0001:000134f0       ??_Gtype_info@@UAEPAXI@Z   100144f0 f i LIBCMTD:typinfo.obj
 0001:00013520       ??8type_info@@QBEHABV0@@Z  10014520 f   LIBCMTD:typinfo.obj
 0001:00013550       ??9type_info@@QBEHABV0@@Z  10014550 f   LIBCMTD:typinfo.obj
 0001:00013580       ?before@type_info@@QBEHABV1@@Z 10014580 f   LIBCMTD:typinfo.obj
 0001:000135b0       ?raw_name@type_info@@QBEPBDXZ 100145b0 f   LIBCMTD:typinfo.obj
 0001:000135d0       ??0type_info@@AAE@ABV0@@Z  100145d0 f   LIBCMTD:typinfo.obj
 0001:000135f0       ??4type_info@@AAEAAV0@ABV0@@Z 100145f0 f   LIBCMTD:typinfo.obj
 0001:00013600       __CrtDbgBreak              10014600 f   LIBCMTD:dbgrpt.obj
 0001:00013610       __CrtSetReportMode         10014610 f   LIBCMTD:dbgrpt.obj
 0001:00013670       __CrtSetReportFile         10014670 f   LIBCMTD:dbgrpt.obj
 0001:000136f0       __CrtSetReportHook         100146f0 f   LIBCMTD:dbgrpt.obj
 0001:00013710       __CrtDbgReport             10014710 f   LIBCMTD:dbgrpt.obj
 0001:00013db0       _strlen                    10014db0 f   LIBCMTD:strlen.obj
 0001:00013e30       _memcpy                    10014e30 f   LIBCMTD:memcpy.obj
 0001:00014170       _memcmp                    10015170 f   LIBCMTD:memcmp.obj
 0001:00014220       _memmove                   10015220 f   LIBCMTD:memmove.obj
 0001:00014560       __onexit                   10015560 f   LIBCMTD:onexit.obj
 0001:00014620       _atexit                    10015620 f   LIBCMTD:onexit.obj
 0001:00014640       ___onexitinit              10015640 f   LIBCMTD:onexit.obj
 0001:00014690       __CRT_INIT@12              10015690 f   LIBCMTD:dllcrt0.obj
 0001:000147d0       __DllMainCRTStartup@12     100157d0 f   LIBCMTD:dllcrt0.obj
 0001:000148d0       __amsg_exit                100158d0 f   LIBCMTD:dllcrt0.obj
 0001:00014910       __CxxThrowException@8      10015910 f   LIBCMTD:throw.obj
 0001:00014960       _memset                    10015960 f   LIBCMTD:memset.obj
 0001:000149c0       ??0exception@@QAE@XZ       100159c0 f   LIBCMTD:stdexcpt.obj
[...]
 0003:00004fe8       ?_Facsav@?$_Tidyfac@V?$num_get@GV?$istreambuf_iterator@GU?$char_traits@G@std@@@std@@@std@@@std@@0PAV?$num_get@GV?$istreambuf_iterator@GU?$char_traits@G@std@@@std@@@2@A 100a0fe8     libcpmtd:wlocale.obj
 0003:00004fec       ?_Facsav@?$_Tidyfac@V?$num_put@GV?$ostreambuf_iterator@GU?$char_traits@G@std@@@std@@@std@@@std@@0PAV?$num_put@GV?$ostreambuf_iterator@GU?$char_traits@G@std@@@std@@@2@A 100a0fec     libcpmtd:wlocale.obj
 0003:00004ff0       ?_Facsav@?$_Tidyfac@V?$numpunct@G@std@@@std@@0PAV?$numpunct@G@2@A 100a0ff0     libcpmtd:wlocale.obj
 0003:00004ff4       ?_Facsav@?$_Tidyfac@V?$collate@G@std@@@std@@0PAV?$collate@G@2@A 100a0ff4     libcpmtd:wlocale.obj
 0003:00004ff8       ?_Facsav@?$_Tidyfac@V?$messages@G@std@@@std@@0PAV?$messages@G@2@A 100a0ff8     libcpmtd:wlocale.obj
 0003:00004ffc       ?_Facsav@?$_Tidyfac@V?$money_get@GV?$istreambuf_iterator@GU?$char_traits@G@std@@@std@@@std@@@std@@0PAV?$money_get@GV?$istreambuf_iterator@GU?$char_traits@G@std@@@std@@@2@A 100a0ffc     libcpmtd:wlocale.obj
 0003:00005000       ?_Facsav@?$_Tidyfac@V?$money_put@GV?$ostreambuf_iterator@GU?$char_traits@G@std@@@std@@@std@@@std@@0PAV?$money_put@GV?$ostreambuf_iterator@GU?$char_traits@G@std@@@std@@@2@A 100a1000     libcpmtd:wlocale.obj
 0003:00005004       ?_Facsav@?$_Tidyfac@V?$moneypunct@G$0A@@std@@@std@@0PAV?$moneypunct@G$0A@@2@A 100a1004     libcpmtd:wlocale.obj
 0003:00005008       ?_Facsav@?$_Tidyfac@V?$moneypunct@G$00@std@@@std@@0PAV?$moneypunct@G$00@2@A 100a1008     libcpmtd:wlocale.obj
 0003:0000500c       ?_Facsav@?$_Tidyfac@V?$time_get@GV?$istreambuf_iterator@GU?$char_traits@G@std@@@std@@@std@@@std@@0PAV?$time_get@GV?$istreambuf_iterator@GU?$char_traits@G@std@@@std@@@2@A 100a100c     libcpmtd:wlocale.obj
 0003:00005010       ?_Facsav@?$_Tidyfac@V?$time_put@GV?$ostreambuf_iterator@GU?$char_traits@G@std@@@std@@@std@@@std@@0PAV?$time_put@GV?$ostreambuf_iterator@GU?$char_traits@G@std@@@std@@@2@A 100a1010     libcpmtd:wlocale.obj
 0003:00005014       ?_Facsav@?$_Tidyfac@V?$codecvt@GDH@std@@@std@@0PAV?$codecvt@GDH@2@A 100a1014     libcpmtd:wlocale.obj
 0003:00005018       ?id@?$money_put@DV?$ostreambuf_iterator@DU?$char_traits@D@std@@@std@@@std@@2V0locale@2@A 100a1018     libcpmtd:xlocale.obj
 0003:0000501c       ?id@?$moneypunct@D$00@std@@2V0locale@2@A 100a101c     libcpmtd:xlocale.obj
 0003:00005020       ?id@?$time_get@DV?$istreambuf_iterator@DU?$char_traits@D@std@@@std@@@std@@2V0locale@2@A 100a1020     libcpmtd:xlocale.obj
 0003:00005024       ?id@?$time_put@DV?$ostreambuf_iterator@DU?$char_traits@D@std@@@std@@@std@@2V0locale@2@A 100a1024     libcpmtd:xlocale.obj
 0003:00005028       ?id@?$messages@D@std@@2V0locale@2@A 100a1028     libcpmtd:xlocale.obj
 0003:0000502c       ?id@?$moneypunct@D$0A@@std@@2V0locale@2@A 100a102c     libcpmtd:xlocale.obj
 0003:00005030       ?id@?$money_get@DV?$istreambuf_iterator@DU?$char_traits@D@std@@@std@@@std@@2V0locale@2@A 100a1030     libcpmtd:xlocale.obj
 0003:00005034       ?id@?$collate@D@std@@2V0locale@2@A 100a1034     libcpmtd:xlocale.obj
 0003:00005038       ?_Psave@?1??use_facet@std@@YAABV?$collate@D@2@ABVlocale@2@PBV32@_N@Z@4PBVfacet@42@B 100a1038     libcpmtd:xlocale.obj
 0003:0000503c       ?_Psave@?1??use_facet@std@@YAABV?$messages@D@2@ABVlocale@2@PBV32@_N@Z@4PBVfacet@42@B 100a103c     libcpmtd:xlocale.obj
 0003:00005040       ?_Psave@?1??use_facet@std@@YAABV?$money_get@DV?$istreambuf_iterator@DU?$char_traits@D@std@@@std@@@2@ABVlocale@2@PBV32@_N@Z@4PBVfacet@42@B 100a1040     libcpmtd:xlocale.obj
 0003:00005044       ?_Psave@?1??use_facet@std@@YAABV?$money_put@DV?$ostreambuf_iterator@DU?$char_traits@D@std@@@std@@@2@ABVlocale@2@PBV32@_N@Z@4PBVfacet@42@B 100a1044     libcpmtd:xlocale.obj
 0003:00005048       ?_Psave@?1??use_facet@std@@YAABV?$moneypunct@D$0A@@2@ABVlocale@2@PBV32@_N@Z@4PBVfacet@42@B 100a1048     libcpmtd:xlocale.obj
 0003:0000504c       ?_Psave@?1??use_facet@std@@YAABV?$moneypunct@D$00@2@ABVlocale@2@PBV32@_N@Z@4PBVfacet@42@B 100a104c     libcpmtd:xlocale.obj
 0003:00005050       ?_Psave@?1??use_facet@std@@YAABV?$time_get@DV?$istreambuf_iterator@DU?$char_traits@D@std@@@std@@@2@ABVlocale@2@PBV32@_N@Z@4PBVfacet@42@B 100a1050     libcpmtd:xlocale.obj
 0003:00005054       ?_Psave@?1??use_facet@std@@YAABV?$time_put@DV?$ostreambuf_iterator@DU?$char_traits@D@std@@@std@@@2@ABVlocale@2@PBV32@_N@Z@4PBVfacet@42@B 100a1054     libcpmtd:xlocale.obj
 0003:00005058       ?_Facsav@?$_Tidyfac@V?$collate@D@std@@@std@@0PAV?$collate@D@2@A 100a1058     libcpmtd:xlocale.obj
 0003:0000505c       ?_Facsav@?$_Tidyfac@V?$messages@D@std@@@std@@0PAV?$messages@D@2@A 100a105c     libcpmtd:xlocale.obj
 0003:00005060       ?_Facsav@?$_Tidyfac@V?$money_get@DV?$istreambuf_iterator@DU?$char_traits@D@std@@@std@@@std@@@std@@0PAV?$money_get@DV?$istreambuf_iterator@DU?$char_traits@D@std@@@std@@@2@A 100a1060     libcpmtd:xlocale.obj
 0003:00005064       ?_Facsav@?$_Tidyfac@V?$money_put@DV?$ostreambuf_iterator@DU?$char_traits@D@std@@@std@@@std@@@std@@0PAV?$money_put@DV?$ostreambuf_iterator@DU?$char_traits@D@std@@@std@@@2@A 100a1064     libcpmtd:xlocale.obj
 0003:00005068       ?_Facsav@?$_Tidyfac@V?$moneypunct@D$0A@@std@@@std@@0PAV?$moneypunct@D$0A@@2@A 100a1068     libcpmtd:xlocale.obj
 0003:0000506c       ?_Facsav@?$_Tidyfac@V?$moneypunct@D$00@std@@@std@@0PAV?$moneypunct@D$00@2@A 100a106c     libcpmtd:xlocale.obj
 0003:00005070       ?_Facsav@?$_Tidyfac@V?$time_get@DV?$istreambuf_iterator@DU?$char_traits@D@std@@@std@@@std@@@std@@0PAV?$time_get@DV?$istreambuf_iterator@DU?$char_traits@D@std@@@std@@@2@A 100a1070     libcpmtd:xlocale.obj
 0003:00005074       ?_Facsav@?$_Tidyfac@V?$time_put@DV?$ostreambuf_iterator@DU?$char_traits@D@std@@@std@@@std@@@std@@0PAV?$time_put@DV?$ostreambuf_iterator@DU?$char_traits@D@std@@@std@@@2@A 100a1074     libcpmtd:xlocale.obj
 0003:00005084       ??_B?1???id@?$ctype@G@std@@$D@@9@51 100a1084     <common>
 0003:00005090       ?_Stinit@?1??_Init@?$basic_filebuf@DU?$char_traits@D@std@@@std@@IAEXPAU_iobuf@@W4_Initfl@23@@Z@4HA 100a1090     <common>
 0003:0000509c       ??_B?1???id@?$numpunct@D@std@@$D@@9@51 100a109c     <common>
 0003:000050ae       ??_B?1???id@?$num_put@DV?$ostreambuf_iterator@DU?$char_traits@D@std@@@$D@@9@51 100a10ae     <common>
 0003:000050b0       ?_Stz@?$fpos@H@std@@0HA    100a10b0     <common>
 0003:000050b4       ___alternate_form          100a10b4     <common>
 0003:000050c4       ___no_lead_zeros           100a10c4     <common>
 0003:000050c8       ___mbcodepage              100a10c8     <common>
 0003:00005140       ___mbulinfo                100a1140     <common>
 0003:0000514c       ___ismbcodepage            100a114c     <common>
 0003:00005160       __mbcasemap                100a1160     <common>
 0003:00005260       __mbctype                  100a1260     <common>
 0003:00005364       ___mblcid                  100a1364     <common>
 0003:00005368       ___sbh_sizeHeaderList      100a1368     <common>
 0003:00005378       ___sbh_indGroupDefer       100a1378     <common>
 0003:0000537c       ___sbh_pHeaderScan         100a137c     <common>
 0003:00005380       ___sbh_pHeaderDefer        100a1380     <common>
 0003:00005384       ___sbh_cntHeaderList       100a1384     <common>
 0003:00005388       ___sbh_pHeaderList         100a1388     <common>
 0003:0000538c       ___piob                    100a138c     <common>
 0003:000056e0       __bufin                    100a16e0     <common>
 0003:000066e0       __nstream                  100a26e0     <common>
 0003:000066e4       ___setlc_active            100a26e4     <common>
 0003:000066f4       ___unguarded_readlc_active 100a26f4     <common>
 0003:000066f8       __crtheap                  100a26f8     <common>
 0003:00006720       ___pioinfo                 100a2720     <common>
 0003:0000685c       __nhandle                  100a285c     <common>
 0003:00006860       ___env_initialized         100a2860     <common>
 0003:00006870       ___mbctype_initialized     100a2870     <common>
 0003:00006874       ___onexitend               100a2874     <common>
 0003:00006878       ___onexitbegin             100a2878     <common>
 0003:0000687c       __pfnDumpClient            100a287c     <common>
 0003:00006888       __acmdln                   100a2888     <common>
 0003:00006898       __pRawDllMain              100a2898     <common>
 0003:0000689c       __pfnReportHook            100a289c     <common>
 0003:000068a8       ?_Stinit@?1??_Init@?$basic_filebuf@GU?$char_traits@G@std@@@std@@IAEXPAU_iobuf@@W4_Initfl@23@@Z@4HA 100a28a8     <common>
 0003:000068b4       ??_B?1???id@?$collate@D@std@@$D@@9@51 100a28b4     <common>
 0004:00000000       __IMPORT_DESCRIPTOR_KERNEL32 100a3000     kernel32:KERNEL32.dll
 0004:00000014       __IMPORT_DESCRIPTOR_WS2_32 100a3014     ws2_32:WS2_32.dll
 0004:00000028       __IMPORT_DESCRIPTOR_VERSION 100a3028     Version:VERSION.dll
 0004:0000003c       __IMPORT_DESCRIPTOR_USER32 100a303c     user32:USER32.dll
 0004:00000050       __IMPORT_DESCRIPTOR_ADVAPI32 100a3050     advapi32:ADVAPI32.dll
 0004:00000064       __NULL_IMPORT_DESCRIPTOR   100a3064     kernel32:KERNEL32.dll
 0004:000003a0       __imp__GetUserNameA@8      100a33a0     advapi32:ADVAPI32.dll
 0004:000003a4       \177ADVAPI32_NULL_THUNK_DATA 100a33a4     advapi32:ADVAPI32.dll
 0004:000003d0       __imp__DeleteCriticalSection@4 100a33d0     kernel32:KERNEL32.dll
 0004:000003d4       __imp__InterlockedDecrement@4 100a33d4     kernel32:KERNEL32.dll
 0004:000003d8       __imp__LeaveCriticalSection@4 100a33d8     kernel32:KERNEL32.dll
 0004:000003dc       __imp__WriteConsoleA@20    100a33dc     kernel32:KERNEL32.dll
 0004:000003e0       __imp__EnterCriticalSection@4 100a33e0     kernel32:KERNEL32.dll
 0004:000003e4       __imp__InitializeCriticalSection@4 100a33e4     kernel32:KERNEL32.dll
 0004:000003e8       __imp__InterlockedIncrement@4 100a33e8     kernel32:KERNEL32.dll
 0004:000003ec       __imp__InterlockedExchange@8 100a33ec     kernel32:KERNEL32.dll
 0004:000003f0       __imp__SetEnvironmentVariableA@8 100a33f0     kernel32:KERNEL32.dll
 0004:000003f4       __imp__CompareStringW@24   100a33f4     kernel32:KERNEL32.dll
 0004:000003f8       __imp__CompareStringA@24   100a33f8     kernel32:KERNEL32.dll
 0004:000003fc       __imp__GetLocaleInfoW@16   100a33fc     kernel32:KERNEL32.dll
 0004:00000400       __imp__ReadFile@20         100a3400     kernel32:KERNEL32.dll
 0004:00000404       __imp__SetStdHandle@8      100a3404     kernel32:KERNEL32.dll
 0004:00000408       __imp__GetStringTypeW@16   100a3408     kernel32:KERNEL32.dll
 0004:0000040c       __imp__GetStringTypeA@20   100a340c     kernel32:KERNEL32.dll
 0004:00000410       __imp__GetVersionExA@4     100a3410     kernel32:KERNEL32.dll
 0004:00000414       __imp__GetUserDefaultLCID@0 100a3414     kernel32:KERNEL32.dll
 0004:00000418       __imp__EnumSystemLocalesA@8 100a3418     kernel32:KERNEL32.dll
 0004:0000041c       __imp__GetLocaleInfoA@16   100a341c     kernel32:KERNEL32.dll
 0004:00000420       __imp__IsValidCodePage@4   100a3420     kernel32:KERNEL32.dll
 0004:00000424       __imp__IsValidLocale@8     100a3424     kernel32:KERNEL32.dll
 0004:00000428       __imp__GetOEMCP@0          100a3428     kernel32:KERNEL32.dll
 0004:0000042c       __imp__GetACP@0            100a342c     kernel32:KERNEL32.dll
 0004:00000430       __imp__GetCPInfo@8         100a3430     kernel32:KERNEL32.dll
 0004:00000434       __imp__IsBadCodePtr@4      100a3434     kernel32:KERNEL32.dll
 0004:00000438       __imp__VirtualAlloc@16     100a3438     kernel32:KERNEL32.dll
 0004:0000043c       __imp__HeapReAlloc@16      100a343c     kernel32:KERNEL32.dll
 0004:00000440       __imp__HeapAlloc@12        100a3440     kernel32:KERNEL32.dll
 0004:00000444       __imp__UnhandledExceptionFilter@4 100a3444     kernel32:KERNEL32.dll
 0004:00000448       __imp__FlushFileBuffers@4  100a3448     kernel32:KERNEL32.dll
 0004:0000044c       __imp__SetFilePointer@16   100a344c     kernel32:KERNEL32.dll
 0004:00000450       __imp__LCMapStringW@24     100a3450     kernel32:KERNEL32.dll
 0004:00000454       __imp__GetLastError@0      100a3454     kernel32:KERNEL32.dll
 0004:00000458       __imp__WaitForMultipleObjects@16 100a3458     kernel32:KERNEL32.dll
 0004:0000045c       __imp__GetCurrentThreadId@0 100a345c     kernel32:KERNEL32.dll
 0004:00000460       __imp__FormatMessageA@28   100a3460     kernel32:KERNEL32.dll
 0004:00000464       __imp__GetCurrentDirectoryA@8 100a3464     kernel32:KERNEL32.dll
 0004:00000468       __imp__GetModuleFileNameA@12 100a3468     kernel32:KERNEL32.dll
 0004:0000046c       __imp__GetSystemTime@4     100a346c     kernel32:KERNEL32.dll
 0004:00000470       __imp__GetLocalTime@4      100a3470     kernel32:KERNEL32.dll
 0004:00000474       __imp__GetComputerNameA@8  100a3474     kernel32:KERNEL32.dll
 0004:00000478       __imp__SetLastError@4      100a3478     kernel32:KERNEL32.dll
 0004:0000047c       __imp__CloseHandle@4       100a347c     kernel32:KERNEL32.dll
 0004:00000480       __imp__WaitForSingleObject@8 100a3480     kernel32:KERNEL32.dll
 0004:00000484       __imp__TerminateThread@8   100a3484     kernel32:KERNEL32.dll
 0004:00000488       __imp__CreateEventA@16     100a3488     kernel32:KERNEL32.dll
 0004:0000048c       __imp__ResetEvent@4        100a348c     kernel32:KERNEL32.dll
 0004:00000490       __imp__SetEvent@4          100a3490     kernel32:KERNEL32.dll
 0004:00000494       __imp__PulseEvent@4        100a3494     kernel32:KERNEL32.dll
 0004:00000498       __imp__OutputDebugStringA@4 100a3498     kernel32:KERNEL32.dll
 0004:0000049c       __imp__GetTimeZoneInformation@4 100a349c     kernel32:KERNEL32.dll
 0004:000004a0       __imp__RtlUnwind@16        100a34a0     kernel32:KERNEL32.dll
 0004:000004a4       __imp__DebugBreak@0        100a34a4     kernel32:KERNEL32.dll
 0004:000004a8       __imp__GetStdHandle@4      100a34a8     kernel32:KERNEL32.dll
 0004:000004ac       __imp__WriteFile@20        100a34ac     kernel32:KERNEL32.dll
 0004:000004b0       __imp__GetProcAddress@8    100a34b0     kernel32:KERNEL32.dll
 0004:000004b4       __imp__LoadLibraryA@4      100a34b4     kernel32:KERNEL32.dll
 0004:000004b8       __imp__GetCommandLineA@0   100a34b8     kernel32:KERNEL32.dll
 0004:000004bc       __imp__GetVersion@0        100a34bc     kernel32:KERNEL32.dll
 0004:000004c0       __imp__RaiseException@16   100a34c0     kernel32:KERNEL32.dll
 0004:000004c4       __imp__CreateThread@24     100a34c4     kernel32:KERNEL32.dll
 0004:000004c8       __imp__TlsSetValue@8       100a34c8     kernel32:KERNEL32.dll
 0004:000004cc       __imp__ExitThread@4        100a34cc     kernel32:KERNEL32.dll
 0004:000004d0       __imp__IsBadWritePtr@8     100a34d0     kernel32:KERNEL32.dll
 0004:000004d4       __imp__IsBadReadPtr@8      100a34d4     kernel32:KERNEL32.dll
 0004:000004d8       __imp__HeapValidate@12     100a34d8     kernel32:KERNEL32.dll
 0004:000004dc       __imp__TlsAlloc@0          100a34dc     kernel32:KERNEL32.dll
 0004:000004e0       __imp__TlsFree@4           100a34e0     kernel32:KERNEL32.dll
 0004:000004e4       __imp__TlsGetValue@4       100a34e4     kernel32:KERNEL32.dll
 0004:000004e8       __imp__GetCurrentThread@0  100a34e8     kernel32:KERNEL32.dll
 0004:000004ec       __imp__ExitProcess@4       100a34ec     kernel32:KERNEL32.dll
 0004:000004f0       __imp__FatalAppExitA@8     100a34f0     kernel32:KERNEL32.dll
 0004:000004f4       __imp__HeapFree@12         100a34f4     kernel32:KERNEL32.dll
 0004:000004f8       __imp__TerminateProcess@8  100a34f8     kernel32:KERNEL32.dll
 0004:000004fc       __imp__GetCurrentProcess@0 100a34fc     kernel32:KERNEL32.dll
 0004:00000500       __imp__SetConsoleCtrlHandler@8 100a3500     kernel32:KERNEL32.dll
 0004:00000504       __imp__SetHandleCount@4    100a3504     kernel32:KERNEL32.dll
 0004:00000508       __imp__GetFileType@4       100a3508     kernel32:KERNEL32.dll
 0004:0000050c       __imp__GetStartupInfoA@4   100a350c     kernel32:KERNEL32.dll
 0004:00000510       __imp__FreeEnvironmentStringsA@4 100a3510     kernel32:KERNEL32.dll
 0004:00000514       __imp__FreeEnvironmentStringsW@4 100a3514     kernel32:KERNEL32.dll
 0004:00000518       __imp__WideCharToMultiByte@32 100a3518     kernel32:KERNEL32.dll
 0004:0000051c       __imp__GetEnvironmentStrings@0 100a351c     kernel32:KERNEL32.dll
 0004:00000520       __imp__GetEnvironmentStringsW@0 100a3520     kernel32:KERNEL32.dll
 0004:00000524       __imp__HeapDestroy@4       100a3524     kernel32:KERNEL32.dll
 0004:00000528       __imp__HeapCreate@12       100a3528     kernel32:KERNEL32.dll
 0004:0000052c       __imp__VirtualFree@12      100a352c     kernel32:KERNEL32.dll
 0004:00000530       __imp__SetUnhandledExceptionFilter@4 100a3530     kernel32:KERNEL32.dll
 0004:00000534       __imp__GetModuleHandleA@4  100a3534     kernel32:KERNEL32.dll
 0004:00000538       __imp__Sleep@4             100a3538     kernel32:KERNEL32.dll
 0004:0000053c       __imp__MultiByteToWideChar@24 100a353c     kernel32:KERNEL32.dll
 0004:00000540       __imp__LCMapStringA@24     100a3540     kernel32:KERNEL32.dll
 0004:00000544       __imp__CreateFileA@28      100a3544     kernel32:KERNEL32.dll
 0004:00000548       \177KERNEL32_NULL_THUNK_DATA 100a3548     kernel32:KERNEL32.dll
 0004:000005bc       __imp__MessageBeep@4       100a35bc     user32:USER32.dll
 0004:000005c0       __imp__wsprintfA           100a35c0     user32:USER32.dll
 0004:000005c4       __imp__MessageBoxA@16      100a35c4     user32:USER32.dll
 0004:000005c8       \177USER32_NULL_THUNK_DATA 100a35c8     user32:USER32.dll
 0004:000005f4       __imp__VerQueryValueA@16   100a35f4     Version:VERSION.dll
 0004:000005f8       __imp__GetFileVersionInfoA@16 100a35f8     Version:VERSION.dll
 0004:000005fc       __imp__GetFileVersionInfoSizeA@8 100a35fc     Version:VERSION.dll
 0004:00000600       \177VERSION_NULL_THUNK_DATA 100a3600     Version:VERSION.dll
 0004:0000062c       __imp__bind@12             100a362c     ws2_32:WS2_32.dll
 0004:00000630       __imp__listen@8            100a3630     ws2_32:WS2_32.dll
 0004:00000634       __imp__shutdown@8          100a3634     ws2_32:WS2_32.dll
 0004:00000638       __imp__WSACleanup@0        100a3638     ws2_32:WS2_32.dll
 0004:0000063c       __imp__WSAStartup@8        100a363c     ws2_32:WS2_32.dll
 0004:00000640       __imp__WSACreateEvent@0    100a3640     ws2_32:WS2_32.dll
 0004:00000644       __imp__WSAEventSelect@12   100a3644     ws2_32:WS2_32.dll
 0004:00000648       __imp__WSACloseEvent@4     100a3648     ws2_32:WS2_32.dll
 0004:0000064c       __imp__connect@12          100a364c     ws2_32:WS2_32.dll
 0004:00000650       __imp__gethostbyname@4     100a3650     ws2_32:WS2_32.dll
 0004:00000654       __imp__recv@16             100a3654     ws2_32:WS2_32.dll
 0004:00000658       __imp__WSASend@28          100a3658     ws2_32:WS2_32.dll
 0004:0000065c       __imp__select@20           100a365c     ws2_32:WS2_32.dll
 0004:00000660       __imp__WSARecv@28          100a3660     ws2_32:WS2_32.dll
 0004:00000664       __imp__WSAWaitForMultipleEvents@20 100a3664     ws2_32:WS2_32.dll
 0004:00000668       __imp__WSAEnumNetworkEvents@12 100a3668     ws2_32:WS2_32.dll
 0004:0000066c       __imp__WSASocketA@24       100a366c     ws2_32:WS2_32.dll
 0004:00000670       __imp__htonl@4             100a3670     ws2_32:WS2_32.dll
 0004:00000674       __imp__htons@4             100a3674     ws2_32:WS2_32.dll
 0004:00000678       __imp__inet_addr@4         100a3678     ws2_32:WS2_32.dll
 0004:0000067c       __imp__setsockopt@20       100a367c     ws2_32:WS2_32.dll
 0004:00000680       __imp__WSAGetLastError@0   100a3680     ws2_32:WS2_32.dll
 0004:00000684       __imp__closesocket@4       100a3684     ws2_32:WS2_32.dll
 0004:00000688       __imp__gethostname@8       100a3688     ws2_32:WS2_32.dll
 0004:0000068c       \177WS2_32_NULL_THUNK_DATA 100a368c     ws2_32:WS2_32.dll

 entry point at        0001:000147d0

